Vivado Simulator v2023.2
Copyright 1986-2022 Xilinx, Inc. All Rights Reserved.
Copyright 2022-2023 Advanced Micro Devices, Inc. All Rights Reserved.
Running: /eda/xilinx/Vivado/2023.2/bin/unwrapped/lnx64.o/xelab xil_defaultlib.apatb_flash_attention_hls_top glbl -Oenable_linking_all_libraries -prj flash_attention_hls.prj -L smartconnect_v1_0 -L axi_protocol_checker_v1_1_12 -L axi_protocol_checker_v1_1_13 -L axis_protocol_checker_v1_1_11 -L axis_protocol_checker_v1_1_12 -L xil_defaultlib -L unisims_ver -L xpm -L floating_point_v7_1_16 -L floating_point_v7_0_21 --lib ieee_proposed=./ieee_proposed -s flash_attention_hls 
Multi-threading is on. Using 126 slave threads.
INFO: [VRFC 10-2263] Analyzing SystemVerilog file "/home/aa13231/Downloads/code/flash_attention_proj/solution1/sim/verilog/ip/xil_defaultlib/flash_attention_hls_fdiv_32ns_32ns_32_16_no_dsp_1_ip.v" into library xil_defaultlib
INFO: [VRFC 10-311] analyzing module flash_attention_hls_fdiv_32ns_32ns_32_16_no_dsp_1_ip
INFO: [VRFC 10-2263] Analyzing SystemVerilog file "/home/aa13231/Downloads/code/flash_attention_proj/solution1/sim/verilog/ip/xil_defaultlib/flash_attention_hls_fcmp_32ns_32ns_1_2_no_dsp_1_ip.v" into library xil_defaultlib
INFO: [VRFC 10-311] analyzing module flash_attention_hls_fcmp_32ns_32ns_1_2_no_dsp_1_ip
INFO: [VRFC 10-2263] Analyzing SystemVerilog file "/home/aa13231/Downloads/code/flash_attention_proj/solution1/sim/verilog/ip/xil_defaultlib/flash_attention_hls_fadd_32ns_32ns_32_5_full_dsp_1_ip.v" into library xil_defaultlib
INFO: [VRFC 10-311] analyzing module flash_attention_hls_fadd_32ns_32ns_32_5_full_dsp_1_ip
INFO: [VRFC 10-2263] Analyzing SystemVerilog file "/home/aa13231/Downloads/code/flash_attention_proj/solution1/sim/verilog/ip/xil_defaultlib/flash_attention_hls_sitofp_32ns_32_6_no_dsp_1_ip.v" into library xil_defaultlib
INFO: [VRFC 10-311] analyzing module flash_attention_hls_sitofp_32ns_32_6_no_dsp_1_ip
INFO: [VRFC 10-2263] Analyzing SystemVerilog file "/home/aa13231/Downloads/code/flash_attention_proj/solution1/sim/verilog/ip/xil_defaultlib/flash_attention_hls_fsqrt_32ns_32ns_32_16_no_dsp_1_ip.v" into library xil_defaultlib
INFO: [VRFC 10-311] analyzing module flash_attention_hls_fsqrt_32ns_32ns_32_16_no_dsp_1_ip
INFO: [VRFC 10-2263] Analyzing SystemVerilog file "/home/aa13231/Downloads/code/flash_attention_proj/solution1/sim/verilog/ip/xil_defaultlib/flash_attention_hls_fexp_32ns_32ns_32_10_full_dsp_1_ip.v" into library xil_defaultlib
INFO: [VRFC 10-311] analyzing module flash_attention_hls_fexp_32ns_32ns_32_10_full_dsp_1_ip
INFO: [VRFC 10-2263] Analyzing SystemVerilog file "/home/aa13231/Downloads/code/flash_attention_proj/solution1/sim/verilog/ip/xil_defaultlib/flash_attention_hls_fmul_32ns_32ns_32_4_max_dsp_1_ip.v" into library xil_defaultlib
INFO: [VRFC 10-311] analyzing module flash_attention_hls_fmul_32ns_32ns_32_4_max_dsp_1_ip
INFO: [VRFC 10-2263] Analyzing SystemVerilog file "/home/aa13231/Downloads/code/flash_attention_proj/solution1/sim/verilog/ip/xil_defaultlib/flash_attention_hls_faddfsub_32ns_32ns_32_5_full_dsp_1_ip.v" into library xil_defaultlib
INFO: [VRFC 10-311] analyzing module flash_attention_hls_faddfsub_32ns_32ns_32_5_full_dsp_1_ip
INFO: [VRFC 10-2263] Analyzing SystemVerilog file "/home/aa13231/Downloads/code/flash_attention_proj/solution1/sim/verilog/glbl.v" into library work
INFO: [VRFC 10-311] analyzing module glbl
INFO: [VRFC 10-2263] Analyzing SystemVerilog file "/home/aa13231/Downloads/code/flash_attention_proj/solution1/sim/verilog/flash_attention_hls_weighted_RAM_AUTO_1R1W.v" into library xil_defaultlib
INFO: [VRFC 10-311] analyzing module flash_attention_hls_weighted_RAM_AUTO_1R1W
INFO: [VRFC 10-2263] Analyzing SystemVerilog file "/home/aa13231/Downloads/code/flash_attention_proj/solution1/sim/verilog/flash_attention_hls_fmul_32ns_32ns_32_4_max_dsp_1.v" into library xil_defaultlib
INFO: [VRFC 10-311] analyzing module flash_attention_hls_fmul_32ns_32ns_32_4_max_dsp_1
INFO: [VRFC 10-2263] Analyzing SystemVerilog file "/home/aa13231/Downloads/code/flash_attention_proj/solution1/sim/verilog/flash_attention_hls_fsqrt_32ns_32ns_32_16_no_dsp_1.v" into library xil_defaultlib
INFO: [VRFC 10-311] analyzing module flash_attention_hls_fsqrt_32ns_32ns_32_16_no_dsp_1
INFO: [VRFC 10-2263] Analyzing SystemVerilog file "/home/aa13231/Downloads/code/flash_attention_proj/solution1/sim/verilog/flash_attention_hls_gmem2_m_axi.v" into library xil_defaultlib
INFO: [VRFC 10-311] analyzing module flash_attention_hls_gmem2_m_axi
INFO: [VRFC 10-311] analyzing module flash_attention_hls_gmem2_m_axi_load
INFO: [VRFC 10-311] analyzing module flash_attention_hls_gmem2_m_axi_store
INFO: [VRFC 10-311] analyzing module flash_attention_hls_gmem2_m_axi_read
INFO: [VRFC 10-311] analyzing module flash_attention_hls_gmem2_m_axi_write
INFO: [VRFC 10-311] analyzing module flash_attention_hls_gmem2_m_axi_burst_converter
INFO: [VRFC 10-311] analyzing module flash_attention_hls_gmem2_m_axi_throttle
INFO: [VRFC 10-311] analyzing module flash_attention_hls_gmem2_m_axi_reg_slice
INFO: [VRFC 10-311] analyzing module flash_attention_hls_gmem2_m_axi_fifo
INFO: [VRFC 10-311] analyzing module flash_attention_hls_gmem2_m_axi_srl
INFO: [VRFC 10-311] analyzing module flash_attention_hls_gmem2_m_axi_mem
INFO: [VRFC 10-2263] Analyzing SystemVerilog file "/home/aa13231/Downloads/code/flash_attention_proj/solution1/sim/verilog/flash_attention_hls.autotb.v" into library xil_defaultlib
INFO: [VRFC 10-311] analyzing module apatb_flash_attention_hls_top
INFO: [VRFC 10-2263] Analyzing SystemVerilog file "/home/aa13231/Downloads/code/flash_attention_proj/solution1/sim/verilog/flash_attention_hls_fexp_32ns_32ns_32_10_full_dsp_1.v" into library xil_defaultlib
INFO: [VRFC 10-311] analyzing module flash_attention_hls_fexp_32ns_32ns_32_10_full_dsp_1
INFO: [VRFC 10-2263] Analyzing SystemVerilog file "/home/aa13231/Downloads/code/flash_attention_proj/solution1/sim/verilog/flash_attention_hls_acc_RAM_AUTO_1R1W.v" into library xil_defaultlib
INFO: [VRFC 10-311] analyzing module flash_attention_hls_acc_RAM_AUTO_1R1W
INFO: [VRFC 10-2263] Analyzing SystemVerilog file "/home/aa13231/Downloads/code/flash_attention_proj/solution1/sim/verilog/flash_attention_hls_flash_attention_hls_Pipeline_STORE_O_VITIS_LOOP_188_5.v" into library xil_defaultlib
INFO: [VRFC 10-311] analyzing module flash_attention_hls_flash_attention_hls_Pipeline_STORE_O_VITIS_LOOP_188_5
INFO: [VRFC 10-2263] Analyzing SystemVerilog file "/home/aa13231/Downloads/code/flash_attention_proj/solution1/sim/verilog/flash_attention_hls_flash_attention_hls_Pipeline_LOAD_Q_VITIS_LOOP_69_1.v" into library xil_defaultlib
INFO: [VRFC 10-311] analyzing module flash_attention_hls_flash_attention_hls_Pipeline_LOAD_Q_VITIS_LOOP_69_1
INFO: [VRFC 10-2263] Analyzing SystemVerilog file "/home/aa13231/Downloads/code/flash_attention_proj/solution1/sim/verilog/flash_attention_hls_m_RAM_AUTO_1R1W.v" into library xil_defaultlib
INFO: [VRFC 10-311] analyzing module flash_attention_hls_m_RAM_AUTO_1R1W
INFO: [VRFC 10-2263] Analyzing SystemVerilog file "/home/aa13231/Downloads/code/flash_attention_proj/solution1/sim/verilog/flash_attention_hls_gmem3_m_axi.v" into library xil_defaultlib
INFO: [VRFC 10-311] analyzing module flash_attention_hls_gmem3_m_axi
INFO: [VRFC 10-311] analyzing module flash_attention_hls_gmem3_m_axi_load
INFO: [VRFC 10-311] analyzing module flash_attention_hls_gmem3_m_axi_store
INFO: [VRFC 10-311] analyzing module flash_attention_hls_gmem3_m_axi_read
INFO: [VRFC 10-311] analyzing module flash_attention_hls_gmem3_m_axi_write
INFO: [VRFC 10-311] analyzing module flash_attention_hls_gmem3_m_axi_burst_converter
INFO: [VRFC 10-311] analyzing module flash_attention_hls_gmem3_m_axi_throttle
INFO: [VRFC 10-311] analyzing module flash_attention_hls_gmem3_m_axi_reg_slice
INFO: [VRFC 10-311] analyzing module flash_attention_hls_gmem3_m_axi_fifo
INFO: [VRFC 10-311] analyzing module flash_attention_hls_gmem3_m_axi_srl
INFO: [VRFC 10-311] analyzing module flash_attention_hls_gmem3_m_axi_mem
INFO: [VRFC 10-2263] Analyzing SystemVerilog file "/home/aa13231/Downloads/code/flash_attention_proj/solution1/sim/verilog/flash_attention_hls_flow_control_loop_pipe_sequential_init.v" into library xil_defaultlib
INFO: [VRFC 10-311] analyzing module flash_attention_hls_flow_control_loop_pipe_sequential_init
INFO: [VRFC 10-2263] Analyzing SystemVerilog file "/home/aa13231/Downloads/code/flash_attention_proj/solution1/sim/verilog/flash_attention_hls_sparsemux_9_2_32_1_1.v" into library xil_defaultlib
INFO: [VRFC 10-311] analyzing module flash_attention_hls_sparsemux_9_2_32_1_1
INFO: [VRFC 10-2263] Analyzing SystemVerilog file "/home/aa13231/Downloads/code/flash_attention_proj/solution1/sim/verilog/flash_attention_hls_flash_attention_hls_Pipeline_VITIS_LOOP_160_4.v" into library xil_defaultlib
INFO: [VRFC 10-311] analyzing module flash_attention_hls_flash_attention_hls_Pipeline_VITIS_LOOP_160_4
INFO: [VRFC 10-2263] Analyzing SystemVerilog file "/home/aa13231/Downloads/code/flash_attention_proj/solution1/sim/verilog/flash_attention_hls_mul_32ns_32ns_64_2_1.v" into library xil_defaultlib
INFO: [VRFC 10-311] analyzing module flash_attention_hls_mul_32ns_32ns_64_2_1
INFO: [VRFC 10-2263] Analyzing SystemVerilog file "/home/aa13231/Downloads/code/flash_attention_proj/solution1/sim/verilog/flash_attention_hls_flash_attention_hls_Pipeline_LOAD_KV_VITIS_LOOP_93_3.v" into library xil_defaultlib
INFO: [VRFC 10-311] analyzing module flash_attention_hls_flash_attention_hls_Pipeline_LOAD_KV_VITIS_LOOP_93_3
INFO: [VRFC 10-2263] Analyzing SystemVerilog file "/home/aa13231/Downloads/code/flash_attention_proj/solution1/sim/verilog/flash_attention_hls_mul_32ns_32ns_63_2_1.v" into library xil_defaultlib
INFO: [VRFC 10-311] analyzing module flash_attention_hls_mul_32ns_32ns_63_2_1
INFO: [VRFC 10-2263] Analyzing SystemVerilog file "/home/aa13231/Downloads/code/flash_attention_proj/solution1/sim/verilog/flash_attention_hls_sitofp_32ns_32_6_no_dsp_1.v" into library xil_defaultlib
INFO: [VRFC 10-311] analyzing module flash_attention_hls_sitofp_32ns_32_6_no_dsp_1
INFO: [VRFC 10-2263] Analyzing SystemVerilog file "/home/aa13231/Downloads/code/flash_attention_proj/solution1/sim/verilog/flash_attention_hls_flash_attention_hls_Pipeline_FIND_MAX.v" into library xil_defaultlib
INFO: [VRFC 10-311] analyzing module flash_attention_hls_flash_attention_hls_Pipeline_FIND_MAX
INFO: [VRFC 10-2263] Analyzing SystemVerilog file "/home/aa13231/Downloads/code/flash_attention_proj/solution1/sim/verilog/flash_attention_hls.v" into library xil_defaultlib
INFO: [VRFC 10-311] analyzing module flash_attention_hls
INFO: [VRFC 10-2263] Analyzing SystemVerilog file "/home/aa13231/Downloads/code/flash_attention_proj/solution1/sim/verilog/flash_attention_hls_gmem1_m_axi.v" into library xil_defaultlib
INFO: [VRFC 10-311] analyzing module flash_attention_hls_gmem1_m_axi
INFO: [VRFC 10-311] analyzing module flash_attention_hls_gmem1_m_axi_load
INFO: [VRFC 10-311] analyzing module flash_attention_hls_gmem1_m_axi_store
INFO: [VRFC 10-311] analyzing module flash_attention_hls_gmem1_m_axi_read
INFO: [VRFC 10-311] analyzing module flash_attention_hls_gmem1_m_axi_write
INFO: [VRFC 10-311] analyzing module flash_attention_hls_gmem1_m_axi_burst_converter
INFO: [VRFC 10-311] analyzing module flash_attention_hls_gmem1_m_axi_throttle
INFO: [VRFC 10-311] analyzing module flash_attention_hls_gmem1_m_axi_reg_slice
INFO: [VRFC 10-311] analyzing module flash_attention_hls_gmem1_m_axi_fifo
INFO: [VRFC 10-311] analyzing module flash_attention_hls_gmem1_m_axi_srl
INFO: [VRFC 10-311] analyzing module flash_attention_hls_gmem1_m_axi_mem
INFO: [VRFC 10-2263] Analyzing SystemVerilog file "/home/aa13231/Downloads/code/flash_attention_proj/solution1/sim/verilog/AESL_axi_master_gmem3.v" into library xil_defaultlib
INFO: [VRFC 10-311] analyzing module AESL_axi_master_gmem3
INFO: [VRFC 10-2263] Analyzing SystemVerilog file "/home/aa13231/Downloads/code/flash_attention_proj/solution1/sim/verilog/flash_attention_hls_Qbuf_RAM_1WNR_AUTO_1R1W.v" into library xil_defaultlib
INFO: [VRFC 10-311] analyzing module flash_attention_hls_Qbuf_RAM_1WNR_AUTO_1R1W
INFO: [VRFC 10-2263] Analyzing SystemVerilog file "/home/aa13231/Downloads/code/flash_attention_proj/solution1/sim/verilog/flash_attention_hls_fdiv_32ns_32ns_32_16_no_dsp_1.v" into library xil_defaultlib
INFO: [VRFC 10-311] analyzing module flash_attention_hls_fdiv_32ns_32ns_32_16_no_dsp_1
INFO: [VRFC 10-2263] Analyzing SystemVerilog file "/home/aa13231/Downloads/code/flash_attention_proj/solution1/sim/verilog/AESL_axi_master_gmem2.v" into library xil_defaultlib
INFO: [VRFC 10-311] analyzing module AESL_axi_master_gmem2
INFO: [VRFC 10-2263] Analyzing SystemVerilog file "/home/aa13231/Downloads/code/flash_attention_proj/solution1/sim/verilog/flash_attention_hls_fadd_32ns_32ns_32_5_full_dsp_1.v" into library xil_defaultlib
INFO: [VRFC 10-311] analyzing module flash_attention_hls_fadd_32ns_32ns_32_5_full_dsp_1
INFO: [VRFC 10-2263] Analyzing SystemVerilog file "/home/aa13231/Downloads/code/flash_attention_proj/solution1/sim/verilog/flash_attention_hls_ctrl_s_axi.v" into library xil_defaultlib
INFO: [VRFC 10-311] analyzing module flash_attention_hls_ctrl_s_axi
INFO: [VRFC 10-2263] Analyzing SystemVerilog file "/home/aa13231/Downloads/code/flash_attention_proj/solution1/sim/verilog/AESL_axi_master_gmem0.v" into library xil_defaultlib
INFO: [VRFC 10-311] analyzing module AESL_axi_master_gmem0
INFO: [VRFC 10-2263] Analyzing SystemVerilog file "/home/aa13231/Downloads/code/flash_attention_proj/solution1/sim/verilog/flash_attention_hls_Vbuf_RAM_AUTO_1R1W.v" into library xil_defaultlib
INFO: [VRFC 10-311] analyzing module flash_attention_hls_Vbuf_RAM_AUTO_1R1W
INFO: [VRFC 10-2263] Analyzing SystemVerilog file "/home/aa13231/Downloads/code/flash_attention_proj/solution1/sim/verilog/flash_attention_hls_fcmp_32ns_32ns_1_2_no_dsp_1.v" into library xil_defaultlib
INFO: [VRFC 10-311] analyzing module flash_attention_hls_fcmp_32ns_32ns_1_2_no_dsp_1
INFO: [VRFC 10-2263] Analyzing SystemVerilog file "/home/aa13231/Downloads/code/flash_attention_proj/solution1/sim/verilog/flash_attention_hls_flash_attention_hls_Pipeline_SCORE_LOOP_I_SCORE_LOOP_J.v" into library xil_defaultlib
INFO: [VRFC 10-311] analyzing module flash_attention_hls_flash_attention_hls_Pipeline_SCORE_LOOP_I_SCORE_LOOP_J
INFO: [VRFC 10-2263] Analyzing SystemVerilog file "/home/aa13231/Downloads/code/flash_attention_proj/solution1/sim/verilog/AESL_axi_master_gmem1.v" into library xil_defaultlib
INFO: [VRFC 10-311] analyzing module AESL_axi_master_gmem1
INFO: [VRFC 10-2263] Analyzing SystemVerilog file "/home/aa13231/Downloads/code/flash_attention_proj/solution1/sim/verilog/flash_attention_hls_flash_attention_hls_Pipeline_UPDATE_ACC.v" into library xil_defaultlib
INFO: [VRFC 10-311] analyzing module flash_attention_hls_flash_attention_hls_Pipeline_UPDATE_ACC
INFO: [VRFC 10-2263] Analyzing SystemVerilog file "/home/aa13231/Downloads/code/flash_attention_proj/solution1/sim/verilog/flash_attention_hls_faddfsub_32ns_32ns_32_5_full_dsp_1.v" into library xil_defaultlib
INFO: [VRFC 10-311] analyzing module flash_attention_hls_faddfsub_32ns_32ns_32_5_full_dsp_1
INFO: [VRFC 10-2263] Analyzing SystemVerilog file "/home/aa13231/Downloads/code/flash_attention_proj/solution1/sim/verilog/flash_attention_hls_gmem0_m_axi.v" into library xil_defaultlib
INFO: [VRFC 10-311] analyzing module flash_attention_hls_gmem0_m_axi
INFO: [VRFC 10-311] analyzing module flash_attention_hls_gmem0_m_axi_load
INFO: [VRFC 10-311] analyzing module flash_attention_hls_gmem0_m_axi_store
INFO: [VRFC 10-311] analyzing module flash_attention_hls_gmem0_m_axi_read
INFO: [VRFC 10-311] analyzing module flash_attention_hls_gmem0_m_axi_write
INFO: [VRFC 10-311] analyzing module flash_attention_hls_gmem0_m_axi_burst_converter
INFO: [VRFC 10-311] analyzing module flash_attention_hls_gmem0_m_axi_throttle
INFO: [VRFC 10-311] analyzing module flash_attention_hls_gmem0_m_axi_reg_slice
INFO: [VRFC 10-311] analyzing module flash_attention_hls_gmem0_m_axi_fifo
INFO: [VRFC 10-311] analyzing module flash_attention_hls_gmem0_m_axi_srl
INFO: [VRFC 10-311] analyzing module flash_attention_hls_gmem0_m_axi_mem
INFO: [VRFC 10-2263] Analyzing SystemVerilog file "/home/aa13231/Downloads/code/flash_attention_proj/solution1/sim/verilog/AESL_axi_slave_ctrl.v" into library xil_defaultlib
INFO: [VRFC 10-311] analyzing module AESL_axi_slave_ctrl
INFO: [VRFC 10-2263] Analyzing SystemVerilog file "/home/aa13231/Downloads/code/flash_attention_proj/solution1/sim/verilog/flash_attention_hls_flash_attention_hls_Pipeline_VITIS_LOOP_80_2.v" into library xil_defaultlib
INFO: [VRFC 10-311] analyzing module flash_attention_hls_flash_attention_hls_Pipeline_VITIS_LOOP_80_2
INFO: [VRFC 10-2263] Analyzing SystemVerilog file "/home/aa13231/Downloads/code/flash_attention_proj/solution1/sim/verilog/dataflow_monitor.sv" into library xil_defaultlib
INFO: [VRFC 10-311] analyzing module dataflow_monitor
Starting static elaboration
Pass Through NonSizing Optimizer
Completed static elaboration
Starting simulation data flow analysis
Completed simulation data flow analysis
Time Resolution for simulation is 1ps
Compiling package std.standard
Compiling package std.textio
Compiling package ieee.std_logic_1164
Compiling package floating_point_v7_1_16.floating_point_v7_1_16_viv_comp
Compiling package ieee.numeric_std
Compiling package xbip_utils_v3_0_11.xbip_utils_v3_0_11_pkg
Compiling package axi_utils_v2_0_7.axi_utils_v2_0_7_pkg
Compiling package floating_point_v7_1_16.floating_point_v7_1_16_consts
Compiling package ieee.math_real
Compiling package floating_point_v7_1_16.floating_point_v7_1_16_exp_table...
Compiling package mult_gen_v12_0_19.mult_gen_v12_0_19_pkg
Compiling package ieee.std_logic_arith
Compiling package ieee.std_logic_signed
Compiling package floating_point_v7_1_16.floating_point_v7_1_16_pkg
Compiling package floating_point_v7_1_16.flt_utils
Compiling package xbip_pipe_v3_0_7.xbip_pipe_v3_0_7_viv_comp
Compiling package unisim.vcomponents
Compiling package ieee.vital_timing
Compiling package ieee.vital_primitives
Compiling package unisim.vpkg
Compiling package floating_point_v7_1_16.vt2mutils
Compiling package floating_point_v7_1_16.vt2mcomps
Compiling package xil_defaultlib.$unit_dataflow_monitor_sv
Compiling module xil_defaultlib.flash_attention_hls_Qbuf_RAM_1WN...
Compiling module xil_defaultlib.flash_attention_hls_Vbuf_RAM_AUT...
Compiling module xil_defaultlib.flash_attention_hls_acc_RAM_AUTO...
Compiling module xil_defaultlib.flash_attention_hls_m_RAM_AUTO_1...
Compiling module xil_defaultlib.flash_attention_hls_weighted_RAM...
Compiling module xil_defaultlib.flash_attention_hls_flow_control...
Compiling module xil_defaultlib.flash_attention_hls_flash_attent...
Compiling module xil_defaultlib.flash_attention_hls_flash_attent...
Compiling module xil_defaultlib.flash_attention_hls_flash_attent...
Compiling architecture muxcy_v of entity unisim.MUXCY [muxcy_default]
Compiling architecture synth of entity xbip_pipe_v3_0_7.xbip_pipe_v3_0_7_viv [\xbip_pipe_v3_0_7_viv(c_has_ce=1...]
Compiling architecture rtl of entity floating_point_v7_1_16.delay [\delay(width=7,length=0)\]
Compiling architecture struct of entity floating_point_v7_1_16.carry_chain [\carry_chain(c_xdevicefamily="zy...]
Compiling architecture synth of entity floating_point_v7_1_16.compare_eq_im [\compare_eq_im(c_xdevicefamily="...]
Compiling architecture xorcy_v of entity unisim.XORCY [xorcy_default]
Compiling architecture struct of entity floating_point_v7_1_16.carry_chain [\carry_chain(c_xdevicefamily="zy...]
Compiling architecture synth of entity xbip_pipe_v3_0_7.xbip_pipe_v3_0_7_viv [\xbip_pipe_v3_0_7_viv(c_has_ce=1...]
Compiling architecture rtl of entity floating_point_v7_1_16.delay [\delay(length=0)\]
Compiling architecture synth of entity xbip_pipe_v3_0_7.xbip_pipe_v3_0_7_viv [\xbip_pipe_v3_0_7_viv(c_has_ce=1...]
Compiling architecture rtl of entity floating_point_v7_1_16.delay [\delay(width=24,length=0,fast_in...]
Compiling architecture synth of entity xbip_pipe_v3_0_7.xbip_pipe_v3_0_7_viv [\xbip_pipe_v3_0_7_viv(c_has_ce=1...]
Compiling architecture rtl of entity floating_point_v7_1_16.delay [\delay(width=16,length=0)\]
Compiling architecture dsp48e1_v of entity unisim.DSP48E1 [\DSP48E1(acascreg=0,adreg=0,alum...]
Compiling architecture synth of entity xbip_pipe_v3_0_7.xbip_pipe_v3_0_7_viv [\xbip_pipe_v3_0_7_viv(c_has_ce=1...]
Compiling architecture rtl of entity floating_point_v7_1_16.delay [\delay(width=4,length=0)\]
Compiling architecture synth of entity xbip_pipe_v3_0_7.xbip_pipe_v3_0_7_viv [\xbip_pipe_v3_0_7_viv(c_has_ce=1...]
Compiling architecture rtl of entity floating_point_v7_1_16.delay [\delay(width=48,length=0)\]
Compiling architecture synth of entity xbip_pipe_v3_0_7.xbip_pipe_v3_0_7_viv [\xbip_pipe_v3_0_7_viv(c_has_ce=1...]
Compiling architecture rtl of entity floating_point_v7_1_16.delay [\delay(width=24,length=0)\]
Compiling architecture rtl of entity floating_point_v7_1_16.dsp48e1_wrapper [\dsp48e1_wrapper(c_part="xc7z020...]
Compiling architecture synth of entity xbip_pipe_v3_0_7.xbip_pipe_v3_0_7_viv [\xbip_pipe_v3_0_7_viv(c_latency=...]
Compiling architecture rtl of entity floating_point_v7_1_16.delay [delay_default]
Compiling architecture synth of entity xbip_pipe_v3_0_7.xbip_pipe_v3_0_7_viv [\xbip_pipe_v3_0_7_viv(c_has_ce=1...]
Compiling architecture rtl of entity floating_point_v7_1_16.delay [\delay(width=13,length=0)\]
Compiling architecture synth of entity xbip_pipe_v3_0_7.xbip_pipe_v3_0_7_viv [\xbip_pipe_v3_0_7_viv(c_has_ce=1...]
Compiling architecture rtl of entity floating_point_v7_1_16.delay [\delay(width=27,length=0)\]
Compiling architecture synth of entity floating_point_v7_1_16.align_add_dsp48e1_sgl [\align_add_dsp48e1_sgl(c_xdevice...]
Compiling architecture lut5_v of entity unisim.LUT5 [\LUT5(init="00000000000000001111...]
Compiling architecture lut5_v of entity unisim.LUT5 [\LUT5(init="00000000000000000000...]
Compiling architecture synth of entity xbip_pipe_v3_0_7.xbip_pipe_v3_0_7_viv [\xbip_pipe_v3_0_7_viv(c_has_ce=1...]
Compiling architecture rtl of entity floating_point_v7_1_16.delay [\delay(width=5,length=0)\]
Compiling architecture rtl of entity floating_point_v7_1_16.lead_zero_encode_shift [\lead_zero_encode_shift(ab_fw=24...]
Compiling architecture synth of entity xbip_pipe_v3_0_7.xbip_pipe_v3_0_7_viv [\xbip_pipe_v3_0_7_viv(c_has_ce=1...]
Compiling architecture rtl of entity floating_point_v7_1_16.delay [\delay(width=3,length=0)\]
Compiling architecture lut6_v of entity unisim.LUT6 [\LUT6(init="11111110010101001011...]
Compiling architecture lut5_v of entity unisim.LUT5 [\LUT5(init="00010001010111110000...]
Compiling architecture lut5_v of entity unisim.LUT5 [\LUT5(init="11101110101000001111...]
Compiling architecture synth of entity xbip_pipe_v3_0_7.xbip_pipe_v3_0_7_viv [\xbip_pipe_v3_0_7_viv(c_latency=...]
Compiling architecture rtl of entity floating_point_v7_1_16.delay [\delay(width=2)\]
Compiling architecture dsp48e1_v of entity unisim.DSP48E1 [\DSP48E1(adreg=0,alumodereg=0,ca...]
Compiling architecture synth of entity xbip_pipe_v3_0_7.xbip_pipe_v3_0_7_viv [\xbip_pipe_v3_0_7_viv(c_has_ce=1...]
Compiling architecture rtl of entity floating_point_v7_1_16.delay [\delay(width=25,length=0)\]
Compiling architecture rtl of entity floating_point_v7_1_16.dsp48e1_wrapper [\dsp48e1_wrapper(a_width=24,c_wi...]
Compiling architecture rtl of entity floating_point_v7_1_16.norm_and_round_dsp48e1_sgl [\norm_and_round_dsp48e1_sgl(c_mu...]
Compiling architecture lut5_v of entity unisim.LUT5 [\LUT5(init="10011001100110011001...]
Compiling architecture lut5_v of entity unisim.LUT5 [\LUT5(init="11111111000000001111...]
Compiling architecture synth of entity xbip_pipe_v3_0_7.xbip_pipe_v3_0_7_viv [\xbip_pipe_v3_0_7_viv(c_has_ce=1...]
Compiling architecture rtl of entity floating_point_v7_1_16.delay [\delay(width=9,length=0)\]
Compiling architecture struct of entity floating_point_v7_1_16.carry_chain [\carry_chain(c_xdevicefamily="zy...]
Compiling architecture synth of entity xbip_pipe_v3_0_7.xbip_pipe_v3_0_7_viv [\xbip_pipe_v3_0_7_viv(c_has_ce=1...]
Compiling architecture rtl of entity floating_point_v7_1_16.delay [\delay(width=8,length=0)\]
Compiling architecture synth of entity xbip_pipe_v3_0_7.xbip_pipe_v3_0_7_viv [\xbip_pipe_v3_0_7_viv(c_latency=...]
Compiling architecture rtl of entity floating_point_v7_1_16.delay [\delay(width=10)\]
Compiling architecture synth of entity xbip_pipe_v3_0_7.xbip_pipe_v3_0_7_viv [\xbip_pipe_v3_0_7_viv(c_has_ce=1...]
Compiling architecture rtl of entity floating_point_v7_1_16.delay [\delay(width=4,length=0,fast_inp...]
Compiling architecture fdre_v of entity unisim.FDRE [fdre_default]
Compiling architecture fde_v of entity unisim.FDE [fde_default]
Compiling architecture struct of entity floating_point_v7_1_16.carry_chain [\carry_chain(c_xdevicefamily="zy...]
Compiling architecture synth of entity floating_point_v7_1_16.compare_eq_im [\compare_eq_im(c_xdevicefamily="...]
Compiling architecture synth of entity xbip_pipe_v3_0_7.xbip_pipe_v3_0_7_viv [\xbip_pipe_v3_0_7_viv(c_latency=...]
Compiling architecture rtl of entity floating_point_v7_1_16.delay [\delay(fast_input=true)\]
Compiling architecture rtl of entity floating_point_v7_1_16.special_detect [\special_detect(c_xdevicefamily=...]
Compiling architecture struct of entity floating_point_v7_1_16.carry_chain [\carry_chain(c_xdevicefamily="zy...]
Compiling architecture synth of entity floating_point_v7_1_16.compare_gt [\compare_gt(c_xdevicefamily="zyn...]
Compiling architecture synth of entity floating_point_v7_1_16.compare [\compare(c_xdevicefamily="zynq",...]
Compiling architecture synth of entity xbip_pipe_v3_0_7.xbip_pipe_v3_0_7_viv [\xbip_pipe_v3_0_7_viv(c_latency=...]
Compiling architecture rtl of entity floating_point_v7_1_16.delay [\delay(width=8)\]
Compiling architecture synth of entity xbip_pipe_v3_0_7.xbip_pipe_v3_0_7_viv [\xbip_pipe_v3_0_7_viv(c_latency=...]
Compiling architecture rtl of entity floating_point_v7_1_16.delay [\delay(width=9)\]
Compiling architecture synth of entity xbip_pipe_v3_0_7.xbip_pipe_v3_0_7_viv [\xbip_pipe_v3_0_7_viv(c_latency=...]
Compiling architecture rtl of entity floating_point_v7_1_16.delay [\delay(width=2,length=2,fast_inp...]
Compiling architecture synth of entity xbip_pipe_v3_0_7.xbip_pipe_v3_0_7_viv [\xbip_pipe_v3_0_7_viv(c_latency=...]
Compiling architecture rtl of entity floating_point_v7_1_16.delay [\delay(length=2,fast_input=true)...]
Compiling architecture synth of entity xbip_pipe_v3_0_7.xbip_pipe_v3_0_7_viv [\xbip_pipe_v3_0_7_viv(c_has_ce=1...]
Compiling architecture rtl of entity floating_point_v7_1_16.delay [\delay(length=0,fast_input=true)...]
Compiling architecture synth of entity xbip_pipe_v3_0_7.xbip_pipe_v3_0_7_viv [\xbip_pipe_v3_0_7_viv(c_has_ce=1...]
Compiling architecture rtl of entity floating_point_v7_1_16.delay [\delay(width=2,length=0,fast_inp...]
Compiling architecture synth of entity xbip_pipe_v3_0_7.xbip_pipe_v3_0_7_viv [\xbip_pipe_v3_0_7_viv(c_has_ce=1...]
Compiling architecture rtl of entity floating_point_v7_1_16.delay [\delay(width=12,length=0)\]
Compiling architecture rtl of entity floating_point_v7_1_16.flt_add_exp_sp [\flt_add_exp_sp(c_xdevicefamily=...]
Compiling architecture synth of entity xbip_pipe_v3_0_7.xbip_pipe_v3_0_7_viv [\xbip_pipe_v3_0_7_viv(c_latency=...]
Compiling architecture rtl of entity floating_point_v7_1_16.delay [\delay(width=23)\]
Compiling architecture synth of entity floating_point_v7_1_16.flt_dec_op [\flt_dec_op(c_xdevicefamily="zyn...]
Compiling architecture rtl of entity floating_point_v7_1_16.flt_add_dsp [\flt_add_dsp(c_xdevicefamily="zy...]
Compiling architecture rtl of entity floating_point_v7_1_16.flt_add [\flt_add(c_xdevicefamily="zynq",...]
Compiling module unisims_ver.x_lut1_mux2
Compiling module unisims_ver.LUT1
Compiling architecture synth of entity xbip_pipe_v3_0_7.xbip_pipe_v3_0_7_viv [\xbip_pipe_v3_0_7_viv(c_latency=...]
Compiling architecture synth of entity xbip_pipe_v3_0_7.xbip_pipe_v3_0_7_viv [\xbip_pipe_v3_0_7_viv(c_has_ce=1...]
Compiling architecture rtl of entity floating_point_v7_1_16.delay [\delay(width=32,length=0)\]
Compiling architecture xilinx of entity floating_point_v7_1_16.floating_point_v7_1_16_viv [\floating_point_v7_1_16_viv(c_xd...]
Compiling architecture xilinx of entity floating_point_v7_1_16.floating_point_v7_1_16 [\floating_point_v7_1_16(c_xdevic...]
Compiling module xil_defaultlib.flash_attention_hls_fadd_32ns_32...
Compiling module xil_defaultlib.flash_attention_hls_fadd_32ns_32...
Compiling architecture dsp48e1_v of entity unisim.DSP48E1 [\DSP48E1(acascreg=0,adreg=0,alum...]
Compiling architecture synth of entity xbip_pipe_v3_0_7.xbip_pipe_v3_0_7_viv [\xbip_pipe_v3_0_7_viv(c_has_ce=1...]
Compiling architecture rtl of entity floating_point_v7_1_16.delay [\delay(width=17,length=0)\]
Compiling architecture rtl of entity floating_point_v7_1_16.dsp48e1_wrapper [\dsp48e1_wrapper(a_width=24,b_wi...]
Compiling architecture dsp48e1_v of entity unisim.DSP48E1 [\DSP48E1(acascreg=0,adreg=0,alum...]
Compiling architecture rtl of entity floating_point_v7_1_16.dsp48e1_wrapper [\dsp48e1_wrapper(a_width=24,b_wi...]
Compiling architecture struct of entity floating_point_v7_1_16.fix_mult_dsp48e1_sgl [\fix_mult_dsp48e1_sgl(registers=...]
Compiling architecture rtl of entity floating_point_v7_1_16.fix_mult [\fix_mult(c_xdevicefamily="zynq"...]
Compiling architecture synth of entity xbip_pipe_v3_0_7.xbip_pipe_v3_0_7_viv [\xbip_pipe_v3_0_7_viv(c_has_ce=1...]
Compiling architecture rtl of entity floating_point_v7_1_16.delay [\delay(width=8,length=0,fast_inp...]
Compiling architecture struct of entity floating_point_v7_1_16.carry_chain [\carry_chain(c_xdevicefamily="zy...]
Compiling architecture struct of entity floating_point_v7_1_16.carry_chain [\carry_chain(c_xdevicefamily="zy...]
Compiling architecture synth of entity floating_point_v7_1_16.compare_eq_im [\compare_eq_im(c_xdevicefamily="...]
Compiling architecture rtl of entity floating_point_v7_1_16.special_detect [\special_detect(c_xdevicefamily=...]
Compiling architecture synth of entity xbip_pipe_v3_0_7.xbip_pipe_v3_0_7_viv [\xbip_pipe_v3_0_7_viv(c_latency=...]
Compiling architecture rtl of entity floating_point_v7_1_16.delay [\delay(width=2,fast_input=true)\]
Compiling architecture synth of entity xbip_pipe_v3_0_7.xbip_pipe_v3_0_7_viv [\xbip_pipe_v3_0_7_viv(c_latency=...]
Compiling architecture rtl of entity floating_point_v7_1_16.delay [\delay(width=4,fast_input=true)\]
Compiling architecture synth of entity xbip_pipe_v3_0_7.xbip_pipe_v3_0_7_viv [\xbip_pipe_v3_0_7_viv(c_has_ce=1...]
Compiling architecture rtl of entity floating_point_v7_1_16.delay [\delay(width=3,length=0,fast_inp...]
Compiling architecture synth of entity xbip_pipe_v3_0_7.xbip_pipe_v3_0_7_viv [\xbip_pipe_v3_0_7_viv(c_has_ce=1...]
Compiling architecture rtl of entity floating_point_v7_1_16.delay [\delay(width=14,length=0)\]
Compiling architecture rtl of entity floating_point_v7_1_16.flt_mult_exp [\flt_mult_exp(c_xdevicefamily="z...]
Compiling architecture dsp48e1_v of entity unisim.DSP48E1 [\DSP48E1(acascreg=0,adreg=0,alum...]
Compiling architecture synth of entity xbip_pipe_v3_0_7.xbip_pipe_v3_0_7_viv [\xbip_pipe_v3_0_7_viv(c_has_ce=1...]
Compiling architecture rtl of entity floating_point_v7_1_16.delay [\delay(width=30,length=0)\]
Compiling architecture synth of entity xbip_pipe_v3_0_7.xbip_pipe_v3_0_7_viv [\xbip_pipe_v3_0_7_viv(c_has_ce=1...]
Compiling architecture rtl of entity floating_point_v7_1_16.delay [\delay(width=18,length=0)\]
Compiling architecture rtl of entity floating_point_v7_1_16.dsp48e1_wrapper [\dsp48e1_wrapper(a_width=30,b_wi...]
Compiling architecture struct of entity floating_point_v7_1_16.flt_round_dsp_opt_full [\flt_round_dsp_opt_full(c_xdevic...]
Compiling architecture rtl of entity floating_point_v7_1_16.flt_mult_round [\flt_mult_round(c_xdevicefamily=...]
Compiling architecture synth of entity floating_point_v7_1_16.flt_dec_op_lat [\flt_dec_op_lat(c_xdevicefamily=...]
Compiling architecture rtl of entity floating_point_v7_1_16.flt_mult [\flt_mult(c_xdevicefamily="zynq"...]
Compiling architecture xilinx of entity floating_point_v7_1_16.floating_point_v7_1_16_viv [\floating_point_v7_1_16_viv(c_xd...]
Compiling architecture xilinx of entity floating_point_v7_1_16.floating_point_v7_1_16 [\floating_point_v7_1_16(c_xdevic...]
Compiling module xil_defaultlib.flash_attention_hls_fmul_32ns_32...
Compiling module xil_defaultlib.flash_attention_hls_fmul_32ns_32...
Compiling module xil_defaultlib.flash_attention_hls_flash_attent...
Compiling module xil_defaultlib.flash_attention_hls_flash_attent...
Compiling module xil_defaultlib.flash_attention_hls_flash_attent...
Compiling architecture synth of entity xbip_pipe_v3_0_7.xbip_pipe_v3_0_7_viv [\xbip_pipe_v3_0_7_viv(c_has_ce=1...]
Compiling architecture rtl of entity floating_point_v7_1_16.delay [\delay(width=23,length=0)\]
Compiling architecture synth of entity xbip_pipe_v3_0_7.xbip_pipe_v3_0_7_viv [\xbip_pipe_v3_0_7_viv(c_has_ce=1...]
Compiling architecture rtl of entity floating_point_v7_1_16.delay [\delay(width=25,length=0,fast_in...]
Compiling architecture struct of entity floating_point_v7_1_16.carry_chain [\carry_chain(c_xdevicefamily="zy...]
Compiling architecture synth of entity floating_point_v7_1_16.flt_div_mant_addsub [\flt_div_mant_addsub(c_xdevicefa...]
Compiling architecture synth of entity xbip_pipe_v3_0_7.xbip_pipe_v3_0_7_viv [\xbip_pipe_v3_0_7_viv(c_has_ce=1...]
Compiling architecture rtl of entity floating_point_v7_1_16.delay [\delay(width=26,length=0)\]
Compiling architecture synth of entity xbip_pipe_v3_0_7.xbip_pipe_v3_0_7_viv [\xbip_pipe_v3_0_7_viv(c_latency=...]
Compiling architecture rtl of entity floating_point_v7_1_16.delay [\delay(width=25,fast_input=true)...]
Compiling architecture struct of entity floating_point_v7_1_16.carry_chain [\carry_chain(c_xdevicefamily="zy...]
Compiling architecture synth of entity floating_point_v7_1_16.flt_div_mant_addsub [\flt_div_mant_addsub(c_xdevicefa...]
Compiling architecture synth of entity xbip_pipe_v3_0_7.xbip_pipe_v3_0_7_viv [\xbip_pipe_v3_0_7_viv(c_latency=...]
Compiling architecture rtl of entity floating_point_v7_1_16.delay [\delay(width=26)\]
Compiling architecture virtex of entity floating_point_v7_1_16.flt_div_mant [\flt_div_mant(c_xdevicefamily="z...]
Compiling architecture synth of entity xbip_pipe_v3_0_7.xbip_pipe_v3_0_7_viv [\xbip_pipe_v3_0_7_viv(c_latency=...]
Compiling architecture rtl of entity floating_point_v7_1_16.delay [\delay(width=10,fast_input=true)...]
Compiling architecture rtl of entity floating_point_v7_1_16.special_detect [\special_detect(c_xdevicefamily=...]
Compiling architecture synth of entity xbip_pipe_v3_0_7.xbip_pipe_v3_0_7_viv [\xbip_pipe_v3_0_7_viv(c_latency=...]
Compiling architecture rtl of entity floating_point_v7_1_16.delay [\delay(length=13,fast_input=true...]
Compiling architecture synth of entity xbip_pipe_v3_0_7.xbip_pipe_v3_0_7_viv [\xbip_pipe_v3_0_7_viv(c_latency=...]
Compiling architecture rtl of entity floating_point_v7_1_16.delay [\delay(width=8,length=12)\]
Compiling architecture synth of entity xbip_pipe_v3_0_7.xbip_pipe_v3_0_7_viv [\xbip_pipe_v3_0_7_viv(c_latency=...]
Compiling architecture rtl of entity floating_point_v7_1_16.delay [\delay(length=12,fast_input=true...]
Compiling architecture synth of entity xbip_pipe_v3_0_7.xbip_pipe_v3_0_7_viv [\xbip_pipe_v3_0_7_viv(c_latency=...]
Compiling architecture rtl of entity floating_point_v7_1_16.delay [\delay(width=3,length=12,fast_in...]
Compiling architecture synth of entity xbip_pipe_v3_0_7.xbip_pipe_v3_0_7_viv [\xbip_pipe_v3_0_7_viv(c_latency=...]
Compiling architecture rtl of entity floating_point_v7_1_16.delay [\delay(width=4,length=12,fast_in...]
Compiling architecture rtl of entity floating_point_v7_1_16.flt_div_exp [\flt_div_exp(c_xdevicefamily="no...]
Compiling architecture synth of entity xbip_pipe_v3_0_7.xbip_pipe_v3_0_7_viv [\xbip_pipe_v3_0_7_viv(c_has_ce=1...]
Compiling architecture rtl of entity floating_point_v7_1_16.delay [\delay(width=12,length=0,fast_in...]
Compiling architecture struct of entity floating_point_v7_1_16.carry_chain [\carry_chain(c_xdevicefamily="zy...]
Compiling architecture struct of entity floating_point_v7_1_16.carry_chain [\carry_chain(c_xdevicefamily="zy...]
Compiling architecture synth of entity xbip_pipe_v3_0_7.xbip_pipe_v3_0_7_viv [\xbip_pipe_v3_0_7_viv(c_has_ce=1...]
Compiling architecture rtl of entity floating_point_v7_1_16.delay [\delay(width=2,length=0)\]
Compiling architecture struct of entity floating_point_v7_1_16.carry_chain [\carry_chain(c_xdevicefamily="zy...]
Compiling architecture rtl of entity floating_point_v7_1_16.flt_round_bit [\flt_round_bit(c_xdevicefamily="...]
Compiling architecture rtl of entity floating_point_v7_1_16.renorm_and_round_logic [\renorm_and_round_logic(c_xdevic...]
Compiling architecture synth of entity floating_point_v7_1_16.flt_dec_op_lat [\flt_dec_op_lat(c_xdevicefamily=...]
Compiling architecture virtex of entity floating_point_v7_1_16.flt_div [\flt_div(c_xdevicefamily="zynq",...]
Compiling architecture synth of entity xbip_pipe_v3_0_7.xbip_pipe_v3_0_7_viv [\xbip_pipe_v3_0_7_viv(c_latency=...]
Compiling architecture xilinx of entity floating_point_v7_1_16.floating_point_v7_1_16_viv [\floating_point_v7_1_16_viv(c_xd...]
Compiling architecture xilinx of entity floating_point_v7_1_16.floating_point_v7_1_16 [\floating_point_v7_1_16(c_xdevic...]
Compiling module xil_defaultlib.flash_attention_hls_fdiv_32ns_32...
Compiling module xil_defaultlib.flash_attention_hls_fdiv_32ns_32...
Compiling module xil_defaultlib.flash_attention_hls_flash_attent...
Compiling module xil_defaultlib.flash_attention_hls_sparsemux_9_...
Compiling module xil_defaultlib.flash_attention_hls_flash_attent...
Compiling module xil_defaultlib.flash_attention_hls_ctrl_s_axi
Compiling module xil_defaultlib.flash_attention_hls_gmem0_m_axi_...
Compiling module xil_defaultlib.flash_attention_hls_gmem0_m_axi_...
Compiling module xil_defaultlib.flash_attention_hls_gmem0_m_axi_...
Compiling module xil_defaultlib.flash_attention_hls_gmem0_m_axi_...
Compiling module xil_defaultlib.flash_attention_hls_gmem0_m_axi_...
Compiling module xil_defaultlib.flash_attention_hls_gmem0_m_axi_...
Compiling module xil_defaultlib.flash_attention_hls_gmem0_m_axi_...
Compiling module xil_defaultlib.flash_attention_hls_gmem0_m_axi_...
Compiling module xil_defaultlib.flash_attention_hls_gmem0_m_axi_...
Compiling module xil_defaultlib.flash_attention_hls_gmem0_m_axi_...
Compiling module xil_defaultlib.flash_attention_hls_gmem0_m_axi_...
Compiling module xil_defaultlib.flash_attention_hls_gmem0_m_axi_...
Compiling module xil_defaultlib.flash_attention_hls_gmem0_m_axi_...
Compiling module xil_defaultlib.flash_attention_hls_gmem0_m_axi_...
Compiling module xil_defaultlib.flash_attention_hls_gmem0_m_axi_...
Compiling module xil_defaultlib.flash_attention_hls_gmem0_m_axi_...
Compiling module xil_defaultlib.flash_attention_hls_gmem0_m_axi_...
Compiling module xil_defaultlib.flash_attention_hls_gmem0_m_axi_...
Compiling module xil_defaultlib.flash_attention_hls_gmem0_m_axi_...
Compiling module xil_defaultlib.flash_attention_hls_gmem0_m_axi_...
Compiling module xil_defaultlib.flash_attention_hls_gmem0_m_axi_...
Compiling module xil_defaultlib.flash_attention_hls_gmem0_m_axi_...
Compiling module xil_defaultlib.flash_attention_hls_gmem0_m_axi_...
Compiling module xil_defaultlib.flash_attention_hls_gmem0_m_axi_...
Compiling module xil_defaultlib.flash_attention_hls_gmem0_m_axi_...
Compiling module xil_defaultlib.flash_attention_hls_gmem0_m_axi_...
Compiling module xil_defaultlib.flash_attention_hls_gmem0_m_axi(...
Compiling module xil_defaultlib.flash_attention_hls_gmem1_m_axi_...
Compiling module xil_defaultlib.flash_attention_hls_gmem1_m_axi_...
Compiling module xil_defaultlib.flash_attention_hls_gmem1_m_axi_...
Compiling module xil_defaultlib.flash_attention_hls_gmem1_m_axi_...
Compiling module xil_defaultlib.flash_attention_hls_gmem1_m_axi_...
Compiling module xil_defaultlib.flash_attention_hls_gmem1_m_axi_...
Compiling module xil_defaultlib.flash_attention_hls_gmem1_m_axi_...
Compiling module xil_defaultlib.flash_attention_hls_gmem1_m_axi_...
Compiling module xil_defaultlib.flash_attention_hls_gmem1_m_axi_...
Compiling module xil_defaultlib.flash_attention_hls_gmem1_m_axi_...
Compiling module xil_defaultlib.flash_attention_hls_gmem1_m_axi_...
Compiling module xil_defaultlib.flash_attention_hls_gmem1_m_axi_...
Compiling module xil_defaultlib.flash_attention_hls_gmem1_m_axi_...
Compiling module xil_defaultlib.flash_attention_hls_gmem1_m_axi_...
Compiling module xil_defaultlib.flash_attention_hls_gmem1_m_axi_...
Compiling module xil_defaultlib.flash_attention_hls_gmem1_m_axi_...
Compiling module xil_defaultlib.flash_attention_hls_gmem1_m_axi_...
Compiling module xil_defaultlib.flash_attention_hls_gmem1_m_axi_...
Compiling module xil_defaultlib.flash_attention_hls_gmem1_m_axi_...
Compiling module xil_defaultlib.flash_attention_hls_gmem1_m_axi_...
Compiling module xil_defaultlib.flash_attention_hls_gmem1_m_axi_...
Compiling module xil_defaultlib.flash_attention_hls_gmem1_m_axi_...
Compiling module xil_defaultlib.flash_attention_hls_gmem1_m_axi_...
Compiling module xil_defaultlib.flash_attention_hls_gmem1_m_axi_...
Compiling module xil_defaultlib.flash_attention_hls_gmem1_m_axi_...
Compiling module xil_defaultlib.flash_attention_hls_gmem1_m_axi_...
Compiling module xil_defaultlib.flash_attention_hls_gmem1_m_axi(...
Compiling module xil_defaultlib.flash_attention_hls_gmem2_m_axi_...
Compiling module xil_defaultlib.flash_attention_hls_gmem2_m_axi_...
Compiling module xil_defaultlib.flash_attention_hls_gmem2_m_axi_...
Compiling module xil_defaultlib.flash_attention_hls_gmem2_m_axi_...
Compiling module xil_defaultlib.flash_attention_hls_gmem2_m_axi_...
Compiling module xil_defaultlib.flash_attention_hls_gmem2_m_axi_...
Compiling module xil_defaultlib.flash_attention_hls_gmem2_m_axi_...
Compiling module xil_defaultlib.flash_attention_hls_gmem2_m_axi_...
Compiling module xil_defaultlib.flash_attention_hls_gmem2_m_axi_...
Compiling module xil_defaultlib.flash_attention_hls_gmem2_m_axi_...
Compiling module xil_defaultlib.flash_attention_hls_gmem2_m_axi_...
Compiling module xil_defaultlib.flash_attention_hls_gmem2_m_axi_...
Compiling module xil_defaultlib.flash_attention_hls_gmem2_m_axi_...
Compiling module xil_defaultlib.flash_attention_hls_gmem2_m_axi_...
Compiling module xil_defaultlib.flash_attention_hls_gmem2_m_axi_...
Compiling module xil_defaultlib.flash_attention_hls_gmem2_m_axi_...
Compiling module xil_defaultlib.flash_attention_hls_gmem2_m_axi_...
Compiling module xil_defaultlib.flash_attention_hls_gmem2_m_axi_...
Compiling module xil_defaultlib.flash_attention_hls_gmem2_m_axi_...
Compiling module xil_defaultlib.flash_attention_hls_gmem2_m_axi_...
Compiling module xil_defaultlib.flash_attention_hls_gmem2_m_axi_...
Compiling module xil_defaultlib.flash_attention_hls_gmem2_m_axi_...
Compiling module xil_defaultlib.flash_attention_hls_gmem2_m_axi_...
Compiling module xil_defaultlib.flash_attention_hls_gmem2_m_axi_...
Compiling module xil_defaultlib.flash_attention_hls_gmem2_m_axi_...
Compiling module xil_defaultlib.flash_attention_hls_gmem2_m_axi_...
Compiling module xil_defaultlib.flash_attention_hls_gmem2_m_axi(...
Compiling module xil_defaultlib.flash_attention_hls_gmem3_m_axi_...
Compiling module xil_defaultlib.flash_attention_hls_gmem3_m_axi_...
Compiling module xil_defaultlib.flash_attention_hls_gmem3_m_axi_...
Compiling module xil_defaultlib.flash_attention_hls_gmem3_m_axi_...
Compiling module xil_defaultlib.flash_attention_hls_gmem3_m_axi_...
Compiling module xil_defaultlib.flash_attention_hls_gmem3_m_axi_...
Compiling module xil_defaultlib.flash_attention_hls_gmem3_m_axi_...
Compiling module xil_defaultlib.flash_attention_hls_gmem3_m_axi_...
Compiling module xil_defaultlib.flash_attention_hls_gmem3_m_axi_...
Compiling module xil_defaultlib.flash_attention_hls_gmem3_m_axi_...
Compiling module xil_defaultlib.flash_attention_hls_gmem3_m_axi_...
Compiling module xil_defaultlib.flash_attention_hls_gmem3_m_axi_...
Compiling module xil_defaultlib.flash_attention_hls_gmem3_m_axi_...
Compiling module xil_defaultlib.flash_attention_hls_gmem3_m_axi_...
Compiling module xil_defaultlib.flash_attention_hls_gmem3_m_axi_...
Compiling module xil_defaultlib.flash_attention_hls_gmem3_m_axi_...
Compiling module xil_defaultlib.flash_attention_hls_gmem3_m_axi_...
Compiling module xil_defaultlib.flash_attention_hls_gmem3_m_axi_...
Compiling module xil_defaultlib.flash_attention_hls_gmem3_m_axi_...
Compiling module xil_defaultlib.flash_attention_hls_gmem3_m_axi_...
Compiling module xil_defaultlib.flash_attention_hls_gmem3_m_axi_...
Compiling module xil_defaultlib.flash_attention_hls_gmem3_m_axi_...
Compiling module xil_defaultlib.flash_attention_hls_gmem3_m_axi_...
Compiling module xil_defaultlib.flash_attention_hls_gmem3_m_axi_...
Compiling module xil_defaultlib.flash_attention_hls_gmem3_m_axi_...
Compiling module xil_defaultlib.flash_attention_hls_gmem3_m_axi_...
Compiling module xil_defaultlib.flash_attention_hls_gmem3_m_axi(...
Compiling architecture rtl of entity floating_point_v7_1_16.flt_add [\flt_add(c_xdevicefamily="zynq",...]
Compiling architecture xilinx of entity floating_point_v7_1_16.floating_point_v7_1_16_viv [\floating_point_v7_1_16_viv(c_xd...]
Compiling architecture xilinx of entity floating_point_v7_1_16.floating_point_v7_1_16 [\floating_point_v7_1_16(c_xdevic...]
Compiling module xil_defaultlib.flash_attention_hls_faddfsub_32n...
Compiling module xil_defaultlib.flash_attention_hls_faddfsub_32n...
Compiling architecture synth of entity xbip_pipe_v3_0_7.xbip_pipe_v3_0_7_viv [\xbip_pipe_v3_0_7_viv(c_has_ce=1...]
Compiling architecture rtl of entity floating_point_v7_1_16.delay [\delay(width=31,length=0)\]
Compiling architecture synth of entity xbip_pipe_v3_0_7.xbip_pipe_v3_0_7_viv [\xbip_pipe_v3_0_7_viv(c_latency=...]
Compiling architecture rtl of entity floating_point_v7_1_16.delay [\delay(width=32)\]
Compiling architecture struct of entity floating_point_v7_1_16.carry_chain [\carry_chain(c_xdevicefamily="zy...]
Compiling architecture synth of entity xbip_pipe_v3_0_7.xbip_pipe_v3_0_7_viv [\xbip_pipe_v3_0_7_viv(c_latency=...]
Compiling architecture rtl of entity floating_point_v7_1_16.delay [\delay(width=4)\]
Compiling architecture rtl of entity floating_point_v7_1_16.norm_zero_det [\norm_zero_det(data_width=7,norm...]
Compiling architecture rtl of entity floating_point_v7_1_16.mux4 [\mux4(c_xdevicefamily="zynq",wid...]
Compiling architecture rtl of entity floating_point_v7_1_16.mux4 [\mux4(c_xdevicefamily="zynq",wid...]
Compiling architecture struct of entity floating_point_v7_1_16.carry_chain [\carry_chain(c_xdevicefamily="zy...]
Compiling architecture rtl of entity floating_point_v7_1_16.lead_zero_encode [\lead_zero_encode(c_xdevicefamil...]
Compiling architecture rtl of entity floating_point_v7_1_16.shift_msb_first [\shift_msb_first(a_width=32,resu...]
Compiling architecture struct of entity floating_point_v7_1_16.carry_chain [\carry_chain(c_xdevicefamily="zy...]
Compiling architecture struct of entity floating_point_v7_1_16.carry_chain [\carry_chain(c_xdevicefamily="zy...]
Compiling architecture rtl of entity floating_point_v7_1_16.renorm_and_round_logic [\renorm_and_round_logic(c_xdevic...]
Compiling architecture synth of entity xbip_pipe_v3_0_7.xbip_pipe_v3_0_7_viv [\xbip_pipe_v3_0_7_viv(c_latency=...]
Compiling architecture rtl of entity floating_point_v7_1_16.delay [\delay(length=3)\]
Compiling architecture synth of entity floating_point_v7_1_16.fix_to_flt_conv_exp [\fix_to_flt_conv_exp(c_xdevicefa...]
Compiling architecture synth of entity floating_point_v7_1_16.flt_dec_op [\flt_dec_op(c_xdevicefamily="zyn...]
Compiling architecture struct of entity floating_point_v7_1_16.fix_to_flt_conv [\fix_to_flt_conv(c_xdevicefamily...]
Compiling architecture synth of entity xbip_pipe_v3_0_7.xbip_pipe_v3_0_7_viv [\xbip_pipe_v3_0_7_viv(c_latency=...]
Compiling architecture xilinx of entity floating_point_v7_1_16.floating_point_v7_1_16_viv [\floating_point_v7_1_16_viv(c_xd...]
Compiling architecture xilinx of entity floating_point_v7_1_16.floating_point_v7_1_16 [\floating_point_v7_1_16(c_xdevic...]
Compiling module xil_defaultlib.flash_attention_hls_sitofp_32ns_...
Compiling module xil_defaultlib.flash_attention_hls_sitofp_32ns_...
Compiling architecture synth of entity floating_point_v7_1_16.compare_eq_im [\compare_eq_im(c_xdevicefamily="...]
Compiling architecture synth of entity floating_point_v7_1_16.compare_ne_im [\compare_ne_im(c_xdevicefamily="...]
Compiling architecture struct of entity floating_point_v7_1_16.carry_chain [\carry_chain(c_xdevicefamily="zy...]
Compiling architecture synth of entity floating_point_v7_1_16.compare_eq_im [\compare_eq_im(c_xdevicefamily="...]
Compiling architecture synth of entity xbip_pipe_v3_0_7.xbip_pipe_v3_0_7_viv [\xbip_pipe_v3_0_7_viv(c_has_ce=1...]
Compiling architecture rtl of entity floating_point_v7_1_16.delay [\delay(width=11,length=0)\]
Compiling architecture struct of entity floating_point_v7_1_16.carry_chain [\carry_chain(c_xdevicefamily="zy...]
Compiling architecture synth of entity floating_point_v7_1_16.compare_eq [\compare_eq(c_xdevicefamily="zyn...]
Compiling architecture struct of entity floating_point_v7_1_16.carry_chain [\carry_chain(c_xdevicefamily="zy...]
Compiling architecture synth of entity floating_point_v7_1_16.compare_gt [\compare_gt(c_xdevicefamily="zyn...]
Compiling architecture rtl of entity floating_point_v7_1_16.fp_cmp [\fp_cmp(c_xdevicefamily="zynq",c...]
Compiling architecture xilinx of entity floating_point_v7_1_16.floating_point_v7_1_16_viv [\floating_point_v7_1_16_viv(c_xd...]
Compiling architecture xilinx of entity floating_point_v7_1_16.floating_point_v7_1_16 [\floating_point_v7_1_16(c_xdevic...]
Compiling module xil_defaultlib.flash_attention_hls_fcmp_32ns_32...
Compiling module xil_defaultlib.flash_attention_hls_fcmp_32ns_32...
Compiling architecture synth of entity xbip_pipe_v3_0_7.xbip_pipe_v3_0_7_viv [\xbip_pipe_v3_0_7_viv(c_has_ce=1...]
Compiling architecture rtl of entity floating_point_v7_1_16.delay [\delay(width=5,length=0,fast_inp...]
Compiling architecture struct of entity floating_point_v7_1_16.carry_chain [\carry_chain(c_xdevicefamily="zy...]
Compiling architecture synth of entity floating_point_v7_1_16.flt_sqrt_mant_addsub [\flt_sqrt_mant_addsub(c_xdevicef...]
Compiling architecture synth of entity xbip_pipe_v3_0_7.xbip_pipe_v3_0_7_viv [\xbip_pipe_v3_0_7_viv(c_latency=...]
Compiling architecture rtl of entity floating_point_v7_1_16.delay [\delay(width=24)\]
Compiling architecture synth of entity xbip_pipe_v3_0_7.xbip_pipe_v3_0_7_viv [\xbip_pipe_v3_0_7_viv(c_latency=...]
Compiling architecture rtl of entity floating_point_v7_1_16.delay [\delay(width=6,fast_input=true)\]
Compiling architecture struct of entity floating_point_v7_1_16.carry_chain [\carry_chain(c_xdevicefamily="zy...]
Compiling architecture synth of entity floating_point_v7_1_16.flt_sqrt_mant_addsub [\flt_sqrt_mant_addsub(c_xdevicef...]
Compiling architecture synth of entity xbip_pipe_v3_0_7.xbip_pipe_v3_0_7_viv [\xbip_pipe_v3_0_7_viv(c_latency=...]
Compiling architecture rtl of entity floating_point_v7_1_16.delay [\delay(width=3)\]
Compiling architecture synth of entity xbip_pipe_v3_0_7.xbip_pipe_v3_0_7_viv [\xbip_pipe_v3_0_7_viv(c_has_ce=1...]
Compiling architecture rtl of entity floating_point_v7_1_16.delay [\delay(width=22,length=0)\]
Compiling architecture synth of entity xbip_pipe_v3_0_7.xbip_pipe_v3_0_7_viv [\xbip_pipe_v3_0_7_viv(c_has_ce=1...]
Compiling architecture rtl of entity floating_point_v7_1_16.delay [\delay(width=7,length=0,fast_inp...]
Compiling architecture struct of entity floating_point_v7_1_16.carry_chain [\carry_chain(c_xdevicefamily="zy...]
Compiling architecture synth of entity floating_point_v7_1_16.flt_sqrt_mant_addsub [\flt_sqrt_mant_addsub(c_xdevicef...]
Compiling architecture synth of entity xbip_pipe_v3_0_7.xbip_pipe_v3_0_7_viv [\xbip_pipe_v3_0_7_viv(c_latency=...]
Compiling architecture rtl of entity floating_point_v7_1_16.delay [\delay(width=20)\]
Compiling architecture synth of entity xbip_pipe_v3_0_7.xbip_pipe_v3_0_7_viv [\xbip_pipe_v3_0_7_viv(c_latency=...]
Compiling architecture rtl of entity floating_point_v7_1_16.delay [\delay(width=8,fast_input=true)\]
Compiling architecture struct of entity floating_point_v7_1_16.carry_chain [\carry_chain(c_xdevicefamily="zy...]
Compiling architecture synth of entity floating_point_v7_1_16.flt_sqrt_mant_addsub [\flt_sqrt_mant_addsub(c_xdevicef...]
Compiling architecture synth of entity xbip_pipe_v3_0_7.xbip_pipe_v3_0_7_viv [\xbip_pipe_v3_0_7_viv(c_latency=...]
Compiling architecture rtl of entity floating_point_v7_1_16.delay [\delay(width=5)\]
Compiling architecture synth of entity xbip_pipe_v3_0_7.xbip_pipe_v3_0_7_viv [\xbip_pipe_v3_0_7_viv(c_has_ce=1...]
Compiling architecture rtl of entity floating_point_v7_1_16.delay [\delay(width=9,length=0,fast_inp...]
Compiling architecture struct of entity floating_point_v7_1_16.carry_chain [\carry_chain(c_xdevicefamily="zy...]
Compiling architecture synth of entity floating_point_v7_1_16.flt_sqrt_mant_addsub [\flt_sqrt_mant_addsub(c_xdevicef...]
Compiling architecture synth of entity xbip_pipe_v3_0_7.xbip_pipe_v3_0_7_viv [\xbip_pipe_v3_0_7_viv(c_has_ce=1...]
Compiling architecture rtl of entity floating_point_v7_1_16.delay [\delay(width=6,length=0)\]
Compiling architecture synth of entity xbip_pipe_v3_0_7.xbip_pipe_v3_0_7_viv [\xbip_pipe_v3_0_7_viv(c_latency=...]
Compiling architecture rtl of entity floating_point_v7_1_16.delay [\delay(width=16)\]
Compiling architecture struct of entity floating_point_v7_1_16.carry_chain [\carry_chain(c_xdevicefamily="zy...]
Compiling architecture synth of entity floating_point_v7_1_16.flt_sqrt_mant_addsub [\flt_sqrt_mant_addsub(c_xdevicef...]
Compiling architecture synth of entity xbip_pipe_v3_0_7.xbip_pipe_v3_0_7_viv [\xbip_pipe_v3_0_7_viv(c_latency=...]
Compiling architecture rtl of entity floating_point_v7_1_16.delay [\delay(width=7)\]
Compiling architecture synth of entity xbip_pipe_v3_0_7.xbip_pipe_v3_0_7_viv [\xbip_pipe_v3_0_7_viv(c_has_ce=1...]
Compiling architecture rtl of entity floating_point_v7_1_16.delay [\delay(width=11,length=0,fast_in...]
Compiling architecture struct of entity floating_point_v7_1_16.carry_chain [\carry_chain(c_xdevicefamily="zy...]
Compiling architecture synth of entity floating_point_v7_1_16.flt_sqrt_mant_addsub [\flt_sqrt_mant_addsub(c_xdevicef...]
Compiling architecture synth of entity xbip_pipe_v3_0_7.xbip_pipe_v3_0_7_viv [\xbip_pipe_v3_0_7_viv(c_latency=...]
Compiling architecture rtl of entity floating_point_v7_1_16.delay [\delay(width=12)\]
Compiling architecture synth of entity xbip_pipe_v3_0_7.xbip_pipe_v3_0_7_viv [\xbip_pipe_v3_0_7_viv(c_latency=...]
Compiling architecture rtl of entity floating_point_v7_1_16.delay [\delay(width=12,fast_input=true)...]
Compiling architecture struct of entity floating_point_v7_1_16.carry_chain [\carry_chain(c_xdevicefamily="zy...]
Compiling architecture synth of entity floating_point_v7_1_16.flt_sqrt_mant_addsub [\flt_sqrt_mant_addsub(c_xdevicef...]
Compiling architecture synth of entity xbip_pipe_v3_0_7.xbip_pipe_v3_0_7_viv [\xbip_pipe_v3_0_7_viv(c_has_ce=1...]
Compiling architecture rtl of entity floating_point_v7_1_16.delay [\delay(width=10,length=0)\]
Compiling architecture synth of entity xbip_pipe_v3_0_7.xbip_pipe_v3_0_7_viv [\xbip_pipe_v3_0_7_viv(c_has_ce=1...]
Compiling architecture rtl of entity floating_point_v7_1_16.delay [\delay(width=13,length=0,fast_in...]
Compiling architecture struct of entity floating_point_v7_1_16.carry_chain [\carry_chain(c_xdevicefamily="zy...]
Compiling architecture synth of entity floating_point_v7_1_16.flt_sqrt_mant_addsub [\flt_sqrt_mant_addsub(c_xdevicef...]
Compiling architecture synth of entity xbip_pipe_v3_0_7.xbip_pipe_v3_0_7_viv [\xbip_pipe_v3_0_7_viv(c_latency=...]
Compiling architecture rtl of entity floating_point_v7_1_16.delay [\delay(width=14,fast_input=true)...]
Compiling architecture struct of entity floating_point_v7_1_16.carry_chain [\carry_chain(c_xdevicefamily="zy...]
Compiling architecture synth of entity floating_point_v7_1_16.flt_sqrt_mant_addsub [\flt_sqrt_mant_addsub(c_xdevicef...]
Compiling architecture synth of entity xbip_pipe_v3_0_7.xbip_pipe_v3_0_7_viv [\xbip_pipe_v3_0_7_viv(c_latency=...]
Compiling architecture rtl of entity floating_point_v7_1_16.delay [\delay(width=11)\]
Compiling architecture synth of entity xbip_pipe_v3_0_7.xbip_pipe_v3_0_7_viv [\xbip_pipe_v3_0_7_viv(c_has_ce=1...]
Compiling architecture rtl of entity floating_point_v7_1_16.delay [\delay(width=15,length=0,fast_in...]
Compiling architecture struct of entity floating_point_v7_1_16.carry_chain [\carry_chain(c_xdevicefamily="zy...]
Compiling architecture synth of entity floating_point_v7_1_16.flt_sqrt_mant_addsub [\flt_sqrt_mant_addsub(c_xdevicef...]
Compiling architecture synth of entity xbip_pipe_v3_0_7.xbip_pipe_v3_0_7_viv [\xbip_pipe_v3_0_7_viv(c_has_ce=1...]
Compiling architecture rtl of entity floating_point_v7_1_16.delay [\delay(width=15,length=0)\]
Compiling architecture synth of entity xbip_pipe_v3_0_7.xbip_pipe_v3_0_7_viv [\xbip_pipe_v3_0_7_viv(c_latency=...]
Compiling architecture rtl of entity floating_point_v7_1_16.delay [\delay(width=16,fast_input=true)...]
Compiling architecture struct of entity floating_point_v7_1_16.carry_chain [\carry_chain(c_xdevicefamily="zy...]
Compiling architecture synth of entity floating_point_v7_1_16.flt_sqrt_mant_addsub [\flt_sqrt_mant_addsub(c_xdevicef...]
Compiling architecture synth of entity xbip_pipe_v3_0_7.xbip_pipe_v3_0_7_viv [\xbip_pipe_v3_0_7_viv(c_latency=...]
Compiling architecture rtl of entity floating_point_v7_1_16.delay [\delay(width=13)\]
Compiling architecture synth of entity xbip_pipe_v3_0_7.xbip_pipe_v3_0_7_viv [\xbip_pipe_v3_0_7_viv(c_has_ce=1...]
Compiling architecture rtl of entity floating_point_v7_1_16.delay [\delay(width=17,length=0,fast_in...]
Compiling architecture struct of entity floating_point_v7_1_16.carry_chain [\carry_chain(c_xdevicefamily="zy...]
Compiling architecture synth of entity floating_point_v7_1_16.flt_sqrt_mant_addsub [\flt_sqrt_mant_addsub(c_xdevicef...]
Compiling architecture synth of entity xbip_pipe_v3_0_7.xbip_pipe_v3_0_7_viv [\xbip_pipe_v3_0_7_viv(c_latency=...]
Compiling architecture rtl of entity floating_point_v7_1_16.delay [\delay(width=18,fast_input=true)...]
Compiling architecture struct of entity floating_point_v7_1_16.carry_chain [\carry_chain(c_xdevicefamily="zy...]
Compiling architecture synth of entity floating_point_v7_1_16.flt_sqrt_mant_addsub [\flt_sqrt_mant_addsub(c_xdevicef...]
Compiling architecture synth of entity xbip_pipe_v3_0_7.xbip_pipe_v3_0_7_viv [\xbip_pipe_v3_0_7_viv(c_latency=...]
Compiling architecture rtl of entity floating_point_v7_1_16.delay [\delay(width=15)\]
Compiling architecture synth of entity xbip_pipe_v3_0_7.xbip_pipe_v3_0_7_viv [\xbip_pipe_v3_0_7_viv(c_has_ce=1...]
Compiling architecture rtl of entity floating_point_v7_1_16.delay [\delay(width=19,length=0,fast_in...]
Compiling architecture struct of entity floating_point_v7_1_16.carry_chain [\carry_chain(c_xdevicefamily="zy...]
Compiling architecture synth of entity floating_point_v7_1_16.flt_sqrt_mant_addsub [\flt_sqrt_mant_addsub(c_xdevicef...]
Compiling architecture synth of entity xbip_pipe_v3_0_7.xbip_pipe_v3_0_7_viv [\xbip_pipe_v3_0_7_viv(c_has_ce=1...]
Compiling architecture rtl of entity floating_point_v7_1_16.delay [\delay(width=19,length=0)\]
Compiling architecture synth of entity xbip_pipe_v3_0_7.xbip_pipe_v3_0_7_viv [\xbip_pipe_v3_0_7_viv(c_latency=...]
Compiling architecture rtl of entity floating_point_v7_1_16.delay [\delay(width=20,fast_input=true)...]
Compiling architecture struct of entity floating_point_v7_1_16.carry_chain [\carry_chain(c_xdevicefamily="zy...]
Compiling architecture synth of entity floating_point_v7_1_16.flt_sqrt_mant_addsub [\flt_sqrt_mant_addsub(c_xdevicef...]
Compiling architecture synth of entity xbip_pipe_v3_0_7.xbip_pipe_v3_0_7_viv [\xbip_pipe_v3_0_7_viv(c_latency=...]
Compiling architecture rtl of entity floating_point_v7_1_16.delay [\delay(width=17)\]
Compiling architecture synth of entity xbip_pipe_v3_0_7.xbip_pipe_v3_0_7_viv [\xbip_pipe_v3_0_7_viv(c_has_ce=1...]
Compiling architecture rtl of entity floating_point_v7_1_16.delay [\delay(width=21,length=0,fast_in...]
Compiling architecture struct of entity floating_point_v7_1_16.carry_chain [\carry_chain(c_xdevicefamily="zy...]
Compiling architecture synth of entity floating_point_v7_1_16.flt_sqrt_mant_addsub [\flt_sqrt_mant_addsub(c_xdevicef...]
Compiling architecture synth of entity xbip_pipe_v3_0_7.xbip_pipe_v3_0_7_viv [\xbip_pipe_v3_0_7_viv(c_has_ce=1...]
Compiling architecture rtl of entity floating_point_v7_1_16.delay [\delay(width=21,length=0)\]
Compiling architecture synth of entity xbip_pipe_v3_0_7.xbip_pipe_v3_0_7_viv [\xbip_pipe_v3_0_7_viv(c_latency=...]
Compiling architecture rtl of entity floating_point_v7_1_16.delay [\delay(width=22,fast_input=true)...]
Compiling architecture struct of entity floating_point_v7_1_16.carry_chain [\carry_chain(c_xdevicefamily="zy...]
Compiling architecture synth of entity floating_point_v7_1_16.flt_sqrt_mant_addsub [\flt_sqrt_mant_addsub(c_xdevicef...]
Compiling architecture synth of entity xbip_pipe_v3_0_7.xbip_pipe_v3_0_7_viv [\xbip_pipe_v3_0_7_viv(c_latency=...]
Compiling architecture rtl of entity floating_point_v7_1_16.delay [\delay(width=19)\]
Compiling architecture synth of entity xbip_pipe_v3_0_7.xbip_pipe_v3_0_7_viv [\xbip_pipe_v3_0_7_viv(c_has_ce=1...]
Compiling architecture rtl of entity floating_point_v7_1_16.delay [\delay(width=23,length=0,fast_in...]
Compiling architecture struct of entity floating_point_v7_1_16.carry_chain [\carry_chain(c_xdevicefamily="zy...]
Compiling architecture synth of entity floating_point_v7_1_16.flt_sqrt_mant_addsub [\flt_sqrt_mant_addsub(c_xdevicef...]
Compiling architecture synth of entity xbip_pipe_v3_0_7.xbip_pipe_v3_0_7_viv [\xbip_pipe_v3_0_7_viv(c_has_ce=1...]
Compiling architecture rtl of entity floating_point_v7_1_16.delay [\delay(width=20,length=0)\]
Compiling architecture synth of entity xbip_pipe_v3_0_7.xbip_pipe_v3_0_7_viv [\xbip_pipe_v3_0_7_viv(c_latency=...]
Compiling architecture rtl of entity floating_point_v7_1_16.delay [\delay(width=24,fast_input=true)...]
Compiling architecture struct of entity floating_point_v7_1_16.carry_chain [\carry_chain(c_xdevicefamily="zy...]
Compiling architecture synth of entity floating_point_v7_1_16.flt_sqrt_mant_addsub [\flt_sqrt_mant_addsub(c_xdevicef...]
Compiling architecture synth of entity xbip_pipe_v3_0_7.xbip_pipe_v3_0_7_viv [\xbip_pipe_v3_0_7_viv(c_latency=...]
Compiling architecture rtl of entity floating_point_v7_1_16.delay [\delay(width=21)\]
Compiling architecture synth of entity floating_point_v7_1_16.flt_sqrt_mant_addsub [\flt_sqrt_mant_addsub(c_xdevicef...]
Compiling architecture synth of entity xbip_pipe_v3_0_7.xbip_pipe_v3_0_7_viv [\xbip_pipe_v3_0_7_viv(c_latency=...]
Compiling architecture rtl of entity floating_point_v7_1_16.delay [\delay(width=26,fast_input=true)...]
Compiling architecture struct of entity floating_point_v7_1_16.carry_chain [\carry_chain(c_xdevicefamily="zy...]
Compiling architecture synth of entity floating_point_v7_1_16.flt_sqrt_mant_addsub [\flt_sqrt_mant_addsub(c_xdevicef...]
Compiling architecture synth of entity xbip_pipe_v3_0_7.xbip_pipe_v3_0_7_viv [\xbip_pipe_v3_0_7_viv(c_has_ce=1...]
Compiling architecture rtl of entity floating_point_v7_1_16.delay [\delay(width=27,length=0,fast_in...]
Compiling architecture struct of entity floating_point_v7_1_16.carry_chain [\carry_chain(c_xdevicefamily="zy...]
Compiling architecture synth of entity floating_point_v7_1_16.flt_sqrt_mant_addsub [\flt_sqrt_mant_addsub(c_xdevicef...]
Compiling architecture synth of entity xbip_pipe_v3_0_7.xbip_pipe_v3_0_7_viv [\xbip_pipe_v3_0_7_viv(c_latency=...]
Compiling architecture rtl of entity floating_point_v7_1_16.delay [\delay(width=28,fast_input=true)...]
Compiling architecture struct of entity floating_point_v7_1_16.carry_chain [\carry_chain(c_xdevicefamily="zy...]
Compiling architecture synth of entity floating_point_v7_1_16.flt_sqrt_mant_addsub [\flt_sqrt_mant_addsub(c_xdevicef...]
Compiling architecture synth of entity xbip_pipe_v3_0_7.xbip_pipe_v3_0_7_viv [\xbip_pipe_v3_0_7_viv(c_latency=...]
Compiling architecture rtl of entity floating_point_v7_1_16.delay [\delay(width=25)\]
Compiling architecture synth of entity xbip_pipe_v3_0_7.xbip_pipe_v3_0_7_viv [\xbip_pipe_v3_0_7_viv(c_has_ce=1...]
Compiling architecture rtl of entity floating_point_v7_1_16.delay [\delay(width=29,length=0,fast_in...]
Compiling architecture struct of entity floating_point_v7_1_16.carry_chain [\carry_chain(c_xdevicefamily="zy...]
Compiling architecture synth of entity floating_point_v7_1_16.flt_sqrt_mant_addsub [\flt_sqrt_mant_addsub(c_xdevicef...]
Compiling architecture synth of entity floating_point_v7_1_16.flt_sqrt_mant [\flt_sqrt_mant(c_xdevicefamily="...]
Compiling architecture synth of entity xbip_pipe_v3_0_7.xbip_pipe_v3_0_7_viv [\xbip_pipe_v3_0_7_viv(c_latency=...]
Compiling architecture rtl of entity floating_point_v7_1_16.delay [\delay(width=8,length=13,fast_in...]
Compiling architecture synth of entity xbip_pipe_v3_0_7.xbip_pipe_v3_0_7_viv [\xbip_pipe_v3_0_7_viv(c_latency=...]
Compiling architecture rtl of entity floating_point_v7_1_16.delay [\delay(width=2,length=13,fast_in...]
Compiling architecture rtl of entity floating_point_v7_1_16.flt_sqrt_exp [\flt_sqrt_exp(c_xdevicefamily="n...]
Compiling architecture struct of entity floating_point_v7_1_16.carry_chain [\carry_chain(c_xdevicefamily="zy...]
Compiling architecture struct of entity floating_point_v7_1_16.carry_chain [\carry_chain(c_xdevicefamily="zy...]
Compiling architecture rtl of entity floating_point_v7_1_16.flt_round_bit [\flt_round_bit(c_xdevicefamily="...]
Compiling architecture rtl of entity floating_point_v7_1_16.renorm_and_round_logic [\renorm_and_round_logic(c_xdevic...]
Compiling architecture virtex of entity floating_point_v7_1_16.flt_sqrt [\flt_sqrt(c_xdevicefamily="zynq"...]
Compiling architecture xilinx of entity floating_point_v7_1_16.floating_point_v7_1_16_viv [\floating_point_v7_1_16_viv(c_xd...]
Compiling architecture xilinx of entity floating_point_v7_1_16.floating_point_v7_1_16 [\floating_point_v7_1_16(c_xdevic...]
Compiling module xil_defaultlib.flash_attention_hls_fsqrt_32ns_3...
Compiling module xil_defaultlib.flash_attention_hls_fsqrt_32ns_3...
Compiling architecture dsp48e1_v of entity unisim.DSP48E1 [\DSP48E1(acascreg=0,alumodereg=0...]
Compiling architecture synth of entity xbip_pipe_v3_0_7.xbip_pipe_v3_0_7_viv [\xbip_pipe_v3_0_7_viv(c_has_ce=1...]
Compiling architecture rtl of entity floating_point_v7_1_16.delay [\delay(width=43,length=0)\]
Compiling architecture rtl of entity floating_point_v7_1_16.dsp48e1_wrapper [\dsp48e1_wrapper(a_width=17,b_wi...]
Compiling architecture rtl of entity floating_point_v7_1_16.special_detect [\special_detect(c_xdevicefamily=...]
Compiling architecture synth of entity xbip_pipe_v3_0_7.xbip_pipe_v3_0_7_viv [\xbip_pipe_v3_0_7_viv(c_latency=...]
Compiling architecture rtl of entity floating_point_v7_1_16.delay [\delay(length=6)\]
Compiling architecture struct of entity floating_point_v7_1_16.carry_chain [\carry_chain(c_xdevicefamily="zy...]
Compiling architecture synth of entity floating_point_v7_1_16.compare_gt [\compare_gt(c_xdevicefamily="zyn...]
Compiling architecture synth of entity xbip_pipe_v3_0_7.xbip_pipe_v3_0_7_viv [\xbip_pipe_v3_0_7_viv(c_latency=...]
Compiling architecture rtl of entity floating_point_v7_1_16.delay [\delay(width=2,length=6,fast_inp...]
Compiling architecture synth of entity xbip_pipe_v3_0_7.xbip_pipe_v3_0_7_viv [\xbip_pipe_v3_0_7_viv(c_latency=...]
Compiling architecture rtl of entity floating_point_v7_1_16.delay [\delay(length=7)\]
Compiling architecture synth of entity floating_point_v7_1_16.flt_exp_specialcase [\flt_exp_specialcase(c_xdevicefa...]
Compiling architecture struct of entity floating_point_v7_1_16.carry_chain [\carry_chain(c_xdevicefamily="ki...]
Compiling architecture synth of entity floating_point_v7_1_16.compare_eq_im [\compare_eq_im(c_xdevicefamily="...]
Compiling architecture rtl of entity floating_point_v7_1_16.special_detect [\special_detect(a_fw=24,op_delay...]
Compiling architecture rtl of entity floating_point_v7_1_16.delay_s [\delay_s(width=10,length=0)\]
Compiling architecture rtl of entity floating_point_v7_1_16.delay_s [\delay_s(width=9,length=0)\]
Compiling architecture muxf7_v of entity unisim.MUXF7 [muxf7_default]
Compiling architecture muxf8_v of entity unisim.MUXF8 [muxf8_default]
Compiling architecture struct of entity floating_point_v7_1_16.carry_chain [\carry_chain(c_xdevicefamily="zy...]
Compiling architecture synth of entity floating_point_v7_1_16.compare_eq_im [\compare_eq_im(c_xdevicefamily="...]
Compiling architecture rtl of entity floating_point_v7_1_16.zero_det_sel [\zero_det_sel(c_xdevicefamily="z...]
Compiling architecture synth of entity xbip_pipe_v3_0_7.xbip_pipe_v3_0_7_viv [\xbip_pipe_v3_0_7_viv(c_has_ce=1...]
Compiling architecture rtl of entity floating_point_v7_1_16.delay [\delay(width=34,length=0)\]
Compiling architecture synth of entity xbip_pipe_v3_0_7.xbip_pipe_v3_0_7_viv [\xbip_pipe_v3_0_7_viv(c_latency=...]
Compiling architecture rtl of entity floating_point_v7_1_16.delay [\delay(width=34)\]
Compiling architecture rtl of entity floating_point_v7_1_16.shift_msb_first [\shift_msb_first(a_width=24,resu...]
Compiling architecture synth of entity xbip_pipe_v3_0_7.xbip_pipe_v3_0_7_viv [\xbip_pipe_v3_0_7_viv(c_has_ce=1...]
Compiling architecture rtl of entity floating_point_v7_1_16.delay [\delay(width=36,length=0)\]
Compiling architecture struct of entity floating_point_v7_1_16.carry_chain [\carry_chain(c_xdevicefamily="zy...]
Compiling architecture synth of entity floating_point_v7_1_16.flt_to_fix_conv [\flt_to_fix_conv(c_xdevicefamily...]
Compiling architecture dsp48e1_v of entity unisim.DSP48E1 [\DSP48E1(acascreg=0,adreg=0,alum...]
Compiling architecture rtl of entity floating_point_v7_1_16.dsp48e1_wrapper [\dsp48e1_wrapper(a_width=30,b_wi...]
Compiling architecture synth of entity floating_point_v7_1_16.flt_log_addsub [\flt_log_addsub(c_xdevicefamily=...]
Compiling architecture rtl of entity floating_point_v7_1_16.flt_exp_ccm [\flt_exp_ccm(c_xdevicefamily="zy...]
Compiling architecture synth of entity xbip_pipe_v3_0_7.xbip_pipe_v3_0_7_viv [\xbip_pipe_v3_0_7_viv(c_latency=...]
Compiling architecture rtl of entity floating_point_v7_1_16.delay [\delay(length=2)\]
Compiling architecture rtl of entity floating_point_v7_1_16.dsp48e1_wrapper [\dsp48e1_wrapper(c_part="xc7z020...]
Compiling architecture synth of entity floating_point_v7_1_16.flt_log_addsub [\flt_log_addsub(c_xdevicefamily=...]
Compiling architecture rtl of entity floating_point_v7_1_16.dsp48e1_wrapper [\dsp48e1_wrapper(c_part="xc7z020...]
Compiling architecture synth of entity floating_point_v7_1_16.flt_log_addsub [\flt_log_addsub(c_xdevicefamily=...]
Compiling architecture rtl of entity floating_point_v7_1_16.flt_exp_ccm [\flt_exp_ccm(c_xdevicefamily="zy...]
Compiling architecture synth of entity xbip_pipe_v3_0_7.xbip_pipe_v3_0_7_viv [\xbip_pipe_v3_0_7_viv(c_latency=...]
Compiling architecture rtl of entity floating_point_v7_1_16.delay [\delay(width=33,length=3)\]
Compiling architecture synth of entity floating_point_v7_1_16.flt_log_addsub [\flt_log_addsub(c_xdevicefamily=...]
Compiling architecture rtl of entity floating_point_v7_1_16.flt_exp_e2A [\flt_exp_e2A(c_xdevicefamily="zy...]
Compiling architecture rtl of entity floating_point_v7_1_16.flt_exp_e2zmzm1 [\flt_exp_e2zmzm1(c_xdevicefamily...]
Compiling architecture synth of entity xbip_pipe_v3_0_7.xbip_pipe_v3_0_7_viv [\xbip_pipe_v3_0_7_viv(c_latency=...]
Compiling architecture rtl of entity floating_point_v7_1_16.delay [\delay(width=8,length=4)\]
Compiling architecture rtl of entity floating_point_v7_1_16.dsp48e1_wrapper [\dsp48e1_wrapper(b_width=18,c_wi...]
Compiling architecture synth of entity xbip_pipe_v3_0_7.xbip_pipe_v3_0_7_viv [\xbip_pipe_v3_0_7_viv(c_latency=...]
Compiling architecture rtl of entity floating_point_v7_1_16.delay [\delay(width=14)\]
Compiling architecture rtl of entity floating_point_v7_1_16.flt_round_bit [\flt_round_bit(c_xdevicefamily="...]
Compiling architecture rtl of entity floating_point_v7_1_16.renorm_and_round_logic [\renorm_and_round_logic(c_xdevic...]
Compiling architecture lut4_v of entity unisim.LUT4 [\LUT4(init="1100110010010110")(0...]
Compiling architecture lut4_v of entity unisim.LUT4 [\LUT4(init="1100110000111100")(0...]
Compiling architecture synth of entity floating_point_v7_1_16.flt_log_addsub [\flt_log_addsub(c_xdevicefamily=...]
Compiling architecture synth of entity floating_point_v7_1_16.compare_eq_im [\compare_eq_im(c_xdevicefamily="...]
Compiling architecture synth of entity floating_point_v7_1_16.compare_ne_im [\compare_ne_im(c_xdevicefamily="...]
Compiling architecture struct of entity floating_point_v7_1_16.carry_chain [\carry_chain(c_xdevicefamily="zy...]
Compiling architecture synth of entity floating_point_v7_1_16.compare_gt [\compare_gt(c_xdevicefamily="zyn...]
Compiling architecture synth of entity floating_point_v7_1_16.flt_exp_recomb [\flt_exp_recomb(c_xdevicefamily=...]
Compiling architecture synth of entity floating_point_v7_1_16.flt_exp [\flt_exp(c_xdevicefamily="zynq",...]
Compiling architecture synth of entity xbip_pipe_v3_0_7.xbip_pipe_v3_0_7_viv [\xbip_pipe_v3_0_7_viv(c_latency=...]
Compiling architecture xilinx of entity floating_point_v7_1_16.floating_point_v7_1_16_viv [\floating_point_v7_1_16_viv(c_xd...]
Compiling architecture xilinx of entity floating_point_v7_1_16.floating_point_v7_1_16 [\floating_point_v7_1_16(c_xdevic...]
Compiling module xil_defaultlib.flash_attention_hls_fexp_32ns_32...
Compiling module xil_defaultlib.flash_attention_hls_fexp_32ns_32...
Compiling module xil_defaultlib.flash_attention_hls_mul_32ns_32n...
Compiling module xil_defaultlib.flash_attention_hls_mul_32ns_32n...
Compiling module xil_defaultlib.flash_attention_hls
Compiling module xil_defaultlib.AESL_axi_master_gmem0
Compiling module xil_defaultlib.AESL_axi_master_gmem1
Compiling module xil_defaultlib.AESL_axi_master_gmem2
Compiling module xil_defaultlib.AESL_axi_master_gmem3
Compiling module xil_defaultlib.AESL_axi_slave_ctrl
Compiling module xil_defaultlib.nodf_module_intf
Compiling module xil_defaultlib.seq_loop_intf(FSM_WIDTH=108)
Compiling module xil_defaultlib.upc_loop_intf(FSM_WIDTH=1)
Compiling module xil_defaultlib.dataflow_monitor_1
Compiling module xil_defaultlib.apatb_flash_attention_hls_top
Compiling module work.glbl
Built simulation snapshot flash_attention_hls
