

================================================================
== Synthesis Summary Report of 'flash_attention_hls'
================================================================
+ General Information: 
    * Date:           Tue May 12 12:33:25 2026
    * Version:        2023.2 (Build 4023990 on Oct 11 2023)
    * Project:        flash_attention_proj
    * Solution:       solution1 (Vivado IP Flow Target)
    * Product family: zynq
    * Target device:  xc7z020-clg400-1
    

+ Performance & Resource Estimates: 
    
    PS: '+' for module; 'o' for loop; '*' for dataflow
    +-------------------------------------------------------------+--------+-------+---------+---------+----------+---------+------+----------+-----------+-----------+-------------+-------------+-----+
    |                           Modules                           |  Issue |       | Latency | Latency | Iteration|         | Trip |          |           |           |             |             |     |
    |                           & Loops                           |  Type  | Slack | (cycles)|   (ns)  |  Latency | Interval| Count| Pipelined|   BRAM    |    DSP    |      FF     |     LUT     | URAM|
    +-------------------------------------------------------------+--------+-------+---------+---------+----------+---------+------+----------+-----------+-----------+-------------+-------------+-----+
    |+ flash_attention_hls                                        |  Timing|  -0.10|        -|        -|         -|        -|     -|        no|  141 (50%)|  178 (80%)|  31668 (29%)|  41490 (77%)|    -|
    | o Q_TILE_LOOP                                               |       -|   7.30|        -|        -|         -|        -|     -|        no|          -|          -|            -|            -|    -|
    |  + flash_attention_hls_Pipeline_LOAD_Q_VITIS_LOOP_69_1      |  Timing|  -0.10|        -|        -|         -|        -|     -|        no|          -|          -|    506 (~0%)|     628 (1%)|    -|
    |   o LOAD_Q_VITIS_LOOP_69_1                                  |       -|   7.30|        -|        -|        12|        1|     -|       yes|          -|          -|            -|            -|    -|
    |  + flash_attention_hls_Pipeline_STORE_O_VITIS_LOOP_190_5    |  Timing|  -0.10|        -|        -|         -|        -|     -|        no|          -|          -|    356 (~0%)|     586 (1%)|    -|
    |   o STORE_O_VITIS_LOOP_190_5                                |       -|   7.30|        -|        -|         9|        1|     -|       yes|          -|          -|            -|            -|    -|
    |  o INIT_STATE                                               |       -|   7.30|        -|        -|         -|        -|     -|        no|          -|          -|            -|            -|    -|
    |   + flash_attention_hls_Pipeline_VITIS_LOOP_80_2            |  Timing|  -0.09|        -|        -|         -|        -|     -|        no|          -|          -|     33 (~0%)|    118 (~0%)|    -|
    |    o VITIS_LOOP_80_2                                        |       -|   7.30|        -|        -|         1|        1|     -|       yes|          -|          -|            -|            -|    -|
    |  o K_TILE_LOOP                                              |       -|   7.30|        -|        -|         -|        -|     -|        no|          -|          -|            -|            -|    -|
    |   + flash_attention_hls_Pipeline_LOAD_KV_VITIS_LOOP_93_3    |  Timing|  -0.10|        -|        -|         -|        -|     -|        no|          -|          -|    603 (~0%)|     721 (1%)|    -|
    |    o LOAD_KV_VITIS_LOOP_93_3                                |       -|   7.30|        -|        -|        12|        1|     -|       yes|          -|          -|            -|            -|    -|
    |   + flash_attention_hls_Pipeline_SCORE_LOOP_I_SCORE_LOOP_J  |       -|   0.04|        -|        -|         -|        -|     -|        no|          -|  141 (64%)|  19394 (18%)|  23433 (44%)|    -|
    |    o SCORE_LOOP_I_SCORE_LOOP_J                              |       -|   7.30|        -|        -|       202|        1|     -|       yes|          -|          -|            -|            -|    -|
    |   o UPDATE_LOOP_I                                           |       -|   7.30|        -|        -|         -|        -|     -|        no|          -|          -|            -|            -|    -|
    |    + flash_attention_hls_Pipeline_UPDATE_ACC                |       -|   0.04|       36|  360.000|         -|       36|     -|        no|          -|          -|    1308 (1%)|    511 (~0%)|    -|
    |     o UPDATE_ACC                                            |       -|   7.30|       34|  340.000|        28|        1|     8|       yes|          -|          -|            -|            -|    -|
    |    o EXP_ACCUM                                              |       -|   7.30|        -|        -|        42|        -|     -|        no|          -|          -|            -|            -|    -|
    |     + flash_attention_hls_Pipeline_VITIS_LOOP_162_4         |       -|   0.04|       20|  200.000|         -|       20|     -|        no|          -|          -|    1136 (1%)|    511 (~0%)|    -|
    |      o VITIS_LOOP_162_4                                     |       -|   7.30|       18|  180.000|        12|        1|     8|       yes|          -|          -|            -|            -|    -|
    +-------------------------------------------------------------+--------+-------+---------+---------+----------+---------+------+----------+-----------+-----------+-------------+-------------+-----+


================================================================
== HW Interfaces
================================================================
* M_AXI
+-------------+------------+---------------+---------+--------+----------+-----------+--------------+--------------+-------------+-------------+-------------------+
| Interface   | Data Width | Address Width | Latency | Offset | Register | Max Widen | Max Read     | Max Write    | Num Read    | Num Write   | Resource Estimate |
|             | (SW->HW)   |               |         |        |          | Bitwidth  | Burst Length | Burst Length | Outstanding | Outstanding |                   |
+-------------+------------+---------------+---------+--------+----------+-----------+--------------+--------------+-------------+-------------+-------------------+
| m_axi_gmem0 | 32 -> 32   | 64            | 0       | slave  | 0        | 0         | 16           | 16           | 16          | 16          | BRAM=4            |
| m_axi_gmem1 | 32 -> 32   | 64            | 0       | slave  | 0        | 0         | 16           | 16           | 16          | 16          | BRAM=4            |
| m_axi_gmem2 | 32 -> 32   | 64            | 0       | slave  | 0        | 0         | 16           | 16           | 16          | 16          | BRAM=4            |
| m_axi_gmem3 | 32 -> 32   | 64            | 0       | slave  | 0        | 0         | 16           | 16           | 16          | 16          | BRAM=4            |
+-------------+------------+---------------+---------+--------+----------+-----------+--------------+--------------+-------------+-------------+-------------------+

* S_AXILITE Interfaces
+------------+------------+---------------+--------+----------+
| Interface  | Data Width | Address Width | Offset | Register |
+------------+------------+---------------+--------+----------+
| s_axi_ctrl | 32         | 7             | 16     | 0        |
+------------+------------+---------------+--------+----------+

* S_AXILITE Registers
+------------+----------+--------+-------+--------+----------------------------------+----------------------------------------------------------------------+
| Interface  | Register | Offset | Width | Access | Description                      | Bit Fields                                                           |
+------------+----------+--------+-------+--------+----------------------------------+----------------------------------------------------------------------+
| s_axi_ctrl | CTRL     | 0x00   | 32    | RW     | Control signals                  | 0=AP_START 1=AP_DONE 2=AP_IDLE 3=AP_READY 7=AUTO_RESTART 9=INTERRUPT |
| s_axi_ctrl | GIER     | 0x04   | 32    | RW     | Global Interrupt Enable Register | 0=Enable                                                             |
| s_axi_ctrl | IP_IER   | 0x08   | 32    | RW     | IP Interrupt Enable Register     | 0=CHAN0_INT_EN 1=CHAN1_INT_EN                                        |
| s_axi_ctrl | IP_ISR   | 0x0c   | 32    | RW     | IP Interrupt Status Register     | 0=CHAN0_INT_ST 1=CHAN1_INT_ST                                        |
| s_axi_ctrl | Q_1      | 0x10   | 32    | W      | Data signal of Q                 |                                                                      |
| s_axi_ctrl | Q_2      | 0x14   | 32    | W      | Data signal of Q                 |                                                                      |
| s_axi_ctrl | K_1      | 0x1c   | 32    | W      | Data signal of K                 |                                                                      |
| s_axi_ctrl | K_2      | 0x20   | 32    | W      | Data signal of K                 |                                                                      |
| s_axi_ctrl | V_1      | 0x28   | 32    | W      | Data signal of V                 |                                                                      |
| s_axi_ctrl | V_2      | 0x2c   | 32    | W      | Data signal of V                 |                                                                      |
| s_axi_ctrl | O_1      | 0x34   | 32    | W      | Data signal of O                 |                                                                      |
| s_axi_ctrl | O_2      | 0x38   | 32    | W      | Data signal of O                 |                                                                      |
| s_axi_ctrl | N        | 0x40   | 32    | W      | Data signal of N                 |                                                                      |
| s_axi_ctrl | d        | 0x48   | 32    | W      | Data signal of d                 |                                                                      |
| s_axi_ctrl | causal   | 0x50   | 32    | W      | Data signal of causal            |                                                                      |
+------------+----------+--------+-------+--------+----------------------------------+----------------------------------------------------------------------+

* TOP LEVEL CONTROL
+-----------+------------+-----------+
| Interface | Type       | Ports     |
+-----------+------------+-----------+
| ap_clk    | clock      | ap_clk    |
| ap_rst_n  | reset      | ap_rst_n  |
| interrupt | interrupt  | interrupt |
| ap_ctrl   | ap_ctrl_hs |           |
+-----------+------------+-----------+


================================================================
== SW I/O Information
================================================================
* Top Function Arguments
+----------+-----------+----------+
| Argument | Direction | Datatype |
+----------+-----------+----------+
| Q        | in        | float*   |
| K        | in        | float*   |
| V        | in        | float*   |
| O        | out       | float*   |
| N        | in        | int      |
| d        | in        | int      |
| causal   | in        | int      |
+----------+-----------+----------+

* SW-to-HW Mapping
+----------+--------------+-----------+----------+----------------------------------+
| Argument | HW Interface | HW Type   | HW Usage | HW Info                          |
+----------+--------------+-----------+----------+----------------------------------+
| Q        | m_axi_gmem0  | interface |          |                                  |
| Q        | s_axi_ctrl   | register  | offset   | name=Q_1 offset=0x10 range=32    |
| Q        | s_axi_ctrl   | register  | offset   | name=Q_2 offset=0x14 range=32    |
| K        | m_axi_gmem1  | interface |          |                                  |
| K        | s_axi_ctrl   | register  | offset   | name=K_1 offset=0x1c range=32    |
| K        | s_axi_ctrl   | register  | offset   | name=K_2 offset=0x20 range=32    |
| V        | m_axi_gmem2  | interface |          |                                  |
| V        | s_axi_ctrl   | register  | offset   | name=V_1 offset=0x28 range=32    |
| V        | s_axi_ctrl   | register  | offset   | name=V_2 offset=0x2c range=32    |
| O        | m_axi_gmem3  | interface |          |                                  |
| O        | s_axi_ctrl   | register  | offset   | name=O_1 offset=0x34 range=32    |
| O        | s_axi_ctrl   | register  | offset   | name=O_2 offset=0x38 range=32    |
| N        | s_axi_ctrl   | register  |          | name=N offset=0x40 range=32      |
| d        | s_axi_ctrl   | register  |          | name=d offset=0x48 range=32      |
| causal   | s_axi_ctrl   | register  |          | name=causal offset=0x50 range=32 |
+----------+--------------+-----------+----------+----------------------------------+


================================================================
== M_AXI Burst Information
================================================================
 Note: All burst requests might be further partitioned into multiple requests during RTL generation based on max_read_burst_length or max_write_burst_length settings.

* Inferred Burst Summary
+--------------+-----------+----------+-------+------------------+----------------------------+
| HW Interface | Direction | Length   | Width | Loop             | Loop Location              |
+--------------+-----------+----------+-------+------------------+----------------------------+
| m_axi_gmem0  | read      | variable | 32    | VITIS_LOOP_69_1  | flash_attention.cpp:69:30  |
| m_axi_gmem1  | read      | variable | 32    | VITIS_LOOP_93_3  | flash_attention.cpp:93:34  |
| m_axi_gmem2  | read      | variable | 32    | VITIS_LOOP_93_3  | flash_attention.cpp:93:34  |
| m_axi_gmem3  | write     | variable | 32    | VITIS_LOOP_190_5 | flash_attention.cpp:190:31 |
+--------------+-----------+----------+-------+------------------+----------------------------+

* All M_AXI Variable Accesses
+--------------+----------+----------------------------+-----------+--------------+----------+------------------+----------------------------+------------+---------------------------------------------------------------------------------------------------------+
| HW Interface | Variable | Access Location            | Direction | Burst Status | Length   | Loop             | Loop Location              | Resolution | Problem                                                                                                 |
+--------------+----------+----------------------------+-----------+--------------+----------+------------------+----------------------------+------------+---------------------------------------------------------------------------------------------------------+
| m_axi_gmem0  | Q        | flash_attention.cpp:71:15  | read      | Widen Fail   |          | VITIS_LOOP_69_1  | flash_attention.cpp:69:30  | 214-353    | Could not widen since type float size is greater than or equal to the max_widen_bitwidth threshold of 0 |
| m_axi_gmem0  | Q        | flash_attention.cpp:71:15  | read      | Fail         |          | LOAD_Q           | flash_attention.cpp:68:9   | 214-230    | Stride is incompatible                                                                                  |
| m_axi_gmem0  | Q        | flash_attention.cpp:71:15  | read      | Inferred     | variable | VITIS_LOOP_69_1  | flash_attention.cpp:69:30  |            |                                                                                                         |
| m_axi_gmem1  | K        | flash_attention.cpp:95:15  | read      | Widen Fail   |          | VITIS_LOOP_93_3  | flash_attention.cpp:93:34  | 214-353    | Could not widen since type float size is greater than or equal to the max_widen_bitwidth threshold of 0 |
| m_axi_gmem1  | K        | flash_attention.cpp:95:15  | read      | Fail         |          | LOAD_KV          | flash_attention.cpp:92:13  | 214-230    | Stride is incompatible                                                                                  |
| m_axi_gmem1  | K        | flash_attention.cpp:95:15  | read      | Inferred     | variable | VITIS_LOOP_93_3  | flash_attention.cpp:93:34  |            |                                                                                                         |
| m_axi_gmem2  | V        | flash_attention.cpp:96:34  | read      | Widen Fail   |          | VITIS_LOOP_93_3  | flash_attention.cpp:93:34  | 214-353    | Could not widen since type float size is greater than or equal to the max_widen_bitwidth threshold of 0 |
| m_axi_gmem2  | V        | flash_attention.cpp:96:34  | read      | Fail         |          | LOAD_KV          | flash_attention.cpp:92:13  | 214-230    | Stride is incompatible                                                                                  |
| m_axi_gmem2  | V        | flash_attention.cpp:96:34  | read      | Inferred     | variable | VITIS_LOOP_93_3  | flash_attention.cpp:93:34  |            |                                                                                                         |
| m_axi_gmem3  | O        | flash_attention.cpp:192:23 | write     | Widen Fail   |          | VITIS_LOOP_190_5 | flash_attention.cpp:190:31 | 214-353    | Could not widen since type float size is greater than or equal to the max_widen_bitwidth threshold of 0 |
| m_axi_gmem3  | O        | flash_attention.cpp:192:23 | write     | Fail         |          | STORE_O          | flash_attention.cpp:189:9  | 214-230    | Stride is incompatible                                                                                  |
| m_axi_gmem3  | O        | flash_attention.cpp:192:23 | write     | Inferred     | variable | VITIS_LOOP_190_5 | flash_attention.cpp:190:31 |            |                                                                                                         |
+--------------+----------+----------------------------+-----------+--------------+----------+------------------+----------------------------+------------+---------------------------------------------------------------------------------------------------------+

    * Resolution URL: docs.xilinx.com/access/sources/dita/topic?Doc_Version=2023.2%20English&url=ug1448-hls-guidance&resourceid=XXX-YYY.html (replace XXX-YYY with column value)

================================================================
== Bind Op Report
================================================================
+-----------------------------------------------------------+-----+--------+-------------+-------+---------+---------+
| Name                                                      | DSP | Pragma | Variable    | Op    | Impl    | Latency |
+-----------------------------------------------------------+-----+--------+-------------+-------+---------+---------+
| + flash_attention_hls                                     | 178 |        |             |       |         |         |
|   fsqrt_32ns_32ns_32_16_no_dsp_1_U208                     |     |        | tmp         | fsqrt | fabric  | 15      |
|   fdiv_32ns_32ns_32_16_no_dsp_1_U205                      |     |        | inv_sqrt_d  | fdiv  | fabric  | 15      |
|   add_ln63_fu_1288_p2                                     |     |        | add_ln63    | add   | fabric  | 0       |
|   add_ln63_1_fu_1308_p2                                   |     |        | add_ln63_1  | add   | fabric  | 0       |
|   add_ln63_2_fu_1345_p2                                   |     |        | add_ln63_2  | add   | fabric  | 0       |
|   add_ln64_fu_1355_p2                                     |     |        | add_ln64    | add   | fabric  | 0       |
|   sub_ln64_fu_1374_p2                                     |     |        | sub_ln64    | sub   | fabric  | 0       |
|   mul_32ns_32ns_63_2_1_U210                               | 4   |        | mul_ln68    | mul   | auto    | 1       |
|   add_ln77_fu_1416_p2                                     |     |        | add_ln77    | add   | fabric  | 0       |
|   add_ln87_fu_1447_p2                                     |     |        | add_ln87    | add   | fabric  | 0       |
|   add_ln88_fu_1453_p2                                     |     |        | add_ln88    | add   | fabric  | 0       |
|   sub_ln88_fu_1472_p2                                     |     |        | sub_ln88    | sub   | fabric  | 0       |
|   mul_32ns_32ns_64_2_1_U211                               | 4   |        | mul_ln87    | mul   | auto    | 1       |
|   mul_32ns_32ns_63_2_1_U210                               | 4   |        | mul_ln104   | mul   | auto    | 1       |
|   fadd_32ns_32ns_32_5_full_dsp_1_U213                     |     |        | add_ln132   | add   | fabric  | 0       |
|   faddfsub_32ns_32ns_32_5_full_dsp_1_U203                 | 2   |        | x_assign_1  | fsub  | fulldsp | 4       |
|   fexp_32ns_32ns_32_10_full_dsp_1_U209                    | 7   |        | old_scale   | fexp  | fulldsp | 9       |
|   add_ln159_fu_2511_p2                                    |     |        | add_ln159   | add   | fabric  | 0       |
|   add_ln160_fu_2521_p2                                    |     |        | add_ln160   | add   | fabric  | 0       |
|   faddfsub_32ns_32ns_32_5_full_dsp_1_U203                 | 2   |        | x_assign_2  | fsub  | fulldsp | 4       |
|   fexp_32ns_32ns_32_10_full_dsp_1_U209                    | 7   |        | e           | fexp  | fulldsp | 9       |
|   faddfsub_32ns_32ns_32_5_full_dsp_1_U203                 | 2   |        | exp_sum_1   | fsub  | fulldsp | 4       |
|   fmul_32ns_32ns_32_4_max_dsp_1_U204                      | 3   |        | mul1        | fmul  | maxdsp  | 3       |
|   faddfsub_32ns_32ns_32_5_full_dsp_1_U203                 | 2   |        | l_new       | fsub  | fulldsp | 4       |
|   mul_32ns_32ns_64_2_1_U211                               | 4   |        | mul_ln189   | mul   | auto    | 1       |
|  + flash_attention_hls_Pipeline_LOAD_Q_VITIS_LOOP_69_1    | 0   |        |             |       |         |         |
|    add_ln68_3_fu_256_p2                                   |     |        | add_ln68_3  | add   | fabric  | 0       |
|    add_ln68_2_fu_265_p2                                   |     |        | add_ln68_2  | add   | fabric  | 0       |
|    add_ln68_fu_363_p2                                     |     |        | add_ln68    | add   | fabric  | 0       |
|    add_ln68_1_fu_380_p2                                   |     |        | add_ln68_1  | add   | fabric  | 0       |
|    add_ln71_fu_329_p2                                     |     |        | add_ln71    | add   | fabric  | 0       |
|    add_ln69_fu_335_p2                                     |     |        | add_ln69    | add   | fabric  | 0       |
|  + flash_attention_hls_Pipeline_VITIS_LOOP_80_2           | 0   |        |             |       |         |         |
|    add_ln80_fu_138_p2                                     |     |        | add_ln80    | add   | fabric  | 0       |
|    add_ln82_fu_158_p2                                     |     |        | add_ln82    | add   | fabric  | 0       |
|  + flash_attention_hls_Pipeline_LOAD_KV_VITIS_LOOP_93_3   | 0   |        |             |       |         |         |
|    add_ln92_4_fu_335_p2                                   |     |        | add_ln92_4  | add   | fabric  | 0       |
|    add_ln92_3_fu_344_p2                                   |     |        | add_ln92_3  | add   | fabric  | 0       |
|    add_ln92_fu_442_p2                                     |     |        | add_ln92    | add   | fabric  | 0       |
|    add_ln92_1_fu_459_p2                                   |     |        | add_ln92_1  | add   | fabric  | 0       |
|    add_ln92_2_fu_464_p2                                   |     |        | add_ln92_2  | add   | fabric  | 0       |
|    add_ln95_fu_408_p2                                     |     |        | add_ln95    | add   | fabric  | 0       |
|    add_ln93_fu_414_p2                                     |     |        | add_ln93    | add   | fabric  | 0       |
|  + flash_attention_hls_Pipeline_SCORE_LOOP_I_SCORE_LOOP_J | 141 |        |             |       |         |         |
|    add_ln104_1_fu_1475_p2                                 |     |        | add_ln104_1 | add   | fabric  | 0       |
|    add_ln104_fu_1484_p2                                   |     |        | add_ln104   | add   | fabric  | 0       |
|    empty_fu_1779_p2                                       |     |        | empty       | add   | fabric  | 0       |
|    add_ln123_fu_1746_p2                                   |     |        | add_ln123   | add   | fabric  | 0       |
|    fmul_32ns_32ns_32_4_max_dsp_1_U69                      | 3   |        | mul111_4    | fmul  | maxdsp  | 3       |
|    fmul_32ns_32ns_32_4_max_dsp_1_U70                      | 3   |        | mul111_5    | fmul  | maxdsp  | 3       |
|    fadd_32ns_32ns_32_5_full_dsp_1_U38                     | 2   |        | dot_10      | fadd  | fulldsp | 4       |
|    fmul_32ns_32ns_32_4_max_dsp_1_U71                      | 3   |        | mul111_6    | fmul  | maxdsp  | 3       |
|    fadd_32ns_32ns_32_5_full_dsp_1_U39                     | 2   |        | dot_12      | fadd  | fulldsp | 4       |
|    fmul_32ns_32ns_32_4_max_dsp_1_U72                      | 3   |        | mul111_7    | fmul  | maxdsp  | 3       |
|    fadd_32ns_32ns_32_5_full_dsp_1_U40                     | 2   |        | dot_14      | fadd  | fulldsp | 4       |
|    fmul_32ns_32ns_32_4_max_dsp_1_U73                      | 3   |        | mul111_8    | fmul  | maxdsp  | 3       |
|    fadd_32ns_32ns_32_5_full_dsp_1_U41                     | 2   |        | dot_16      | fadd  | fulldsp | 4       |
|    fmul_32ns_32ns_32_4_max_dsp_1_U74                      | 3   |        | mul111_9    | fmul  | maxdsp  | 3       |
|    fadd_32ns_32ns_32_5_full_dsp_1_U42                     | 2   |        | dot_18      | fadd  | fulldsp | 4       |
|    fmul_32ns_32ns_32_4_max_dsp_1_U75                      | 3   |        | mul111_s    | fmul  | maxdsp  | 3       |
|    fadd_32ns_32ns_32_5_full_dsp_1_U43                     | 2   |        | dot_20      | fadd  | fulldsp | 4       |
|    fmul_32ns_32ns_32_4_max_dsp_1_U76                      | 3   |        | mul111_10   | fmul  | maxdsp  | 3       |
|    fadd_32ns_32ns_32_5_full_dsp_1_U44                     | 2   |        | dot_22      | fadd  | fulldsp | 4       |
|    fmul_32ns_32ns_32_4_max_dsp_1_U77                      | 3   |        | mul111_11   | fmul  | maxdsp  | 3       |
|    fadd_32ns_32ns_32_5_full_dsp_1_U45                     | 2   |        | dot_24      | fadd  | fulldsp | 4       |
|    fmul_32ns_32ns_32_4_max_dsp_1_U78                      | 3   |        | mul111_12   | fmul  | maxdsp  | 3       |
|    fadd_32ns_32ns_32_5_full_dsp_1_U46                     | 2   |        | dot_26      | fadd  | fulldsp | 4       |
|    fmul_32ns_32ns_32_4_max_dsp_1_U79                      | 3   |        | mul111_13   | fmul  | maxdsp  | 3       |
|    fadd_32ns_32ns_32_5_full_dsp_1_U47                     | 2   |        | dot_28      | fadd  | fulldsp | 4       |
|    fmul_32ns_32ns_32_4_max_dsp_1_U80                      | 3   |        | mul111_14   | fmul  | maxdsp  | 3       |
|    fadd_32ns_32ns_32_5_full_dsp_1_U48                     | 2   |        | dot_30      | fadd  | fulldsp | 4       |
|    fmul_32ns_32ns_32_4_max_dsp_1_U81                      | 3   |        | mul111_15   | fmul  | maxdsp  | 3       |
|    fadd_32ns_32ns_32_5_full_dsp_1_U49                     | 2   |        | dot_32      | fadd  | fulldsp | 4       |
|    fmul_32ns_32ns_32_4_max_dsp_1_U82                      | 3   |        | mul111_16   | fmul  | maxdsp  | 3       |
|    fadd_32ns_32ns_32_5_full_dsp_1_U50                     | 2   |        | dot_34      | fadd  | fulldsp | 4       |
|    fmul_32ns_32ns_32_4_max_dsp_1_U83                      | 3   |        | mul111_17   | fmul  | maxdsp  | 3       |
|    fadd_32ns_32ns_32_5_full_dsp_1_U51                     | 2   |        | dot_36      | fadd  | fulldsp | 4       |
|    fmul_32ns_32ns_32_4_max_dsp_1_U84                      | 3   |        | mul111_18   | fmul  | maxdsp  | 3       |
|    fadd_32ns_32ns_32_5_full_dsp_1_U52                     | 2   |        | dot_38      | fadd  | fulldsp | 4       |
|    fmul_32ns_32ns_32_4_max_dsp_1_U85                      | 3   |        | mul111_19   | fmul  | maxdsp  | 3       |
|    fadd_32ns_32ns_32_5_full_dsp_1_U53                     | 2   |        | dot_40      | fadd  | fulldsp | 4       |
|    fmul_32ns_32ns_32_4_max_dsp_1_U86                      | 3   |        | mul111_20   | fmul  | maxdsp  | 3       |
|    fadd_32ns_32ns_32_5_full_dsp_1_U54                     | 2   |        | dot_42      | fadd  | fulldsp | 4       |
|    fmul_32ns_32ns_32_4_max_dsp_1_U87                      | 3   |        | mul111_21   | fmul  | maxdsp  | 3       |
|    fadd_32ns_32ns_32_5_full_dsp_1_U55                     | 2   |        | dot_44      | fadd  | fulldsp | 4       |
|    fmul_32ns_32ns_32_4_max_dsp_1_U88                      | 3   |        | mul111_22   | fmul  | maxdsp  | 3       |
|    fadd_32ns_32ns_32_5_full_dsp_1_U56                     | 2   |        | dot_46      | fadd  | fulldsp | 4       |
|    fmul_32ns_32ns_32_4_max_dsp_1_U89                      | 3   |        | mul111_23   | fmul  | maxdsp  | 3       |
|    fadd_32ns_32ns_32_5_full_dsp_1_U57                     | 2   |        | dot_48      | fadd  | fulldsp | 4       |
|    fmul_32ns_32ns_32_4_max_dsp_1_U90                      | 3   |        | mul111_24   | fmul  | maxdsp  | 3       |
|    fadd_32ns_32ns_32_5_full_dsp_1_U58                     | 2   |        | dot_50      | fadd  | fulldsp | 4       |
|    fmul_32ns_32ns_32_4_max_dsp_1_U91                      | 3   |        | mul111_25   | fmul  | maxdsp  | 3       |
|    fadd_32ns_32ns_32_5_full_dsp_1_U59                     | 2   |        | dot_52      | fadd  | fulldsp | 4       |
|    fmul_32ns_32ns_32_4_max_dsp_1_U92                      | 3   |        | mul111_26   | fmul  | maxdsp  | 3       |
|    fadd_32ns_32ns_32_5_full_dsp_1_U60                     | 2   |        | dot_54      | fadd  | fulldsp | 4       |
|    fmul_32ns_32ns_32_4_max_dsp_1_U93                      | 3   |        | mul111_27   | fmul  | maxdsp  | 3       |
|    fadd_32ns_32ns_32_5_full_dsp_1_U61                     | 2   |        | dot_56      | fadd  | fulldsp | 4       |
|    fmul_32ns_32ns_32_4_max_dsp_1_U94                      | 3   |        | mul111_28   | fmul  | maxdsp  | 3       |
|    fadd_32ns_32ns_32_5_full_dsp_1_U62                     | 2   |        | dot_58      | fadd  | fulldsp | 4       |
|    fmul_32ns_32ns_32_4_max_dsp_1_U95                      | 3   |        | mul111_29   | fmul  | maxdsp  | 3       |
|    fadd_32ns_32ns_32_5_full_dsp_1_U63                     | 2   |        | dot_60      | fadd  | fulldsp | 4       |
|    fmul_32ns_32ns_32_4_max_dsp_1_U96                      | 3   |        | mul111_30   | fmul  | maxdsp  | 3       |
|    fadd_32ns_32ns_32_5_full_dsp_1_U64                     | 2   |        | dot_62      | fadd  | fulldsp | 4       |
|    fmul_32ns_32ns_32_4_max_dsp_1_U97                      | 3   |        | s           | fmul  | maxdsp  | 3       |
|    add_ln119_fu_1784_p2                                   |     |        | add_ln119   | add   | fabric  | 0       |
|    add_ln106_fu_1752_p2                                   |     |        | add_ln106   | add   | fabric  | 0       |
|  + flash_attention_hls_Pipeline_VITIS_LOOP_162_4          | 0   |        |             |       |         |         |
|    add_ln162_fu_348_p2                                    |     |        | add_ln162   | add   | fabric  | 0       |
|  + flash_attention_hls_Pipeline_UPDATE_ACC                | 0   |        |             |       |         |         |
|    fdiv_32ns_32ns_32_16_no_dsp_1_U175                     |     |        | div237_1    | fdiv  | fabric  | 15      |
|    fdiv_32ns_32ns_32_16_no_dsp_1_U176                     |     |        | div237_2    | fdiv  | fabric  | 15      |
|    fdiv_32ns_32ns_32_16_no_dsp_1_U177                     |     |        | div237_3    | fdiv  | fabric  | 15      |
|    add_ln174_fu_372_p2                                    |     |        | add_ln174   | add   | fabric  | 0       |
|  + flash_attention_hls_Pipeline_STORE_O_VITIS_LOOP_190_5  | 0   |        |             |       |         |         |
|    add_ln189_3_fu_274_p2                                  |     |        | add_ln189_3 | add   | fabric  | 0       |
|    add_ln189_fu_283_p2                                    |     |        | add_ln189   | add   | fabric  | 0       |
|    add_ln189_1_fu_381_p2                                  |     |        | add_ln189_1 | add   | fabric  | 0       |
|    add_ln189_2_fu_398_p2                                  |     |        | add_ln189_2 | add   | fabric  | 0       |
|    add_ln192_fu_343_p2                                    |     |        | add_ln192   | add   | fabric  | 0       |
|    add_ln190_fu_349_p2                                    |     |        | add_ln190   | add   | fabric  | 0       |
+-----------------------------------------------------------+-----+--------+-------------+-------+---------+---------+


================================================================
== Storage Report
================================================================
+---------------------------------------+---------------+-----------+------+------+--------+------------+------+---------+------------------+
| Name                                  | Usage         | Type      | BRAM | URAM | Pragma | Variable   | Impl | Latency | Bitwidth, Depth, |
|                                       |               |           |      |      |        |            |      |         | Banks            |
+---------------------------------------+---------------+-----------+------+------+--------+------------+------+---------+------------------+
| + flash_attention_hls                 |               |           | 141  | 0    |        |            |      |         |                  |
|   ctrl_s_axi_U                        | interface     | s_axilite |      |      |        |            |      |         |                  |
|   gmem0_m_axi_U                       | interface     | m_axi     | 4    |      |        |            |      |         |                  |
|   gmem1_m_axi_U                       | interface     | m_axi     | 4    |      |        |            |      |         |                  |
|   gmem2_m_axi_U                       | interface     | m_axi     | 4    |      |        |            |      |         |                  |
|   gmem3_m_axi_U                       | interface     | m_axi     | 4    |      |        |            |      |         |                  |
|   fadd_32ns_32ns_32_5_full_dsp_1_U212 | rom_np array  |           | 2    |      |        | Qbuf       | auto | 1       | 32, 64, 1        |
|   fdiv_32ns_32ns_32_16_no_dsp_1_U205  | rom_np array  |           | 2    |      |        | Qbuf_1     | auto | 1       | 32, 64, 1        |
|   Qbuf_2_U                            | rom_np array  |           | 2    |      |        | Qbuf_2     | auto | 1       | 32, 64, 1        |
|   Qbuf_3_U                            | rom_np array  |           | 2    |      |        | Qbuf_3     | auto | 1       | 32, 64, 1        |
|   Kbuf_U                              | rom_np array  |           | 2    |      |        | Kbuf       | auto | 1       | 32, 64, 1        |
|   Kbuf_1_U                            | rom_np array  |           | 2    |      |        | Kbuf_1     | auto | 1       | 32, 64, 1        |
|   fmul_32ns_32ns_32_4_max_dsp_1_U216  | rom_np array  |           | 2    |      |        | Kbuf_2     | auto | 1       | 32, 64, 1        |
|   Kbuf_3_U                            | rom_np array  |           | 2    |      |        | Kbuf_3     | auto | 1       | 32, 64, 1        |
|   Vbuf_U                              | ram_1p array  |           | 2    |      |        | Vbuf       | auto | 1       | 32, 64, 1        |
|   fmul_32ns_32ns_32_4_max_dsp_1_U216  | ram_1p array  |           | 2    |      |        | Vbuf_1     | auto | 1       | 32, 64, 1        |
|   Vbuf_2_U                            | ram_1p array  |           | 2    |      |        | Vbuf_2     | auto | 1       | 32, 64, 1        |
|   Vbuf_3_U                            | ram_1p array  |           | 2    |      |        | Vbuf_3     | auto | 1       | 32, 64, 1        |
|   fadd_32ns_32ns_32_5_full_dsp_1_U213 | ram_1p array  |           | 1    |      |        | scores     | auto | 1       | 32, 64, 1        |
|   acc_U                               | ram_s2p array |           | 2    |      |        | acc        | auto | 1       | 32, 64, 1        |
|   acc_1_U                             | ram_s2p array |           | 2    |      |        | acc_1      | auto | 1       | 32, 64, 1        |
|   acc_2_U                             | ram_s2p array |           | 2    |      |        | acc_2      | auto | 1       | 32, 64, 1        |
|   acc_3_U                             | ram_s2p array |           | 2    |      |        | acc_3      | auto | 1       | 32, 64, 1        |
|   m_U                                 | ram_1p array  |           |      |      |        | m          | auto | 1       | 32, 8, 1         |
|   l_U                                 | ram_1p array  |           |      |      |        | l          | auto | 1       | 32, 8, 1         |
|   fmul_32ns_32ns_32_4_max_dsp_1_U217  | ram_t2p array |           |      |      |        | weighted   | auto | 1       | 32, 8, 1         |
|   weighted_1_U                        | ram_t2p array |           |      |      |        | weighted_1 | auto | 1       | 32, 8, 1         |
|   weighted_2_U                        | ram_t2p array |           |      |      |        | weighted_2 | auto | 1       | 32, 8, 1         |
|   fadd_32ns_32ns_32_5_full_dsp_1_U214 | ram_t2p array |           |      |      |        | weighted_3 | auto | 1       | 32, 8, 1         |
+---------------------------------------+---------------+-----------+------+------+--------+------------+------+---------+------------------+


================================================================
== Pragma Report
================================================================
* Valid Pragma Syntax
+-----------------+---------------------------------------------------+----------------------------------------------------------+
| Type            | Options                                           | Location                                                 |
+-----------------+---------------------------------------------------+----------------------------------------------------------+
| inline          | off                                               | flash_attention.cpp:26 in flash_attention_hls            |
| interface       | m_axi port=Q depth=2048 bundle=gmem0 offset=slave | flash_attention.cpp:32 in flash_attention_hls, Q         |
| interface       | m_axi port=K depth=2048 bundle=gmem1 offset=slave | flash_attention.cpp:33 in flash_attention_hls, K         |
| interface       | m_axi port=V depth=2048 bundle=gmem2 offset=slave | flash_attention.cpp:34 in flash_attention_hls, V         |
| interface       | m_axi port=O depth=2048 bundle=gmem3 offset=slave | flash_attention.cpp:35 in flash_attention_hls, O         |
| interface       | s_axilite port=Q bundle=ctrl                      | flash_attention.cpp:38 in flash_attention_hls, Q         |
| interface       | s_axilite port=K bundle=ctrl                      | flash_attention.cpp:39 in flash_attention_hls, K         |
| interface       | s_axilite port=V bundle=ctrl                      | flash_attention.cpp:40 in flash_attention_hls, V         |
| interface       | s_axilite port=O bundle=ctrl                      | flash_attention.cpp:41 in flash_attention_hls, O         |
| interface       | s_axilite port=N bundle=ctrl                      | flash_attention.cpp:42 in flash_attention_hls, N         |
| interface       | s_axilite port=d bundle=ctrl                      | flash_attention.cpp:43 in flash_attention_hls, d         |
| interface       | s_axilite port=causal bundle=ctrl                 | flash_attention.cpp:44 in flash_attention_hls, causal    |
| interface       | s_axilite port=return bundle=ctrl                 | flash_attention.cpp:45 in flash_attention_hls, return    |
| array_partition | variable=Qbuf cyclic factor=4 dim=2               | flash_attention.cpp:55 in flash_attention_hls, Qbuf      |
| array_partition | variable=Kbuf cyclic factor=4 dim=2               | flash_attention.cpp:56 in flash_attention_hls, Kbuf      |
| array_partition | variable=Vbuf cyclic factor=4 dim=2               | flash_attention.cpp:57 in flash_attention_hls, Vbuf      |
| array_partition | variable=acc cyclic factor=4 dim=2                | flash_attention.cpp:58 in flash_attention_hls, acc       |
| pipeline        | II=1                                              | flash_attention.cpp:70 in flash_attention_hls            |
| pipeline        | II=1                                              | flash_attention.cpp:81 in flash_attention_hls            |
| pipeline        | II=1                                              | flash_attention.cpp:94 in flash_attention_hls            |
| pipeline        | II=1                                              | flash_attention.cpp:107 in flash_attention_hls           |
| unroll          |                                                   | flash_attention.cpp:111 in flash_attention_hls           |
| unroll          |                                                   | flash_attention.cpp:137 in flash_attention_hls           |
| array_partition | variable=weighted cyclic factor=4 dim=1           | flash_attention.cpp:150 in flash_attention_hls, weighted |
| unroll          |                                                   | flash_attention.cpp:154 in flash_attention_hls           |
| unroll          | factor=4                                          | flash_attention.cpp:163 in flash_attention_hls           |
| unroll          | factor=4                                          | flash_attention.cpp:175 in flash_attention_hls           |
| pipeline        | II=1                                              | flash_attention.cpp:191 in flash_attention_hls           |
+-----------------+---------------------------------------------------+----------------------------------------------------------+


