================================================================
== Design Size Report
================================================================

* Total Instructions per Compilation Phase
+---------------+-----------------------------+--------------+----------------------------------------------------------------------------------------+
| Phase         | Step                        | Instructions | Description                                                                            |
+---------------+-----------------------------+--------------+----------------------------------------------------------------------------------------+
| Compile/Link  |                             |   435        | After all functions are compiled and linked into a single design                       |
|               |                             |              |                                                                                        |
| Unroll/Inline |                             |              | After user unroll and inline pragmas are applied                                       |
|               | (1) unroll                  |   899        | user unroll pragmas are applied                                                        |
|               | (2) simplification          |   753        | simplification of applied user unroll pragmas                                          |
|               | (3) inline                  |   755        | user inline pragmas are applied                                                        |
|               | (4) simplification          |   751        | simplification of applied user inline pragmas                                          |
|               |                             |              |                                                                                        |
| Array/Struct  |                             |              | After user array partition and struct aggregate/disaggregate pragmas are applied       |
|               | (1) array partition         | 1,427        | user array partition pragmas are applied                                               |
|               | (2) simplification          |   927        | simplification of applied user array partition & struct aggregate/disaggregate pragmas |
|               | (3) aggregate/disaggregate  |   927        | user struct aggregate/disaggregate pragmas are applied                                 |
|               | (4) array reshape           |   927        | apply array reshape pragmas                                                            |
|               | (5) access patterns         |   944        | array access pattern optmizations                                                      |
|               |                             |              |                                                                                        |
| Performance   |                             |              | After transformations are applied to meet performance pragma targets                   |
|               | (1) loop simplification     |   948        | loop and instruction simplification                                                    |
|               | (2) parallelization         |   940        | loops are unrolled or pipelined to meet performance targets                            |
|               | (3) array partition         |   940        | arrays are partitioned to meet performance targets                                     |
|               | (4) simplification          |   940        | simplification of design after performance transformations                             |
|               |                             |              |                                                                                        |
| HW Transforms |                             |              | After hardware transfomations                                                          |
|               | (1) lowering                |   965        | initial conversion to HW specific instructions                                         |
|               | (2) optimizations           |   989        | high level synthesis optimizations                                                     |
+---------------+-----------------------------+--------------+----------------------------------------------------------------------------------------+

* Instructions per Function for each Compilation Phase
+-----------------------+------------------------+---------------+---------------+--------------+-------------+---------------+
| Function              | Location               | Compile/Link  | Unroll/Inline | Array/Struct | Performance | HW Transforms |
+-----------------------+------------------------+---------------+---------------+--------------+-------------+---------------+
| + flash_attention_hls | flash_attention.cpp:17 | 435           | 751           | 944          | 940         | 989           |
|    sqrtf              | sqrtfloat.cpp:11       |   2           |               |              |             |               |
|  + expf               | expfloat.cpp:20        |   8 (2 calls) |               |              |             |               |
|     exp               | hls_exp_float.cpp:15   |   4 (2 calls) |               |              |             |               |
+-----------------------+------------------------+---------------+---------------+--------------+-------------+---------------+

* Design Size Message Settings
+---------------------------------------------+--------+------------------------------------------------------------------+
| Message Setting                             | Value  | Description                                                      |
+---------------------------------------------+--------+------------------------------------------------------------------+
| config_compile -design_size_maximum_warning | 100000 | Show a warning when total design instructions exceeds this value |
+---------------------------------------------+--------+------------------------------------------------------------------+


