

================================================================
== Vitis HLS Report for 'flash_attention_hls_Pipeline_VITIS_LOOP_160_4'
================================================================
* Date:           Sun May 10 18:11:12 2026

* Version:        2023.2 (Build 4023990 on Oct 11 2023)
* Project:        flash_attention_proj
* Solution:       solution1 (Vivado IP Flow Target)
* Product family: zynq
* Target device:  xc7z020-clg400-1


================================================================
== Performance Estimates
================================================================
+ Timing: 
    * Summary: 
    +--------+----------+----------+------------+
    |  Clock |  Target  | Estimated| Uncertainty|
    +--------+----------+----------+------------+
    |ap_clk  |  10.00 ns|  7.256 ns|     2.70 ns|
    +--------+----------+----------+------------+

+ Latency: 
    * Summary: 
    +---------+---------+----------+----------+-----+-----+---------+
    |  Latency (cycles) |  Latency (absolute) |  Interval | Pipeline|
    |   min   |   max   |    min   |    max   | min | max |   Type  |
    +---------+---------+----------+----------+-----+-----+---------+
    |       20|       20|  0.200 us|  0.200 us|   20|   20|       no|
    +---------+---------+----------+----------+-----+-----+---------+

    + Detail: 
        * Instance: 
        N/A

        * Loop: 
        +--------------------+---------+---------+----------+-----------+-----------+------+----------+
        |                    |  Latency (cycles) | Iteration|  Initiation Interval  | Trip |          |
        |      Loop Name     |   min   |   max   |  Latency |  achieved |   target  | Count| Pipelined|
        +--------------------+---------+---------+----------+-----------+-----------+------+----------+
        |- VITIS_LOOP_160_4  |       18|       18|        12|          1|          1|     8|       yes|
        +--------------------+---------+---------+----------+-----------+-----------+------+----------+



================================================================
== Utilization Estimates
================================================================
* Summary: 
+-----------------+---------+-----+--------+-------+-----+
|       Name      | BRAM_18K| DSP |   FF   |  LUT  | URAM|
+-----------------+---------+-----+--------+-------+-----+
|DSP              |        -|    -|       -|      -|    -|
|Expression       |        -|    -|       0|    187|    -|
|FIFO             |        -|    -|       -|      -|    -|
|Instance         |        -|    -|       -|      -|    -|
|Memory           |        -|    -|       -|      -|    -|
|Multiplexer      |        -|    -|       -|     36|    -|
|Register         |        -|    -|    1136|    288|    -|
+-----------------+---------+-----+--------+-------+-----+
|Total            |        0|    0|    1136|    511|    0|
+-----------------+---------+-----+--------+-------+-----+
|Available        |      280|  220|  106400|  53200|    0|
+-----------------+---------+-----+--------+-------+-----+
|Utilization (%)  |        0|    0|       1|     ~0|    0|
+-----------------+---------+-----+--------+-------+-----+

+ Detail: 
    * Instance: 
    N/A

    * DSP: 
    N/A

    * Memory: 
    N/A

    * FIFO: 
    N/A

    * Expression: 
    +------------------------+----------+----+---+----+------------+------------+
    |      Variable Name     | Operation| DSP| FF| LUT| Bitwidth P0| Bitwidth P1|
    +------------------------+----------+----+---+----+------------+------------+
    |add_ln160_fu_348_p2     |         +|   0|  0|  14|           6|           3|
    |icmp_ln162_1_fu_310_p2  |      icmp|   0|  0|  39|          32|          32|
    |icmp_ln162_2_fu_326_p2  |      icmp|   0|  0|  39|          32|          32|
    |icmp_ln162_3_fu_342_p2  |      icmp|   0|  0|  39|          32|          32|
    |icmp_ln162_fu_304_p2    |      icmp|   0|  0|  39|          32|          32|
    |or_ln160_1_fu_316_p2    |        or|   0|  0|   5|           5|           2|
    |or_ln160_2_fu_332_p2    |        or|   0|  0|   5|           5|           2|
    |or_ln160_fu_268_p2      |        or|   0|  0|   5|           5|           1|
    |ap_enable_pp0           |       xor|   0|  0|   2|           1|           2|
    +------------------------+----------+----+---+----+------------+------------+
    |Total                   |          |   0|  0| 187|         150|         138|
    +------------------------+----------+----+---+----+------------+------------+

    * Multiplexer: 
    +-------------------------+----+-----------+-----+-----------+
    |           Name          | LUT| Input Size| Bits| Total Bits|
    +-------------------------+----+-----------+-----+-----------+
    |ap_done_int              |   9|          2|    1|          2|
    |ap_enable_reg_pp0_iter1  |   9|          2|    1|          2|
    |ap_sig_allocacmp_x_2     |   9|          2|    6|         12|
    |x_fu_70                  |   9|          2|    6|         12|
    +-------------------------+----+-----------+-----+-----------+
    |Total                    |  36|          8|   14|         28|
    +-------------------------+----+-----------+-----+-----------+

    * Register: 
    +-----------------------------------+----+----+-----+-----------+
    |                Name               | FF | LUT| Bits| Const Bits|
    +-----------------------------------+----+----+-----+-----------+
    |Vbuf_1_load_reg_431                |  32|   0|   32|          0|
    |Vbuf_2_load_reg_436                |  32|   0|   32|          0|
    |Vbuf_3_load_reg_441                |  32|   0|   32|          0|
    |Vbuf_load_reg_426                  |  32|   0|   32|          0|
    |add205_1_reg_515                   |  32|   0|   32|          0|
    |add205_2_reg_520                   |  32|   0|   32|          0|
    |add205_3_reg_525                   |  32|   0|   32|          0|
    |add_reg_510                        |  32|   0|   32|          0|
    |ap_CS_fsm                          |   1|   0|    1|          0|
    |ap_done_reg                        |   1|   0|    1|          0|
    |ap_enable_reg_pp0_iter1            |   1|   0|    1|          0|
    |ap_enable_reg_pp0_iter10           |   1|   0|    1|          0|
    |ap_enable_reg_pp0_iter11           |   1|   0|    1|          0|
    |ap_enable_reg_pp0_iter2            |   1|   0|    1|          0|
    |ap_enable_reg_pp0_iter3            |   1|   0|    1|          0|
    |ap_enable_reg_pp0_iter4            |   1|   0|    1|          0|
    |ap_enable_reg_pp0_iter5            |   1|   0|    1|          0|
    |ap_enable_reg_pp0_iter6            |   1|   0|    1|          0|
    |ap_enable_reg_pp0_iter7            |   1|   0|    1|          0|
    |ap_enable_reg_pp0_iter8            |   1|   0|    1|          0|
    |ap_enable_reg_pp0_iter9            |   1|   0|    1|          0|
    |ap_loop_exit_ready_pp0_iter10_reg  |   1|   0|    1|          0|
    |ap_loop_exit_ready_pp0_iter1_reg   |   1|   0|    1|          0|
    |ap_loop_exit_ready_pp0_iter2_reg   |   1|   0|    1|          0|
    |ap_loop_exit_ready_pp0_iter3_reg   |   1|   0|    1|          0|
    |ap_loop_exit_ready_pp0_iter4_reg   |   1|   0|    1|          0|
    |ap_loop_exit_ready_pp0_iter5_reg   |   1|   0|    1|          0|
    |ap_loop_exit_ready_pp0_iter6_reg   |   1|   0|    1|          0|
    |ap_loop_exit_ready_pp0_iter7_reg   |   1|   0|    1|          0|
    |ap_loop_exit_ready_pp0_iter8_reg   |   1|   0|    1|          0|
    |ap_loop_exit_ready_pp0_iter9_reg   |   1|   0|    1|          0|
    |icmp_ln162_1_reg_414               |   1|   0|    1|          0|
    |icmp_ln162_2_reg_418               |   1|   0|    1|          0|
    |icmp_ln162_3_reg_422               |   1|   0|    1|          0|
    |icmp_ln162_reg_410                 |   1|   0|    1|          0|
    |lshr_ln4_reg_385                   |   3|   0|    3|          0|
    |mul202_1_reg_480                   |  32|   0|   32|          0|
    |mul202_2_reg_490                   |  32|   0|   32|          0|
    |mul202_3_reg_500                   |  32|   0|   32|          0|
    |mul2_reg_470                       |  32|   0|   32|          0|
    |weighted_1_addr_reg_452            |   3|   0|    3|          0|
    |weighted_1_load_reg_485            |  32|   0|   32|          0|
    |weighted_2_addr_reg_458            |   3|   0|    3|          0|
    |weighted_2_load_reg_495            |  32|   0|   32|          0|
    |weighted_3_addr_reg_464            |   3|   0|    3|          0|
    |weighted_3_load_reg_505            |  32|   0|   32|          0|
    |weighted_addr_reg_446              |   3|   0|    3|          0|
    |weighted_load_reg_475              |  32|   0|   32|          0|
    |x_fu_70                            |   6|   0|    6|          0|
    |icmp_ln162_1_reg_414               |  64|  32|    1|          0|
    |icmp_ln162_2_reg_418               |  64|  32|    1|          0|
    |icmp_ln162_3_reg_422               |  64|  32|    1|          0|
    |icmp_ln162_reg_410                 |  64|  32|    1|          0|
    |lshr_ln4_reg_385                   |  64|  32|    3|          0|
    |weighted_1_addr_reg_452            |  64|  32|    3|          0|
    |weighted_2_addr_reg_458            |  64|  32|    3|          0|
    |weighted_3_addr_reg_464            |  64|  32|    3|          0|
    |weighted_addr_reg_446              |  64|  32|    3|          0|
    +-----------------------------------+----+----+-----+-----------+
    |Total                              |1136| 288|  579|          0|
    +-----------------------------------+----+----+-----+-----------+



================================================================
== Interface
================================================================
* Summary: 
+----------------------+-----+-----+------------+-----------------------------------------------+--------------+
|       RTL Ports      | Dir | Bits|  Protocol  |                 Source Object                 |    C Type    |
+----------------------+-----+-----+------------+-----------------------------------------------+--------------+
|ap_clk                |   in|    1|  ap_ctrl_hs|  flash_attention_hls_Pipeline_VITIS_LOOP_160_4|  return value|
|ap_rst                |   in|    1|  ap_ctrl_hs|  flash_attention_hls_Pipeline_VITIS_LOOP_160_4|  return value|
|ap_start              |   in|    1|  ap_ctrl_hs|  flash_attention_hls_Pipeline_VITIS_LOOP_160_4|  return value|
|ap_done               |  out|    1|  ap_ctrl_hs|  flash_attention_hls_Pipeline_VITIS_LOOP_160_4|  return value|
|ap_idle               |  out|    1|  ap_ctrl_hs|  flash_attention_hls_Pipeline_VITIS_LOOP_160_4|  return value|
|ap_ready              |  out|    1|  ap_ctrl_hs|  flash_attention_hls_Pipeline_VITIS_LOOP_160_4|  return value|
|grp_fu_2294_p_din0    |  out|   32|  ap_ctrl_hs|  flash_attention_hls_Pipeline_VITIS_LOOP_160_4|  return value|
|grp_fu_2294_p_din1    |  out|   32|  ap_ctrl_hs|  flash_attention_hls_Pipeline_VITIS_LOOP_160_4|  return value|
|grp_fu_2294_p_opcode  |  out|    2|  ap_ctrl_hs|  flash_attention_hls_Pipeline_VITIS_LOOP_160_4|  return value|
|grp_fu_2294_p_dout0   |   in|   32|  ap_ctrl_hs|  flash_attention_hls_Pipeline_VITIS_LOOP_160_4|  return value|
|grp_fu_2294_p_ce      |  out|    1|  ap_ctrl_hs|  flash_attention_hls_Pipeline_VITIS_LOOP_160_4|  return value|
|grp_fu_2298_p_din0    |  out|   32|  ap_ctrl_hs|  flash_attention_hls_Pipeline_VITIS_LOOP_160_4|  return value|
|grp_fu_2298_p_din1    |  out|   32|  ap_ctrl_hs|  flash_attention_hls_Pipeline_VITIS_LOOP_160_4|  return value|
|grp_fu_2298_p_opcode  |  out|    2|  ap_ctrl_hs|  flash_attention_hls_Pipeline_VITIS_LOOP_160_4|  return value|
|grp_fu_2298_p_dout0   |   in|   32|  ap_ctrl_hs|  flash_attention_hls_Pipeline_VITIS_LOOP_160_4|  return value|
|grp_fu_2298_p_ce      |  out|    1|  ap_ctrl_hs|  flash_attention_hls_Pipeline_VITIS_LOOP_160_4|  return value|
|grp_fu_2302_p_din0    |  out|   32|  ap_ctrl_hs|  flash_attention_hls_Pipeline_VITIS_LOOP_160_4|  return value|
|grp_fu_2302_p_din1    |  out|   32|  ap_ctrl_hs|  flash_attention_hls_Pipeline_VITIS_LOOP_160_4|  return value|
|grp_fu_2302_p_opcode  |  out|    2|  ap_ctrl_hs|  flash_attention_hls_Pipeline_VITIS_LOOP_160_4|  return value|
|grp_fu_2302_p_dout0   |   in|   32|  ap_ctrl_hs|  flash_attention_hls_Pipeline_VITIS_LOOP_160_4|  return value|
|grp_fu_2302_p_ce      |  out|    1|  ap_ctrl_hs|  flash_attention_hls_Pipeline_VITIS_LOOP_160_4|  return value|
|grp_fu_2306_p_din0    |  out|   32|  ap_ctrl_hs|  flash_attention_hls_Pipeline_VITIS_LOOP_160_4|  return value|
|grp_fu_2306_p_din1    |  out|   32|  ap_ctrl_hs|  flash_attention_hls_Pipeline_VITIS_LOOP_160_4|  return value|
|grp_fu_2306_p_opcode  |  out|    2|  ap_ctrl_hs|  flash_attention_hls_Pipeline_VITIS_LOOP_160_4|  return value|
|grp_fu_2306_p_dout0   |   in|   32|  ap_ctrl_hs|  flash_attention_hls_Pipeline_VITIS_LOOP_160_4|  return value|
|grp_fu_2306_p_ce      |  out|    1|  ap_ctrl_hs|  flash_attention_hls_Pipeline_VITIS_LOOP_160_4|  return value|
|grp_fu_936_p_din0     |  out|   32|  ap_ctrl_hs|  flash_attention_hls_Pipeline_VITIS_LOOP_160_4|  return value|
|grp_fu_936_p_din1     |  out|   32|  ap_ctrl_hs|  flash_attention_hls_Pipeline_VITIS_LOOP_160_4|  return value|
|grp_fu_936_p_dout0    |   in|   32|  ap_ctrl_hs|  flash_attention_hls_Pipeline_VITIS_LOOP_160_4|  return value|
|grp_fu_936_p_ce       |  out|    1|  ap_ctrl_hs|  flash_attention_hls_Pipeline_VITIS_LOOP_160_4|  return value|
|grp_fu_2310_p_din0    |  out|   32|  ap_ctrl_hs|  flash_attention_hls_Pipeline_VITIS_LOOP_160_4|  return value|
|grp_fu_2310_p_din1    |  out|   32|  ap_ctrl_hs|  flash_attention_hls_Pipeline_VITIS_LOOP_160_4|  return value|
|grp_fu_2310_p_dout0   |   in|   32|  ap_ctrl_hs|  flash_attention_hls_Pipeline_VITIS_LOOP_160_4|  return value|
|grp_fu_2310_p_ce      |  out|    1|  ap_ctrl_hs|  flash_attention_hls_Pipeline_VITIS_LOOP_160_4|  return value|
|grp_fu_2314_p_din0    |  out|   32|  ap_ctrl_hs|  flash_attention_hls_Pipeline_VITIS_LOOP_160_4|  return value|
|grp_fu_2314_p_din1    |  out|   32|  ap_ctrl_hs|  flash_attention_hls_Pipeline_VITIS_LOOP_160_4|  return value|
|grp_fu_2314_p_dout0   |   in|   32|  ap_ctrl_hs|  flash_attention_hls_Pipeline_VITIS_LOOP_160_4|  return value|
|grp_fu_2314_p_ce      |  out|    1|  ap_ctrl_hs|  flash_attention_hls_Pipeline_VITIS_LOOP_160_4|  return value|
|grp_fu_2318_p_din0    |  out|   32|  ap_ctrl_hs|  flash_attention_hls_Pipeline_VITIS_LOOP_160_4|  return value|
|grp_fu_2318_p_din1    |  out|   32|  ap_ctrl_hs|  flash_attention_hls_Pipeline_VITIS_LOOP_160_4|  return value|
|grp_fu_2318_p_dout0   |   in|   32|  ap_ctrl_hs|  flash_attention_hls_Pipeline_VITIS_LOOP_160_4|  return value|
|grp_fu_2318_p_ce      |  out|    1|  ap_ctrl_hs|  flash_attention_hls_Pipeline_VITIS_LOOP_160_4|  return value|
|d                     |   in|   32|     ap_none|                                              d|        scalar|
|j_3                   |   in|    3|     ap_none|                                            j_3|        scalar|
|Vbuf_address0         |  out|    6|   ap_memory|                                           Vbuf|         array|
|Vbuf_ce0              |  out|    1|   ap_memory|                                           Vbuf|         array|
|Vbuf_q0               |   in|   32|   ap_memory|                                           Vbuf|         array|
|Vbuf_1_address0       |  out|    6|   ap_memory|                                         Vbuf_1|         array|
|Vbuf_1_ce0            |  out|    1|   ap_memory|                                         Vbuf_1|         array|
|Vbuf_1_q0             |   in|   32|   ap_memory|                                         Vbuf_1|         array|
|Vbuf_2_address0       |  out|    6|   ap_memory|                                         Vbuf_2|         array|
|Vbuf_2_ce0            |  out|    1|   ap_memory|                                         Vbuf_2|         array|
|Vbuf_2_q0             |   in|   32|   ap_memory|                                         Vbuf_2|         array|
|Vbuf_3_address0       |  out|    6|   ap_memory|                                         Vbuf_3|         array|
|Vbuf_3_ce0            |  out|    1|   ap_memory|                                         Vbuf_3|         array|
|Vbuf_3_q0             |   in|   32|   ap_memory|                                         Vbuf_3|         array|
|weighted_3_address0   |  out|    3|   ap_memory|                                     weighted_3|         array|
|weighted_3_ce0        |  out|    1|   ap_memory|                                     weighted_3|         array|
|weighted_3_we0        |  out|    1|   ap_memory|                                     weighted_3|         array|
|weighted_3_d0         |  out|   32|   ap_memory|                                     weighted_3|         array|
|weighted_3_address1   |  out|    3|   ap_memory|                                     weighted_3|         array|
|weighted_3_ce1        |  out|    1|   ap_memory|                                     weighted_3|         array|
|weighted_3_q1         |   in|   32|   ap_memory|                                     weighted_3|         array|
|weighted_2_address0   |  out|    3|   ap_memory|                                     weighted_2|         array|
|weighted_2_ce0        |  out|    1|   ap_memory|                                     weighted_2|         array|
|weighted_2_we0        |  out|    1|   ap_memory|                                     weighted_2|         array|
|weighted_2_d0         |  out|   32|   ap_memory|                                     weighted_2|         array|
|weighted_2_address1   |  out|    3|   ap_memory|                                     weighted_2|         array|
|weighted_2_ce1        |  out|    1|   ap_memory|                                     weighted_2|         array|
|weighted_2_q1         |   in|   32|   ap_memory|                                     weighted_2|         array|
|weighted_1_address0   |  out|    3|   ap_memory|                                     weighted_1|         array|
|weighted_1_ce0        |  out|    1|   ap_memory|                                     weighted_1|         array|
|weighted_1_we0        |  out|    1|   ap_memory|                                     weighted_1|         array|
|weighted_1_d0         |  out|   32|   ap_memory|                                     weighted_1|         array|
|weighted_1_address1   |  out|    3|   ap_memory|                                     weighted_1|         array|
|weighted_1_ce1        |  out|    1|   ap_memory|                                     weighted_1|         array|
|weighted_1_q1         |   in|   32|   ap_memory|                                     weighted_1|         array|
|weighted_address0     |  out|    3|   ap_memory|                                       weighted|         array|
|weighted_ce0          |  out|    1|   ap_memory|                                       weighted|         array|
|weighted_we0          |  out|    1|   ap_memory|                                       weighted|         array|
|weighted_d0           |  out|   32|   ap_memory|                                       weighted|         array|
|weighted_address1     |  out|    3|   ap_memory|                                       weighted|         array|
|weighted_ce1          |  out|    1|   ap_memory|                                       weighted|         array|
|weighted_q1           |   in|   32|   ap_memory|                                       weighted|         array|
|e                     |   in|   32|     ap_none|                                              e|        scalar|
+----------------------+-----+-----+------------+-----------------------------------------------+--------------+

