

================================================================
== Vitis HLS Report for 'flash_attention_hls_Pipeline_UPDATE_ACC'
================================================================
* Date:           Sun May 10 18:11:12 2026

* Version:        2023.2 (Build 4023990 on Oct 11 2023)
* Project:        flash_attention_proj
* Solution:       solution1 (Vivado IP Flow Target)
* Product family: zynq
* Target device:  xc7z020-clg400-1


================================================================
== Performance Estimates
================================================================
+ Timing: 
    * Summary: 
    +--------+----------+----------+------------+
    |  Clock |  Target  | Estimated| Uncertainty|
    +--------+----------+----------+------------+
    |ap_clk  |  10.00 ns|  7.256 ns|     2.70 ns|
    +--------+----------+----------+------------+

+ Latency: 
    * Summary: 
    +---------+---------+----------+----------+-----+-----+---------+
    |  Latency (cycles) |  Latency (absolute) |  Interval | Pipeline|
    |   min   |   max   |    min   |    max   | min | max |   Type  |
    +---------+---------+----------+----------+-----+-----+---------+
    |       36|       36|  0.360 us|  0.360 us|   36|   36|       no|
    +---------+---------+----------+----------+-----+-----+---------+

    + Detail: 
        * Instance: 
        N/A

        * Loop: 
        +--------------+---------+---------+----------+-----------+-----------+------+----------+
        |              |  Latency (cycles) | Iteration|  Initiation Interval  | Trip |          |
        |   Loop Name  |   min   |   max   |  Latency |  achieved |   target  | Count| Pipelined|
        +--------------+---------+---------+----------+-----------+-----------+------+----------+
        |- UPDATE_ACC  |       34|       34|        28|          1|          1|     8|       yes|
        +--------------+---------+---------+----------+-----------+-----------+------+----------+



================================================================
== Utilization Estimates
================================================================
* Summary: 
+-----------------+---------+-----+--------+-------+-----+
|       Name      | BRAM_18K| DSP |   FF   |  LUT  | URAM|
+-----------------+---------+-----+--------+-------+-----+
|DSP              |        -|    -|       -|      -|    -|
|Expression       |        -|    -|       0|    187|    -|
|FIFO             |        -|    -|       -|      -|    -|
|Instance         |        -|    -|       -|      -|    -|
|Memory           |        -|    -|       -|      -|    -|
|Multiplexer      |        -|    -|       -|     36|    -|
|Register         |        -|    -|    1308|    288|    -|
+-----------------+---------+-----+--------+-------+-----+
|Total            |        0|    0|    1308|    511|    0|
+-----------------+---------+-----+--------+-------+-----+
|Available        |      280|  220|  106400|  53200|    0|
+-----------------+---------+-----+--------+-------+-----+
|Utilization (%)  |        0|    0|       1|     ~0|    0|
+-----------------+---------+-----+--------+-------+-----+

+ Detail: 
    * Instance: 
    +------------------------------------+-------------------------------+---------+----+---+----+-----+
    |              Instance              |             Module            | BRAM_18K| DSP| FF| LUT| URAM|
    +------------------------------------+-------------------------------+---------+----+---+----+-----+
    |fdiv_32ns_32ns_32_16_no_dsp_1_U180  |fdiv_32ns_32ns_32_16_no_dsp_1  |        0|   0|  0|   0|    0|
    |fdiv_32ns_32ns_32_16_no_dsp_1_U181  |fdiv_32ns_32ns_32_16_no_dsp_1  |        0|   0|  0|   0|    0|
    |fdiv_32ns_32ns_32_16_no_dsp_1_U182  |fdiv_32ns_32ns_32_16_no_dsp_1  |        0|   0|  0|   0|    0|
    +------------------------------------+-------------------------------+---------+----+---+----+-----+
    |Total                               |                               |        0|   0|  0|   0|    0|
    +------------------------------------+-------------------------------+---------+----+---+----+-----+

    * DSP: 
    N/A

    * Memory: 
    N/A

    * FIFO: 
    N/A

    * Expression: 
    +------------------------+----------+----+---+----+------------+------------+
    |      Variable Name     | Operation| DSP| FF| LUT| Bitwidth P0| Bitwidth P1|
    +------------------------+----------+----+---+----+------------+------------+
    |add_ln172_fu_372_p2     |         +|   0|  0|  14|           6|           3|
    |icmp_ln174_1_fu_334_p2  |      icmp|   0|  0|  39|          32|          32|
    |icmp_ln174_2_fu_350_p2  |      icmp|   0|  0|  39|          32|          32|
    |icmp_ln174_3_fu_366_p2  |      icmp|   0|  0|  39|          32|          32|
    |icmp_ln174_fu_328_p2    |      icmp|   0|  0|  39|          32|          32|
    |or_ln172_1_fu_340_p2    |        or|   0|  0|   5|           5|           2|
    |or_ln172_2_fu_356_p2    |        or|   0|  0|   5|           5|           2|
    |or_ln172_fu_292_p2      |        or|   0|  0|   5|           5|           1|
    |ap_enable_pp0           |       xor|   0|  0|   2|           1|           2|
    +------------------------+----------+----+---+----+------------+------------+
    |Total                   |          |   0|  0| 187|         150|         138|
    +------------------------+----------+----+---+----+------------+------------+

    * Multiplexer: 
    +-------------------------+----+-----------+-----+-----------+
    |           Name          | LUT| Input Size| Bits| Total Bits|
    +-------------------------+----+-----------+-----+-----------+
    |ap_done_int              |   9|          2|    1|          2|
    |ap_enable_reg_pp0_iter1  |   9|          2|    1|          2|
    |ap_sig_allocacmp_x_3     |   9|          2|    6|         12|
    |x_fu_72                  |   9|          2|    6|         12|
    +-------------------------+----+-----------+-----+-----------+
    |Total                    |  36|          8|   14|         28|
    +-------------------------+----+-----------+-----+-----------+

    * Register: 
    +-----------------------------------+----+----+-----+-----------+
    |                Name               | FF | LUT| Bits| Const Bits|
    +-----------------------------------+----+----+-----+-----------+
    |acc_1_addr_reg_428                 |   6|   0|    6|          0|
    |acc_1_load_reg_467                 |  32|   0|   32|          0|
    |acc_2_addr_reg_434                 |   6|   0|    6|          0|
    |acc_2_load_reg_472                 |  32|   0|   32|          0|
    |acc_3_addr_reg_440                 |   6|   0|    6|          0|
    |acc_3_load_reg_477                 |  32|   0|   32|          0|
    |acc_addr_reg_422                   |   6|   0|    6|          0|
    |acc_load_reg_462                   |  32|   0|   32|          0|
    |add1_reg_542                       |  32|   0|   32|          0|
    |add234_1_reg_547                   |  32|   0|   32|          0|
    |add234_2_reg_552                   |  32|   0|   32|          0|
    |add234_3_reg_557                   |  32|   0|   32|          0|
    |ap_CS_fsm                          |   1|   0|    1|          0|
    |ap_done_reg                        |   1|   0|    1|          0|
    |ap_enable_reg_pp0_iter1            |   1|   0|    1|          0|
    |ap_enable_reg_pp0_iter10           |   1|   0|    1|          0|
    |ap_enable_reg_pp0_iter11           |   1|   0|    1|          0|
    |ap_enable_reg_pp0_iter12           |   1|   0|    1|          0|
    |ap_enable_reg_pp0_iter13           |   1|   0|    1|          0|
    |ap_enable_reg_pp0_iter14           |   1|   0|    1|          0|
    |ap_enable_reg_pp0_iter15           |   1|   0|    1|          0|
    |ap_enable_reg_pp0_iter16           |   1|   0|    1|          0|
    |ap_enable_reg_pp0_iter17           |   1|   0|    1|          0|
    |ap_enable_reg_pp0_iter18           |   1|   0|    1|          0|
    |ap_enable_reg_pp0_iter19           |   1|   0|    1|          0|
    |ap_enable_reg_pp0_iter2            |   1|   0|    1|          0|
    |ap_enable_reg_pp0_iter20           |   1|   0|    1|          0|
    |ap_enable_reg_pp0_iter21           |   1|   0|    1|          0|
    |ap_enable_reg_pp0_iter22           |   1|   0|    1|          0|
    |ap_enable_reg_pp0_iter23           |   1|   0|    1|          0|
    |ap_enable_reg_pp0_iter24           |   1|   0|    1|          0|
    |ap_enable_reg_pp0_iter25           |   1|   0|    1|          0|
    |ap_enable_reg_pp0_iter26           |   1|   0|    1|          0|
    |ap_enable_reg_pp0_iter27           |   1|   0|    1|          0|
    |ap_enable_reg_pp0_iter3            |   1|   0|    1|          0|
    |ap_enable_reg_pp0_iter4            |   1|   0|    1|          0|
    |ap_enable_reg_pp0_iter5            |   1|   0|    1|          0|
    |ap_enable_reg_pp0_iter6            |   1|   0|    1|          0|
    |ap_enable_reg_pp0_iter7            |   1|   0|    1|          0|
    |ap_enable_reg_pp0_iter8            |   1|   0|    1|          0|
    |ap_enable_reg_pp0_iter9            |   1|   0|    1|          0|
    |ap_loop_exit_ready_pp0_iter10_reg  |   1|   0|    1|          0|
    |ap_loop_exit_ready_pp0_iter11_reg  |   1|   0|    1|          0|
    |ap_loop_exit_ready_pp0_iter12_reg  |   1|   0|    1|          0|
    |ap_loop_exit_ready_pp0_iter13_reg  |   1|   0|    1|          0|
    |ap_loop_exit_ready_pp0_iter14_reg  |   1|   0|    1|          0|
    |ap_loop_exit_ready_pp0_iter15_reg  |   1|   0|    1|          0|
    |ap_loop_exit_ready_pp0_iter16_reg  |   1|   0|    1|          0|
    |ap_loop_exit_ready_pp0_iter17_reg  |   1|   0|    1|          0|
    |ap_loop_exit_ready_pp0_iter18_reg  |   1|   0|    1|          0|
    |ap_loop_exit_ready_pp0_iter19_reg  |   1|   0|    1|          0|
    |ap_loop_exit_ready_pp0_iter1_reg   |   1|   0|    1|          0|
    |ap_loop_exit_ready_pp0_iter20_reg  |   1|   0|    1|          0|
    |ap_loop_exit_ready_pp0_iter21_reg  |   1|   0|    1|          0|
    |ap_loop_exit_ready_pp0_iter22_reg  |   1|   0|    1|          0|
    |ap_loop_exit_ready_pp0_iter23_reg  |   1|   0|    1|          0|
    |ap_loop_exit_ready_pp0_iter24_reg  |   1|   0|    1|          0|
    |ap_loop_exit_ready_pp0_iter25_reg  |   1|   0|    1|          0|
    |ap_loop_exit_ready_pp0_iter26_reg  |   1|   0|    1|          0|
    |ap_loop_exit_ready_pp0_iter2_reg   |   1|   0|    1|          0|
    |ap_loop_exit_ready_pp0_iter3_reg   |   1|   0|    1|          0|
    |ap_loop_exit_ready_pp0_iter4_reg   |   1|   0|    1|          0|
    |ap_loop_exit_ready_pp0_iter5_reg   |   1|   0|    1|          0|
    |ap_loop_exit_ready_pp0_iter6_reg   |   1|   0|    1|          0|
    |ap_loop_exit_ready_pp0_iter7_reg   |   1|   0|    1|          0|
    |ap_loop_exit_ready_pp0_iter8_reg   |   1|   0|    1|          0|
    |ap_loop_exit_ready_pp0_iter9_reg   |   1|   0|    1|          0|
    |div235_1_reg_567                   |  32|   0|   32|          0|
    |div235_2_reg_572                   |  32|   0|   32|          0|
    |div235_3_reg_577                   |  32|   0|   32|          0|
    |div_reg_562                        |  32|   0|   32|          0|
    |icmp_ln174_1_reg_450               |   1|   0|    1|          0|
    |icmp_ln174_2_reg_454               |   1|   0|    1|          0|
    |icmp_ln174_3_reg_458               |   1|   0|    1|          0|
    |icmp_ln174_reg_446                 |   1|   0|    1|          0|
    |lshr_ln5_reg_417                   |   3|   0|    3|          0|
    |mul231_1_reg_512                   |  32|   0|   32|          0|
    |mul231_2_reg_522                   |  32|   0|   32|          0|
    |mul231_3_reg_532                   |  32|   0|   32|          0|
    |mul3_reg_502                       |  32|   0|   32|          0|
    |weighted_1_load_reg_517            |  32|   0|   32|          0|
    |weighted_2_load_reg_527            |  32|   0|   32|          0|
    |weighted_3_load_reg_537            |  32|   0|   32|          0|
    |weighted_load_reg_507              |  32|   0|   32|          0|
    |x_fu_72                            |   6|   0|    6|          0|
    |acc_1_addr_reg_428                 |  64|  32|    6|          0|
    |acc_2_addr_reg_434                 |  64|  32|    6|          0|
    |acc_3_addr_reg_440                 |  64|  32|    6|          0|
    |acc_addr_reg_422                   |  64|  32|    6|          0|
    |icmp_ln174_1_reg_450               |  64|  32|    1|          0|
    |icmp_ln174_2_reg_454               |  64|  32|    1|          0|
    |icmp_ln174_3_reg_458               |  64|  32|    1|          0|
    |icmp_ln174_reg_446                 |  64|  32|    1|          0|
    |lshr_ln5_reg_417                   |  64|  32|    3|          0|
    +-----------------------------------+----+----+-----+-----------+
    |Total                              |1308| 288|  763|          0|
    +-----------------------------------+----+----+-----+-----------+



================================================================
== Interface
================================================================
* Summary: 
+----------------------+-----+-----+------------+-----------------------------------------+--------------+
|       RTL Ports      | Dir | Bits|  Protocol  |              Source Object              |    C Type    |
+----------------------+-----+-----+------------+-----------------------------------------+--------------+
|ap_clk                |   in|    1|  ap_ctrl_hs|  flash_attention_hls_Pipeline_UPDATE_ACC|  return value|
|ap_rst                |   in|    1|  ap_ctrl_hs|  flash_attention_hls_Pipeline_UPDATE_ACC|  return value|
|ap_start              |   in|    1|  ap_ctrl_hs|  flash_attention_hls_Pipeline_UPDATE_ACC|  return value|
|ap_done               |  out|    1|  ap_ctrl_hs|  flash_attention_hls_Pipeline_UPDATE_ACC|  return value|
|ap_idle               |  out|    1|  ap_ctrl_hs|  flash_attention_hls_Pipeline_UPDATE_ACC|  return value|
|ap_ready              |  out|    1|  ap_ctrl_hs|  flash_attention_hls_Pipeline_UPDATE_ACC|  return value|
|grp_fu_2294_p_din0    |  out|   32|  ap_ctrl_hs|  flash_attention_hls_Pipeline_UPDATE_ACC|  return value|
|grp_fu_2294_p_din1    |  out|   32|  ap_ctrl_hs|  flash_attention_hls_Pipeline_UPDATE_ACC|  return value|
|grp_fu_2294_p_opcode  |  out|    2|  ap_ctrl_hs|  flash_attention_hls_Pipeline_UPDATE_ACC|  return value|
|grp_fu_2294_p_dout0   |   in|   32|  ap_ctrl_hs|  flash_attention_hls_Pipeline_UPDATE_ACC|  return value|
|grp_fu_2294_p_ce      |  out|    1|  ap_ctrl_hs|  flash_attention_hls_Pipeline_UPDATE_ACC|  return value|
|grp_fu_2298_p_din0    |  out|   32|  ap_ctrl_hs|  flash_attention_hls_Pipeline_UPDATE_ACC|  return value|
|grp_fu_2298_p_din1    |  out|   32|  ap_ctrl_hs|  flash_attention_hls_Pipeline_UPDATE_ACC|  return value|
|grp_fu_2298_p_opcode  |  out|    2|  ap_ctrl_hs|  flash_attention_hls_Pipeline_UPDATE_ACC|  return value|
|grp_fu_2298_p_dout0   |   in|   32|  ap_ctrl_hs|  flash_attention_hls_Pipeline_UPDATE_ACC|  return value|
|grp_fu_2298_p_ce      |  out|    1|  ap_ctrl_hs|  flash_attention_hls_Pipeline_UPDATE_ACC|  return value|
|grp_fu_2302_p_din0    |  out|   32|  ap_ctrl_hs|  flash_attention_hls_Pipeline_UPDATE_ACC|  return value|
|grp_fu_2302_p_din1    |  out|   32|  ap_ctrl_hs|  flash_attention_hls_Pipeline_UPDATE_ACC|  return value|
|grp_fu_2302_p_opcode  |  out|    2|  ap_ctrl_hs|  flash_attention_hls_Pipeline_UPDATE_ACC|  return value|
|grp_fu_2302_p_dout0   |   in|   32|  ap_ctrl_hs|  flash_attention_hls_Pipeline_UPDATE_ACC|  return value|
|grp_fu_2302_p_ce      |  out|    1|  ap_ctrl_hs|  flash_attention_hls_Pipeline_UPDATE_ACC|  return value|
|grp_fu_2306_p_din0    |  out|   32|  ap_ctrl_hs|  flash_attention_hls_Pipeline_UPDATE_ACC|  return value|
|grp_fu_2306_p_din1    |  out|   32|  ap_ctrl_hs|  flash_attention_hls_Pipeline_UPDATE_ACC|  return value|
|grp_fu_2306_p_opcode  |  out|    2|  ap_ctrl_hs|  flash_attention_hls_Pipeline_UPDATE_ACC|  return value|
|grp_fu_2306_p_dout0   |   in|   32|  ap_ctrl_hs|  flash_attention_hls_Pipeline_UPDATE_ACC|  return value|
|grp_fu_2306_p_ce      |  out|    1|  ap_ctrl_hs|  flash_attention_hls_Pipeline_UPDATE_ACC|  return value|
|grp_fu_936_p_din0     |  out|   32|  ap_ctrl_hs|  flash_attention_hls_Pipeline_UPDATE_ACC|  return value|
|grp_fu_936_p_din1     |  out|   32|  ap_ctrl_hs|  flash_attention_hls_Pipeline_UPDATE_ACC|  return value|
|grp_fu_936_p_dout0    |   in|   32|  ap_ctrl_hs|  flash_attention_hls_Pipeline_UPDATE_ACC|  return value|
|grp_fu_936_p_ce       |  out|    1|  ap_ctrl_hs|  flash_attention_hls_Pipeline_UPDATE_ACC|  return value|
|grp_fu_2310_p_din0    |  out|   32|  ap_ctrl_hs|  flash_attention_hls_Pipeline_UPDATE_ACC|  return value|
|grp_fu_2310_p_din1    |  out|   32|  ap_ctrl_hs|  flash_attention_hls_Pipeline_UPDATE_ACC|  return value|
|grp_fu_2310_p_dout0   |   in|   32|  ap_ctrl_hs|  flash_attention_hls_Pipeline_UPDATE_ACC|  return value|
|grp_fu_2310_p_ce      |  out|    1|  ap_ctrl_hs|  flash_attention_hls_Pipeline_UPDATE_ACC|  return value|
|grp_fu_2314_p_din0    |  out|   32|  ap_ctrl_hs|  flash_attention_hls_Pipeline_UPDATE_ACC|  return value|
|grp_fu_2314_p_din1    |  out|   32|  ap_ctrl_hs|  flash_attention_hls_Pipeline_UPDATE_ACC|  return value|
|grp_fu_2314_p_dout0   |   in|   32|  ap_ctrl_hs|  flash_attention_hls_Pipeline_UPDATE_ACC|  return value|
|grp_fu_2314_p_ce      |  out|    1|  ap_ctrl_hs|  flash_attention_hls_Pipeline_UPDATE_ACC|  return value|
|grp_fu_2318_p_din0    |  out|   32|  ap_ctrl_hs|  flash_attention_hls_Pipeline_UPDATE_ACC|  return value|
|grp_fu_2318_p_din1    |  out|   32|  ap_ctrl_hs|  flash_attention_hls_Pipeline_UPDATE_ACC|  return value|
|grp_fu_2318_p_dout0   |   in|   32|  ap_ctrl_hs|  flash_attention_hls_Pipeline_UPDATE_ACC|  return value|
|grp_fu_2318_p_ce      |  out|    1|  ap_ctrl_hs|  flash_attention_hls_Pipeline_UPDATE_ACC|  return value|
|grp_fu_940_p_din0     |  out|   32|  ap_ctrl_hs|  flash_attention_hls_Pipeline_UPDATE_ACC|  return value|
|grp_fu_940_p_din1     |  out|   32|  ap_ctrl_hs|  flash_attention_hls_Pipeline_UPDATE_ACC|  return value|
|grp_fu_940_p_dout0    |   in|   32|  ap_ctrl_hs|  flash_attention_hls_Pipeline_UPDATE_ACC|  return value|
|grp_fu_940_p_ce       |  out|    1|  ap_ctrl_hs|  flash_attention_hls_Pipeline_UPDATE_ACC|  return value|
|d                     |   in|   32|     ap_none|                                        d|        scalar|
|i_4                   |   in|    3|     ap_none|                                      i_4|        scalar|
|acc_address0          |  out|    6|   ap_memory|                                      acc|         array|
|acc_ce0               |  out|    1|   ap_memory|                                      acc|         array|
|acc_we0               |  out|    1|   ap_memory|                                      acc|         array|
|acc_d0                |  out|   32|   ap_memory|                                      acc|         array|
|acc_address1          |  out|    6|   ap_memory|                                      acc|         array|
|acc_ce1               |  out|    1|   ap_memory|                                      acc|         array|
|acc_q1                |   in|   32|   ap_memory|                                      acc|         array|
|acc_1_address0        |  out|    6|   ap_memory|                                    acc_1|         array|
|acc_1_ce0             |  out|    1|   ap_memory|                                    acc_1|         array|
|acc_1_we0             |  out|    1|   ap_memory|                                    acc_1|         array|
|acc_1_d0              |  out|   32|   ap_memory|                                    acc_1|         array|
|acc_1_address1        |  out|    6|   ap_memory|                                    acc_1|         array|
|acc_1_ce1             |  out|    1|   ap_memory|                                    acc_1|         array|
|acc_1_q1              |   in|   32|   ap_memory|                                    acc_1|         array|
|acc_2_address0        |  out|    6|   ap_memory|                                    acc_2|         array|
|acc_2_ce0             |  out|    1|   ap_memory|                                    acc_2|         array|
|acc_2_we0             |  out|    1|   ap_memory|                                    acc_2|         array|
|acc_2_d0              |  out|   32|   ap_memory|                                    acc_2|         array|
|acc_2_address1        |  out|    6|   ap_memory|                                    acc_2|         array|
|acc_2_ce1             |  out|    1|   ap_memory|                                    acc_2|         array|
|acc_2_q1              |   in|   32|   ap_memory|                                    acc_2|         array|
|acc_3_address0        |  out|    6|   ap_memory|                                    acc_3|         array|
|acc_3_ce0             |  out|    1|   ap_memory|                                    acc_3|         array|
|acc_3_we0             |  out|    1|   ap_memory|                                    acc_3|         array|
|acc_3_d0              |  out|   32|   ap_memory|                                    acc_3|         array|
|acc_3_address1        |  out|    6|   ap_memory|                                    acc_3|         array|
|acc_3_ce1             |  out|    1|   ap_memory|                                    acc_3|         array|
|acc_3_q1              |   in|   32|   ap_memory|                                    acc_3|         array|
|mul1                  |   in|   32|     ap_none|                                     mul1|        scalar|
|weighted_address0     |  out|    3|   ap_memory|                                 weighted|         array|
|weighted_ce0          |  out|    1|   ap_memory|                                 weighted|         array|
|weighted_q0           |   in|   32|   ap_memory|                                 weighted|         array|
|l_new                 |   in|   32|     ap_none|                                    l_new|        scalar|
|weighted_1_address0   |  out|    3|   ap_memory|                               weighted_1|         array|
|weighted_1_ce0        |  out|    1|   ap_memory|                               weighted_1|         array|
|weighted_1_q0         |   in|   32|   ap_memory|                               weighted_1|         array|
|weighted_2_address0   |  out|    3|   ap_memory|                               weighted_2|         array|
|weighted_2_ce0        |  out|    1|   ap_memory|                               weighted_2|         array|
|weighted_2_q0         |   in|   32|   ap_memory|                               weighted_2|         array|
|weighted_3_address0   |  out|    3|   ap_memory|                               weighted_3|         array|
|weighted_3_ce0        |  out|    1|   ap_memory|                               weighted_3|         array|
|weighted_3_q0         |   in|   32|   ap_memory|                               weighted_3|         array|
+----------------------+-----+-----+------------+-----------------------------------------+--------------+

