

================================================================
== Vitis HLS Report for 'flash_attention_hls_Pipeline_LOAD_Q_VITIS_LOOP_69_1'
================================================================
* Date:           Fri May  8 14:39:23 2026

* Version:        2023.2 (Build 4023990 on Oct 11 2023)
* Project:        flash_attention_proj
* Solution:       solution1 (Vivado IP Flow Target)
* Product family: zynq
* Target device:  xc7z020-clg400-1


================================================================
== Performance Estimates
================================================================
+ Timing: 
    * Summary: 
    +--------+----------+----------+------------+
    |  Clock |  Target  | Estimated| Uncertainty|
    +--------+----------+----------+------------+
    |ap_clk  |  10.00 ns|  7.396 ns|     2.70 ns|
    +--------+----------+----------+------------+

+ Latency: 
    * Summary: 
    +---------+---------+----------+----------+-----+-----+---------+
    |  Latency (cycles) |  Latency (absolute) |  Interval | Pipeline|
    |   min   |   max   |    min   |    max   | min | max |   Type  |
    +---------+---------+----------+----------+-----+-----+---------+
    |        ?|        ?|         ?|         ?|    ?|    ?|       no|
    +---------+---------+----------+----------+-----+-----+---------+

    + Detail: 
        * Instance: 
        N/A

        * Loop: 
        +--------------------------+---------+---------+----------+-----------+-----------+------+----------+
        |                          |  Latency (cycles) | Iteration|  Initiation Interval  | Trip |          |
        |         Loop Name        |   min   |   max   |  Latency |  achieved |   target  | Count| Pipelined|
        +--------------------------+---------+---------+----------+-----------+-----------+------+----------+
        |- LOAD_Q_VITIS_LOOP_69_1  |        ?|        ?|        12|          1|          1|     ?|       yes|
        +--------------------------+---------+---------+----------+-----------+-----------+------+----------+



================================================================
== Utilization Estimates
================================================================
* Summary: 
+-----------------+---------+-----+--------+-------+-----+
|       Name      | BRAM_18K| DSP |   FF   |  LUT  | URAM|
+-----------------+---------+-----+--------+-------+-----+
|DSP              |        -|    -|       -|      -|    -|
|Expression       |        -|    -|       0|    451|    -|
|FIFO             |        -|    -|       -|      -|    -|
|Instance         |        -|    -|       -|      -|    -|
|Memory           |        -|    -|       -|      -|    -|
|Multiplexer      |        -|    -|       -|     81|    -|
|Register         |        -|    -|     506|     96|    -|
+-----------------+---------+-----+--------+-------+-----+
|Total            |        0|    0|     506|    628|    0|
+-----------------+---------+-----+--------+-------+-----+
|Available        |      280|  220|  106400|  53200|    0|
+-----------------+---------+-----+--------+-------+-----+
|Utilization (%)  |        0|    0|      ~0|      1|    0|
+-----------------+---------+-----+--------+-------+-----+

+ Detail: 
    * Instance: 
    N/A

    * DSP: 
    N/A

    * Memory: 
    N/A

    * FIFO: 
    N/A

    * Expression: 
    +---------------------------+----------+----+---+----+------------+------------+
    |       Variable Name       | Operation| DSP| FF| LUT| Bitwidth P0| Bitwidth P1|
    +---------------------------+----------+----+---+----+------------+------------+
    |add_ln68_1_fu_380_p2       |         +|   0|  0|  71|          64|          64|
    |add_ln68_2_fu_265_p2       |         +|   0|  0|  38|          31|           1|
    |add_ln68_3_fu_256_p2       |         +|   0|  0|  70|          63|           1|
    |add_ln68_fu_363_p2         |         +|   0|  0|  39|          32|          32|
    |add_ln69_fu_335_p2         |         +|   0|  0|  38|          31|           1|
    |add_ln71_fu_329_p2         |         +|   0|  0|  14|           6|           6|
    |ap_block_state4_io         |       and|   0|  0|   2|           1|           1|
    |icmp_ln68_fu_251_p2        |      icmp|   0|  0|  70|          63|          63|
    |icmp_ln69_fu_246_p2        |      icmp|   0|  0|  39|          32|          32|
    |ap_block_pp0_stage0_11001  |        or|   0|  0|   2|           1|           1|
    |or_ln68_fu_277_p2          |        or|   0|  0|   2|           1|           1|
    |select_ln68_1_fu_291_p3    |    select|   0|  0|  31|           1|          31|
    |select_ln68_fu_283_p3      |    select|   0|  0|  31|           1|          31|
    |ap_enable_pp0              |       xor|   0|  0|   2|           1|           2|
    |xor_ln68_fu_271_p2         |       xor|   0|  0|   2|           1|           2|
    +---------------------------+----------+----+---+----+------------+------------+
    |Total                      |          |   0|  0| 451|         329|         269|
    +---------------------------+----------+----+---+----+------------+------------+

    * Multiplexer: 
    +---------------------------------------+----+-----------+-----+-----------+
    |                  Name                 | LUT| Input Size| Bits| Total Bits|
    +---------------------------------------+----+-----------+-----+-----------+
    |ap_done_int                            |   9|          2|    1|          2|
    |ap_enable_reg_pp0_iter1                |   9|          2|    1|          2|
    |ap_enable_reg_pp0_iter2                |   9|          2|    1|          2|
    |ap_phi_mux_first_iter_0_phi_fu_209_p4  |   9|          2|    1|          2|
    |gmem0_blk_n_AR                         |   9|          2|    1|          2|
    |gmem0_blk_n_R                          |   9|          2|    1|          2|
    |i_fu_104                               |   9|          2|   31|         62|
    |indvar_flatten_fu_108                  |   9|          2|   63|        126|
    |x_fu_100                               |   9|          2|   31|         62|
    +---------------------------------------+----+-----------+-----+-----------+
    |Total                                  |  81|         18|  131|        262|
    +---------------------------------------+----+-----------+-----+-----------+

    * Register: 
    +-----------------------------------+----+----+-----+-----------+
    |                Name               | FF | LUT| Bits| Const Bits|
    +-----------------------------------+----+----+-----+-----------+
    |add_ln71_reg_482                   |   6|   0|    6|          0|
    |ap_CS_fsm                          |   1|   0|    1|          0|
    |ap_done_reg                        |   1|   0|    1|          0|
    |ap_enable_reg_pp0_iter1            |   1|   0|    1|          0|
    |ap_enable_reg_pp0_iter10           |   1|   0|    1|          0|
    |ap_enable_reg_pp0_iter11           |   1|   0|    1|          0|
    |ap_enable_reg_pp0_iter12           |   1|   0|    1|          0|
    |ap_enable_reg_pp0_iter2            |   1|   0|    1|          0|
    |ap_enable_reg_pp0_iter3            |   1|   0|    1|          0|
    |ap_enable_reg_pp0_iter4            |   1|   0|    1|          0|
    |ap_enable_reg_pp0_iter5            |   1|   0|    1|          0|
    |ap_enable_reg_pp0_iter6            |   1|   0|    1|          0|
    |ap_enable_reg_pp0_iter7            |   1|   0|    1|          0|
    |ap_enable_reg_pp0_iter8            |   1|   0|    1|          0|
    |ap_enable_reg_pp0_iter9            |   1|   0|    1|          0|
    |ap_loop_exit_ready_pp0_iter10_reg  |   1|   0|    1|          0|
    |ap_loop_exit_ready_pp0_iter11_reg  |   1|   0|    1|          0|
    |ap_loop_exit_ready_pp0_iter2_reg   |   1|   0|    1|          0|
    |ap_loop_exit_ready_pp0_iter3_reg   |   1|   0|    1|          0|
    |ap_loop_exit_ready_pp0_iter4_reg   |   1|   0|    1|          0|
    |ap_loop_exit_ready_pp0_iter5_reg   |   1|   0|    1|          0|
    |ap_loop_exit_ready_pp0_iter6_reg   |   1|   0|    1|          0|
    |ap_loop_exit_ready_pp0_iter7_reg   |   1|   0|    1|          0|
    |ap_loop_exit_ready_pp0_iter8_reg   |   1|   0|    1|          0|
    |ap_loop_exit_ready_pp0_iter9_reg   |   1|   0|    1|          0|
    |first_iter_0_reg_205               |   1|   0|    1|          0|
    |gmem0_addr_read_reg_493            |  32|   0|   32|          0|
    |gmem0_addr_reg_487                 |  64|   0|   64|          0|
    |i_fu_104                           |  31|   0|   31|          0|
    |icmp_ln68_reg_465                  |   1|   0|    1|          0|
    |indvar_flatten_fu_108              |  63|   0|   63|          0|
    |or_ln68_reg_469                    |   1|   0|    1|          0|
    |trunc_ln68_1_reg_473               |  27|   0|   27|          0|
    |trunc_ln69_reg_478                 |   2|   0|    2|          0|
    |x_fu_100                           |  31|   0|   31|          0|
    |zext_ln63_cast_reg_460             |  31|   0|   32|          1|
    |add_ln71_reg_482                   |  64|  32|    6|          0|
    |or_ln68_reg_469                    |  64|  32|    1|          0|
    |trunc_ln69_reg_478                 |  64|  32|    2|          0|
    +-----------------------------------+----+----+-----+-----------+
    |Total                              | 506|  96|  324|          1|
    +-----------------------------------+----+----+-----+-----------+



================================================================
== Interface
================================================================
* Summary: 
+----------------------+-----+-----+------------+-----------------------------------------------------+--------------+
|       RTL Ports      | Dir | Bits|  Protocol  |                    Source Object                    |    C Type    |
+----------------------+-----+-----+------------+-----------------------------------------------------+--------------+
|ap_clk                |   in|    1|  ap_ctrl_hs|  flash_attention_hls_Pipeline_LOAD_Q_VITIS_LOOP_69_1|  return value|
|ap_rst                |   in|    1|  ap_ctrl_hs|  flash_attention_hls_Pipeline_LOAD_Q_VITIS_LOOP_69_1|  return value|
|ap_start              |   in|    1|  ap_ctrl_hs|  flash_attention_hls_Pipeline_LOAD_Q_VITIS_LOOP_69_1|  return value|
|ap_done               |  out|    1|  ap_ctrl_hs|  flash_attention_hls_Pipeline_LOAD_Q_VITIS_LOOP_69_1|  return value|
|ap_idle               |  out|    1|  ap_ctrl_hs|  flash_attention_hls_Pipeline_LOAD_Q_VITIS_LOOP_69_1|  return value|
|ap_ready              |  out|    1|  ap_ctrl_hs|  flash_attention_hls_Pipeline_LOAD_Q_VITIS_LOOP_69_1|  return value|
|m_axi_gmem0_AWVALID   |  out|    1|       m_axi|                                                gmem0|       pointer|
|m_axi_gmem0_AWREADY   |   in|    1|       m_axi|                                                gmem0|       pointer|
|m_axi_gmem0_AWADDR    |  out|   64|       m_axi|                                                gmem0|       pointer|
|m_axi_gmem0_AWID      |  out|    1|       m_axi|                                                gmem0|       pointer|
|m_axi_gmem0_AWLEN     |  out|   32|       m_axi|                                                gmem0|       pointer|
|m_axi_gmem0_AWSIZE    |  out|    3|       m_axi|                                                gmem0|       pointer|
|m_axi_gmem0_AWBURST   |  out|    2|       m_axi|                                                gmem0|       pointer|
|m_axi_gmem0_AWLOCK    |  out|    2|       m_axi|                                                gmem0|       pointer|
|m_axi_gmem0_AWCACHE   |  out|    4|       m_axi|                                                gmem0|       pointer|
|m_axi_gmem0_AWPROT    |  out|    3|       m_axi|                                                gmem0|       pointer|
|m_axi_gmem0_AWQOS     |  out|    4|       m_axi|                                                gmem0|       pointer|
|m_axi_gmem0_AWREGION  |  out|    4|       m_axi|                                                gmem0|       pointer|
|m_axi_gmem0_AWUSER    |  out|    1|       m_axi|                                                gmem0|       pointer|
|m_axi_gmem0_WVALID    |  out|    1|       m_axi|                                                gmem0|       pointer|
|m_axi_gmem0_WREADY    |   in|    1|       m_axi|                                                gmem0|       pointer|
|m_axi_gmem0_WDATA     |  out|   32|       m_axi|                                                gmem0|       pointer|
|m_axi_gmem0_WSTRB     |  out|    4|       m_axi|                                                gmem0|       pointer|
|m_axi_gmem0_WLAST     |  out|    1|       m_axi|                                                gmem0|       pointer|
|m_axi_gmem0_WID       |  out|    1|       m_axi|                                                gmem0|       pointer|
|m_axi_gmem0_WUSER     |  out|    1|       m_axi|                                                gmem0|       pointer|
|m_axi_gmem0_ARVALID   |  out|    1|       m_axi|                                                gmem0|       pointer|
|m_axi_gmem0_ARREADY   |   in|    1|       m_axi|                                                gmem0|       pointer|
|m_axi_gmem0_ARADDR    |  out|   64|       m_axi|                                                gmem0|       pointer|
|m_axi_gmem0_ARID      |  out|    1|       m_axi|                                                gmem0|       pointer|
|m_axi_gmem0_ARLEN     |  out|   32|       m_axi|                                                gmem0|       pointer|
|m_axi_gmem0_ARSIZE    |  out|    3|       m_axi|                                                gmem0|       pointer|
|m_axi_gmem0_ARBURST   |  out|    2|       m_axi|                                                gmem0|       pointer|
|m_axi_gmem0_ARLOCK    |  out|    2|       m_axi|                                                gmem0|       pointer|
|m_axi_gmem0_ARCACHE   |  out|    4|       m_axi|                                                gmem0|       pointer|
|m_axi_gmem0_ARPROT    |  out|    3|       m_axi|                                                gmem0|       pointer|
|m_axi_gmem0_ARQOS     |  out|    4|       m_axi|                                                gmem0|       pointer|
|m_axi_gmem0_ARREGION  |  out|    4|       m_axi|                                                gmem0|       pointer|
|m_axi_gmem0_ARUSER    |  out|    1|       m_axi|                                                gmem0|       pointer|
|m_axi_gmem0_RVALID    |   in|    1|       m_axi|                                                gmem0|       pointer|
|m_axi_gmem0_RREADY    |  out|    1|       m_axi|                                                gmem0|       pointer|
|m_axi_gmem0_RDATA     |   in|   32|       m_axi|                                                gmem0|       pointer|
|m_axi_gmem0_RLAST     |   in|    1|       m_axi|                                                gmem0|       pointer|
|m_axi_gmem0_RID       |   in|    1|       m_axi|                                                gmem0|       pointer|
|m_axi_gmem0_RFIFONUM  |   in|    9|       m_axi|                                                gmem0|       pointer|
|m_axi_gmem0_RUSER     |   in|    1|       m_axi|                                                gmem0|       pointer|
|m_axi_gmem0_RRESP     |   in|    2|       m_axi|                                                gmem0|       pointer|
|m_axi_gmem0_BVALID    |   in|    1|       m_axi|                                                gmem0|       pointer|
|m_axi_gmem0_BREADY    |  out|    1|       m_axi|                                                gmem0|       pointer|
|m_axi_gmem0_BRESP     |   in|    2|       m_axi|                                                gmem0|       pointer|
|m_axi_gmem0_BID       |   in|    1|       m_axi|                                                gmem0|       pointer|
|m_axi_gmem0_BUSER     |   in|    1|       m_axi|                                                gmem0|       pointer|
|d                     |   in|   32|     ap_none|                                                    d|        scalar|
|mul_ln68              |   in|   63|     ap_none|                                             mul_ln68|        scalar|
|Qbuf_address0         |  out|    6|   ap_memory|                                                 Qbuf|         array|
|Qbuf_ce0              |  out|    1|   ap_memory|                                                 Qbuf|         array|
|Qbuf_we0              |  out|    1|   ap_memory|                                                 Qbuf|         array|
|Qbuf_d0               |  out|   32|   ap_memory|                                                 Qbuf|         array|
|Qbuf_1_address0       |  out|    6|   ap_memory|                                               Qbuf_1|         array|
|Qbuf_1_ce0            |  out|    1|   ap_memory|                                               Qbuf_1|         array|
|Qbuf_1_we0            |  out|    1|   ap_memory|                                               Qbuf_1|         array|
|Qbuf_1_d0             |  out|   32|   ap_memory|                                               Qbuf_1|         array|
|Qbuf_2_address0       |  out|    6|   ap_memory|                                               Qbuf_2|         array|
|Qbuf_2_ce0            |  out|    1|   ap_memory|                                               Qbuf_2|         array|
|Qbuf_2_we0            |  out|    1|   ap_memory|                                               Qbuf_2|         array|
|Qbuf_2_d0             |  out|   32|   ap_memory|                                               Qbuf_2|         array|
|Qbuf_3_address0       |  out|    6|   ap_memory|                                               Qbuf_3|         array|
|Qbuf_3_ce0            |  out|    1|   ap_memory|                                               Qbuf_3|         array|
|Qbuf_3_we0            |  out|    1|   ap_memory|                                               Qbuf_3|         array|
|Qbuf_3_d0             |  out|   32|   ap_memory|                                               Qbuf_3|         array|
|zext_ln63             |   in|   31|     ap_none|                                            zext_ln63|        scalar|
|shl_ln68_2            |   in|   32|     ap_none|                                           shl_ln68_2|        scalar|
|Q                     |   in|   64|     ap_none|                                                    Q|        scalar|
+----------------------+-----+-----+------------+-----------------------------------------------------+--------------+

