

================================================================
== Vitis HLS Report for 'flash_attention_hls_Pipeline_LOAD_KV_VITIS_LOOP_93_3'
================================================================
* Date:           Sun May 10 18:11:11 2026

* Version:        2023.2 (Build 4023990 on Oct 11 2023)
* Project:        flash_attention_proj
* Solution:       solution1 (Vivado IP Flow Target)
* Product family: zynq
* Target device:  xc7z020-clg400-1


================================================================
== Performance Estimates
================================================================
+ Timing: 
    * Summary: 
    +--------+----------+----------+------------+
    |  Clock |  Target  | Estimated| Uncertainty|
    +--------+----------+----------+------------+
    |ap_clk  |  10.00 ns|  7.396 ns|     2.70 ns|
    +--------+----------+----------+------------+

+ Latency: 
    * Summary: 
    +---------+---------+----------+----------+-----+-----+---------+
    |  Latency (cycles) |  Latency (absolute) |  Interval | Pipeline|
    |   min   |   max   |    min   |    max   | min | max |   Type  |
    +---------+---------+----------+----------+-----+-----+---------+
    |        ?|        ?|         ?|         ?|    ?|    ?|       no|
    +---------+---------+----------+----------+-----+-----+---------+

    + Detail: 
        * Instance: 
        N/A

        * Loop: 
        +---------------------------+---------+---------+----------+-----------+-----------+------+----------+
        |                           |  Latency (cycles) | Iteration|  Initiation Interval  | Trip |          |
        |         Loop Name         |   min   |   max   |  Latency |  achieved |   target  | Count| Pipelined|
        +---------------------------+---------+---------+----------+-----------+-----------+------+----------+
        |- LOAD_KV_VITIS_LOOP_93_3  |        ?|        ?|        12|          1|          1|     ?|       yes|
        +---------------------------+---------+---------+----------+-----------+-----------+------+----------+



================================================================
== Utilization Estimates
================================================================
* Summary: 
+-----------------+---------+-----+--------+-------+-----+
|       Name      | BRAM_18K| DSP |   FF   |  LUT  | URAM|
+-----------------+---------+-----+--------+-------+-----+
|DSP              |        -|    -|       -|      -|    -|
|Expression       |        -|    -|       0|    526|    -|
|FIFO             |        -|    -|       -|      -|    -|
|Instance         |        -|    -|       -|      -|    -|
|Memory           |        -|    -|       -|      -|    -|
|Multiplexer      |        -|    -|       -|     99|    -|
|Register         |        -|    -|     603|     96|    -|
+-----------------+---------+-----+--------+-------+-----+
|Total            |        0|    0|     603|    721|    0|
+-----------------+---------+-----+--------+-------+-----+
|Available        |      280|  220|  106400|  53200|    0|
+-----------------+---------+-----+--------+-------+-----+
|Utilization (%)  |        0|    0|      ~0|      1|    0|
+-----------------+---------+-----+--------+-------+-----+

+ Detail: 
    * Instance: 
    N/A

    * DSP: 
    N/A

    * Memory: 
    N/A

    * FIFO: 
    N/A

    * Expression: 
    +------------------------------------+----------+----+---+----+------------+------------+
    |            Variable Name           | Operation| DSP| FF| LUT| Bitwidth P0| Bitwidth P1|
    +------------------------------------+----------+----+---+----+------------+------------+
    |add_ln92_1_fu_459_p2                |         +|   0|  0|  71|          64|          64|
    |add_ln92_2_fu_464_p2                |         +|   0|  0|  71|          64|          64|
    |add_ln92_3_fu_344_p2                |         +|   0|  0|  38|          31|           1|
    |add_ln92_4_fu_335_p2                |         +|   0|  0|  71|          64|           1|
    |add_ln92_fu_442_p2                  |         +|   0|  0|  39|          32|          32|
    |add_ln93_fu_414_p2                  |         +|   0|  0|  38|          31|           1|
    |add_ln95_fu_408_p2                  |         +|   0|  0|  14|           6|           6|
    |icmp_ln92_fu_330_p2                 |      icmp|   0|  0|  71|          64|          64|
    |icmp_ln93_fu_325_p2                 |      icmp|   0|  0|  39|          32|          32|
    |ap_block_pp0_stage0_11001           |        or|   0|  0|   2|           1|           1|
    |ap_block_state12_pp0_stage0_iter11  |        or|   0|  0|   2|           1|           1|
    |ap_block_state4_io                  |        or|   0|  0|   2|           1|           1|
    |or_ln92_fu_356_p2                   |        or|   0|  0|   2|           1|           1|
    |select_ln92_1_fu_370_p3             |    select|   0|  0|  31|           1|          31|
    |select_ln92_fu_362_p3               |    select|   0|  0|  31|           1|          31|
    |ap_enable_pp0                       |       xor|   0|  0|   2|           1|           2|
    |xor_ln92_fu_350_p2                  |       xor|   0|  0|   2|           1|           2|
    +------------------------------------+----------+----+---+----+------------+------------+
    |Total                               |          |   0|  0| 526|         396|         335|
    +------------------------------------+----------+----+---+----+------------+------------+

    * Multiplexer: 
    +---------------------------------------+----+-----------+-----+-----------+
    |                  Name                 | LUT| Input Size| Bits| Total Bits|
    +---------------------------------------+----+-----------+-----+-----------+
    |ap_done_int                            |   9|          2|    1|          2|
    |ap_enable_reg_pp0_iter1                |   9|          2|    1|          2|
    |ap_enable_reg_pp0_iter2                |   9|          2|    1|          2|
    |ap_phi_mux_first_iter_1_phi_fu_288_p4  |   9|          2|    1|          2|
    |gmem1_blk_n_AR                         |   9|          2|    1|          2|
    |gmem1_blk_n_R                          |   9|          2|    1|          2|
    |gmem2_blk_n_AR                         |   9|          2|    1|          2|
    |gmem2_blk_n_R                          |   9|          2|    1|          2|
    |indvar_flatten9_fu_118                 |   9|          2|   64|        128|
    |j_fu_114                               |   9|          2|   31|         62|
    |x_3_fu_110                             |   9|          2|   31|         62|
    +---------------------------------------+----+-----------+-----+-----------+
    |Total                                  |  99|         22|  134|        268|
    +---------------------------------------+----+-----------+-----+-----------+

    * Register: 
    +-----------------------------------+----+----+-----+-----------+
    |                Name               | FF | LUT| Bits| Const Bits|
    +-----------------------------------+----+----+-----+-----------+
    |add_ln95_reg_603                   |   6|   0|    6|          0|
    |ap_CS_fsm                          |   1|   0|    1|          0|
    |ap_done_reg                        |   1|   0|    1|          0|
    |ap_enable_reg_pp0_iter1            |   1|   0|    1|          0|
    |ap_enable_reg_pp0_iter10           |   1|   0|    1|          0|
    |ap_enable_reg_pp0_iter11           |   1|   0|    1|          0|
    |ap_enable_reg_pp0_iter12           |   1|   0|    1|          0|
    |ap_enable_reg_pp0_iter2            |   1|   0|    1|          0|
    |ap_enable_reg_pp0_iter3            |   1|   0|    1|          0|
    |ap_enable_reg_pp0_iter4            |   1|   0|    1|          0|
    |ap_enable_reg_pp0_iter5            |   1|   0|    1|          0|
    |ap_enable_reg_pp0_iter6            |   1|   0|    1|          0|
    |ap_enable_reg_pp0_iter7            |   1|   0|    1|          0|
    |ap_enable_reg_pp0_iter8            |   1|   0|    1|          0|
    |ap_enable_reg_pp0_iter9            |   1|   0|    1|          0|
    |ap_loop_exit_ready_pp0_iter10_reg  |   1|   0|    1|          0|
    |ap_loop_exit_ready_pp0_iter11_reg  |   1|   0|    1|          0|
    |ap_loop_exit_ready_pp0_iter2_reg   |   1|   0|    1|          0|
    |ap_loop_exit_ready_pp0_iter3_reg   |   1|   0|    1|          0|
    |ap_loop_exit_ready_pp0_iter4_reg   |   1|   0|    1|          0|
    |ap_loop_exit_ready_pp0_iter5_reg   |   1|   0|    1|          0|
    |ap_loop_exit_ready_pp0_iter6_reg   |   1|   0|    1|          0|
    |ap_loop_exit_ready_pp0_iter7_reg   |   1|   0|    1|          0|
    |ap_loop_exit_ready_pp0_iter8_reg   |   1|   0|    1|          0|
    |ap_loop_exit_ready_pp0_iter9_reg   |   1|   0|    1|          0|
    |first_iter_1_reg_284               |   1|   0|    1|          0|
    |gmem1_addr_read_reg_620            |  32|   0|   32|          0|
    |gmem1_addr_reg_608                 |  64|   0|   64|          0|
    |gmem2_addr_read_reg_625            |  32|   0|   32|          0|
    |gmem2_addr_reg_614                 |  64|   0|   64|          0|
    |icmp_ln92_reg_586                  |   1|   0|    1|          0|
    |indvar_flatten9_fu_118             |  64|   0|   64|          0|
    |j_fu_114                           |  31|   0|   31|          0|
    |or_ln92_reg_590                    |   1|   0|    1|          0|
    |trunc_ln92_1_reg_594               |  27|   0|   27|          0|
    |trunc_ln93_reg_599                 |   2|   0|    2|          0|
    |x_3_fu_110                         |  31|   0|   31|          0|
    |zext_ln63_cast_reg_580             |  31|   0|   32|          1|
    |add_ln95_reg_603                   |  64|  32|    6|          0|
    |or_ln92_reg_590                    |  64|  32|    1|          0|
    |trunc_ln93_reg_599                 |  64|  32|    2|          0|
    +-----------------------------------+----+----+-----+-----------+
    |Total                              | 603|  96|  421|          1|
    +-----------------------------------+----+----+-----+-----------+



================================================================
== Interface
================================================================
* Summary: 
+----------------------+-----+-----+------------+------------------------------------------------------+--------------+
|       RTL Ports      | Dir | Bits|  Protocol  |                     Source Object                    |    C Type    |
+----------------------+-----+-----+------------+------------------------------------------------------+--------------+
|ap_clk                |   in|    1|  ap_ctrl_hs|  flash_attention_hls_Pipeline_LOAD_KV_VITIS_LOOP_93_3|  return value|
|ap_rst                |   in|    1|  ap_ctrl_hs|  flash_attention_hls_Pipeline_LOAD_KV_VITIS_LOOP_93_3|  return value|
|ap_start              |   in|    1|  ap_ctrl_hs|  flash_attention_hls_Pipeline_LOAD_KV_VITIS_LOOP_93_3|  return value|
|ap_done               |  out|    1|  ap_ctrl_hs|  flash_attention_hls_Pipeline_LOAD_KV_VITIS_LOOP_93_3|  return value|
|ap_idle               |  out|    1|  ap_ctrl_hs|  flash_attention_hls_Pipeline_LOAD_KV_VITIS_LOOP_93_3|  return value|
|ap_ready              |  out|    1|  ap_ctrl_hs|  flash_attention_hls_Pipeline_LOAD_KV_VITIS_LOOP_93_3|  return value|
|m_axi_gmem1_AWVALID   |  out|    1|       m_axi|                                                 gmem1|       pointer|
|m_axi_gmem1_AWREADY   |   in|    1|       m_axi|                                                 gmem1|       pointer|
|m_axi_gmem1_AWADDR    |  out|   64|       m_axi|                                                 gmem1|       pointer|
|m_axi_gmem1_AWID      |  out|    1|       m_axi|                                                 gmem1|       pointer|
|m_axi_gmem1_AWLEN     |  out|   32|       m_axi|                                                 gmem1|       pointer|
|m_axi_gmem1_AWSIZE    |  out|    3|       m_axi|                                                 gmem1|       pointer|
|m_axi_gmem1_AWBURST   |  out|    2|       m_axi|                                                 gmem1|       pointer|
|m_axi_gmem1_AWLOCK    |  out|    2|       m_axi|                                                 gmem1|       pointer|
|m_axi_gmem1_AWCACHE   |  out|    4|       m_axi|                                                 gmem1|       pointer|
|m_axi_gmem1_AWPROT    |  out|    3|       m_axi|                                                 gmem1|       pointer|
|m_axi_gmem1_AWQOS     |  out|    4|       m_axi|                                                 gmem1|       pointer|
|m_axi_gmem1_AWREGION  |  out|    4|       m_axi|                                                 gmem1|       pointer|
|m_axi_gmem1_AWUSER    |  out|    1|       m_axi|                                                 gmem1|       pointer|
|m_axi_gmem1_WVALID    |  out|    1|       m_axi|                                                 gmem1|       pointer|
|m_axi_gmem1_WREADY    |   in|    1|       m_axi|                                                 gmem1|       pointer|
|m_axi_gmem1_WDATA     |  out|   32|       m_axi|                                                 gmem1|       pointer|
|m_axi_gmem1_WSTRB     |  out|    4|       m_axi|                                                 gmem1|       pointer|
|m_axi_gmem1_WLAST     |  out|    1|       m_axi|                                                 gmem1|       pointer|
|m_axi_gmem1_WID       |  out|    1|       m_axi|                                                 gmem1|       pointer|
|m_axi_gmem1_WUSER     |  out|    1|       m_axi|                                                 gmem1|       pointer|
|m_axi_gmem1_ARVALID   |  out|    1|       m_axi|                                                 gmem1|       pointer|
|m_axi_gmem1_ARREADY   |   in|    1|       m_axi|                                                 gmem1|       pointer|
|m_axi_gmem1_ARADDR    |  out|   64|       m_axi|                                                 gmem1|       pointer|
|m_axi_gmem1_ARID      |  out|    1|       m_axi|                                                 gmem1|       pointer|
|m_axi_gmem1_ARLEN     |  out|   32|       m_axi|                                                 gmem1|       pointer|
|m_axi_gmem1_ARSIZE    |  out|    3|       m_axi|                                                 gmem1|       pointer|
|m_axi_gmem1_ARBURST   |  out|    2|       m_axi|                                                 gmem1|       pointer|
|m_axi_gmem1_ARLOCK    |  out|    2|       m_axi|                                                 gmem1|       pointer|
|m_axi_gmem1_ARCACHE   |  out|    4|       m_axi|                                                 gmem1|       pointer|
|m_axi_gmem1_ARPROT    |  out|    3|       m_axi|                                                 gmem1|       pointer|
|m_axi_gmem1_ARQOS     |  out|    4|       m_axi|                                                 gmem1|       pointer|
|m_axi_gmem1_ARREGION  |  out|    4|       m_axi|                                                 gmem1|       pointer|
|m_axi_gmem1_ARUSER    |  out|    1|       m_axi|                                                 gmem1|       pointer|
|m_axi_gmem1_RVALID    |   in|    1|       m_axi|                                                 gmem1|       pointer|
|m_axi_gmem1_RREADY    |  out|    1|       m_axi|                                                 gmem1|       pointer|
|m_axi_gmem1_RDATA     |   in|   32|       m_axi|                                                 gmem1|       pointer|
|m_axi_gmem1_RLAST     |   in|    1|       m_axi|                                                 gmem1|       pointer|
|m_axi_gmem1_RID       |   in|    1|       m_axi|                                                 gmem1|       pointer|
|m_axi_gmem1_RFIFONUM  |   in|    9|       m_axi|                                                 gmem1|       pointer|
|m_axi_gmem1_RUSER     |   in|    1|       m_axi|                                                 gmem1|       pointer|
|m_axi_gmem1_RRESP     |   in|    2|       m_axi|                                                 gmem1|       pointer|
|m_axi_gmem1_BVALID    |   in|    1|       m_axi|                                                 gmem1|       pointer|
|m_axi_gmem1_BREADY    |  out|    1|       m_axi|                                                 gmem1|       pointer|
|m_axi_gmem1_BRESP     |   in|    2|       m_axi|                                                 gmem1|       pointer|
|m_axi_gmem1_BID       |   in|    1|       m_axi|                                                 gmem1|       pointer|
|m_axi_gmem1_BUSER     |   in|    1|       m_axi|                                                 gmem1|       pointer|
|m_axi_gmem2_AWVALID   |  out|    1|       m_axi|                                                 gmem2|       pointer|
|m_axi_gmem2_AWREADY   |   in|    1|       m_axi|                                                 gmem2|       pointer|
|m_axi_gmem2_AWADDR    |  out|   64|       m_axi|                                                 gmem2|       pointer|
|m_axi_gmem2_AWID      |  out|    1|       m_axi|                                                 gmem2|       pointer|
|m_axi_gmem2_AWLEN     |  out|   32|       m_axi|                                                 gmem2|       pointer|
|m_axi_gmem2_AWSIZE    |  out|    3|       m_axi|                                                 gmem2|       pointer|
|m_axi_gmem2_AWBURST   |  out|    2|       m_axi|                                                 gmem2|       pointer|
|m_axi_gmem2_AWLOCK    |  out|    2|       m_axi|                                                 gmem2|       pointer|
|m_axi_gmem2_AWCACHE   |  out|    4|       m_axi|                                                 gmem2|       pointer|
|m_axi_gmem2_AWPROT    |  out|    3|       m_axi|                                                 gmem2|       pointer|
|m_axi_gmem2_AWQOS     |  out|    4|       m_axi|                                                 gmem2|       pointer|
|m_axi_gmem2_AWREGION  |  out|    4|       m_axi|                                                 gmem2|       pointer|
|m_axi_gmem2_AWUSER    |  out|    1|       m_axi|                                                 gmem2|       pointer|
|m_axi_gmem2_WVALID    |  out|    1|       m_axi|                                                 gmem2|       pointer|
|m_axi_gmem2_WREADY    |   in|    1|       m_axi|                                                 gmem2|       pointer|
|m_axi_gmem2_WDATA     |  out|   32|       m_axi|                                                 gmem2|       pointer|
|m_axi_gmem2_WSTRB     |  out|    4|       m_axi|                                                 gmem2|       pointer|
|m_axi_gmem2_WLAST     |  out|    1|       m_axi|                                                 gmem2|       pointer|
|m_axi_gmem2_WID       |  out|    1|       m_axi|                                                 gmem2|       pointer|
|m_axi_gmem2_WUSER     |  out|    1|       m_axi|                                                 gmem2|       pointer|
|m_axi_gmem2_ARVALID   |  out|    1|       m_axi|                                                 gmem2|       pointer|
|m_axi_gmem2_ARREADY   |   in|    1|       m_axi|                                                 gmem2|       pointer|
|m_axi_gmem2_ARADDR    |  out|   64|       m_axi|                                                 gmem2|       pointer|
|m_axi_gmem2_ARID      |  out|    1|       m_axi|                                                 gmem2|       pointer|
|m_axi_gmem2_ARLEN     |  out|   32|       m_axi|                                                 gmem2|       pointer|
|m_axi_gmem2_ARSIZE    |  out|    3|       m_axi|                                                 gmem2|       pointer|
|m_axi_gmem2_ARBURST   |  out|    2|       m_axi|                                                 gmem2|       pointer|
|m_axi_gmem2_ARLOCK    |  out|    2|       m_axi|                                                 gmem2|       pointer|
|m_axi_gmem2_ARCACHE   |  out|    4|       m_axi|                                                 gmem2|       pointer|
|m_axi_gmem2_ARPROT    |  out|    3|       m_axi|                                                 gmem2|       pointer|
|m_axi_gmem2_ARQOS     |  out|    4|       m_axi|                                                 gmem2|       pointer|
|m_axi_gmem2_ARREGION  |  out|    4|       m_axi|                                                 gmem2|       pointer|
|m_axi_gmem2_ARUSER    |  out|    1|       m_axi|                                                 gmem2|       pointer|
|m_axi_gmem2_RVALID    |   in|    1|       m_axi|                                                 gmem2|       pointer|
|m_axi_gmem2_RREADY    |  out|    1|       m_axi|                                                 gmem2|       pointer|
|m_axi_gmem2_RDATA     |   in|   32|       m_axi|                                                 gmem2|       pointer|
|m_axi_gmem2_RLAST     |   in|    1|       m_axi|                                                 gmem2|       pointer|
|m_axi_gmem2_RID       |   in|    1|       m_axi|                                                 gmem2|       pointer|
|m_axi_gmem2_RFIFONUM  |   in|    9|       m_axi|                                                 gmem2|       pointer|
|m_axi_gmem2_RUSER     |   in|    1|       m_axi|                                                 gmem2|       pointer|
|m_axi_gmem2_RRESP     |   in|    2|       m_axi|                                                 gmem2|       pointer|
|m_axi_gmem2_BVALID    |   in|    1|       m_axi|                                                 gmem2|       pointer|
|m_axi_gmem2_BREADY    |  out|    1|       m_axi|                                                 gmem2|       pointer|
|m_axi_gmem2_BRESP     |   in|    2|       m_axi|                                                 gmem2|       pointer|
|m_axi_gmem2_BID       |   in|    1|       m_axi|                                                 gmem2|       pointer|
|m_axi_gmem2_BUSER     |   in|    1|       m_axi|                                                 gmem2|       pointer|
|d                     |   in|   32|     ap_none|                                                     d|        scalar|
|mul_ln87              |   in|   64|     ap_none|                                              mul_ln87|        scalar|
|Kbuf_address0         |  out|    6|   ap_memory|                                                  Kbuf|         array|
|Kbuf_ce0              |  out|    1|   ap_memory|                                                  Kbuf|         array|
|Kbuf_we0              |  out|    1|   ap_memory|                                                  Kbuf|         array|
|Kbuf_d0               |  out|   32|   ap_memory|                                                  Kbuf|         array|
|Kbuf_1_address0       |  out|    6|   ap_memory|                                                Kbuf_1|         array|
|Kbuf_1_ce0            |  out|    1|   ap_memory|                                                Kbuf_1|         array|
|Kbuf_1_we0            |  out|    1|   ap_memory|                                                Kbuf_1|         array|
|Kbuf_1_d0             |  out|   32|   ap_memory|                                                Kbuf_1|         array|
|Kbuf_2_address0       |  out|    6|   ap_memory|                                                Kbuf_2|         array|
|Kbuf_2_ce0            |  out|    1|   ap_memory|                                                Kbuf_2|         array|
|Kbuf_2_we0            |  out|    1|   ap_memory|                                                Kbuf_2|         array|
|Kbuf_2_d0             |  out|   32|   ap_memory|                                                Kbuf_2|         array|
|Kbuf_3_address0       |  out|    6|   ap_memory|                                                Kbuf_3|         array|
|Kbuf_3_ce0            |  out|    1|   ap_memory|                                                Kbuf_3|         array|
|Kbuf_3_we0            |  out|    1|   ap_memory|                                                Kbuf_3|         array|
|Kbuf_3_d0             |  out|   32|   ap_memory|                                                Kbuf_3|         array|
|Vbuf_address0         |  out|    6|   ap_memory|                                                  Vbuf|         array|
|Vbuf_ce0              |  out|    1|   ap_memory|                                                  Vbuf|         array|
|Vbuf_we0              |  out|    1|   ap_memory|                                                  Vbuf|         array|
|Vbuf_d0               |  out|   32|   ap_memory|                                                  Vbuf|         array|
|Vbuf_1_address0       |  out|    6|   ap_memory|                                                Vbuf_1|         array|
|Vbuf_1_ce0            |  out|    1|   ap_memory|                                                Vbuf_1|         array|
|Vbuf_1_we0            |  out|    1|   ap_memory|                                                Vbuf_1|         array|
|Vbuf_1_d0             |  out|   32|   ap_memory|                                                Vbuf_1|         array|
|Vbuf_2_address0       |  out|    6|   ap_memory|                                                Vbuf_2|         array|
|Vbuf_2_ce0            |  out|    1|   ap_memory|                                                Vbuf_2|         array|
|Vbuf_2_we0            |  out|    1|   ap_memory|                                                Vbuf_2|         array|
|Vbuf_2_d0             |  out|   32|   ap_memory|                                                Vbuf_2|         array|
|Vbuf_3_address0       |  out|    6|   ap_memory|                                                Vbuf_3|         array|
|Vbuf_3_ce0            |  out|    1|   ap_memory|                                                Vbuf_3|         array|
|Vbuf_3_we0            |  out|    1|   ap_memory|                                                Vbuf_3|         array|
|Vbuf_3_d0             |  out|   32|   ap_memory|                                                Vbuf_3|         array|
|zext_ln63             |   in|   31|     ap_none|                                             zext_ln63|        scalar|
|shl_ln92_1            |   in|   32|     ap_none|                                            shl_ln92_1|        scalar|
|V                     |   in|   64|     ap_none|                                                     V|        scalar|
|K                     |   in|   64|     ap_none|                                                     K|        scalar|
+----------------------+-----+-----+------------+------------------------------------------------------+--------------+

