

================================================================
== Vitis HLS Report for 'flash_attention_hls'
================================================================
* Date:           Tue May 12 12:33:25 2026

* Version:        2023.2 (Build 4023990 on Oct 11 2023)
* Project:        flash_attention_proj
* Solution:       solution1 (Vivado IP Flow Target)
* Product family: zynq
* Target device:  xc7z020-clg400-1


================================================================
== Performance Estimates
================================================================
+ Timing: 
    * Summary: 
    +--------+----------+----------+------------+
    |  Clock |  Target  | Estimated| Uncertainty|
    +--------+----------+----------+------------+
    |ap_clk  |  10.00 ns|  7.396 ns|     2.70 ns|
    +--------+----------+----------+------------+

+ Latency: 
    * Summary: 
    +---------+---------+----------+----------+-----+-----+---------+
    |  Latency (cycles) |  Latency (absolute) |  Interval | Pipeline|
    |   min   |   max   |    min   |    max   | min | max |   Type  |
    +---------+---------+----------+----------+-----+-----+---------+
    |        ?|        ?|         ?|         ?|    ?|    ?|       no|
    +---------+---------+----------+----------+-----+-----+---------+

    + Detail: 
        * Instance: 
        +-------------------------------------------------------------------+--------------------------------------------------------+---------+---------+----------+----------+-----+-----+---------+
        |                                                                   |                                                        |  Latency (cycles) |  Latency (absolute) |  Interval | Pipeline|
        |                              Instance                             |                         Module                         |   min   |   max   |    min   |    max   | min | max |   Type  |
        +-------------------------------------------------------------------+--------------------------------------------------------+---------+---------+----------+----------+-----+-----+---------+
        |grp_flash_attention_hls_Pipeline_LOAD_Q_VITIS_LOOP_69_1_fu_841     |flash_attention_hls_Pipeline_LOAD_Q_VITIS_LOOP_69_1     |        ?|        ?|         ?|         ?|    ?|    ?|       no|
        |grp_flash_attention_hls_Pipeline_VITIS_LOOP_80_2_fu_856            |flash_attention_hls_Pipeline_VITIS_LOOP_80_2            |        ?|        ?|         ?|         ?|    ?|    ?|       no|
        |grp_flash_attention_hls_Pipeline_LOAD_KV_VITIS_LOOP_93_3_fu_866    |flash_attention_hls_Pipeline_LOAD_KV_VITIS_LOOP_93_3    |        ?|        ?|         ?|         ?|    ?|    ?|       no|
        |grp_flash_attention_hls_Pipeline_SCORE_LOOP_I_SCORE_LOOP_J_fu_888  |flash_attention_hls_Pipeline_SCORE_LOOP_I_SCORE_LOOP_J  |        ?|        ?|         ?|         ?|    ?|    ?|       no|
        |grp_flash_attention_hls_Pipeline_VITIS_LOOP_162_4_fu_940           |flash_attention_hls_Pipeline_VITIS_LOOP_162_4           |       20|       20|  0.200 us|  0.200 us|   20|   20|       no|
        |grp_flash_attention_hls_Pipeline_UPDATE_ACC_fu_955                 |flash_attention_hls_Pipeline_UPDATE_ACC                 |       36|       36|  0.360 us|  0.360 us|   36|   36|       no|
        |grp_flash_attention_hls_Pipeline_STORE_O_VITIS_LOOP_190_5_fu_971   |flash_attention_hls_Pipeline_STORE_O_VITIS_LOOP_190_5   |        ?|        ?|         ?|         ?|    ?|    ?|       no|
        +-------------------------------------------------------------------+--------------------------------------------------------+---------+---------+----------+----------+-----+-----+---------+

        * Loop: 
        +--------------------+---------+---------+----------+-----------+-----------+---------------+----------+
        |                    |  Latency (cycles) | Iteration|  Initiation Interval  |      Trip     |          |
        |      Loop Name     |   min   |   max   |  Latency |  achieved |   target  |     Count     | Pipelined|
        +--------------------+---------+---------+----------+-----------+-----------+---------------+----------+
        |- Q_TILE_LOOP       |        ?|        ?|         ?|          -|          -|  1 ~ 536870912|        no|
        | + INIT_STATE       |        ?|        ?|         ?|          -|          -|          1 ~ ?|        no|
        | + K_TILE_LOOP      |        ?|        ?|         ?|          -|          -|  1 ~ 536870912|        no|
        |  ++ UPDATE_LOOP_I  |        ?|        ?|         ?|          -|          -|          1 ~ ?|        no|
        |   +++ EXP_ACCUM    |        ?|        ?|        42|          -|          -|              ?|        no|
        +--------------------+---------+---------+----------+-----------+-----------+---------------+----------+



================================================================
== Utilization Estimates
================================================================
* Summary: 
+-----------------+---------+-----+--------+-------+-----+
|       Name      | BRAM_18K| DSP |   FF   |  LUT  | URAM|
+-----------------+---------+-----+--------+-------+-----+
|DSP              |        -|    -|       -|      -|    -|
|Expression       |        -|    -|       0|   3577|    -|
|FIFO             |        -|    -|       -|      -|    -|
|Instance         |       16|  178|   29330|  34440|    -|
|Memory           |      125|    -|     320|     24|    0|
|Multiplexer      |        -|    -|       -|   3449|    -|
|Register         |        -|    -|    2018|      -|    -|
+-----------------+---------+-----+--------+-------+-----+
|Total            |      141|  178|   31668|  41490|    0|
+-----------------+---------+-----+--------+-------+-----+
|Available        |      280|  220|  106400|  53200|    0|
+-----------------+---------+-----+--------+-------+-----+
|Utilization (%)  |       50|   80|      29|     77|    0|
+-----------------+---------+-----+--------+-------+-----+

+ Detail: 
    * Instance: 
    +-------------------------------------------------------------------+--------------------------------------------------------+---------+-----+-------+-------+-----+
    |                              Instance                             |                         Module                         | BRAM_18K| DSP |   FF  |  LUT  | URAM|
    +-------------------------------------------------------------------+--------------------------------------------------------+---------+-----+-------+-------+-----+
    |ctrl_s_axi_U                                                       |ctrl_s_axi                                              |        0|    0|    430|    744|    0|
    |fadd_32ns_32ns_32_5_full_dsp_1_U212                                |fadd_32ns_32ns_32_5_full_dsp_1                          |        0|    2|    205|    390|    0|
    |fadd_32ns_32ns_32_5_full_dsp_1_U213                                |fadd_32ns_32ns_32_5_full_dsp_1                          |        0|    2|    205|    390|    0|
    |fadd_32ns_32ns_32_5_full_dsp_1_U214                                |fadd_32ns_32ns_32_5_full_dsp_1                          |        0|    2|    205|    390|    0|
    |fadd_32ns_32ns_32_5_full_dsp_1_U215                                |fadd_32ns_32ns_32_5_full_dsp_1                          |        0|    2|    205|    390|    0|
    |faddfsub_32ns_32ns_32_5_full_dsp_1_U203                            |faddfsub_32ns_32ns_32_5_full_dsp_1                      |        0|    2|    205|    390|    0|
    |fcmp_32ns_32ns_1_2_no_dsp_1_U207                                   |fcmp_32ns_32ns_1_2_no_dsp_1                             |        0|    0|      0|      0|    0|
    |fdiv_32ns_32ns_32_16_no_dsp_1_U205                                 |fdiv_32ns_32ns_32_16_no_dsp_1                           |        0|    0|      0|      0|    0|
    |fexp_32ns_32ns_32_10_full_dsp_1_U209                               |fexp_32ns_32ns_32_10_full_dsp_1                         |        0|    7|    317|    918|    0|
    |grp_flash_attention_hls_Pipeline_LOAD_KV_VITIS_LOOP_93_3_fu_866    |flash_attention_hls_Pipeline_LOAD_KV_VITIS_LOOP_93_3    |        0|    0|    603|    721|    0|
    |grp_flash_attention_hls_Pipeline_LOAD_Q_VITIS_LOOP_69_1_fu_841     |flash_attention_hls_Pipeline_LOAD_Q_VITIS_LOOP_69_1     |        0|    0|    506|    628|    0|
    |grp_flash_attention_hls_Pipeline_SCORE_LOOP_I_SCORE_LOOP_J_fu_888  |flash_attention_hls_Pipeline_SCORE_LOOP_I_SCORE_LOOP_J  |        0|  141|  19394|  23433|    0|
    |grp_flash_attention_hls_Pipeline_STORE_O_VITIS_LOOP_190_5_fu_971   |flash_attention_hls_Pipeline_STORE_O_VITIS_LOOP_190_5   |        0|    0|    356|    586|    0|
    |grp_flash_attention_hls_Pipeline_UPDATE_ACC_fu_955                 |flash_attention_hls_Pipeline_UPDATE_ACC                 |        0|    0|   1308|    511|    0|
    |grp_flash_attention_hls_Pipeline_VITIS_LOOP_162_4_fu_940           |flash_attention_hls_Pipeline_VITIS_LOOP_162_4           |        0|    0|   1136|    511|    0|
    |grp_flash_attention_hls_Pipeline_VITIS_LOOP_80_2_fu_856            |flash_attention_hls_Pipeline_VITIS_LOOP_80_2            |        0|    0|     33|    118|    0|
    |fmul_32ns_32ns_32_4_max_dsp_1_U204                                 |fmul_32ns_32ns_32_4_max_dsp_1                           |        0|    3|    143|    321|    0|
    |fmul_32ns_32ns_32_4_max_dsp_1_U216                                 |fmul_32ns_32ns_32_4_max_dsp_1                           |        0|    3|    143|    321|    0|
    |fmul_32ns_32ns_32_4_max_dsp_1_U217                                 |fmul_32ns_32ns_32_4_max_dsp_1                           |        0|    3|    143|    321|    0|
    |fmul_32ns_32ns_32_4_max_dsp_1_U218                                 |fmul_32ns_32ns_32_4_max_dsp_1                           |        0|    3|    143|    321|    0|
    |fsqrt_32ns_32ns_32_16_no_dsp_1_U208                                |fsqrt_32ns_32ns_32_16_no_dsp_1                          |        0|    0|      0|      0|    0|
    |gmem0_m_axi_U                                                      |gmem0_m_axi                                             |        4|    0|    830|    734|    0|
    |gmem1_m_axi_U                                                      |gmem1_m_axi                                             |        4|    0|    830|    734|    0|
    |gmem2_m_axi_U                                                      |gmem2_m_axi                                             |        4|    0|    830|    734|    0|
    |gmem3_m_axi_U                                                      |gmem3_m_axi                                             |        4|    0|    830|    734|    0|
    |mul_32ns_32ns_63_2_1_U210                                          |mul_32ns_32ns_63_2_1                                    |        0|    4|    165|     50|    0|
    |mul_32ns_32ns_64_2_1_U211                                          |mul_32ns_32ns_64_2_1                                    |        0|    4|    165|     50|    0|
    |sitofp_32ns_32_6_no_dsp_1_U206                                     |sitofp_32ns_32_6_no_dsp_1                               |        0|    0|      0|      0|    0|
    +-------------------------------------------------------------------+--------------------------------------------------------+---------+-----+-------+-------+-----+
    |Total                                                              |                                                        |       16|  178|  29330|  34440|    0|
    +-------------------------------------------------------------------+--------------------------------------------------------+---------+-----+-------+-------+-----+

    * DSP: 
    N/A

    * Memory: 
    +--------------+-------------------------+---------+----+----+-----+------+-----+------+-------------+
    |    Memory    |          Module         | BRAM_18K| FF | LUT| URAM| Words| Bits| Banks| W*Bits*Banks|
    +--------------+-------------------------+---------+----+----+-----+------+-----+------+-------------+
    |Qbuf_U        |Qbuf_RAM_1WNR_AUTO_1R1W  |       14|   0|   0|    0|    64|   32|     1|         2048|
    |Qbuf_1_U      |Qbuf_RAM_1WNR_AUTO_1R1W  |       14|   0|   0|    0|    64|   32|     1|         2048|
    |Qbuf_2_U      |Qbuf_RAM_1WNR_AUTO_1R1W  |       14|   0|   0|    0|    64|   32|     1|         2048|
    |Qbuf_3_U      |Qbuf_RAM_1WNR_AUTO_1R1W  |       14|   0|   0|    0|    64|   32|     1|         2048|
    |Kbuf_U        |Qbuf_RAM_1WNR_AUTO_1R1W  |       14|   0|   0|    0|    64|   32|     1|         2048|
    |Kbuf_1_U      |Qbuf_RAM_1WNR_AUTO_1R1W  |       14|   0|   0|    0|    64|   32|     1|         2048|
    |Kbuf_2_U      |Qbuf_RAM_1WNR_AUTO_1R1W  |       14|   0|   0|    0|    64|   32|     1|         2048|
    |Kbuf_3_U      |Qbuf_RAM_1WNR_AUTO_1R1W  |       14|   0|   0|    0|    64|   32|     1|         2048|
    |Vbuf_U        |Vbuf_RAM_AUTO_1R1W       |        1|   0|   0|    0|    64|   32|     1|         2048|
    |Vbuf_1_U      |Vbuf_RAM_AUTO_1R1W       |        1|   0|   0|    0|    64|   32|     1|         2048|
    |Vbuf_2_U      |Vbuf_RAM_AUTO_1R1W       |        1|   0|   0|    0|    64|   32|     1|         2048|
    |Vbuf_3_U      |Vbuf_RAM_AUTO_1R1W       |        1|   0|   0|    0|    64|   32|     1|         2048|
    |scores_U      |Vbuf_RAM_AUTO_1R1W       |        1|   0|   0|    0|    64|   32|     1|         2048|
    |acc_U         |acc_RAM_AUTO_1R1W        |        2|   0|   0|    0|    64|   32|     1|         2048|
    |acc_1_U       |acc_RAM_AUTO_1R1W        |        2|   0|   0|    0|    64|   32|     1|         2048|
    |acc_2_U       |acc_RAM_AUTO_1R1W        |        2|   0|   0|    0|    64|   32|     1|         2048|
    |acc_3_U       |acc_RAM_AUTO_1R1W        |        2|   0|   0|    0|    64|   32|     1|         2048|
    |m_U           |m_RAM_AUTO_1R1W          |        0|  32|   4|    0|     8|   32|     1|          256|
    |l_U           |m_RAM_AUTO_1R1W          |        0|  32|   4|    0|     8|   32|     1|          256|
    |weighted_U    |weighted_RAM_AUTO_1R1W   |        0|  64|   4|    0|     8|   32|     1|          256|
    |weighted_1_U  |weighted_RAM_AUTO_1R1W   |        0|  64|   4|    0|     8|   32|     1|          256|
    |weighted_2_U  |weighted_RAM_AUTO_1R1W   |        0|  64|   4|    0|     8|   32|     1|          256|
    |weighted_3_U  |weighted_RAM_AUTO_1R1W   |        0|  64|   4|    0|     8|   32|     1|          256|
    +--------------+-------------------------+---------+----+----+-----+------+-----+------+-------------+
    |Total         |                         |      125| 320|  24|    0|  1136|  736|    23|        36352|
    +--------------+-------------------------+---------+----+----+-----+------+-----+------+-------------+

    * FIFO: 
    N/A

    * Expression: 
    +--------------------------+----------+----+---+----+------------+------------+
    |       Variable Name      | Operation| DSP| FF| LUT| Bitwidth P0| Bitwidth P1|
    +--------------------------+----------+----+---+----+------------+------------+
    |add_ln132_fu_1596_p2      |         +|   0|  0|  13|           4|           1|
    |add_ln159_fu_2511_p2      |         +|   0|  0|  38|          31|           1|
    |add_ln160_fu_2521_p2      |         +|   0|  0|  14|           6|           6|
    |add_ln63_1_fu_1308_p2     |         +|   0|  0|  36|          29|           1|
    |add_ln63_2_fu_1345_p2     |         +|   0|  0|  36|          29|           1|
    |add_ln63_fu_1288_p2       |         +|   0|  0|  38|          31|           2|
    |add_ln64_fu_1355_p2       |         +|   0|  0|  39|          32|           4|
    |add_ln77_fu_1416_p2       |         +|   0|  0|  13|           4|           1|
    |add_ln87_fu_1447_p2       |         +|   0|  0|  36|          29|           1|
    |add_ln88_fu_1453_p2       |         +|   0|  0|  39|          32|           4|
    |sub_ln64_fu_1374_p2       |         -|   0|  0|  39|          32|          32|
    |sub_ln88_fu_1472_p2       |         -|   0|  0|  39|          32|          32|
    |and_ln139_10_fu_1983_p2   |       and|   0|  0|   2|           1|           1|
    |and_ln139_11_fu_2076_p2   |       and|   0|  0|   2|           1|           1|
    |and_ln139_12_fu_2082_p2   |       and|   0|  0|   2|           1|           1|
    |and_ln139_13_fu_2088_p2   |       and|   0|  0|   2|           1|           1|
    |and_ln139_14_fu_2181_p2   |       and|   0|  0|   2|           1|           1|
    |and_ln139_15_fu_2187_p2   |       and|   0|  0|   2|           1|           1|
    |and_ln139_16_fu_2193_p2   |       and|   0|  0|   2|           1|           1|
    |and_ln139_17_fu_2286_p2   |       and|   0|  0|   2|           1|           1|
    |and_ln139_18_fu_2292_p2   |       and|   0|  0|   2|           1|           1|
    |and_ln139_19_fu_2298_p2   |       and|   0|  0|   2|           1|           1|
    |and_ln139_1_fu_1667_p2    |       and|   0|  0|   2|           1|           1|
    |and_ln139_20_fu_2386_p2   |       and|   0|  0|   2|           1|           1|
    |and_ln139_21_fu_2392_p2   |       and|   0|  0|   2|           1|           1|
    |and_ln139_22_fu_2398_p2   |       and|   0|  0|   2|           1|           1|
    |and_ln139_2_fu_1761_p2    |       and|   0|  0|   2|           1|           1|
    |and_ln139_3_fu_1767_p2    |       and|   0|  0|   2|           1|           1|
    |and_ln139_4_fu_1773_p2    |       and|   0|  0|   2|           1|           1|
    |and_ln139_5_fu_1866_p2    |       and|   0|  0|   2|           1|           1|
    |and_ln139_6_fu_1872_p2    |       and|   0|  0|   2|           1|           1|
    |and_ln139_7_fu_1878_p2    |       and|   0|  0|   2|           1|           1|
    |and_ln139_8_fu_1971_p2    |       and|   0|  0|   2|           1|           1|
    |and_ln139_9_fu_1977_p2    |       and|   0|  0|   2|           1|           1|
    |and_ln139_fu_1661_p2      |       and|   0|  0|   2|           1|           1|
    |and_ln143_1_fu_2486_p2    |       and|   0|  0|   2|           1|           1|
    |and_ln143_fu_2480_p2      |       and|   0|  0|   2|           1|           1|
    |cmp102_10_fu_1158_p2      |      icmp|   0|  0|  39|          32|           4|
    |cmp102_11_fu_1163_p2      |      icmp|   0|  0|  39|          32|           4|
    |cmp102_12_fu_1168_p2      |      icmp|   0|  0|  39|          32|           4|
    |cmp102_13_fu_1173_p2      |      icmp|   0|  0|  39|          32|           4|
    |cmp102_14_fu_1178_p2      |      icmp|   0|  0|  39|          32|           4|
    |cmp102_16_fu_1198_p2      |      icmp|   0|  0|  39|          32|           5|
    |cmp102_17_fu_1203_p2      |      icmp|   0|  0|  39|          32|           5|
    |cmp102_18_fu_1208_p2      |      icmp|   0|  0|  39|          32|           5|
    |cmp102_19_fu_1213_p2      |      icmp|   0|  0|  39|          32|           5|
    |cmp102_20_fu_1218_p2      |      icmp|   0|  0|  39|          32|           5|
    |cmp102_21_fu_1223_p2      |      icmp|   0|  0|  39|          32|           5|
    |cmp102_22_fu_1228_p2      |      icmp|   0|  0|  39|          32|           5|
    |cmp102_23_fu_1233_p2      |      icmp|   0|  0|  39|          32|           5|
    |cmp102_24_fu_1238_p2      |      icmp|   0|  0|  39|          32|           5|
    |cmp102_25_fu_1243_p2      |      icmp|   0|  0|  39|          32|           5|
    |cmp102_26_fu_1248_p2      |      icmp|   0|  0|  39|          32|           5|
    |cmp102_27_fu_1253_p2      |      icmp|   0|  0|  39|          32|           5|
    |cmp102_28_fu_1258_p2      |      icmp|   0|  0|  39|          32|           5|
    |cmp102_29_fu_1263_p2      |      icmp|   0|  0|  39|          32|           5|
    |cmp102_2_fu_1098_p2       |      icmp|   0|  0|  39|          32|           2|
    |cmp102_30_fu_1268_p2      |      icmp|   0|  0|  39|          32|           5|
    |cmp102_4_fu_1118_p2       |      icmp|   0|  0|  39|          32|           3|
    |cmp102_5_fu_1123_p2       |      icmp|   0|  0|  39|          32|           3|
    |cmp102_6_fu_1128_p2       |      icmp|   0|  0|  39|          32|           3|
    |cmp102_8_fu_1148_p2       |      icmp|   0|  0|  39|          32|           4|
    |cmp102_9_fu_1153_p2       |      icmp|   0|  0|  39|          32|           4|
    |cmp142_2_fu_1533_p2       |      icmp|   0|  0|  39|          32|           2|
    |cmp142_4_fu_1553_p2       |      icmp|   0|  0|  39|          32|           3|
    |cmp142_5_fu_1558_p2       |      icmp|   0|  0|  39|          32|           3|
    |cmp142_6_fu_1563_p2       |      icmp|   0|  0|  39|          32|           3|
    |cmp715_fu_1075_p2         |      icmp|   0|  0|  39|          32|           1|
    |icmp49_fu_1112_p2         |      icmp|   0|  0|  37|          30|           1|
    |icmp52_fu_1142_p2         |      icmp|   0|  0|  36|          29|           1|
    |icmp55_fu_1192_p2         |      icmp|   0|  0|  35|          28|           1|
    |icmp58_fu_1282_p2         |      icmp|   0|  0|  34|          27|           1|
    |icmp61_fu_1527_p2         |      icmp|   0|  0|  38|          31|           1|
    |icmp64_fu_1547_p2         |      icmp|   0|  0|  37|          30|           1|
    |icmp67_fu_1577_p2         |      icmp|   0|  0|  36|          29|           1|
    |icmp_fu_1092_p2           |      icmp|   0|  0|  38|          31|           1|
    |icmp_ln132_fu_1591_p2     |      icmp|   0|  0|  39|          32|          32|
    |icmp_ln139_10_fu_1935_p2  |      icmp|   0|  0|  15|           8|           2|
    |icmp_ln139_11_fu_1941_p2  |      icmp|   0|  0|  30|          23|           1|
    |icmp_ln139_12_fu_1953_p2  |      icmp|   0|  0|  15|           8|           2|
    |icmp_ln139_13_fu_1959_p2  |      icmp|   0|  0|  30|          23|           1|
    |icmp_ln139_14_fu_2040_p2  |      icmp|   0|  0|  15|           8|           2|
    |icmp_ln139_15_fu_2046_p2  |      icmp|   0|  0|  30|          23|           1|
    |icmp_ln139_16_fu_2058_p2  |      icmp|   0|  0|  15|           8|           2|
    |icmp_ln139_17_fu_2064_p2  |      icmp|   0|  0|  30|          23|           1|
    |icmp_ln139_18_fu_2145_p2  |      icmp|   0|  0|  15|           8|           2|
    |icmp_ln139_19_fu_2151_p2  |      icmp|   0|  0|  30|          23|           1|
    |icmp_ln139_1_fu_1649_p2   |      icmp|   0|  0|  30|          23|           1|
    |icmp_ln139_20_fu_2163_p2  |      icmp|   0|  0|  15|           8|           2|
    |icmp_ln139_21_fu_2169_p2  |      icmp|   0|  0|  30|          23|           1|
    |icmp_ln139_22_fu_2250_p2  |      icmp|   0|  0|  15|           8|           2|
    |icmp_ln139_23_fu_2256_p2  |      icmp|   0|  0|  30|          23|           1|
    |icmp_ln139_24_fu_2268_p2  |      icmp|   0|  0|  15|           8|           2|
    |icmp_ln139_25_fu_2274_p2  |      icmp|   0|  0|  30|          23|           1|
    |icmp_ln139_26_fu_2350_p2  |      icmp|   0|  0|  15|           8|           2|
    |icmp_ln139_27_fu_2356_p2  |      icmp|   0|  0|  30|          23|           1|
    |icmp_ln139_28_fu_2368_p2  |      icmp|   0|  0|  15|           8|           2|
    |icmp_ln139_29_fu_2374_p2  |      icmp|   0|  0|  30|          23|           1|
    |icmp_ln139_2_fu_1725_p2   |      icmp|   0|  0|  15|           8|           2|
    |icmp_ln139_3_fu_1731_p2   |      icmp|   0|  0|  30|          23|           1|
    |icmp_ln139_4_fu_1743_p2   |      icmp|   0|  0|  15|           8|           2|
    |icmp_ln139_5_fu_1749_p2   |      icmp|   0|  0|  30|          23|           1|
    |icmp_ln139_6_fu_1830_p2   |      icmp|   0|  0|  15|           8|           2|
    |icmp_ln139_7_fu_1836_p2   |      icmp|   0|  0|  30|          23|           1|
    |icmp_ln139_8_fu_1848_p2   |      icmp|   0|  0|  15|           8|           2|
    |icmp_ln139_9_fu_1854_p2   |      icmp|   0|  0|  30|          23|           1|
    |icmp_ln139_fu_1643_p2     |      icmp|   0|  0|  15|           8|           2|
    |icmp_ln143_1_fu_2450_p2   |      icmp|   0|  0|  30|          23|           1|
    |icmp_ln143_2_fu_2462_p2   |      icmp|   0|  0|  15|           8|           2|
    |icmp_ln143_3_fu_2468_p2   |      icmp|   0|  0|  30|          23|           1|
    |icmp_ln143_fu_2444_p2     |      icmp|   0|  0|  15|           8|           2|
    |icmp_ln159_fu_2506_p2     |      icmp|   0|  0|  39|          32|          32|
    |icmp_ln63_fu_1070_p2      |      icmp|   0|  0|  39|          32|           1|
    |icmp_ln64_1_fu_1361_p2    |      icmp|   0|  0|  39|          32|          32|
    |icmp_ln64_fu_1340_p2      |      icmp|   0|  0|  36|          29|          29|
    |icmp_ln68_fu_1394_p2      |      icmp|   0|  0|  39|          32|           1|
    |icmp_ln77_fu_1411_p2      |      icmp|   0|  0|  39|          32|          32|
    |icmp_ln88_1_fu_1459_p2    |      icmp|   0|  0|  39|          32|          32|
    |icmp_ln88_fu_1442_p2      |      icmp|   0|  0|  36|          29|          29|
    |icmp_ln92_fu_1509_p2      |      icmp|   0|  0|  39|          32|           1|
    |tobool_fu_1064_p2         |      icmp|   0|  0|  39|          32|           1|
    |or_ln139_10_fu_2175_p2    |        or|   0|  0|   2|           1|           1|
    |or_ln139_11_fu_2262_p2    |        or|   0|  0|   2|           1|           1|
    |or_ln139_12_fu_2280_p2    |        or|   0|  0|   2|           1|           1|
    |or_ln139_13_fu_2362_p2    |        or|   0|  0|   2|           1|           1|
    |or_ln139_14_fu_2380_p2    |        or|   0|  0|   2|           1|           1|
    |or_ln139_15_fu_1615_p2    |        or|   0|  0|   6|           6|           1|
    |or_ln139_16_fu_1680_p2    |        or|   0|  0|   6|           6|           2|
    |or_ln139_17_fu_1785_p2    |        or|   0|  0|   6|           6|           2|
    |or_ln139_18_fu_1890_p2    |        or|   0|  0|   6|           6|           3|
    |or_ln139_19_fu_1995_p2    |        or|   0|  0|   6|           6|           3|
    |or_ln139_1_fu_1737_p2     |        or|   0|  0|   2|           1|           1|
    |or_ln139_20_fu_2100_p2    |        or|   0|  0|   6|           6|           3|
    |or_ln139_21_fu_2205_p2    |        or|   0|  0|   6|           6|           3|
    |or_ln139_2_fu_1755_p2     |        or|   0|  0|   2|           1|           1|
    |or_ln139_3_fu_1842_p2     |        or|   0|  0|   2|           1|           1|
    |or_ln139_4_fu_1860_p2     |        or|   0|  0|   2|           1|           1|
    |or_ln139_5_fu_1947_p2     |        or|   0|  0|   2|           1|           1|
    |or_ln139_6_fu_1965_p2     |        or|   0|  0|   2|           1|           1|
    |or_ln139_7_fu_2052_p2     |        or|   0|  0|   2|           1|           1|
    |or_ln139_8_fu_2070_p2     |        or|   0|  0|   2|           1|           1|
    |or_ln139_9_fu_2157_p2     |        or|   0|  0|   2|           1|           1|
    |or_ln139_fu_1655_p2       |        or|   0|  0|   2|           1|           1|
    |or_ln143_1_fu_2474_p2     |        or|   0|  0|   2|           1|           1|
    |or_ln143_fu_2456_p2       |        or|   0|  0|   2|           1|           1|
    |empty_39_fu_1314_p3       |    select|   0|  0|  31|           1|          31|
    |k_lim_fu_1477_p3          |    select|   0|  0|  32|           1|           4|
    |m_new_fu_2492_p3          |    select|   0|  0|  32|           1|          32|
    |q_lim_fu_1379_p3          |    select|   0|  0|  32|           1|           4|
    |tile_max_11_fu_2198_p3    |    select|   0|  0|  32|           1|          32|
    |tile_max_13_fu_2303_p3    |    select|   0|  0|  32|           1|          32|
    |tile_max_15_fu_2403_p3    |    select|   0|  0|  32|           1|          32|
    |tile_max_1_fu_1672_p3     |    select|   0|  0|  32|           1|          32|
    |tile_max_3_fu_1778_p3     |    select|   0|  0|  32|           1|          32|
    |tile_max_5_fu_1883_p3     |    select|   0|  0|  32|           1|          32|
    |tile_max_7_fu_1988_p3     |    select|   0|  0|  32|           1|          32|
    |tile_max_9_fu_2093_p3     |    select|   0|  0|  32|           1|          32|
    +--------------------------+----------+----+---+----+------------+------------+
    |Total                     |          |   0|  0|3577|        2487|         879|
    +--------------------------+----------+----+---+----+------------+------------+

    * Multiplexer: 
    +---------------------+-----+-----------+-----+-----------+
    |         Name        | LUT | Input Size| Bits| Total Bits|
    +---------------------+-----+-----------+-----+-----------+
    |Kbuf_1_address0      |   14|          3|    6|         18|
    |Kbuf_1_ce0           |   14|          3|    1|          3|
    |Kbuf_1_ce1           |    9|          2|    1|          2|
    |Kbuf_1_ce2           |    9|          2|    1|          2|
    |Kbuf_1_ce3           |    9|          2|    1|          2|
    |Kbuf_1_ce4           |    9|          2|    1|          2|
    |Kbuf_1_ce5           |    9|          2|    1|          2|
    |Kbuf_1_ce6           |    9|          2|    1|          2|
    |Kbuf_1_ce7           |    9|          2|    1|          2|
    |Kbuf_1_we0           |    9|          2|    1|          2|
    |Kbuf_2_address0      |   14|          3|    6|         18|
    |Kbuf_2_ce0           |   14|          3|    1|          3|
    |Kbuf_2_ce1           |    9|          2|    1|          2|
    |Kbuf_2_ce2           |    9|          2|    1|          2|
    |Kbuf_2_ce3           |    9|          2|    1|          2|
    |Kbuf_2_ce4           |    9|          2|    1|          2|
    |Kbuf_2_ce5           |    9|          2|    1|          2|
    |Kbuf_2_ce6           |    9|          2|    1|          2|
    |Kbuf_2_ce7           |    9|          2|    1|          2|
    |Kbuf_2_we0           |    9|          2|    1|          2|
    |Kbuf_3_address0      |   14|          3|    6|         18|
    |Kbuf_3_ce0           |   14|          3|    1|          3|
    |Kbuf_3_ce1           |    9|          2|    1|          2|
    |Kbuf_3_ce2           |    9|          2|    1|          2|
    |Kbuf_3_ce3           |    9|          2|    1|          2|
    |Kbuf_3_ce4           |    9|          2|    1|          2|
    |Kbuf_3_ce5           |    9|          2|    1|          2|
    |Kbuf_3_ce6           |    9|          2|    1|          2|
    |Kbuf_3_ce7           |    9|          2|    1|          2|
    |Kbuf_3_we0           |    9|          2|    1|          2|
    |Kbuf_address0        |   14|          3|    6|         18|
    |Kbuf_ce0             |   14|          3|    1|          3|
    |Kbuf_ce1             |    9|          2|    1|          2|
    |Kbuf_ce2             |    9|          2|    1|          2|
    |Kbuf_ce3             |    9|          2|    1|          2|
    |Kbuf_ce4             |    9|          2|    1|          2|
    |Kbuf_ce5             |    9|          2|    1|          2|
    |Kbuf_ce6             |    9|          2|    1|          2|
    |Kbuf_ce7             |    9|          2|    1|          2|
    |Kbuf_we0             |    9|          2|    1|          2|
    |Qbuf_1_address0      |   14|          3|    6|         18|
    |Qbuf_1_ce0           |   14|          3|    1|          3|
    |Qbuf_1_ce1           |    9|          2|    1|          2|
    |Qbuf_1_ce2           |    9|          2|    1|          2|
    |Qbuf_1_ce3           |    9|          2|    1|          2|
    |Qbuf_1_ce4           |    9|          2|    1|          2|
    |Qbuf_1_ce5           |    9|          2|    1|          2|
    |Qbuf_1_ce6           |    9|          2|    1|          2|
    |Qbuf_1_ce7           |    9|          2|    1|          2|
    |Qbuf_1_we0           |    9|          2|    1|          2|
    |Qbuf_2_address0      |   14|          3|    6|         18|
    |Qbuf_2_ce0           |   14|          3|    1|          3|
    |Qbuf_2_ce1           |    9|          2|    1|          2|
    |Qbuf_2_ce2           |    9|          2|    1|          2|
    |Qbuf_2_ce3           |    9|          2|    1|          2|
    |Qbuf_2_ce4           |    9|          2|    1|          2|
    |Qbuf_2_ce5           |    9|          2|    1|          2|
    |Qbuf_2_ce6           |    9|          2|    1|          2|
    |Qbuf_2_ce7           |    9|          2|    1|          2|
    |Qbuf_2_we0           |    9|          2|    1|          2|
    |Qbuf_3_address0      |   14|          3|    6|         18|
    |Qbuf_3_ce0           |   14|          3|    1|          3|
    |Qbuf_3_ce1           |    9|          2|    1|          2|
    |Qbuf_3_ce2           |    9|          2|    1|          2|
    |Qbuf_3_ce3           |    9|          2|    1|          2|
    |Qbuf_3_ce4           |    9|          2|    1|          2|
    |Qbuf_3_ce5           |    9|          2|    1|          2|
    |Qbuf_3_ce6           |    9|          2|    1|          2|
    |Qbuf_3_ce7           |    9|          2|    1|          2|
    |Qbuf_3_we0           |    9|          2|    1|          2|
    |Qbuf_address0        |   14|          3|    6|         18|
    |Qbuf_ce0             |   14|          3|    1|          3|
    |Qbuf_ce1             |    9|          2|    1|          2|
    |Qbuf_ce2             |    9|          2|    1|          2|
    |Qbuf_ce3             |    9|          2|    1|          2|
    |Qbuf_ce4             |    9|          2|    1|          2|
    |Qbuf_ce5             |    9|          2|    1|          2|
    |Qbuf_ce6             |    9|          2|    1|          2|
    |Qbuf_ce7             |    9|          2|    1|          2|
    |Qbuf_we0             |    9|          2|    1|          2|
    |Vbuf_1_address0      |   14|          3|    6|         18|
    |Vbuf_1_ce0           |   14|          3|    1|          3|
    |Vbuf_1_we0           |    9|          2|    1|          2|
    |Vbuf_2_address0      |   14|          3|    6|         18|
    |Vbuf_2_ce0           |   14|          3|    1|          3|
    |Vbuf_2_we0           |    9|          2|    1|          2|
    |Vbuf_3_address0      |   14|          3|    6|         18|
    |Vbuf_3_ce0           |   14|          3|    1|          3|
    |Vbuf_3_we0           |    9|          2|    1|          2|
    |Vbuf_address0        |   14|          3|    6|         18|
    |Vbuf_ce0             |   14|          3|    1|          3|
    |Vbuf_we0             |    9|          2|    1|          2|
    |acc_1_address0       |   20|          4|    6|         24|
    |acc_1_ce0            |   20|          4|    1|          4|
    |acc_1_ce1            |    9|          2|    1|          2|
    |acc_1_d0             |   14|          3|   32|         96|
    |acc_1_we0            |   14|          3|    1|          3|
    |acc_2_address0       |   20|          4|    6|         24|
    |acc_2_ce0            |   20|          4|    1|          4|
    |acc_2_ce1            |    9|          2|    1|          2|
    |acc_2_d0             |   14|          3|   32|         96|
    |acc_2_we0            |   14|          3|    1|          3|
    |acc_3_address0       |   20|          4|    6|         24|
    |acc_3_ce0            |   20|          4|    1|          4|
    |acc_3_ce1            |    9|          2|    1|          2|
    |acc_3_d0             |   14|          3|   32|         96|
    |acc_3_we0            |   14|          3|    1|          3|
    |acc_address0         |   20|          4|    6|         24|
    |acc_ce0              |   20|          4|    1|          4|
    |acc_ce1              |    9|          2|    1|          2|
    |acc_d0               |   14|          3|   32|         96|
    |acc_we0              |   14|          3|    1|          3|
    |ap_NS_fsm            |  644|        124|    1|        124|
    |exp_sum_reg_829      |    9|          2|   32|         64|
    |gmem0_ARVALID        |    9|          2|    1|          2|
    |gmem0_RREADY         |    9|          2|    1|          2|
    |gmem1_ARVALID        |    9|          2|    1|          2|
    |gmem1_RREADY         |    9|          2|    1|          2|
    |gmem2_ARVALID        |    9|          2|    1|          2|
    |gmem2_RREADY         |    9|          2|    1|          2|
    |gmem3_AWVALID        |    9|          2|    1|          2|
    |gmem3_BREADY         |    9|          2|    1|          2|
    |gmem3_WVALID         |    9|          2|    1|          2|
    |grp_fu_1004_p0       |   14|          3|   32|         96|
    |grp_fu_1004_p1       |   53|         10|   32|        320|
    |grp_fu_1019_p0       |   14|          3|   32|         96|
    |grp_fu_1019_p1       |   14|          3|   32|         96|
    |grp_fu_1025_p0       |   14|          3|   32|         96|
    |grp_fu_3352_ce       |   20|          4|    1|          4|
    |grp_fu_3352_p0       |   20|          4|   32|        128|
    |grp_fu_3352_p1       |   20|          4|   32|        128|
    |grp_fu_3356_ce       |   20|          4|    1|          4|
    |grp_fu_3356_p0       |   20|          4|   32|        128|
    |grp_fu_3356_p1       |   20|          4|   32|        128|
    |grp_fu_3360_ce       |   20|          4|    1|          4|
    |grp_fu_3360_p0       |   20|          4|   32|        128|
    |grp_fu_3360_p1       |   20|          4|   32|        128|
    |grp_fu_3364_ce       |   20|          4|    1|          4|
    |grp_fu_3364_p0       |   20|          4|   32|        128|
    |grp_fu_3364_p1       |   20|          4|   32|        128|
    |grp_fu_3368_ce       |   20|          4|    1|          4|
    |grp_fu_3368_p0       |   20|          4|   32|        128|
    |grp_fu_3368_p1       |   20|          4|   32|        128|
    |grp_fu_3372_ce       |   20|          4|    1|          4|
    |grp_fu_3372_p0       |   20|          4|   32|        128|
    |grp_fu_3372_p1       |   20|          4|   32|        128|
    |grp_fu_3376_ce       |   20|          4|    1|          4|
    |grp_fu_3376_p0       |   20|          4|   32|        128|
    |grp_fu_3376_p1       |   20|          4|   32|        128|
    |grp_fu_986_ce        |   14|          3|    1|          3|
    |grp_fu_986_opcode    |   20|          4|    2|          8|
    |grp_fu_986_p0        |   31|          6|   32|        192|
    |grp_fu_986_p1        |   25|          5|   32|        160|
    |grp_fu_992_ce        |   20|          4|    1|          4|
    |grp_fu_992_p0        |   25|          5|   32|        160|
    |grp_fu_992_p1        |   25|          5|   32|        160|
    |grp_fu_996_ce        |    9|          2|    1|          2|
    |grp_fu_996_p0        |   14|          3|   32|         96|
    |grp_fu_996_p1        |   14|          3|   32|         96|
    |i_1_reg_806          |    9|          2|    4|          8|
    |i_reg_772            |    9|          2|    4|          8|
    |indvar107_reg_783    |    9|          2|   29|         58|
    |indvar_fu_350        |    9|          2|   29|         58|
    |j_reg_818            |    9|          2|   31|         62|
    |k0_reg_794           |    9|          2|   32|         64|
    |l_address0           |   20|          4|    3|         12|
    |l_d0                 |   14|          3|   32|         96|
    |m_address0           |   20|          4|    3|         12|
    |m_d0                 |   14|          3|   32|         96|
    |q0_fu_346            |    9|          2|   32|         64|
    |scores_address0      |   59|         11|    6|         66|
    |scores_ce0           |   14|          3|    1|          3|
    |scores_we0           |    9|          2|    1|          2|
    |weighted_1_address0  |   37|          7|    3|         21|
    |weighted_1_address1  |   31|          6|    3|         18|
    |weighted_1_ce0       |   20|          4|    1|          4|
    |weighted_1_ce1       |   14|          3|    1|          3|
    |weighted_1_d0        |   14|          3|   32|         96|
    |weighted_1_we0       |   14|          3|    1|          3|
    |weighted_2_address0  |   37|          7|    3|         21|
    |weighted_2_address1  |   31|          6|    3|         18|
    |weighted_2_ce0       |   20|          4|    1|          4|
    |weighted_2_ce1       |   14|          3|    1|          3|
    |weighted_2_d0        |   14|          3|   32|         96|
    |weighted_2_we0       |   14|          3|    1|          3|
    |weighted_3_address0  |   37|          7|    3|         21|
    |weighted_3_address1  |   31|          6|    3|         18|
    |weighted_3_ce0       |   20|          4|    1|          4|
    |weighted_3_ce1       |   14|          3|    1|          3|
    |weighted_3_d0        |   14|          3|   32|         96|
    |weighted_3_we0       |   14|          3|    1|          3|
    |weighted_address0    |   37|          7|    3|         21|
    |weighted_address1    |   31|          6|    3|         18|
    |weighted_ce0         |   20|          4|    1|          4|
    |weighted_ce1         |   14|          3|    1|          3|
    |weighted_d0          |   14|          3|   32|         96|
    |weighted_we0         |   14|          3|    1|          3|
    +---------------------+-----+-----------+-----+-----------+
    |Total                | 3449|        710| 1573|       5704|
    +---------------------+-----+-----------+-----+-----------+

    * Register: 
    +--------------------------------------------------------------------------------+-----+----+-----+-----------+
    |                                      Name                                      |  FF | LUT| Bits| Const Bits|
    +--------------------------------------------------------------------------------+-----+----+-----+-----------+
    |K_read_reg_2596                                                                 |   64|   0|   64|          0|
    |N_read_reg_2576                                                                 |   32|   0|   32|          0|
    |O_read_reg_2586                                                                 |   64|   0|   64|          0|
    |Q_read_reg_2601                                                                 |   64|   0|   64|          0|
    |V_read_reg_2591                                                                 |   64|   0|   64|          0|
    |add_ln132_reg_3165                                                              |    4|   0|    4|          0|
    |add_ln159_reg_3315                                                              |   31|   0|   31|          0|
    |add_ln63_1_reg_2969                                                             |   29|   0|   29|          0|
    |add_ln63_2_reg_2995                                                             |   29|   0|   29|          0|
    |add_ln64_reg_3005                                                               |   32|   0|   32|          0|
    |add_ln77_reg_3043                                                               |    4|   0|    4|          0|
    |add_ln87_reg_3066                                                               |   29|   0|   29|          0|
    |add_ln88_reg_3071                                                               |   32|   0|   32|          0|
    |ap_CS_fsm                                                                       |  123|   0|  123|          0|
    |cmp102_10_reg_2699                                                              |    1|   0|    1|          0|
    |cmp102_11_reg_2704                                                              |    1|   0|    1|          0|
    |cmp102_12_reg_2709                                                              |    1|   0|    1|          0|
    |cmp102_13_reg_2714                                                              |    1|   0|    1|          0|
    |cmp102_14_reg_2719                                                              |    1|   0|    1|          0|
    |cmp102_16_reg_2729                                                              |    1|   0|    1|          0|
    |cmp102_17_reg_2734                                                              |    1|   0|    1|          0|
    |cmp102_18_reg_2739                                                              |    1|   0|    1|          0|
    |cmp102_19_reg_2744                                                              |    1|   0|    1|          0|
    |cmp102_20_reg_2749                                                              |    1|   0|    1|          0|
    |cmp102_21_reg_2754                                                              |    1|   0|    1|          0|
    |cmp102_22_reg_2759                                                              |    1|   0|    1|          0|
    |cmp102_23_reg_2764                                                              |    1|   0|    1|          0|
    |cmp102_24_reg_2769                                                              |    1|   0|    1|          0|
    |cmp102_25_reg_2774                                                              |    1|   0|    1|          0|
    |cmp102_26_reg_2779                                                              |    1|   0|    1|          0|
    |cmp102_27_reg_2784                                                              |    1|   0|    1|          0|
    |cmp102_28_reg_2789                                                              |    1|   0|    1|          0|
    |cmp102_29_reg_2794                                                              |    1|   0|    1|          0|
    |cmp102_2_reg_2659                                                               |    1|   0|    1|          0|
    |cmp102_30_reg_2799                                                              |    1|   0|    1|          0|
    |cmp102_4_reg_2669                                                               |    1|   0|    1|          0|
    |cmp102_5_reg_2674                                                               |    1|   0|    1|          0|
    |cmp102_6_reg_2679                                                               |    1|   0|    1|          0|
    |cmp102_8_reg_2689                                                               |    1|   0|    1|          0|
    |cmp102_9_reg_2694                                                               |    1|   0|    1|          0|
    |cmp142_2_reg_3127                                                               |    1|   0|    1|          0|
    |cmp142_4_reg_3137                                                               |    1|   0|    1|          0|
    |cmp142_5_reg_3142                                                               |    1|   0|    1|          0|
    |cmp142_6_reg_3147                                                               |    1|   0|    1|          0|
    |cmp715_reg_2649                                                                 |    1|   0|    1|          0|
    |d_read_reg_2531                                                                 |   32|   0|   32|          0|
    |e_reg_3330                                                                      |   32|   0|   32|          0|
    |empty_39_reg_2975                                                               |   31|   0|   31|          0|
    |exp_sum_reg_829                                                                 |   32|   0|   32|          0|
    |grp_flash_attention_hls_Pipeline_LOAD_KV_VITIS_LOOP_93_3_fu_866_ap_start_reg    |    1|   0|    1|          0|
    |grp_flash_attention_hls_Pipeline_LOAD_Q_VITIS_LOOP_69_1_fu_841_ap_start_reg     |    1|   0|    1|          0|
    |grp_flash_attention_hls_Pipeline_SCORE_LOOP_I_SCORE_LOOP_J_fu_888_ap_start_reg  |    1|   0|    1|          0|
    |grp_flash_attention_hls_Pipeline_STORE_O_VITIS_LOOP_190_5_fu_971_ap_start_reg   |    1|   0|    1|          0|
    |grp_flash_attention_hls_Pipeline_UPDATE_ACC_fu_955_ap_start_reg                 |    1|   0|    1|          0|
    |grp_flash_attention_hls_Pipeline_VITIS_LOOP_162_4_fu_940_ap_start_reg           |    1|   0|    1|          0|
    |grp_flash_attention_hls_Pipeline_VITIS_LOOP_80_2_fu_856_ap_start_reg            |    1|   0|    1|          0|
    |i_1_reg_806                                                                     |    4|   0|    4|          0|
    |i_reg_772                                                                       |    4|   0|    4|          0|
    |icmp49_reg_2664                                                                 |    1|   0|    1|          0|
    |icmp52_reg_2684                                                                 |    1|   0|    1|          0|
    |icmp55_reg_2724                                                                 |    1|   0|    1|          0|
    |icmp58_reg_2804                                                                 |    1|   0|    1|          0|
    |icmp61_reg_3122                                                                 |    1|   0|    1|          0|
    |icmp64_reg_3132                                                                 |    1|   0|    1|          0|
    |icmp67_reg_3152                                                                 |    1|   0|    1|          0|
    |icmp_ln63_reg_2631                                                              |    1|   0|    1|          0|
    |icmp_ln68_reg_3026                                                              |    1|   0|    1|          0|
    |icmp_ln92_reg_3107                                                              |    1|   0|    1|          0|
    |icmp_reg_2654                                                                   |    1|   0|    1|          0|
    |indvar107_reg_783                                                               |   29|   0|   29|          0|
    |indvar_fu_350                                                                   |   29|   0|   29|          0|
    |inv_sqrt_d_reg_2626                                                             |   32|   0|   32|          0|
    |j_reg_818                                                                       |   31|   0|   31|          0|
    |k0_reg_794                                                                      |   32|   0|   32|          0|
    |k_lim_reg_3076                                                                  |   32|   0|   32|          0|
    |l_addr_1_reg_3325                                                               |    3|   0|    3|          0|
    |l_load_reg_3341                                                                 |   32|   0|   32|          0|
    |m_addr_1_reg_3276                                                               |    3|   0|    3|          0|
    |m_load_reg_3288                                                                 |   32|   0|   32|          0|
    |m_new_reg_3296                                                                  |   32|   0|   32|          0|
    |mul1_reg_3346                                                                   |   32|   0|   32|          0|
    |old_scale_reg_3302                                                              |   32|   0|   32|          0|
    |q0_fu_346                                                                       |   32|   0|   32|          0|
    |q0_load_1_reg_3117                                                              |   32|   0|   32|          0|
    |q_lim_reg_3010                                                                  |   32|   0|   32|          0|
    |reg_1035                                                                        |   63|   0|   63|          0|
    |reg_1041                                                                        |   64|   0|   64|          0|
    |reg_1047                                                                        |   32|   0|   32|          0|
    |reg_1053                                                                        |   32|   0|   32|          0|
    |shl_ln68_2_reg_3020                                                             |   24|   0|   32|          8|
    |shl_ln92_1_reg_3102                                                             |   24|   0|   32|          8|
    |tile_max_11_reg_3252                                                            |   32|   0|   32|          0|
    |tile_max_13_reg_3264                                                            |   32|   0|   32|          0|
    |tile_max_15_reg_3281                                                            |   32|   0|   32|          0|
    |tile_max_1_reg_3192                                                             |   32|   0|   32|          0|
    |tile_max_3_reg_3204                                                             |   32|   0|   32|          0|
    |tile_max_5_reg_3216                                                             |   32|   0|   32|          0|
    |tile_max_7_reg_3228                                                             |   32|   0|   32|          0|
    |tile_max_9_reg_3240                                                             |   32|   0|   32|          0|
    |tmp_32_reg_3058                                                                 |    3|   0|    6|          3|
    |tmp_53_cast_reg_3170                                                            |    3|   0|    6|          3|
    |tmp_reg_2621                                                                    |   32|   0|   32|          0|
    |tobool_reg_2611                                                                 |    1|   0|    1|          0|
    |trunc_ln132_reg_3157                                                            |    3|   0|    3|          0|
    |trunc_ln159_reg_3307                                                            |    3|   0|    3|          0|
    |trunc_ln17_reg_2606                                                             |   31|   0|   31|          0|
    |trunc_ln68_reg_3000                                                             |   24|   0|   24|          0|
    |trunc_ln77_reg_3035                                                             |    3|   0|    3|          0|
    |trunc_ln92_reg_3092                                                             |   24|   0|   24|          0|
    |x_assign_reg_2616                                                               |   32|   0|   32|          0|
    |zext_ln104_reg_3048                                                             |   32|   0|   64|         32|
    |zext_ln132_reg_3271                                                             |    4|   0|   64|         60|
    |zext_ln63_1_reg_2987                                                            |   32|   0|   63|         31|
    |zext_ln68_reg_2982                                                              |   32|   0|   64|         32|
    |zext_ln87_reg_3053                                                              |   32|   0|   63|         31|
    +--------------------------------------------------------------------------------+-----+----+-----+-----------+
    |Total                                                                           | 2018|   0| 2226|        208|
    +--------------------------------------------------------------------------------+-----+----+-----+-----------+



================================================================
== Interface
================================================================
* Summary: 
+----------------------+-----+-----+------------+---------------------+--------------+
|       RTL Ports      | Dir | Bits|  Protocol  |    Source Object    |    C Type    |
+----------------------+-----+-----+------------+---------------------+--------------+
|s_axi_ctrl_AWVALID    |   in|    1|       s_axi|                 ctrl|        scalar|
|s_axi_ctrl_AWREADY    |  out|    1|       s_axi|                 ctrl|        scalar|
|s_axi_ctrl_AWADDR     |   in|    7|       s_axi|                 ctrl|        scalar|
|s_axi_ctrl_WVALID     |   in|    1|       s_axi|                 ctrl|        scalar|
|s_axi_ctrl_WREADY     |  out|    1|       s_axi|                 ctrl|        scalar|
|s_axi_ctrl_WDATA      |   in|   32|       s_axi|                 ctrl|        scalar|
|s_axi_ctrl_WSTRB      |   in|    4|       s_axi|                 ctrl|        scalar|
|s_axi_ctrl_ARVALID    |   in|    1|       s_axi|                 ctrl|        scalar|
|s_axi_ctrl_ARREADY    |  out|    1|       s_axi|                 ctrl|        scalar|
|s_axi_ctrl_ARADDR     |   in|    7|       s_axi|                 ctrl|        scalar|
|s_axi_ctrl_RVALID     |  out|    1|       s_axi|                 ctrl|        scalar|
|s_axi_ctrl_RREADY     |   in|    1|       s_axi|                 ctrl|        scalar|
|s_axi_ctrl_RDATA      |  out|   32|       s_axi|                 ctrl|        scalar|
|s_axi_ctrl_RRESP      |  out|    2|       s_axi|                 ctrl|        scalar|
|s_axi_ctrl_BVALID     |  out|    1|       s_axi|                 ctrl|        scalar|
|s_axi_ctrl_BREADY     |   in|    1|       s_axi|                 ctrl|        scalar|
|s_axi_ctrl_BRESP      |  out|    2|       s_axi|                 ctrl|        scalar|
|ap_clk                |   in|    1|  ap_ctrl_hs|  flash_attention_hls|  return value|
|ap_rst_n              |   in|    1|  ap_ctrl_hs|  flash_attention_hls|  return value|
|interrupt             |  out|    1|  ap_ctrl_hs|  flash_attention_hls|  return value|
|m_axi_gmem0_AWVALID   |  out|    1|       m_axi|                gmem0|       pointer|
|m_axi_gmem0_AWREADY   |   in|    1|       m_axi|                gmem0|       pointer|
|m_axi_gmem0_AWADDR    |  out|   64|       m_axi|                gmem0|       pointer|
|m_axi_gmem0_AWID      |  out|    1|       m_axi|                gmem0|       pointer|
|m_axi_gmem0_AWLEN     |  out|    8|       m_axi|                gmem0|       pointer|
|m_axi_gmem0_AWSIZE    |  out|    3|       m_axi|                gmem0|       pointer|
|m_axi_gmem0_AWBURST   |  out|    2|       m_axi|                gmem0|       pointer|
|m_axi_gmem0_AWLOCK    |  out|    2|       m_axi|                gmem0|       pointer|
|m_axi_gmem0_AWCACHE   |  out|    4|       m_axi|                gmem0|       pointer|
|m_axi_gmem0_AWPROT    |  out|    3|       m_axi|                gmem0|       pointer|
|m_axi_gmem0_AWQOS     |  out|    4|       m_axi|                gmem0|       pointer|
|m_axi_gmem0_AWREGION  |  out|    4|       m_axi|                gmem0|       pointer|
|m_axi_gmem0_AWUSER    |  out|    1|       m_axi|                gmem0|       pointer|
|m_axi_gmem0_WVALID    |  out|    1|       m_axi|                gmem0|       pointer|
|m_axi_gmem0_WREADY    |   in|    1|       m_axi|                gmem0|       pointer|
|m_axi_gmem0_WDATA     |  out|   32|       m_axi|                gmem0|       pointer|
|m_axi_gmem0_WSTRB     |  out|    4|       m_axi|                gmem0|       pointer|
|m_axi_gmem0_WLAST     |  out|    1|       m_axi|                gmem0|       pointer|
|m_axi_gmem0_WID       |  out|    1|       m_axi|                gmem0|       pointer|
|m_axi_gmem0_WUSER     |  out|    1|       m_axi|                gmem0|       pointer|
|m_axi_gmem0_ARVALID   |  out|    1|       m_axi|                gmem0|       pointer|
|m_axi_gmem0_ARREADY   |   in|    1|       m_axi|                gmem0|       pointer|
|m_axi_gmem0_ARADDR    |  out|   64|       m_axi|                gmem0|       pointer|
|m_axi_gmem0_ARID      |  out|    1|       m_axi|                gmem0|       pointer|
|m_axi_gmem0_ARLEN     |  out|    8|       m_axi|                gmem0|       pointer|
|m_axi_gmem0_ARSIZE    |  out|    3|       m_axi|                gmem0|       pointer|
|m_axi_gmem0_ARBURST   |  out|    2|       m_axi|                gmem0|       pointer|
|m_axi_gmem0_ARLOCK    |  out|    2|       m_axi|                gmem0|       pointer|
|m_axi_gmem0_ARCACHE   |  out|    4|       m_axi|                gmem0|       pointer|
|m_axi_gmem0_ARPROT    |  out|    3|       m_axi|                gmem0|       pointer|
|m_axi_gmem0_ARQOS     |  out|    4|       m_axi|                gmem0|       pointer|
|m_axi_gmem0_ARREGION  |  out|    4|       m_axi|                gmem0|       pointer|
|m_axi_gmem0_ARUSER    |  out|    1|       m_axi|                gmem0|       pointer|
|m_axi_gmem0_RVALID    |   in|    1|       m_axi|                gmem0|       pointer|
|m_axi_gmem0_RREADY    |  out|    1|       m_axi|                gmem0|       pointer|
|m_axi_gmem0_RDATA     |   in|   32|       m_axi|                gmem0|       pointer|
|m_axi_gmem0_RLAST     |   in|    1|       m_axi|                gmem0|       pointer|
|m_axi_gmem0_RID       |   in|    1|       m_axi|                gmem0|       pointer|
|m_axi_gmem0_RUSER     |   in|    1|       m_axi|                gmem0|       pointer|
|m_axi_gmem0_RRESP     |   in|    2|       m_axi|                gmem0|       pointer|
|m_axi_gmem0_BVALID    |   in|    1|       m_axi|                gmem0|       pointer|
|m_axi_gmem0_BREADY    |  out|    1|       m_axi|                gmem0|       pointer|
|m_axi_gmem0_BRESP     |   in|    2|       m_axi|                gmem0|       pointer|
|m_axi_gmem0_BID       |   in|    1|       m_axi|                gmem0|       pointer|
|m_axi_gmem0_BUSER     |   in|    1|       m_axi|                gmem0|       pointer|
|m_axi_gmem1_AWVALID   |  out|    1|       m_axi|                gmem1|       pointer|
|m_axi_gmem1_AWREADY   |   in|    1|       m_axi|                gmem1|       pointer|
|m_axi_gmem1_AWADDR    |  out|   64|       m_axi|                gmem1|       pointer|
|m_axi_gmem1_AWID      |  out|    1|       m_axi|                gmem1|       pointer|
|m_axi_gmem1_AWLEN     |  out|    8|       m_axi|                gmem1|       pointer|
|m_axi_gmem1_AWSIZE    |  out|    3|       m_axi|                gmem1|       pointer|
|m_axi_gmem1_AWBURST   |  out|    2|       m_axi|                gmem1|       pointer|
|m_axi_gmem1_AWLOCK    |  out|    2|       m_axi|                gmem1|       pointer|
|m_axi_gmem1_AWCACHE   |  out|    4|       m_axi|                gmem1|       pointer|
|m_axi_gmem1_AWPROT    |  out|    3|       m_axi|                gmem1|       pointer|
|m_axi_gmem1_AWQOS     |  out|    4|       m_axi|                gmem1|       pointer|
|m_axi_gmem1_AWREGION  |  out|    4|       m_axi|                gmem1|       pointer|
|m_axi_gmem1_AWUSER    |  out|    1|       m_axi|                gmem1|       pointer|
|m_axi_gmem1_WVALID    |  out|    1|       m_axi|                gmem1|       pointer|
|m_axi_gmem1_WREADY    |   in|    1|       m_axi|                gmem1|       pointer|
|m_axi_gmem1_WDATA     |  out|   32|       m_axi|                gmem1|       pointer|
|m_axi_gmem1_WSTRB     |  out|    4|       m_axi|                gmem1|       pointer|
|m_axi_gmem1_WLAST     |  out|    1|       m_axi|                gmem1|       pointer|
|m_axi_gmem1_WID       |  out|    1|       m_axi|                gmem1|       pointer|
|m_axi_gmem1_WUSER     |  out|    1|       m_axi|                gmem1|       pointer|
|m_axi_gmem1_ARVALID   |  out|    1|       m_axi|                gmem1|       pointer|
|m_axi_gmem1_ARREADY   |   in|    1|       m_axi|                gmem1|       pointer|
|m_axi_gmem1_ARADDR    |  out|   64|       m_axi|                gmem1|       pointer|
|m_axi_gmem1_ARID      |  out|    1|       m_axi|                gmem1|       pointer|
|m_axi_gmem1_ARLEN     |  out|    8|       m_axi|                gmem1|       pointer|
|m_axi_gmem1_ARSIZE    |  out|    3|       m_axi|                gmem1|       pointer|
|m_axi_gmem1_ARBURST   |  out|    2|       m_axi|                gmem1|       pointer|
|m_axi_gmem1_ARLOCK    |  out|    2|       m_axi|                gmem1|       pointer|
|m_axi_gmem1_ARCACHE   |  out|    4|       m_axi|                gmem1|       pointer|
|m_axi_gmem1_ARPROT    |  out|    3|       m_axi|                gmem1|       pointer|
|m_axi_gmem1_ARQOS     |  out|    4|       m_axi|                gmem1|       pointer|
|m_axi_gmem1_ARREGION  |  out|    4|       m_axi|                gmem1|       pointer|
|m_axi_gmem1_ARUSER    |  out|    1|       m_axi|                gmem1|       pointer|
|m_axi_gmem1_RVALID    |   in|    1|       m_axi|                gmem1|       pointer|
|m_axi_gmem1_RREADY    |  out|    1|       m_axi|                gmem1|       pointer|
|m_axi_gmem1_RDATA     |   in|   32|       m_axi|                gmem1|       pointer|
|m_axi_gmem1_RLAST     |   in|    1|       m_axi|                gmem1|       pointer|
|m_axi_gmem1_RID       |   in|    1|       m_axi|                gmem1|       pointer|
|m_axi_gmem1_RUSER     |   in|    1|       m_axi|                gmem1|       pointer|
|m_axi_gmem1_RRESP     |   in|    2|       m_axi|                gmem1|       pointer|
|m_axi_gmem1_BVALID    |   in|    1|       m_axi|                gmem1|       pointer|
|m_axi_gmem1_BREADY    |  out|    1|       m_axi|                gmem1|       pointer|
|m_axi_gmem1_BRESP     |   in|    2|       m_axi|                gmem1|       pointer|
|m_axi_gmem1_BID       |   in|    1|       m_axi|                gmem1|       pointer|
|m_axi_gmem1_BUSER     |   in|    1|       m_axi|                gmem1|       pointer|
|m_axi_gmem2_AWVALID   |  out|    1|       m_axi|                gmem2|       pointer|
|m_axi_gmem2_AWREADY   |   in|    1|       m_axi|                gmem2|       pointer|
|m_axi_gmem2_AWADDR    |  out|   64|       m_axi|                gmem2|       pointer|
|m_axi_gmem2_AWID      |  out|    1|       m_axi|                gmem2|       pointer|
|m_axi_gmem2_AWLEN     |  out|    8|       m_axi|                gmem2|       pointer|
|m_axi_gmem2_AWSIZE    |  out|    3|       m_axi|                gmem2|       pointer|
|m_axi_gmem2_AWBURST   |  out|    2|       m_axi|                gmem2|       pointer|
|m_axi_gmem2_AWLOCK    |  out|    2|       m_axi|                gmem2|       pointer|
|m_axi_gmem2_AWCACHE   |  out|    4|       m_axi|                gmem2|       pointer|
|m_axi_gmem2_AWPROT    |  out|    3|       m_axi|                gmem2|       pointer|
|m_axi_gmem2_AWQOS     |  out|    4|       m_axi|                gmem2|       pointer|
|m_axi_gmem2_AWREGION  |  out|    4|       m_axi|                gmem2|       pointer|
|m_axi_gmem2_AWUSER    |  out|    1|       m_axi|                gmem2|       pointer|
|m_axi_gmem2_WVALID    |  out|    1|       m_axi|                gmem2|       pointer|
|m_axi_gmem2_WREADY    |   in|    1|       m_axi|                gmem2|       pointer|
|m_axi_gmem2_WDATA     |  out|   32|       m_axi|                gmem2|       pointer|
|m_axi_gmem2_WSTRB     |  out|    4|       m_axi|                gmem2|       pointer|
|m_axi_gmem2_WLAST     |  out|    1|       m_axi|                gmem2|       pointer|
|m_axi_gmem2_WID       |  out|    1|       m_axi|                gmem2|       pointer|
|m_axi_gmem2_WUSER     |  out|    1|       m_axi|                gmem2|       pointer|
|m_axi_gmem2_ARVALID   |  out|    1|       m_axi|                gmem2|       pointer|
|m_axi_gmem2_ARREADY   |   in|    1|       m_axi|                gmem2|       pointer|
|m_axi_gmem2_ARADDR    |  out|   64|       m_axi|                gmem2|       pointer|
|m_axi_gmem2_ARID      |  out|    1|       m_axi|                gmem2|       pointer|
|m_axi_gmem2_ARLEN     |  out|    8|       m_axi|                gmem2|       pointer|
|m_axi_gmem2_ARSIZE    |  out|    3|       m_axi|                gmem2|       pointer|
|m_axi_gmem2_ARBURST   |  out|    2|       m_axi|                gmem2|       pointer|
|m_axi_gmem2_ARLOCK    |  out|    2|       m_axi|                gmem2|       pointer|
|m_axi_gmem2_ARCACHE   |  out|    4|       m_axi|                gmem2|       pointer|
|m_axi_gmem2_ARPROT    |  out|    3|       m_axi|                gmem2|       pointer|
|m_axi_gmem2_ARQOS     |  out|    4|       m_axi|                gmem2|       pointer|
|m_axi_gmem2_ARREGION  |  out|    4|       m_axi|                gmem2|       pointer|
|m_axi_gmem2_ARUSER    |  out|    1|       m_axi|                gmem2|       pointer|
|m_axi_gmem2_RVALID    |   in|    1|       m_axi|                gmem2|       pointer|
|m_axi_gmem2_RREADY    |  out|    1|       m_axi|                gmem2|       pointer|
|m_axi_gmem2_RDATA     |   in|   32|       m_axi|                gmem2|       pointer|
|m_axi_gmem2_RLAST     |   in|    1|       m_axi|                gmem2|       pointer|
|m_axi_gmem2_RID       |   in|    1|       m_axi|                gmem2|       pointer|
|m_axi_gmem2_RUSER     |   in|    1|       m_axi|                gmem2|       pointer|
|m_axi_gmem2_RRESP     |   in|    2|       m_axi|                gmem2|       pointer|
|m_axi_gmem2_BVALID    |   in|    1|       m_axi|                gmem2|       pointer|
|m_axi_gmem2_BREADY    |  out|    1|       m_axi|                gmem2|       pointer|
|m_axi_gmem2_BRESP     |   in|    2|       m_axi|                gmem2|       pointer|
|m_axi_gmem2_BID       |   in|    1|       m_axi|                gmem2|       pointer|
|m_axi_gmem2_BUSER     |   in|    1|       m_axi|                gmem2|       pointer|
|m_axi_gmem3_AWVALID   |  out|    1|       m_axi|                gmem3|       pointer|
|m_axi_gmem3_AWREADY   |   in|    1|       m_axi|                gmem3|       pointer|
|m_axi_gmem3_AWADDR    |  out|   64|       m_axi|                gmem3|       pointer|
|m_axi_gmem3_AWID      |  out|    1|       m_axi|                gmem3|       pointer|
|m_axi_gmem3_AWLEN     |  out|    8|       m_axi|                gmem3|       pointer|
|m_axi_gmem3_AWSIZE    |  out|    3|       m_axi|                gmem3|       pointer|
|m_axi_gmem3_AWBURST   |  out|    2|       m_axi|                gmem3|       pointer|
|m_axi_gmem3_AWLOCK    |  out|    2|       m_axi|                gmem3|       pointer|
|m_axi_gmem3_AWCACHE   |  out|    4|       m_axi|                gmem3|       pointer|
|m_axi_gmem3_AWPROT    |  out|    3|       m_axi|                gmem3|       pointer|
|m_axi_gmem3_AWQOS     |  out|    4|       m_axi|                gmem3|       pointer|
|m_axi_gmem3_AWREGION  |  out|    4|       m_axi|                gmem3|       pointer|
|m_axi_gmem3_AWUSER    |  out|    1|       m_axi|                gmem3|       pointer|
|m_axi_gmem3_WVALID    |  out|    1|       m_axi|                gmem3|       pointer|
|m_axi_gmem3_WREADY    |   in|    1|       m_axi|                gmem3|       pointer|
|m_axi_gmem3_WDATA     |  out|   32|       m_axi|                gmem3|       pointer|
|m_axi_gmem3_WSTRB     |  out|    4|       m_axi|                gmem3|       pointer|
|m_axi_gmem3_WLAST     |  out|    1|       m_axi|                gmem3|       pointer|
|m_axi_gmem3_WID       |  out|    1|       m_axi|                gmem3|       pointer|
|m_axi_gmem3_WUSER     |  out|    1|       m_axi|                gmem3|       pointer|
|m_axi_gmem3_ARVALID   |  out|    1|       m_axi|                gmem3|       pointer|
|m_axi_gmem3_ARREADY   |   in|    1|       m_axi|                gmem3|       pointer|
|m_axi_gmem3_ARADDR    |  out|   64|       m_axi|                gmem3|       pointer|
|m_axi_gmem3_ARID      |  out|    1|       m_axi|                gmem3|       pointer|
|m_axi_gmem3_ARLEN     |  out|    8|       m_axi|                gmem3|       pointer|
|m_axi_gmem3_ARSIZE    |  out|    3|       m_axi|                gmem3|       pointer|
|m_axi_gmem3_ARBURST   |  out|    2|       m_axi|                gmem3|       pointer|
|m_axi_gmem3_ARLOCK    |  out|    2|       m_axi|                gmem3|       pointer|
|m_axi_gmem3_ARCACHE   |  out|    4|       m_axi|                gmem3|       pointer|
|m_axi_gmem3_ARPROT    |  out|    3|       m_axi|                gmem3|       pointer|
|m_axi_gmem3_ARQOS     |  out|    4|       m_axi|                gmem3|       pointer|
|m_axi_gmem3_ARREGION  |  out|    4|       m_axi|                gmem3|       pointer|
|m_axi_gmem3_ARUSER    |  out|    1|       m_axi|                gmem3|       pointer|
|m_axi_gmem3_RVALID    |   in|    1|       m_axi|                gmem3|       pointer|
|m_axi_gmem3_RREADY    |  out|    1|       m_axi|                gmem3|       pointer|
|m_axi_gmem3_RDATA     |   in|   32|       m_axi|                gmem3|       pointer|
|m_axi_gmem3_RLAST     |   in|    1|       m_axi|                gmem3|       pointer|
|m_axi_gmem3_RID       |   in|    1|       m_axi|                gmem3|       pointer|
|m_axi_gmem3_RUSER     |   in|    1|       m_axi|                gmem3|       pointer|
|m_axi_gmem3_RRESP     |   in|    2|       m_axi|                gmem3|       pointer|
|m_axi_gmem3_BVALID    |   in|    1|       m_axi|                gmem3|       pointer|
|m_axi_gmem3_BREADY    |  out|    1|       m_axi|                gmem3|       pointer|
|m_axi_gmem3_BRESP     |   in|    2|       m_axi|                gmem3|       pointer|
|m_axi_gmem3_BID       |   in|    1|       m_axi|                gmem3|       pointer|
|m_axi_gmem3_BUSER     |   in|    1|       m_axi|                gmem3|       pointer|
+----------------------+-----+-----+------------+---------------------+--------------+

