

================================================================
== Vitis HLS Report for 'flash_attention_hls_Pipeline_FIND_MAX'
================================================================
* Date:           Sun May 10 18:11:11 2026

* Version:        2023.2 (Build 4023990 on Oct 11 2023)
* Project:        flash_attention_proj
* Solution:       solution1 (Vivado IP Flow Target)
* Product family: zynq
* Target device:  xc7z020-clg400-1


================================================================
== Performance Estimates
================================================================
+ Timing: 
    * Summary: 
    +--------+----------+----------+------------+
    |  Clock |  Target  | Estimated| Uncertainty|
    +--------+----------+----------+------------+
    |ap_clk  |  10.00 ns|  8.695 ns|     2.70 ns|
    +--------+----------+----------+------------+

+ Latency: 
    * Summary: 
    +---------+---------+----------+----------+-----+-----+---------+
    |  Latency (cycles) |  Latency (absolute) |  Interval | Pipeline|
    |   min   |   max   |    min   |    max   | min | max |   Type  |
    +---------+---------+----------+----------+-----+-----+---------+
    |        ?|        ?|         ?|         ?|    ?|    ?|       no|
    +---------+---------+----------+----------+-----+-----+---------+

    + Detail: 
        * Instance: 
        N/A

        * Loop: 
        +------------+---------+---------+----------+-----------+-----------+------+----------+
        |            |  Latency (cycles) | Iteration|  Initiation Interval  | Trip |          |
        |  Loop Name |   min   |   max   |  Latency |  achieved |   target  | Count| Pipelined|
        +------------+---------+---------+----------+-----------+-----------+------+----------+
        |- FIND_MAX  |        ?|        ?|         3|          1|          1|     ?|       yes|
        +------------+---------+---------+----------+-----------+-----------+------+----------+



================================================================
== Utilization Estimates
================================================================
* Summary: 
+-----------------+---------+-----+--------+-------+-----+
|       Name      | BRAM_18K| DSP |   FF   |  LUT  | URAM|
+-----------------+---------+-----+--------+-------+-----+
|DSP              |        -|    -|       -|      -|    -|
|Expression       |        -|    -|       0|    223|    -|
|FIFO             |        -|    -|       -|      -|    -|
|Instance         |        -|    -|       -|      -|    -|
|Memory           |        -|    -|       -|      -|    -|
|Multiplexer      |        -|    -|       -|     54|    -|
|Register         |        -|    -|     137|      -|    -|
+-----------------+---------+-----+--------+-------+-----+
|Total            |        0|    0|     137|    277|    0|
+-----------------+---------+-----+--------+-------+-----+
|Available        |      280|  220|  106400|  53200|    0|
+-----------------+---------+-----+--------+-------+-----+
|Utilization (%)  |        0|    0|      ~0|     ~0|    0|
+-----------------+---------+-----+--------+-------+-----+

+ Detail: 
    * Instance: 
    N/A

    * DSP: 
    N/A

    * Memory: 
    N/A

    * FIFO: 
    N/A

    * Expression: 
    +------------------------+----------+----+---+----+------------+------------+
    |      Variable Name     | Operation| DSP| FF| LUT| Bitwidth P0| Bitwidth P1|
    +------------------------+----------+----+---+----+------------+------------+
    |add_ln136_fu_112_p2     |         +|   0|  0|  38|          31|           1|
    |add_ln138_fu_122_p2     |         +|   0|  0|  14|           6|           6|
    |and_ln138_1_fu_216_p2   |       and|   0|  0|   2|           1|           1|
    |and_ln138_fu_210_p2     |       and|   0|  0|   2|           1|           1|
    |icmp_ln136_fu_106_p2    |      icmp|   0|  0|  39|          32|          32|
    |icmp_ln138_1_fu_184_p2  |      icmp|   0|  0|  30|          23|           1|
    |icmp_ln138_2_fu_190_p2  |      icmp|   0|  0|  15|           8|           2|
    |icmp_ln138_3_fu_196_p2  |      icmp|   0|  0|  30|          23|           1|
    |icmp_ln138_fu_178_p2    |      icmp|   0|  0|  15|           8|           2|
    |or_ln138_1_fu_206_p2    |        or|   0|  0|   2|           1|           1|
    |or_ln138_fu_202_p2      |        or|   0|  0|   2|           1|           1|
    |tile_max_2_fu_222_p3    |    select|   0|  0|  32|           1|          32|
    |ap_enable_pp0           |       xor|   0|  0|   2|           1|           2|
    +------------------------+----------+----+---+----+------------+------------+
    |Total                   |          |   0|  0| 223|         137|          83|
    +------------------------+----------+----+---+----+------------+------------+

    * Multiplexer: 
    +----------------------------------+----+-----------+-----+-----------+
    |               Name               | LUT| Input Size| Bits| Total Bits|
    +----------------------------------+----+-----------+-----+-----------+
    |ap_done_int                       |   9|          2|    1|          2|
    |ap_enable_reg_pp0_iter1           |   9|          2|    1|          2|
    |ap_sig_allocacmp_j_2              |   9|          2|   31|         62|
    |ap_sig_allocacmp_tile_max_load_1  |   9|          2|   32|         64|
    |j_fu_48                           |   9|          2|   31|         62|
    |tile_max_fu_44                    |   9|          2|   32|         64|
    +----------------------------------+----+-----------+-----+-----------+
    |Total                             |  54|         12|  128|        256|
    +----------------------------------+----+-----------+-----+-----------+

    * Register: 
    +----------------------------------+----+----+-----+-----------+
    |               Name               | FF | LUT| Bits| Const Bits|
    +----------------------------------+----+----+-----+-----------+
    |ap_CS_fsm                         |   1|   0|    1|          0|
    |ap_done_reg                       |   1|   0|    1|          0|
    |ap_enable_reg_pp0_iter1           |   1|   0|    1|          0|
    |ap_enable_reg_pp0_iter2           |   1|   0|    1|          0|
    |ap_loop_exit_ready_pp0_iter1_reg  |   1|   0|    1|          0|
    |icmp_ln136_reg_252                |   1|   0|    1|          0|
    |icmp_ln138_1_reg_278              |   1|   0|    1|          0|
    |icmp_ln138_2_reg_283              |   1|   0|    1|          0|
    |icmp_ln138_3_reg_288              |   1|   0|    1|          0|
    |icmp_ln138_reg_273                |   1|   0|    1|          0|
    |j_fu_48                           |  31|   0|   31|          0|
    |tile_max_1_reg_267                |  32|   0|   32|          0|
    |tile_max_fu_44                    |  32|   0|   32|          0|
    |tile_max_load_1_reg_261           |  32|   0|   32|          0|
    +----------------------------------+----+----+-----+-----------+
    |Total                             | 137|   0|  137|          0|
    +----------------------------------+----+----+-----+-----------+



================================================================
== Interface
================================================================
* Summary: 
+---------------------+-----+-----+------------+---------------------------------------+--------------+
|      RTL Ports      | Dir | Bits|  Protocol  |             Source Object             |    C Type    |
+---------------------+-----+-----+------------+---------------------------------------+--------------+
|ap_clk               |   in|    1|  ap_ctrl_hs|  flash_attention_hls_Pipeline_FIND_MAX|  return value|
|ap_rst               |   in|    1|  ap_ctrl_hs|  flash_attention_hls_Pipeline_FIND_MAX|  return value|
|ap_start             |   in|    1|  ap_ctrl_hs|  flash_attention_hls_Pipeline_FIND_MAX|  return value|
|ap_done              |  out|    1|  ap_ctrl_hs|  flash_attention_hls_Pipeline_FIND_MAX|  return value|
|ap_idle              |  out|    1|  ap_ctrl_hs|  flash_attention_hls_Pipeline_FIND_MAX|  return value|
|ap_ready             |  out|    1|  ap_ctrl_hs|  flash_attention_hls_Pipeline_FIND_MAX|  return value|
|grp_fu_948_p_din0    |  out|   32|  ap_ctrl_hs|  flash_attention_hls_Pipeline_FIND_MAX|  return value|
|grp_fu_948_p_din1    |  out|   32|  ap_ctrl_hs|  flash_attention_hls_Pipeline_FIND_MAX|  return value|
|grp_fu_948_p_opcode  |  out|    5|  ap_ctrl_hs|  flash_attention_hls_Pipeline_FIND_MAX|  return value|
|grp_fu_948_p_dout0   |   in|    1|  ap_ctrl_hs|  flash_attention_hls_Pipeline_FIND_MAX|  return value|
|grp_fu_948_p_ce      |  out|    1|  ap_ctrl_hs|  flash_attention_hls_Pipeline_FIND_MAX|  return value|
|k_lim                |   in|   32|     ap_none|                                  k_lim|        scalar|
|zext_ln138           |   in|    6|     ap_none|                             zext_ln138|        scalar|
|scores_address0      |  out|    6|   ap_memory|                                 scores|         array|
|scores_ce0           |  out|    1|   ap_memory|                                 scores|         array|
|scores_q0            |   in|   32|   ap_memory|                                 scores|         array|
|tile_max_out         |  out|   32|      ap_vld|                           tile_max_out|       pointer|
|tile_max_out_ap_vld  |  out|    1|      ap_vld|                           tile_max_out|       pointer|
+---------------------+-----+-----+------------+---------------------------------------+--------------+

