

================================================================
== Vitis HLS Report for 'flash_attention_hls_Pipeline_LOAD_KV_VITIS_LOOP_93_3'
================================================================
* Date:           Fri May  8 14:39:21 2026

* Version:        2023.2 (Build 4023990 on Oct 11 2023)
* Project:        flash_attention_proj
* Solution:       solution1 (Vivado IP Flow Target)
* Product family: zynq
* Target device:  xc7z020-clg400-1


================================================================
== Performance Estimates
================================================================
+ Timing: 
    * Summary: 
    +--------+----------+----------+------------+
    |  Clock |  Target  | Estimated| Uncertainty|
    +--------+----------+----------+------------+
    |ap_clk  |  10.00 ns|  7.396 ns|     2.70 ns|
    +--------+----------+----------+------------+

+ Latency: 
    * Summary: 
    +---------+---------+----------+----------+-----+-----+---------+
    |  Latency (cycles) |  Latency (absolute) |  Interval | Pipeline|
    |   min   |   max   |    min   |    max   | min | max |   Type  |
    +---------+---------+----------+----------+-----+-----+---------+
    |        ?|        ?|         ?|         ?|    ?|    ?|       no|
    +---------+---------+----------+----------+-----+-----+---------+

    + Detail: 
        * Instance: 
        N/A

        * Loop: 
        +---------------------------+---------+---------+----------+-----------+-----------+------+----------+
        |                           |  Latency (cycles) | Iteration|  Initiation Interval  | Trip |          |
        |         Loop Name         |   min   |   max   |  Latency |  achieved |   target  | Count| Pipelined|
        +---------------------------+---------+---------+----------+-----------+-----------+------+----------+
        |- LOAD_KV_VITIS_LOOP_93_3  |        ?|        ?|        12|          1|          1|     ?|       yes|
        +---------------------------+---------+---------+----------+-----------+-----------+------+----------+

============================================================
+ Verbose Summary: Synthesis Manager
============================================================
InlineROM: 1
ExposeGlobal: 0
============================================================
+ Verbose Summary: CDFG Model
============================================================
IsTopModel: 0
ResetActiveHigh: 1
IsCombinational: 0
IsDatapathOnly: 0
HasWiredReturn: 1
HasMFsm: 2
HasVarLatency: 1
IsPipeline: 0
IsRtlPipelined: 0
IsInstanceOverlapped: 0
IsDontTouch: 0
HasImplIP: 0
IsGatedGlobalClock: 0

+ Individual pipeline summary: 
  * Pipeline-0: initiation interval (II) = 1, depth = 13


============================================================
+ Verbose Summary: Schedule
============================================================
* Number of FSM states : 13
* Pipeline : 1
  Pipeline-0 : II = 1, D = 13, States = { 1 2 3 4 5 6 7 8 9 10 11 12 13 }
* Dataflow Pipeline: 0

* FSM state transitions: 
1 --> 2 
2 --> 3 
3 --> 4 
4 --> 5 
5 --> 6 
6 --> 7 
7 --> 8 
8 --> 9 
9 --> 10 
10 --> 11 
11 --> 12 
12 --> 13 
13 --> 

* FSM state operations: 

State 1 <SV = 0> <Delay = 1.58>
ST_1 : Operation 15 [1/1] (0.00ns)   --->   "%x_3 = alloca i32 1" [flash_attention.cpp:93]   --->   Operation 15 'alloca' 'x_3' <Predicate = true> <Delay = 0.00>
ST_1 : Operation 16 [1/1] (0.00ns)   --->   "%j = alloca i32 1" [flash_attention.cpp:92]   --->   Operation 16 'alloca' 'j' <Predicate = true> <Delay = 0.00>
ST_1 : Operation 17 [1/1] (0.00ns)   --->   "%indvar_flatten9 = alloca i32 1"   --->   Operation 17 'alloca' 'indvar_flatten9' <Predicate = true> <Delay = 0.00>
ST_1 : Operation 18 [1/1] (0.00ns)   --->   "%K_read = read i64 @_ssdm_op_Read.ap_auto.i64, i64 %K"   --->   Operation 18 'read' 'K_read' <Predicate = true> <Delay = 0.00>
ST_1 : Operation 19 [1/1] (0.00ns)   --->   "%V_read = read i64 @_ssdm_op_Read.ap_auto.i64, i64 %V"   --->   Operation 19 'read' 'V_read' <Predicate = true> <Delay = 0.00>
ST_1 : Operation 20 [1/1] (0.00ns)   --->   "%shl_ln92_1_read = read i32 @_ssdm_op_Read.ap_auto.i32, i32 %shl_ln92_1"   --->   Operation 20 'read' 'shl_ln92_1_read' <Predicate = true> <Delay = 0.00>
ST_1 : Operation 21 [1/1] (0.00ns)   --->   "%zext_ln63_read = read i31 @_ssdm_op_Read.ap_auto.i31, i31 %zext_ln63"   --->   Operation 21 'read' 'zext_ln63_read' <Predicate = true> <Delay = 0.00>
ST_1 : Operation 22 [1/1] (0.00ns)   --->   "%mul_ln87_read = read i64 @_ssdm_op_Read.ap_auto.i64, i64 %mul_ln87"   --->   Operation 22 'read' 'mul_ln87_read' <Predicate = true> <Delay = 0.00>
ST_1 : Operation 23 [1/1] (0.00ns)   --->   "%d_read = read i32 @_ssdm_op_Read.ap_auto.i32, i32 %d"   --->   Operation 23 'read' 'd_read' <Predicate = true> <Delay = 0.00>
ST_1 : Operation 24 [1/1] (0.00ns)   --->   "%zext_ln63_cast = zext i31 %zext_ln63_read"   --->   Operation 24 'zext' 'zext_ln63_cast' <Predicate = true> <Delay = 0.00>
ST_1 : Operation 25 [1/1] (0.00ns)   --->   "%specinterface_ln0 = specinterface void @_ssdm_op_SpecInterface, i32 %gmem2, void @empty_5, i32 0, i32 0, void @empty_22, i32 0, i32 2048, void @empty_9, void @empty_23, void @empty_22, i32 16, i32 16, i32 16, i32 16, void @empty_22, void @empty_22, i32 4294967295, i32 0"   --->   Operation 25 'specinterface' 'specinterface_ln0' <Predicate = true> <Delay = 0.00>
ST_1 : Operation 26 [1/1] (0.00ns)   --->   "%specinterface_ln0 = specinterface void @_ssdm_op_SpecInterface, i32 %gmem1, void @empty_5, i32 0, i32 0, void @empty_22, i32 0, i32 2048, void @empty_10, void @empty_23, void @empty_22, i32 16, i32 16, i32 16, i32 16, void @empty_22, void @empty_22, i32 4294967295, i32 0"   --->   Operation 26 'specinterface' 'specinterface_ln0' <Predicate = true> <Delay = 0.00>
ST_1 : Operation 27 [1/1] (1.58ns)   --->   "%store_ln0 = store i64 0, i64 %indvar_flatten9"   --->   Operation 27 'store' 'store_ln0' <Predicate = true> <Delay = 1.58>
ST_1 : Operation 28 [1/1] (1.58ns)   --->   "%store_ln92 = store i31 0, i31 %j" [flash_attention.cpp:92]   --->   Operation 28 'store' 'store_ln92' <Predicate = true> <Delay = 1.58>
ST_1 : Operation 29 [1/1] (1.58ns)   --->   "%store_ln93 = store i31 0, i31 %x_3" [flash_attention.cpp:93]   --->   Operation 29 'store' 'store_ln93' <Predicate = true> <Delay = 1.58>
ST_1 : Operation 30 [1/1] (1.58ns)   --->   "%br_ln0 = br void %for.inc81"   --->   Operation 30 'br' 'br_ln0' <Predicate = true> <Delay = 1.58>

State 2 <SV = 1> <Delay = 7.39>
ST_2 : Operation 31 [1/1] (0.00ns)   --->   "%first_iter_1 = phi i1 1, void %newFuncRoot, i1 0, void %arrayidx8012.exit"   --->   Operation 31 'phi' 'first_iter_1' <Predicate = true> <Delay = 0.00>
ST_2 : Operation 32 [1/1] (0.00ns)   --->   "%x = load i31 %x_3" [flash_attention.cpp:93]   --->   Operation 32 'load' 'x' <Predicate = true> <Delay = 0.00>
ST_2 : Operation 33 [1/1] (0.00ns)   --->   "%indvar_flatten9_load = load i64 %indvar_flatten9" [flash_attention.cpp:92]   --->   Operation 33 'load' 'indvar_flatten9_load' <Predicate = true> <Delay = 0.00>
ST_2 : Operation 34 [1/1] (0.00ns)   --->   "%specbitsmap_ln0 = specbitsmap void @_ssdm_op_SpecBitsMap, i32 %gmem2"   --->   Operation 34 'specbitsmap' 'specbitsmap_ln0' <Predicate = true> <Delay = 0.00>
ST_2 : Operation 35 [1/1] (0.00ns)   --->   "%specbitsmap_ln0 = specbitsmap void @_ssdm_op_SpecBitsMap, i32 %gmem1"   --->   Operation 35 'specbitsmap' 'specbitsmap_ln0' <Predicate = true> <Delay = 0.00>
ST_2 : Operation 36 [1/1] (0.00ns)   --->   "%zext_ln93 = zext i31 %x" [flash_attention.cpp:93]   --->   Operation 36 'zext' 'zext_ln93' <Predicate = true> <Delay = 0.00>
ST_2 : Operation 37 [1/1] (2.55ns)   --->   "%icmp_ln93 = icmp_slt  i32 %zext_ln93, i32 %d_read" [flash_attention.cpp:93]   --->   Operation 37 'icmp' 'icmp_ln93' <Predicate = true> <Delay = 2.55> <CoreInst = "Cmp">   --->   Core 9 'Cmp' <Latency = 0> <II = 1> <Delay = 2.55> <FuncUnit> <Opcode : 'icmp'> <InPorts = 2> <OutPorts = 1>
ST_2 : Operation 38 [1/1] (3.52ns)   --->   "%icmp_ln92 = icmp_eq  i64 %indvar_flatten9_load, i64 %mul_ln87_read" [flash_attention.cpp:92]   --->   Operation 38 'icmp' 'icmp_ln92' <Predicate = true> <Delay = 3.52> <CoreInst = "Cmp">   --->   Core 9 'Cmp' <Latency = 0> <II = 1> <Delay = 3.52> <FuncUnit> <Opcode : 'icmp'> <InPorts = 2> <OutPorts = 1>
ST_2 : Operation 39 [1/1] (3.52ns)   --->   "%add_ln92_4 = add i64 %indvar_flatten9_load, i64 1" [flash_attention.cpp:92]   --->   Operation 39 'add' 'add_ln92_4' <Predicate = true> <Delay = 3.52> <CoreInst = "Adder">   --->   Core 1 'Adder' <Latency = 0> <II = 1> <Delay = 3.52> <FuncUnit> <Opcode : 'add' 'sub'> <InPorts = 2> <OutPorts = 1>
ST_2 : Operation 40 [1/1] (0.00ns)   --->   "%br_ln92 = br i1 %icmp_ln92, void %for.inc84.loopexit, void %SCORE_LOOP_I.loopexit.exitStub" [flash_attention.cpp:92]   --->   Operation 40 'br' 'br_ln92' <Predicate = true> <Delay = 0.00>
ST_2 : Operation 41 [1/1] (0.00ns)   --->   "%j_load = load i31 %j" [flash_attention.cpp:92]   --->   Operation 41 'load' 'j_load' <Predicate = (!icmp_ln92)> <Delay = 0.00>
ST_2 : Operation 42 [1/1] (2.52ns)   --->   "%add_ln92_3 = add i31 %j_load, i31 1" [flash_attention.cpp:92]   --->   Operation 42 'add' 'add_ln92_3' <Predicate = (!icmp_ln92)> <Delay = 2.52> <CoreInst = "Adder">   --->   Core 1 'Adder' <Latency = 0> <II = 1> <Delay = 2.52> <FuncUnit> <Opcode : 'add' 'sub'> <InPorts = 2> <OutPorts = 1>
ST_2 : Operation 43 [1/1] (0.00ns) (grouped into LUT with out node or_ln92)   --->   "%xor_ln92 = xor i1 %icmp_ln93, i1 1" [flash_attention.cpp:92]   --->   Operation 43 'xor' 'xor_ln92' <Predicate = (!icmp_ln92)> <Delay = 0.00> <CoreInst = "LogicGate">   --->   Core 74 'LogicGate' <Latency = 0> <II = 1> <Delay = 0.97> <FuncUnit> <Opcode : 'and' 'or' 'xor'> <InPorts = 2> <OutPorts = 1>
ST_2 : Operation 44 [1/1] (0.97ns) (out node of the LUT)   --->   "%or_ln92 = or i1 %first_iter_1, i1 %xor_ln92" [flash_attention.cpp:92]   --->   Operation 44 'or' 'or_ln92' <Predicate = (!icmp_ln92)> <Delay = 0.97> <CoreInst = "LogicGate">   --->   Core 74 'LogicGate' <Latency = 0> <II = 1> <Delay = 0.97> <FuncUnit> <Opcode : 'and' 'or' 'xor'> <InPorts = 2> <OutPorts = 1>
ST_2 : Operation 45 [1/1] (0.73ns)   --->   "%select_ln92 = select i1 %icmp_ln93, i31 %x, i31 0" [flash_attention.cpp:92]   --->   Operation 45 'select' 'select_ln92' <Predicate = (!icmp_ln92)> <Delay = 0.73> <CoreInst = "Sel">   --->   Core 73 'Sel' <Latency = 0> <II = 1> <Delay = 0.73> <FuncUnit> <Opcode : 'select'> <InPorts = 3> <OutPorts = 1>
ST_2 : Operation 46 [1/1] (0.73ns)   --->   "%select_ln92_1 = select i1 %icmp_ln93, i31 %j_load, i31 %add_ln92_3" [flash_attention.cpp:92]   --->   Operation 46 'select' 'select_ln92_1' <Predicate = (!icmp_ln92)> <Delay = 0.73> <CoreInst = "Sel">   --->   Core 73 'Sel' <Latency = 0> <II = 1> <Delay = 0.73> <FuncUnit> <Opcode : 'select'> <InPorts = 3> <OutPorts = 1>
ST_2 : Operation 47 [1/1] (0.00ns)   --->   "%trunc_ln92 = trunc i31 %select_ln92_1" [flash_attention.cpp:92]   --->   Operation 47 'trunc' 'trunc_ln92' <Predicate = (!icmp_ln92)> <Delay = 0.00>
ST_2 : Operation 48 [1/1] (0.00ns)   --->   "%trunc_ln92_1 = trunc i31 %select_ln92_1" [flash_attention.cpp:92]   --->   Operation 48 'trunc' 'trunc_ln92_1' <Predicate = (!icmp_ln92)> <Delay = 0.00>
ST_2 : Operation 49 [1/1] (0.00ns)   --->   "%br_ln93 = br i1 %or_ln92, void %for.inc81.split, void %for.first.iter.for.inc81" [flash_attention.cpp:93]   --->   Operation 49 'br' 'br_ln93' <Predicate = (!icmp_ln92)> <Delay = 0.00>
ST_2 : Operation 50 [1/1] (0.00ns)   --->   "%tmp_s = bitconcatenate i6 @_ssdm_op_BitConcatenate.i6.i3.i3, i3 %trunc_ln92, i3 0" [flash_attention.cpp:95]   --->   Operation 50 'bitconcatenate' 'tmp_s' <Predicate = (!icmp_ln92)> <Delay = 0.00>
ST_2 : Operation 51 [1/1] (0.00ns)   --->   "%trunc_ln93 = trunc i31 %select_ln92" [flash_attention.cpp:93]   --->   Operation 51 'trunc' 'trunc_ln93' <Predicate = (!icmp_ln92)> <Delay = 0.00>
ST_2 : Operation 52 [1/1] (0.00ns)   --->   "%lshr_ln3 = partselect i6 @_ssdm_op_PartSelect.i6.i31.i32.i32, i31 %select_ln92, i32 2, i32 7" [flash_attention.cpp:93]   --->   Operation 52 'partselect' 'lshr_ln3' <Predicate = (!icmp_ln92)> <Delay = 0.00>
ST_2 : Operation 53 [1/1] (1.82ns)   --->   "%add_ln95 = add i6 %tmp_s, i6 %lshr_ln3" [flash_attention.cpp:95]   --->   Operation 53 'add' 'add_ln95' <Predicate = (!icmp_ln92)> <Delay = 1.82> <CoreInst = "Adder">   --->   Core 1 'Adder' <Latency = 0> <II = 1> <Delay = 1.82> <FuncUnit> <Opcode : 'add' 'sub'> <InPorts = 2> <OutPorts = 1>
ST_2 : Operation 54 [1/1] (1.86ns)   --->   "%switch_ln95 = switch i2 %trunc_ln93, void %arrayidx8012.case.3, i2 0, void %arrayidx8012.case.0, i2 1, void %arrayidx8012.case.1, i2 2, void %arrayidx8012.case.2" [flash_attention.cpp:95]   --->   Operation 54 'switch' 'switch_ln95' <Predicate = (!icmp_ln92)> <Delay = 1.86>
ST_2 : Operation 55 [1/1] (2.52ns)   --->   "%add_ln93 = add i31 %select_ln92, i31 1" [flash_attention.cpp:93]   --->   Operation 55 'add' 'add_ln93' <Predicate = (!icmp_ln92)> <Delay = 2.52> <CoreInst = "Adder">   --->   Core 1 'Adder' <Latency = 0> <II = 1> <Delay = 2.52> <FuncUnit> <Opcode : 'add' 'sub'> <InPorts = 2> <OutPorts = 1>
ST_2 : Operation 56 [1/1] (1.58ns)   --->   "%store_ln92 = store i64 %add_ln92_4, i64 %indvar_flatten9" [flash_attention.cpp:92]   --->   Operation 56 'store' 'store_ln92' <Predicate = (!icmp_ln92)> <Delay = 1.58>
ST_2 : Operation 57 [1/1] (1.58ns)   --->   "%store_ln92 = store i31 %select_ln92_1, i31 %j" [flash_attention.cpp:92]   --->   Operation 57 'store' 'store_ln92' <Predicate = (!icmp_ln92)> <Delay = 1.58>
ST_2 : Operation 58 [1/1] (1.58ns)   --->   "%store_ln93 = store i31 %add_ln93, i31 %x_3" [flash_attention.cpp:93]   --->   Operation 58 'store' 'store_ln93' <Predicate = (!icmp_ln92)> <Delay = 1.58>
ST_2 : Operation 59 [1/1] (0.00ns)   --->   "%br_ln93 = br void %for.inc81" [flash_attention.cpp:93]   --->   Operation 59 'br' 'br_ln93' <Predicate = (!icmp_ln92)> <Delay = 0.00>

State 3 <SV = 2> <Delay = 6.07>
ST_3 : Operation 60 [1/1] (0.00ns)   --->   "%specloopname_ln0 = specloopname void @_ssdm_op_SpecLoopName, void @LOAD_KV_VITIS_LOOP_93_3_str"   --->   Operation 60 'specloopname' 'specloopname_ln0' <Predicate = true> <Delay = 0.00>
ST_3 : Operation 61 [1/1] (0.00ns)   --->   "%shl_ln92_2 = bitconcatenate i32 @_ssdm_op_BitConcatenate.i32.i27.i5, i27 %trunc_ln92_1, i5 0" [flash_attention.cpp:92]   --->   Operation 61 'bitconcatenate' 'shl_ln92_2' <Predicate = true> <Delay = 0.00>
ST_3 : Operation 62 [1/1] (2.55ns)   --->   "%add_ln92 = add i32 %shl_ln92_2, i32 %shl_ln92_1_read" [flash_attention.cpp:92]   --->   Operation 62 'add' 'add_ln92' <Predicate = true> <Delay = 2.55> <CoreInst = "Adder">   --->   Core 1 'Adder' <Latency = 0> <II = 1> <Delay = 2.55> <FuncUnit> <Opcode : 'add' 'sub'> <InPorts = 2> <OutPorts = 1>
ST_3 : Operation 63 [1/1] (0.00ns)   --->   "%shl_ln1 = bitconcatenate i34 @_ssdm_op_BitConcatenate.i34.i32.i2, i32 %add_ln92, i2 0" [flash_attention.cpp:92]   --->   Operation 63 'bitconcatenate' 'shl_ln1' <Predicate = true> <Delay = 0.00>
ST_3 : Operation 64 [1/1] (0.00ns)   --->   "%sext_ln92 = sext i34 %shl_ln1" [flash_attention.cpp:92]   --->   Operation 64 'sext' 'sext_ln92' <Predicate = true> <Delay = 0.00>
ST_3 : Operation 65 [1/1] (3.52ns)   --->   "%add_ln92_1 = add i64 %sext_ln92, i64 %V_read" [flash_attention.cpp:92]   --->   Operation 65 'add' 'add_ln92_1' <Predicate = true> <Delay = 3.52> <CoreInst = "Adder">   --->   Core 1 'Adder' <Latency = 0> <II = 1> <Delay = 3.52> <FuncUnit> <Opcode : 'add' 'sub'> <InPorts = 2> <OutPorts = 1>
ST_3 : Operation 66 [1/1] (3.52ns)   --->   "%add_ln92_2 = add i64 %sext_ln92, i64 %K_read" [flash_attention.cpp:92]   --->   Operation 66 'add' 'add_ln92_2' <Predicate = true> <Delay = 3.52> <CoreInst = "Adder">   --->   Core 1 'Adder' <Latency = 0> <II = 1> <Delay = 3.52> <FuncUnit> <Opcode : 'add' 'sub'> <InPorts = 2> <OutPorts = 1>
ST_3 : Operation 67 [1/1] (0.00ns)   --->   "%trunc_ln5 = partselect i62 @_ssdm_op_PartSelect.i62.i64.i32.i32, i64 %add_ln92_2, i32 2, i32 63" [flash_attention.cpp:93]   --->   Operation 67 'partselect' 'trunc_ln5' <Predicate = true> <Delay = 0.00>
ST_3 : Operation 68 [1/1] (0.00ns)   --->   "%sext_ln93 = sext i62 %trunc_ln5" [flash_attention.cpp:93]   --->   Operation 68 'sext' 'sext_ln93' <Predicate = true> <Delay = 0.00>
ST_3 : Operation 69 [1/1] (0.00ns)   --->   "%gmem1_addr = getelementptr i32 %gmem1, i64 %sext_ln93" [flash_attention.cpp:93]   --->   Operation 69 'getelementptr' 'gmem1_addr' <Predicate = true> <Delay = 0.00>
ST_3 : Operation 70 [1/1] (0.00ns)   --->   "%trunc_ln93_1 = partselect i62 @_ssdm_op_PartSelect.i62.i64.i32.i32, i64 %add_ln92_1, i32 2, i32 63" [flash_attention.cpp:93]   --->   Operation 70 'partselect' 'trunc_ln93_1' <Predicate = true> <Delay = 0.00>
ST_3 : Operation 71 [1/1] (0.00ns)   --->   "%sext_ln93_1 = sext i62 %trunc_ln93_1" [flash_attention.cpp:93]   --->   Operation 71 'sext' 'sext_ln93_1' <Predicate = true> <Delay = 0.00>
ST_3 : Operation 72 [1/1] (0.00ns)   --->   "%gmem2_addr = getelementptr i32 %gmem2, i64 %sext_ln93_1" [flash_attention.cpp:93]   --->   Operation 72 'getelementptr' 'gmem2_addr' <Predicate = true> <Delay = 0.00>

State 4 <SV = 3> <Delay = 7.30>
ST_4 : Operation 73 [8/8] (7.30ns)   --->   "%empty = readreq i1 @_ssdm_op_ReadReq.m_axi.p1i32, i32 %gmem1_addr, i32 %zext_ln63_cast" [flash_attention.cpp:93]   --->   Operation 73 'readreq' 'empty' <Predicate = (or_ln92)> <Delay = 7.30> <CoreInst = "m_axi">   --->   Core 113 'm_axi' <Latency = 0> <II = 1> <Delay = 1.00> <Adapter> <Opcode : 'read' 'write' 'readreq' 'writereq' 'writeresp'>
ST_4 : Operation 74 [8/8] (7.30ns)   --->   "%empty_39 = readreq i1 @_ssdm_op_ReadReq.m_axi.p1i32, i32 %gmem2_addr, i32 %zext_ln63_cast" [flash_attention.cpp:93]   --->   Operation 74 'readreq' 'empty_39' <Predicate = (or_ln92)> <Delay = 7.30> <CoreInst = "m_axi">   --->   Core 113 'm_axi' <Latency = 0> <II = 1> <Delay = 1.00> <Adapter> <Opcode : 'read' 'write' 'readreq' 'writereq' 'writeresp'>

State 5 <SV = 4> <Delay = 7.30>
ST_5 : Operation 75 [7/8] (7.30ns)   --->   "%empty = readreq i1 @_ssdm_op_ReadReq.m_axi.p1i32, i32 %gmem1_addr, i32 %zext_ln63_cast" [flash_attention.cpp:93]   --->   Operation 75 'readreq' 'empty' <Predicate = (or_ln92)> <Delay = 7.30> <CoreInst = "m_axi">   --->   Core 113 'm_axi' <Latency = 0> <II = 1> <Delay = 1.00> <Adapter> <Opcode : 'read' 'write' 'readreq' 'writereq' 'writeresp'>
ST_5 : Operation 76 [7/8] (7.30ns)   --->   "%empty_39 = readreq i1 @_ssdm_op_ReadReq.m_axi.p1i32, i32 %gmem2_addr, i32 %zext_ln63_cast" [flash_attention.cpp:93]   --->   Operation 76 'readreq' 'empty_39' <Predicate = (or_ln92)> <Delay = 7.30> <CoreInst = "m_axi">   --->   Core 113 'm_axi' <Latency = 0> <II = 1> <Delay = 1.00> <Adapter> <Opcode : 'read' 'write' 'readreq' 'writereq' 'writeresp'>

State 6 <SV = 5> <Delay = 7.30>
ST_6 : Operation 77 [6/8] (7.30ns)   --->   "%empty = readreq i1 @_ssdm_op_ReadReq.m_axi.p1i32, i32 %gmem1_addr, i32 %zext_ln63_cast" [flash_attention.cpp:93]   --->   Operation 77 'readreq' 'empty' <Predicate = (or_ln92)> <Delay = 7.30> <CoreInst = "m_axi">   --->   Core 113 'm_axi' <Latency = 0> <II = 1> <Delay = 1.00> <Adapter> <Opcode : 'read' 'write' 'readreq' 'writereq' 'writeresp'>
ST_6 : Operation 78 [6/8] (7.30ns)   --->   "%empty_39 = readreq i1 @_ssdm_op_ReadReq.m_axi.p1i32, i32 %gmem2_addr, i32 %zext_ln63_cast" [flash_attention.cpp:93]   --->   Operation 78 'readreq' 'empty_39' <Predicate = (or_ln92)> <Delay = 7.30> <CoreInst = "m_axi">   --->   Core 113 'm_axi' <Latency = 0> <II = 1> <Delay = 1.00> <Adapter> <Opcode : 'read' 'write' 'readreq' 'writereq' 'writeresp'>

State 7 <SV = 6> <Delay = 7.30>
ST_7 : Operation 79 [5/8] (7.30ns)   --->   "%empty = readreq i1 @_ssdm_op_ReadReq.m_axi.p1i32, i32 %gmem1_addr, i32 %zext_ln63_cast" [flash_attention.cpp:93]   --->   Operation 79 'readreq' 'empty' <Predicate = (or_ln92)> <Delay = 7.30> <CoreInst = "m_axi">   --->   Core 113 'm_axi' <Latency = 0> <II = 1> <Delay = 1.00> <Adapter> <Opcode : 'read' 'write' 'readreq' 'writereq' 'writeresp'>
ST_7 : Operation 80 [5/8] (7.30ns)   --->   "%empty_39 = readreq i1 @_ssdm_op_ReadReq.m_axi.p1i32, i32 %gmem2_addr, i32 %zext_ln63_cast" [flash_attention.cpp:93]   --->   Operation 80 'readreq' 'empty_39' <Predicate = (or_ln92)> <Delay = 7.30> <CoreInst = "m_axi">   --->   Core 113 'm_axi' <Latency = 0> <II = 1> <Delay = 1.00> <Adapter> <Opcode : 'read' 'write' 'readreq' 'writereq' 'writeresp'>

State 8 <SV = 7> <Delay = 7.30>
ST_8 : Operation 81 [4/8] (7.30ns)   --->   "%empty = readreq i1 @_ssdm_op_ReadReq.m_axi.p1i32, i32 %gmem1_addr, i32 %zext_ln63_cast" [flash_attention.cpp:93]   --->   Operation 81 'readreq' 'empty' <Predicate = (or_ln92)> <Delay = 7.30> <CoreInst = "m_axi">   --->   Core 113 'm_axi' <Latency = 0> <II = 1> <Delay = 1.00> <Adapter> <Opcode : 'read' 'write' 'readreq' 'writereq' 'writeresp'>
ST_8 : Operation 82 [4/8] (7.30ns)   --->   "%empty_39 = readreq i1 @_ssdm_op_ReadReq.m_axi.p1i32, i32 %gmem2_addr, i32 %zext_ln63_cast" [flash_attention.cpp:93]   --->   Operation 82 'readreq' 'empty_39' <Predicate = (or_ln92)> <Delay = 7.30> <CoreInst = "m_axi">   --->   Core 113 'm_axi' <Latency = 0> <II = 1> <Delay = 1.00> <Adapter> <Opcode : 'read' 'write' 'readreq' 'writereq' 'writeresp'>

State 9 <SV = 8> <Delay = 7.30>
ST_9 : Operation 83 [3/8] (7.30ns)   --->   "%empty = readreq i1 @_ssdm_op_ReadReq.m_axi.p1i32, i32 %gmem1_addr, i32 %zext_ln63_cast" [flash_attention.cpp:93]   --->   Operation 83 'readreq' 'empty' <Predicate = (or_ln92)> <Delay = 7.30> <CoreInst = "m_axi">   --->   Core 113 'm_axi' <Latency = 0> <II = 1> <Delay = 1.00> <Adapter> <Opcode : 'read' 'write' 'readreq' 'writereq' 'writeresp'>
ST_9 : Operation 84 [3/8] (7.30ns)   --->   "%empty_39 = readreq i1 @_ssdm_op_ReadReq.m_axi.p1i32, i32 %gmem2_addr, i32 %zext_ln63_cast" [flash_attention.cpp:93]   --->   Operation 84 'readreq' 'empty_39' <Predicate = (or_ln92)> <Delay = 7.30> <CoreInst = "m_axi">   --->   Core 113 'm_axi' <Latency = 0> <II = 1> <Delay = 1.00> <Adapter> <Opcode : 'read' 'write' 'readreq' 'writereq' 'writeresp'>

State 10 <SV = 9> <Delay = 7.30>
ST_10 : Operation 85 [2/8] (7.30ns)   --->   "%empty = readreq i1 @_ssdm_op_ReadReq.m_axi.p1i32, i32 %gmem1_addr, i32 %zext_ln63_cast" [flash_attention.cpp:93]   --->   Operation 85 'readreq' 'empty' <Predicate = (or_ln92)> <Delay = 7.30> <CoreInst = "m_axi">   --->   Core 113 'm_axi' <Latency = 0> <II = 1> <Delay = 1.00> <Adapter> <Opcode : 'read' 'write' 'readreq' 'writereq' 'writeresp'>
ST_10 : Operation 86 [2/8] (7.30ns)   --->   "%empty_39 = readreq i1 @_ssdm_op_ReadReq.m_axi.p1i32, i32 %gmem2_addr, i32 %zext_ln63_cast" [flash_attention.cpp:93]   --->   Operation 86 'readreq' 'empty_39' <Predicate = (or_ln92)> <Delay = 7.30> <CoreInst = "m_axi">   --->   Core 113 'm_axi' <Latency = 0> <II = 1> <Delay = 1.00> <Adapter> <Opcode : 'read' 'write' 'readreq' 'writereq' 'writeresp'>

State 11 <SV = 10> <Delay = 7.30>
ST_11 : Operation 87 [1/8] (7.30ns)   --->   "%empty = readreq i1 @_ssdm_op_ReadReq.m_axi.p1i32, i32 %gmem1_addr, i32 %zext_ln63_cast" [flash_attention.cpp:93]   --->   Operation 87 'readreq' 'empty' <Predicate = (or_ln92)> <Delay = 7.30> <CoreInst = "m_axi">   --->   Core 113 'm_axi' <Latency = 0> <II = 1> <Delay = 1.00> <Adapter> <Opcode : 'read' 'write' 'readreq' 'writereq' 'writeresp'>
ST_11 : Operation 88 [1/8] (7.30ns)   --->   "%empty_39 = readreq i1 @_ssdm_op_ReadReq.m_axi.p1i32, i32 %gmem2_addr, i32 %zext_ln63_cast" [flash_attention.cpp:93]   --->   Operation 88 'readreq' 'empty_39' <Predicate = (or_ln92)> <Delay = 7.30> <CoreInst = "m_axi">   --->   Core 113 'm_axi' <Latency = 0> <II = 1> <Delay = 1.00> <Adapter> <Opcode : 'read' 'write' 'readreq' 'writereq' 'writeresp'>
ST_11 : Operation 89 [1/1] (0.00ns)   --->   "%br_ln93 = br void %for.inc81.split" [flash_attention.cpp:93]   --->   Operation 89 'br' 'br_ln93' <Predicate = (or_ln92)> <Delay = 0.00>

State 12 <SV = 11> <Delay = 7.30>
ST_12 : Operation 90 [1/1] (7.30ns)   --->   "%gmem1_addr_read = read i32 @_ssdm_op_Read.m_axi.p1i32, i32 %gmem1_addr" [flash_attention.cpp:95]   --->   Operation 90 'read' 'gmem1_addr_read' <Predicate = true> <Delay = 7.30> <CoreInst = "m_axi">   --->   Core 113 'm_axi' <Latency = 0> <II = 1> <Delay = 1.00> <Adapter> <Opcode : 'read' 'write' 'readreq' 'writereq' 'writeresp'>
ST_12 : Operation 91 [1/1] (7.30ns)   --->   "%gmem2_addr_read = read i32 @_ssdm_op_Read.m_axi.p1i32, i32 %gmem2_addr" [flash_attention.cpp:96]   --->   Operation 91 'read' 'gmem2_addr_read' <Predicate = true> <Delay = 7.30> <CoreInst = "m_axi">   --->   Core 113 'm_axi' <Latency = 0> <II = 1> <Delay = 1.00> <Adapter> <Opcode : 'read' 'write' 'readreq' 'writereq' 'writeresp'>
ST_12 : Operation 116 [1/1] (0.00ns)   --->   "%ret_ln0 = ret"   --->   Operation 116 'ret' 'ret_ln0' <Predicate = (icmp_ln92)> <Delay = 0.00>

State 13 <SV = 12> <Delay = 3.25>
ST_13 : Operation 92 [1/1] (0.00ns)   --->   "%specpipeline_ln94 = specpipeline void @_ssdm_op_SpecPipeline, i32 1, i32 0, i32 0, i32 0, void @empty_22" [flash_attention.cpp:94]   --->   Operation 92 'specpipeline' 'specpipeline_ln94' <Predicate = true> <Delay = 0.00>
ST_13 : Operation 93 [1/1] (0.00ns)   --->   "%zext_ln95 = zext i6 %add_ln95" [flash_attention.cpp:95]   --->   Operation 93 'zext' 'zext_ln95' <Predicate = true> <Delay = 0.00>
ST_13 : Operation 94 [1/1] (0.00ns)   --->   "%Kbuf_addr = getelementptr i32 %Kbuf, i64 0, i64 %zext_ln95" [flash_attention.cpp:95]   --->   Operation 94 'getelementptr' 'Kbuf_addr' <Predicate = true> <Delay = 0.00>
ST_13 : Operation 95 [1/1] (0.00ns)   --->   "%Kbuf_1_addr = getelementptr i32 %Kbuf_1, i64 0, i64 %zext_ln95" [flash_attention.cpp:95]   --->   Operation 95 'getelementptr' 'Kbuf_1_addr' <Predicate = true> <Delay = 0.00>
ST_13 : Operation 96 [1/1] (0.00ns)   --->   "%Kbuf_2_addr = getelementptr i32 %Kbuf_2, i64 0, i64 %zext_ln95" [flash_attention.cpp:95]   --->   Operation 96 'getelementptr' 'Kbuf_2_addr' <Predicate = true> <Delay = 0.00>
ST_13 : Operation 97 [1/1] (0.00ns)   --->   "%Kbuf_3_addr = getelementptr i32 %Kbuf_3, i64 0, i64 %zext_ln95" [flash_attention.cpp:95]   --->   Operation 97 'getelementptr' 'Kbuf_3_addr' <Predicate = true> <Delay = 0.00>
ST_13 : Operation 98 [1/1] (0.00ns)   --->   "%Vbuf_addr = getelementptr i32 %Vbuf, i64 0, i64 %zext_ln95" [flash_attention.cpp:96]   --->   Operation 98 'getelementptr' 'Vbuf_addr' <Predicate = true> <Delay = 0.00>
ST_13 : Operation 99 [1/1] (0.00ns)   --->   "%Vbuf_1_addr = getelementptr i32 %Vbuf_1, i64 0, i64 %zext_ln95" [flash_attention.cpp:96]   --->   Operation 99 'getelementptr' 'Vbuf_1_addr' <Predicate = true> <Delay = 0.00>
ST_13 : Operation 100 [1/1] (0.00ns)   --->   "%Vbuf_2_addr = getelementptr i32 %Vbuf_2, i64 0, i64 %zext_ln95" [flash_attention.cpp:96]   --->   Operation 100 'getelementptr' 'Vbuf_2_addr' <Predicate = true> <Delay = 0.00>
ST_13 : Operation 101 [1/1] (0.00ns)   --->   "%Vbuf_3_addr = getelementptr i32 %Vbuf_3, i64 0, i64 %zext_ln95" [flash_attention.cpp:96]   --->   Operation 101 'getelementptr' 'Vbuf_3_addr' <Predicate = true> <Delay = 0.00>
ST_13 : Operation 102 [1/1] (0.00ns)   --->   "%bitcast_ln95 = bitcast i32 %gmem1_addr_read" [flash_attention.cpp:95]   --->   Operation 102 'bitcast' 'bitcast_ln95' <Predicate = true> <Delay = 0.00>
ST_13 : Operation 103 [1/1] (0.00ns)   --->   "%bitcast_ln96 = bitcast i32 %gmem2_addr_read" [flash_attention.cpp:96]   --->   Operation 103 'bitcast' 'bitcast_ln96' <Predicate = true> <Delay = 0.00>
ST_13 : Operation 104 [1/1] (3.25ns)   --->   "%store_ln95 = store i32 %bitcast_ln95, i6 %Kbuf_2_addr" [flash_attention.cpp:95]   --->   Operation 104 'store' 'store_ln95' <Predicate = (trunc_ln93 == 2)> <Delay = 3.25> <CoreInst = "RAM_1WnR">   --->   Core 83 'RAM_1WnR' <Latency = 1> <II = 1> <Delay = 3.25> <Storage> <Opcode : 'load' 'store'> <Ports = 17> <Width = 32> <Depth = 64> <RAM>
ST_13 : Operation 105 [1/1] (3.25ns)   --->   "%store_ln96 = store i32 %bitcast_ln96, i6 %Vbuf_2_addr" [flash_attention.cpp:96]   --->   Operation 105 'store' 'store_ln96' <Predicate = (trunc_ln93 == 2)> <Delay = 3.25> <CoreInst = "RAM">   --->   Core 82 'RAM' <Latency = 1> <II = 1> <Delay = 3.25> <Storage> <Opcode : 'load' 'store'> <Ports = 2> <Width = 32> <Depth = 64> <RAM>
ST_13 : Operation 106 [1/1] (0.00ns)   --->   "%br_ln96 = br void %arrayidx8012.exit" [flash_attention.cpp:96]   --->   Operation 106 'br' 'br_ln96' <Predicate = (trunc_ln93 == 2)> <Delay = 0.00>
ST_13 : Operation 107 [1/1] (3.25ns)   --->   "%store_ln95 = store i32 %bitcast_ln95, i6 %Kbuf_1_addr" [flash_attention.cpp:95]   --->   Operation 107 'store' 'store_ln95' <Predicate = (trunc_ln93 == 1)> <Delay = 3.25> <CoreInst = "RAM_1WnR">   --->   Core 83 'RAM_1WnR' <Latency = 1> <II = 1> <Delay = 3.25> <Storage> <Opcode : 'load' 'store'> <Ports = 17> <Width = 32> <Depth = 64> <RAM>
ST_13 : Operation 108 [1/1] (3.25ns)   --->   "%store_ln96 = store i32 %bitcast_ln96, i6 %Vbuf_1_addr" [flash_attention.cpp:96]   --->   Operation 108 'store' 'store_ln96' <Predicate = (trunc_ln93 == 1)> <Delay = 3.25> <CoreInst = "RAM">   --->   Core 82 'RAM' <Latency = 1> <II = 1> <Delay = 3.25> <Storage> <Opcode : 'load' 'store'> <Ports = 2> <Width = 32> <Depth = 64> <RAM>
ST_13 : Operation 109 [1/1] (0.00ns)   --->   "%br_ln96 = br void %arrayidx8012.exit" [flash_attention.cpp:96]   --->   Operation 109 'br' 'br_ln96' <Predicate = (trunc_ln93 == 1)> <Delay = 0.00>
ST_13 : Operation 110 [1/1] (3.25ns)   --->   "%store_ln95 = store i32 %bitcast_ln95, i6 %Kbuf_addr" [flash_attention.cpp:95]   --->   Operation 110 'store' 'store_ln95' <Predicate = (trunc_ln93 == 0)> <Delay = 3.25> <CoreInst = "RAM_1WnR">   --->   Core 83 'RAM_1WnR' <Latency = 1> <II = 1> <Delay = 3.25> <Storage> <Opcode : 'load' 'store'> <Ports = 17> <Width = 32> <Depth = 64> <RAM>
ST_13 : Operation 111 [1/1] (3.25ns)   --->   "%store_ln96 = store i32 %bitcast_ln96, i6 %Vbuf_addr" [flash_attention.cpp:96]   --->   Operation 111 'store' 'store_ln96' <Predicate = (trunc_ln93 == 0)> <Delay = 3.25> <CoreInst = "RAM">   --->   Core 82 'RAM' <Latency = 1> <II = 1> <Delay = 3.25> <Storage> <Opcode : 'load' 'store'> <Ports = 2> <Width = 32> <Depth = 64> <RAM>
ST_13 : Operation 112 [1/1] (0.00ns)   --->   "%br_ln96 = br void %arrayidx8012.exit" [flash_attention.cpp:96]   --->   Operation 112 'br' 'br_ln96' <Predicate = (trunc_ln93 == 0)> <Delay = 0.00>
ST_13 : Operation 113 [1/1] (3.25ns)   --->   "%store_ln95 = store i32 %bitcast_ln95, i6 %Kbuf_3_addr" [flash_attention.cpp:95]   --->   Operation 113 'store' 'store_ln95' <Predicate = (trunc_ln93 == 3)> <Delay = 3.25> <CoreInst = "RAM_1WnR">   --->   Core 83 'RAM_1WnR' <Latency = 1> <II = 1> <Delay = 3.25> <Storage> <Opcode : 'load' 'store'> <Ports = 17> <Width = 32> <Depth = 64> <RAM>
ST_13 : Operation 114 [1/1] (3.25ns)   --->   "%store_ln96 = store i32 %bitcast_ln96, i6 %Vbuf_3_addr" [flash_attention.cpp:96]   --->   Operation 114 'store' 'store_ln96' <Predicate = (trunc_ln93 == 3)> <Delay = 3.25> <CoreInst = "RAM">   --->   Core 82 'RAM' <Latency = 1> <II = 1> <Delay = 3.25> <Storage> <Opcode : 'load' 'store'> <Ports = 2> <Width = 32> <Depth = 64> <RAM>
ST_13 : Operation 115 [1/1] (0.00ns)   --->   "%br_ln96 = br void %arrayidx8012.exit" [flash_attention.cpp:96]   --->   Operation 115 'br' 'br_ln96' <Predicate = (trunc_ln93 == 3)> <Delay = 0.00>


============================================================
+ Verbose Summary: Binding
============================================================
STG Binding: 
---------------- STG Properties BEGIN ----------------
- Is combinational: 0
- Is one-state seq: 0
- Is datapath-only: 0
- Is pipelined: 0
- Is top level: 0
Port [ Return ] is wired: 1; IO mode=ap_ctrl_hs:ce=0
Port [ gmem2]:  wired=1; compound=1; hidden=0; nouse=0; global=0; static=0; extern=0; dir=0; type=4; pingpong=0; private_global=0; IO mode=m_axi:ce=0
Port [ gmem1]:  wired=1; compound=1; hidden=0; nouse=0; global=0; static=0; extern=0; dir=0; type=4; pingpong=0; private_global=0; IO mode=m_axi:ce=0
Port [ d]:  wired=1; compound=0; hidden=0; nouse=0; global=0; static=0; extern=0; dir=0; type=0; pingpong=0; private_global=0; IO mode=ap_none:ce=0
Port [ mul_ln87]:  wired=1; compound=0; hidden=0; nouse=0; global=0; static=0; extern=0; dir=0; type=0; pingpong=0; private_global=0; IO mode=ap_none:ce=0
Port [ Kbuf]:  wired=1; compound=1; hidden=0; nouse=0; global=0; static=0; extern=0; dir=1; type=1; pingpong=0; private_global=0; MemPort=[03333333333333333]; IO mode=ap_memory:ce=0
Port [ Kbuf_1]:  wired=1; compound=1; hidden=0; nouse=0; global=0; static=0; extern=0; dir=1; type=1; pingpong=0; private_global=0; MemPort=[03333333333333333]; IO mode=ap_memory:ce=0
Port [ Kbuf_2]:  wired=1; compound=1; hidden=0; nouse=0; global=0; static=0; extern=0; dir=1; type=1; pingpong=0; private_global=0; MemPort=[03333333333333333]; IO mode=ap_memory:ce=0
Port [ Kbuf_3]:  wired=1; compound=1; hidden=0; nouse=0; global=0; static=0; extern=0; dir=1; type=1; pingpong=0; private_global=0; MemPort=[03333333333333333]; IO mode=ap_memory:ce=0
Port [ Vbuf]:  wired=1; compound=1; hidden=0; nouse=0; global=0; static=0; extern=0; dir=1; type=1; pingpong=0; private_global=0; MemPort=[03]; IO mode=ap_memory:ce=0
Port [ Vbuf_1]:  wired=1; compound=1; hidden=0; nouse=0; global=0; static=0; extern=0; dir=1; type=1; pingpong=0; private_global=0; MemPort=[03]; IO mode=ap_memory:ce=0
Port [ Vbuf_2]:  wired=1; compound=1; hidden=0; nouse=0; global=0; static=0; extern=0; dir=1; type=1; pingpong=0; private_global=0; MemPort=[03]; IO mode=ap_memory:ce=0
Port [ Vbuf_3]:  wired=1; compound=1; hidden=0; nouse=0; global=0; static=0; extern=0; dir=1; type=1; pingpong=0; private_global=0; MemPort=[03]; IO mode=ap_memory:ce=0
Port [ zext_ln63]:  wired=1; compound=0; hidden=0; nouse=0; global=0; static=0; extern=0; dir=0; type=0; pingpong=0; private_global=0; IO mode=ap_none:ce=0
Port [ shl_ln92_1]:  wired=1; compound=0; hidden=0; nouse=0; global=0; static=0; extern=0; dir=0; type=0; pingpong=0; private_global=0; IO mode=ap_none:ce=0
Port [ V]:  wired=1; compound=0; hidden=0; nouse=0; global=0; static=0; extern=0; dir=0; type=0; pingpong=0; private_global=0; IO mode=ap_none:ce=0
Port [ K]:  wired=1; compound=0; hidden=0; nouse=0; global=0; static=0; extern=0; dir=0; type=0; pingpong=0; private_global=0; IO mode=ap_none:ce=0
---------------- STG Properties END ------------------

---------------- Datapath Model BEGIN ----------------

<LifeTime>
<method=bitvector/>
x_3                  (alloca        ) [ 01100000000000]
j                    (alloca        ) [ 01100000000000]
indvar_flatten9      (alloca        ) [ 01100000000000]
K_read               (read          ) [ 01110000000000]
V_read               (read          ) [ 01110000000000]
shl_ln92_1_read      (read          ) [ 01110000000000]
zext_ln63_read       (read          ) [ 00000000000000]
mul_ln87_read        (read          ) [ 01100000000000]
d_read               (read          ) [ 01100000000000]
zext_ln63_cast       (zext          ) [ 01111111111100]
specinterface_ln0    (specinterface ) [ 00000000000000]
specinterface_ln0    (specinterface ) [ 00000000000000]
store_ln0            (store         ) [ 00000000000000]
store_ln92           (store         ) [ 00000000000000]
store_ln93           (store         ) [ 00000000000000]
br_ln0               (br            ) [ 01100000000000]
first_iter_1         (phi           ) [ 01100000000000]
x                    (load          ) [ 00000000000000]
indvar_flatten9_load (load          ) [ 00000000000000]
specbitsmap_ln0      (specbitsmap   ) [ 00000000000000]
specbitsmap_ln0      (specbitsmap   ) [ 00000000000000]
zext_ln93            (zext          ) [ 00000000000000]
icmp_ln93            (icmp          ) [ 00000000000000]
icmp_ln92            (icmp          ) [ 01111111111111]
add_ln92_4           (add           ) [ 00000000000000]
br_ln92              (br            ) [ 00000000000000]
j_load               (load          ) [ 00000000000000]
add_ln92_3           (add           ) [ 00000000000000]
xor_ln92             (xor           ) [ 00000000000000]
or_ln92              (or            ) [ 01011111111100]
select_ln92          (select        ) [ 00000000000000]
select_ln92_1        (select        ) [ 00000000000000]
trunc_ln92           (trunc         ) [ 00000000000000]
trunc_ln92_1         (trunc         ) [ 01010000000000]
br_ln93              (br            ) [ 00000000000000]
tmp_s                (bitconcatenate) [ 00000000000000]
trunc_ln93           (trunc         ) [ 01011111111111]
lshr_ln3             (partselect    ) [ 00000000000000]
add_ln95             (add           ) [ 01011111111111]
switch_ln95          (switch        ) [ 00000000000000]
add_ln93             (add           ) [ 00000000000000]
store_ln92           (store         ) [ 00000000000000]
store_ln92           (store         ) [ 00000000000000]
store_ln93           (store         ) [ 00000000000000]
br_ln93              (br            ) [ 01100000000000]
specloopname_ln0     (specloopname  ) [ 00000000000000]
shl_ln92_2           (bitconcatenate) [ 00000000000000]
add_ln92             (add           ) [ 00000000000000]
shl_ln1              (bitconcatenate) [ 00000000000000]
sext_ln92            (sext          ) [ 00000000000000]
add_ln92_1           (add           ) [ 00000000000000]
add_ln92_2           (add           ) [ 00000000000000]
trunc_ln5            (partselect    ) [ 00000000000000]
sext_ln93            (sext          ) [ 00000000000000]
gmem1_addr           (getelementptr ) [ 01001111111110]
trunc_ln93_1         (partselect    ) [ 00000000000000]
sext_ln93_1          (sext          ) [ 00000000000000]
gmem2_addr           (getelementptr ) [ 01001111111110]
empty                (readreq       ) [ 00000000000000]
empty_39             (readreq       ) [ 00000000000000]
br_ln93              (br            ) [ 00000000000000]
gmem1_addr_read      (read          ) [ 01000000000001]
gmem2_addr_read      (read          ) [ 01000000000001]
specpipeline_ln94    (specpipeline  ) [ 00000000000000]
zext_ln95            (zext          ) [ 00000000000000]
Kbuf_addr            (getelementptr ) [ 00000000000000]
Kbuf_1_addr          (getelementptr ) [ 00000000000000]
Kbuf_2_addr          (getelementptr ) [ 00000000000000]
Kbuf_3_addr          (getelementptr ) [ 00000000000000]
Vbuf_addr            (getelementptr ) [ 00000000000000]
Vbuf_1_addr          (getelementptr ) [ 00000000000000]
Vbuf_2_addr          (getelementptr ) [ 00000000000000]
Vbuf_3_addr          (getelementptr ) [ 00000000000000]
bitcast_ln95         (bitcast       ) [ 00000000000000]
bitcast_ln96         (bitcast       ) [ 00000000000000]
store_ln95           (store         ) [ 00000000000000]
store_ln96           (store         ) [ 00000000000000]
br_ln96              (br            ) [ 00000000000000]
store_ln95           (store         ) [ 00000000000000]
store_ln96           (store         ) [ 00000000000000]
br_ln96              (br            ) [ 00000000000000]
store_ln95           (store         ) [ 00000000000000]
store_ln96           (store         ) [ 00000000000000]
br_ln96              (br            ) [ 00000000000000]
store_ln95           (store         ) [ 00000000000000]
store_ln96           (store         ) [ 00000000000000]
br_ln96              (br            ) [ 00000000000000]
ret_ln0              (ret           ) [ 00000000000000]
</LifeTime>

<model>

<comp_list>
<comp id="0" class="1000" name="gmem2">
<pin_list>
<pin id="1" dir="1" index="0" bw="1" slack="0"/>
</pin_list>
<bind>
<StgValue><ssdm name="gmem2"/></StgValue>
</bind>
</comp>

<comp id="2" class="1000" name="gmem1">
<pin_list>
<pin id="3" dir="1" index="0" bw="1" slack="0"/>
</pin_list>
<bind>
<StgValue><ssdm name="gmem1"/></StgValue>
</bind>
</comp>

<comp id="4" class="1000" name="d">
<pin_list>
<pin id="5" dir="1" index="0" bw="1" slack="0"/>
</pin_list>
<bind>
<StgValue><ssdm name="d"/></StgValue>
</bind>
</comp>

<comp id="6" class="1000" name="mul_ln87">
<pin_list>
<pin id="7" dir="1" index="0" bw="1" slack="0"/>
</pin_list>
<bind>
<StgValue><ssdm name="mul_ln87"/></StgValue>
</bind>
</comp>

<comp id="8" class="1000" name="Kbuf">
<pin_list>
<pin id="9" dir="1" index="0" bw="1" slack="0"/>
</pin_list>
<bind>
<StgValue><ssdm name="Kbuf"/><MemPortTyVec>0 3 3 3 3 3 3 3 3 3 3 3 3 3 3 3 3 </MemPortTyVec>
</StgValue>
</bind>
</comp>

<comp id="10" class="1000" name="Kbuf_1">
<pin_list>
<pin id="11" dir="1" index="0" bw="1" slack="0"/>
</pin_list>
<bind>
<StgValue><ssdm name="Kbuf_1"/><MemPortTyVec>0 3 3 3 3 3 3 3 3 3 3 3 3 3 3 3 3 </MemPortTyVec>
</StgValue>
</bind>
</comp>

<comp id="12" class="1000" name="Kbuf_2">
<pin_list>
<pin id="13" dir="1" index="0" bw="1" slack="0"/>
</pin_list>
<bind>
<StgValue><ssdm name="Kbuf_2"/><MemPortTyVec>0 3 3 3 3 3 3 3 3 3 3 3 3 3 3 3 3 </MemPortTyVec>
</StgValue>
</bind>
</comp>

<comp id="14" class="1000" name="Kbuf_3">
<pin_list>
<pin id="15" dir="1" index="0" bw="1" slack="0"/>
</pin_list>
<bind>
<StgValue><ssdm name="Kbuf_3"/><MemPortTyVec>0 3 3 3 3 3 3 3 3 3 3 3 3 3 3 3 3 </MemPortTyVec>
</StgValue>
</bind>
</comp>

<comp id="16" class="1000" name="Vbuf">
<pin_list>
<pin id="17" dir="1" index="0" bw="1" slack="0"/>
</pin_list>
<bind>
<StgValue><ssdm name="Vbuf"/><MemPortTyVec>0 3 </MemPortTyVec>
</StgValue>
</bind>
</comp>

<comp id="18" class="1000" name="Vbuf_1">
<pin_list>
<pin id="19" dir="1" index="0" bw="1" slack="0"/>
</pin_list>
<bind>
<StgValue><ssdm name="Vbuf_1"/><MemPortTyVec>0 3 </MemPortTyVec>
</StgValue>
</bind>
</comp>

<comp id="20" class="1000" name="Vbuf_2">
<pin_list>
<pin id="21" dir="1" index="0" bw="1" slack="0"/>
</pin_list>
<bind>
<StgValue><ssdm name="Vbuf_2"/><MemPortTyVec>0 3 </MemPortTyVec>
</StgValue>
</bind>
</comp>

<comp id="22" class="1000" name="Vbuf_3">
<pin_list>
<pin id="23" dir="1" index="0" bw="1" slack="0"/>
</pin_list>
<bind>
<StgValue><ssdm name="Vbuf_3"/><MemPortTyVec>0 3 </MemPortTyVec>
</StgValue>
</bind>
</comp>

<comp id="24" class="1000" name="zext_ln63">
<pin_list>
<pin id="25" dir="1" index="0" bw="1" slack="0"/>
</pin_list>
<bind>
<StgValue><ssdm name="zext_ln63"/></StgValue>
</bind>
</comp>

<comp id="26" class="1000" name="shl_ln92_1">
<pin_list>
<pin id="27" dir="1" index="0" bw="1" slack="0"/>
</pin_list>
<bind>
<StgValue><ssdm name="shl_ln92_1"/></StgValue>
</bind>
</comp>

<comp id="28" class="1000" name="V">
<pin_list>
<pin id="29" dir="1" index="0" bw="1" slack="0"/>
</pin_list>
<bind>
<StgValue><ssdm name="V"/></StgValue>
</bind>
</comp>

<comp id="30" class="1000" name="K">
<pin_list>
<pin id="31" dir="1" index="0" bw="1" slack="0"/>
</pin_list>
<bind>
<StgValue><ssdm name="K"/></StgValue>
</bind>
</comp>

<comp id="32" class="1001" name="const_32">
<pin_list>
<pin id="33" dir="1" index="0" bw="1" slack="0"/>
</pin_list>
<bind>
<StgValue><ssdm name=""/></StgValue>
</bind>
</comp>

<comp id="34" class="1001" name="const_34">
<pin_list>
<pin id="35" dir="1" index="0" bw="1" slack="0"/>
</pin_list>
<bind>
<StgValue><ssdm name="_ssdm_op_Read.ap_auto.i64"/></StgValue>
</bind>
</comp>

<comp id="36" class="1001" name="const_36">
<pin_list>
<pin id="37" dir="1" index="0" bw="1" slack="0"/>
</pin_list>
<bind>
<StgValue><ssdm name="_ssdm_op_Read.ap_auto.i32"/></StgValue>
</bind>
</comp>

<comp id="38" class="1001" name="const_38">
<pin_list>
<pin id="39" dir="1" index="0" bw="1" slack="0"/>
</pin_list>
<bind>
<StgValue><ssdm name="_ssdm_op_Read.ap_auto.i31"/></StgValue>
</bind>
</comp>

<comp id="40" class="1001" name="const_40">
<pin_list>
<pin id="41" dir="1" index="0" bw="1" slack="2147483647"/>
</pin_list>
<bind>
<StgValue><ssdm name="_ssdm_op_SpecInterface"/></StgValue>
</bind>
</comp>

<comp id="42" class="1001" name="const_42">
<pin_list>
<pin id="43" dir="1" index="0" bw="1" slack="2147483647"/>
</pin_list>
<bind>
<StgValue><ssdm name="empty_5"/></StgValue>
</bind>
</comp>

<comp id="44" class="1001" name="const_44">
<pin_list>
<pin id="45" dir="1" index="0" bw="1" slack="2147483647"/>
</pin_list>
<bind>
<StgValue><ssdm name=""/></StgValue>
</bind>
</comp>

<comp id="46" class="1001" name="const_46">
<pin_list>
<pin id="47" dir="1" index="0" bw="1" slack="2147483647"/>
</pin_list>
<bind>
<StgValue><ssdm name="empty_22"/></StgValue>
</bind>
</comp>

<comp id="48" class="1001" name="const_48">
<pin_list>
<pin id="49" dir="1" index="0" bw="1" slack="2147483647"/>
</pin_list>
<bind>
<StgValue><ssdm name=""/></StgValue>
</bind>
</comp>

<comp id="50" class="1001" name="const_50">
<pin_list>
<pin id="51" dir="1" index="0" bw="1" slack="2147483647"/>
</pin_list>
<bind>
<StgValue><ssdm name="empty_9"/></StgValue>
</bind>
</comp>

<comp id="52" class="1001" name="const_52">
<pin_list>
<pin id="53" dir="1" index="0" bw="1" slack="2147483647"/>
</pin_list>
<bind>
<StgValue><ssdm name="empty_23"/></StgValue>
</bind>
</comp>

<comp id="54" class="1001" name="const_54">
<pin_list>
<pin id="55" dir="1" index="0" bw="1" slack="2147483647"/>
</pin_list>
<bind>
<StgValue><ssdm name=""/></StgValue>
</bind>
</comp>

<comp id="56" class="1001" name="const_56">
<pin_list>
<pin id="57" dir="1" index="0" bw="1" slack="2147483647"/>
</pin_list>
<bind>
<StgValue><ssdm name=""/></StgValue>
</bind>
</comp>

<comp id="58" class="1001" name="const_58">
<pin_list>
<pin id="59" dir="1" index="0" bw="1" slack="2147483647"/>
</pin_list>
<bind>
<StgValue><ssdm name="empty_10"/></StgValue>
</bind>
</comp>

<comp id="60" class="1001" name="const_60">
<pin_list>
<pin id="61" dir="1" index="0" bw="1" slack="0"/>
</pin_list>
<bind>
<StgValue><ssdm name=""/></StgValue>
</bind>
</comp>

<comp id="62" class="1001" name="const_62">
<pin_list>
<pin id="63" dir="1" index="0" bw="1" slack="0"/>
</pin_list>
<bind>
<StgValue><ssdm name=""/></StgValue>
</bind>
</comp>

<comp id="64" class="1001" name="const_64">
<pin_list>
<pin id="65" dir="1" index="0" bw="1" slack="0"/>
</pin_list>
<bind>
<StgValue><ssdm name=""/></StgValue>
</bind>
</comp>

<comp id="66" class="1001" name="const_66">
<pin_list>
<pin id="67" dir="1" index="0" bw="1" slack="0"/>
</pin_list>
<bind>
<StgValue><ssdm name=""/></StgValue>
</bind>
</comp>

<comp id="68" class="1001" name="const_68">
<pin_list>
<pin id="69" dir="1" index="0" bw="1" slack="2147483647"/>
</pin_list>
<bind>
<StgValue><ssdm name="_ssdm_op_SpecBitsMap"/></StgValue>
</bind>
</comp>

<comp id="70" class="1001" name="const_70">
<pin_list>
<pin id="71" dir="1" index="0" bw="1" slack="0"/>
</pin_list>
<bind>
<StgValue><ssdm name=""/></StgValue>
</bind>
</comp>

<comp id="72" class="1001" name="const_72">
<pin_list>
<pin id="73" dir="1" index="0" bw="1" slack="0"/>
</pin_list>
<bind>
<StgValue><ssdm name=""/></StgValue>
</bind>
</comp>

<comp id="74" class="1001" name="const_74">
<pin_list>
<pin id="75" dir="1" index="0" bw="1" slack="0"/>
</pin_list>
<bind>
<StgValue><ssdm name="_ssdm_op_BitConcatenate.i6.i3.i3"/></StgValue>
</bind>
</comp>

<comp id="76" class="1001" name="const_76">
<pin_list>
<pin id="77" dir="1" index="0" bw="1" slack="0"/>
</pin_list>
<bind>
<StgValue><ssdm name=""/></StgValue>
</bind>
</comp>

<comp id="78" class="1001" name="const_78">
<pin_list>
<pin id="79" dir="1" index="0" bw="1" slack="0"/>
</pin_list>
<bind>
<StgValue><ssdm name="_ssdm_op_PartSelect.i6.i31.i32.i32"/></StgValue>
</bind>
</comp>

<comp id="80" class="1001" name="const_80">
<pin_list>
<pin id="81" dir="1" index="0" bw="1" slack="0"/>
</pin_list>
<bind>
<StgValue><ssdm name=""/></StgValue>
</bind>
</comp>

<comp id="82" class="1001" name="const_82">
<pin_list>
<pin id="83" dir="1" index="0" bw="1" slack="0"/>
</pin_list>
<bind>
<StgValue><ssdm name=""/></StgValue>
</bind>
</comp>

<comp id="84" class="1001" name="const_84">
<pin_list>
<pin id="85" dir="1" index="0" bw="1" slack="0"/>
</pin_list>
<bind>
<StgValue><ssdm name=""/></StgValue>
</bind>
</comp>

<comp id="86" class="1001" name="const_86">
<pin_list>
<pin id="87" dir="1" index="0" bw="1" slack="2147483647"/>
</pin_list>
<bind>
<StgValue><ssdm name=""/></StgValue>
</bind>
</comp>

<comp id="88" class="1001" name="const_88">
<pin_list>
<pin id="89" dir="1" index="0" bw="1" slack="2147483647"/>
</pin_list>
<bind>
<StgValue><ssdm name=""/></StgValue>
</bind>
</comp>

<comp id="90" class="1001" name="const_90">
<pin_list>
<pin id="91" dir="1" index="0" bw="1" slack="2147483647"/>
</pin_list>
<bind>
<StgValue><ssdm name="_ssdm_op_SpecLoopName"/></StgValue>
</bind>
</comp>

<comp id="92" class="1001" name="const_92">
<pin_list>
<pin id="93" dir="1" index="0" bw="1" slack="2147483647"/>
</pin_list>
<bind>
<StgValue><ssdm name="LOAD_KV_VITIS_LOOP_93_3_str"/></StgValue>
</bind>
</comp>

<comp id="94" class="1001" name="const_94">
<pin_list>
<pin id="95" dir="1" index="0" bw="1" slack="0"/>
</pin_list>
<bind>
<StgValue><ssdm name="_ssdm_op_BitConcatenate.i32.i27.i5"/></StgValue>
</bind>
</comp>

<comp id="96" class="1001" name="const_96">
<pin_list>
<pin id="97" dir="1" index="0" bw="1" slack="0"/>
</pin_list>
<bind>
<StgValue><ssdm name=""/></StgValue>
</bind>
</comp>

<comp id="98" class="1001" name="const_98">
<pin_list>
<pin id="99" dir="1" index="0" bw="1" slack="0"/>
</pin_list>
<bind>
<StgValue><ssdm name="_ssdm_op_BitConcatenate.i34.i32.i2"/></StgValue>
</bind>
</comp>

<comp id="100" class="1001" name="const_100">
<pin_list>
<pin id="101" dir="1" index="0" bw="1" slack="0"/>
</pin_list>
<bind>
<StgValue><ssdm name="_ssdm_op_PartSelect.i62.i64.i32.i32"/></StgValue>
</bind>
</comp>

<comp id="102" class="1001" name="const_102">
<pin_list>
<pin id="103" dir="1" index="0" bw="1" slack="0"/>
</pin_list>
<bind>
<StgValue><ssdm name=""/></StgValue>
</bind>
</comp>

<comp id="104" class="1001" name="const_104">
<pin_list>
<pin id="105" dir="1" index="0" bw="1" slack="0"/>
</pin_list>
<bind>
<StgValue><ssdm name="_ssdm_op_ReadReq.m_axi.p1i32"/></StgValue>
</bind>
</comp>

<comp id="106" class="1001" name="const_106">
<pin_list>
<pin id="107" dir="1" index="0" bw="1" slack="0"/>
</pin_list>
<bind>
<StgValue><ssdm name="_ssdm_op_Read.m_axi.p1i32"/></StgValue>
</bind>
</comp>

<comp id="108" class="1001" name="const_108">
<pin_list>
<pin id="109" dir="1" index="0" bw="1" slack="2147483647"/>
</pin_list>
<bind>
<StgValue><ssdm name="_ssdm_op_SpecPipeline"/></StgValue>
</bind>
</comp>

<comp id="110" class="1004" name="x_3_fu_110">
<pin_list>
<pin id="111" dir="0" index="0" bw="1" slack="0"/>
<pin id="112" dir="1" index="1" bw="31" slack="0"/>
</pin_list>
<bind>
<opcode="alloca(26) " fcode="alloca"/>
<opset="x_3/1 "/>
</bind>
</comp>

<comp id="114" class="1004" name="j_fu_114">
<pin_list>
<pin id="115" dir="0" index="0" bw="1" slack="0"/>
<pin id="116" dir="1" index="1" bw="31" slack="0"/>
</pin_list>
<bind>
<opcode="alloca(26) " fcode="alloca"/>
<opset="j/1 "/>
</bind>
</comp>

<comp id="118" class="1004" name="indvar_flatten9_fu_118">
<pin_list>
<pin id="119" dir="0" index="0" bw="1" slack="0"/>
<pin id="120" dir="1" index="1" bw="64" slack="0"/>
</pin_list>
<bind>
<opcode="alloca(26) " fcode="alloca"/>
<opset="indvar_flatten9/1 "/>
</bind>
</comp>

<comp id="122" class="1004" name="K_read_read_fu_122">
<pin_list>
<pin id="123" dir="0" index="0" bw="64" slack="0"/>
<pin id="124" dir="0" index="1" bw="64" slack="0"/>
<pin id="125" dir="1" index="2" bw="64" slack="2"/>
</pin_list>
<bind>
<opcode="read(1150) " fcode="read"/>
<opset="K_read/1 "/>
</bind>
</comp>

<comp id="128" class="1004" name="V_read_read_fu_128">
<pin_list>
<pin id="129" dir="0" index="0" bw="64" slack="0"/>
<pin id="130" dir="0" index="1" bw="64" slack="0"/>
<pin id="131" dir="1" index="2" bw="64" slack="2"/>
</pin_list>
<bind>
<opcode="read(1150) " fcode="read"/>
<opset="V_read/1 "/>
</bind>
</comp>

<comp id="134" class="1004" name="shl_ln92_1_read_read_fu_134">
<pin_list>
<pin id="135" dir="0" index="0" bw="32" slack="0"/>
<pin id="136" dir="0" index="1" bw="32" slack="0"/>
<pin id="137" dir="1" index="2" bw="32" slack="2"/>
</pin_list>
<bind>
<opcode="read(1150) " fcode="read"/>
<opset="shl_ln92_1_read/1 "/>
</bind>
</comp>

<comp id="140" class="1004" name="zext_ln63_read_read_fu_140">
<pin_list>
<pin id="141" dir="0" index="0" bw="31" slack="0"/>
<pin id="142" dir="0" index="1" bw="31" slack="0"/>
<pin id="143" dir="1" index="2" bw="31" slack="0"/>
</pin_list>
<bind>
<opcode="read(1150) " fcode="read"/>
<opset="zext_ln63_read/1 "/>
</bind>
</comp>

<comp id="146" class="1004" name="mul_ln87_read_read_fu_146">
<pin_list>
<pin id="147" dir="0" index="0" bw="64" slack="0"/>
<pin id="148" dir="0" index="1" bw="64" slack="0"/>
<pin id="149" dir="1" index="2" bw="64" slack="1"/>
</pin_list>
<bind>
<opcode="read(1150) " fcode="read"/>
<opset="mul_ln87_read/1 "/>
</bind>
</comp>

<comp id="152" class="1004" name="d_read_read_fu_152">
<pin_list>
<pin id="153" dir="0" index="0" bw="32" slack="0"/>
<pin id="154" dir="0" index="1" bw="32" slack="0"/>
<pin id="155" dir="1" index="2" bw="32" slack="1"/>
</pin_list>
<bind>
<opcode="read(1150) " fcode="read"/>
<opset="d_read/1 "/>
</bind>
</comp>

<comp id="158" class="1004" name="grp_readreq_fu_158">
<pin_list>
<pin id="159" dir="0" index="0" bw="1" slack="0"/>
<pin id="160" dir="0" index="1" bw="32" slack="1"/>
<pin id="161" dir="0" index="2" bw="31" slack="3"/>
<pin id="162" dir="1" index="3" bw="1" slack="2147483647"/>
</pin_list>
<bind>
<opcode="readreq(1154) " fcode="readreq"/>
<opset="empty/4 "/>
</bind>
</comp>

<comp id="164" class="1004" name="grp_readreq_fu_164">
<pin_list>
<pin id="165" dir="0" index="0" bw="1" slack="0"/>
<pin id="166" dir="0" index="1" bw="32" slack="1"/>
<pin id="167" dir="0" index="2" bw="31" slack="3"/>
<pin id="168" dir="1" index="3" bw="1" slack="2147483647"/>
</pin_list>
<bind>
<opcode="readreq(1154) " fcode="readreq"/>
<opset="empty_39/4 "/>
</bind>
</comp>

<comp id="170" class="1004" name="gmem1_addr_read_read_fu_170">
<pin_list>
<pin id="171" dir="0" index="0" bw="32" slack="0"/>
<pin id="172" dir="0" index="1" bw="32" slack="9"/>
<pin id="173" dir="1" index="2" bw="32" slack="1"/>
</pin_list>
<bind>
<opcode="read(1150) " fcode="read"/>
<opset="gmem1_addr_read/12 "/>
</bind>
</comp>

<comp id="175" class="1004" name="gmem2_addr_read_read_fu_175">
<pin_list>
<pin id="176" dir="0" index="0" bw="32" slack="0"/>
<pin id="177" dir="0" index="1" bw="32" slack="9"/>
<pin id="178" dir="1" index="2" bw="32" slack="1"/>
</pin_list>
<bind>
<opcode="read(1150) " fcode="read"/>
<opset="gmem2_addr_read/12 "/>
</bind>
</comp>

<comp id="180" class="1004" name="Kbuf_addr_gep_fu_180">
<pin_list>
<pin id="181" dir="0" index="0" bw="32" slack="0"/>
<pin id="182" dir="0" index="1" bw="1" slack="0"/>
<pin id="183" dir="0" index="2" bw="6" slack="0"/>
<pin id="184" dir="1" index="3" bw="6" slack="0"/>
</pin_list>
<bind>
<opcode="getelementptr(29) " fcode="getelementptr"/>
<opset="Kbuf_addr/13 "/>
</bind>
</comp>

<comp id="187" class="1004" name="Kbuf_1_addr_gep_fu_187">
<pin_list>
<pin id="188" dir="0" index="0" bw="32" slack="0"/>
<pin id="189" dir="0" index="1" bw="1" slack="0"/>
<pin id="190" dir="0" index="2" bw="6" slack="0"/>
<pin id="191" dir="1" index="3" bw="6" slack="0"/>
</pin_list>
<bind>
<opcode="getelementptr(29) " fcode="getelementptr"/>
<opset="Kbuf_1_addr/13 "/>
</bind>
</comp>

<comp id="194" class="1004" name="Kbuf_2_addr_gep_fu_194">
<pin_list>
<pin id="195" dir="0" index="0" bw="32" slack="0"/>
<pin id="196" dir="0" index="1" bw="1" slack="0"/>
<pin id="197" dir="0" index="2" bw="6" slack="0"/>
<pin id="198" dir="1" index="3" bw="6" slack="0"/>
</pin_list>
<bind>
<opcode="getelementptr(29) " fcode="getelementptr"/>
<opset="Kbuf_2_addr/13 "/>
</bind>
</comp>

<comp id="201" class="1004" name="Kbuf_3_addr_gep_fu_201">
<pin_list>
<pin id="202" dir="0" index="0" bw="32" slack="0"/>
<pin id="203" dir="0" index="1" bw="1" slack="0"/>
<pin id="204" dir="0" index="2" bw="6" slack="0"/>
<pin id="205" dir="1" index="3" bw="6" slack="0"/>
</pin_list>
<bind>
<opcode="getelementptr(29) " fcode="getelementptr"/>
<opset="Kbuf_3_addr/13 "/>
</bind>
</comp>

<comp id="208" class="1004" name="Vbuf_addr_gep_fu_208">
<pin_list>
<pin id="209" dir="0" index="0" bw="32" slack="0"/>
<pin id="210" dir="0" index="1" bw="1" slack="0"/>
<pin id="211" dir="0" index="2" bw="6" slack="0"/>
<pin id="212" dir="1" index="3" bw="6" slack="0"/>
</pin_list>
<bind>
<opcode="getelementptr(29) " fcode="getelementptr"/>
<opset="Vbuf_addr/13 "/>
</bind>
</comp>

<comp id="215" class="1004" name="Vbuf_1_addr_gep_fu_215">
<pin_list>
<pin id="216" dir="0" index="0" bw="32" slack="0"/>
<pin id="217" dir="0" index="1" bw="1" slack="0"/>
<pin id="218" dir="0" index="2" bw="6" slack="0"/>
<pin id="219" dir="1" index="3" bw="6" slack="0"/>
</pin_list>
<bind>
<opcode="getelementptr(29) " fcode="getelementptr"/>
<opset="Vbuf_1_addr/13 "/>
</bind>
</comp>

<comp id="222" class="1004" name="Vbuf_2_addr_gep_fu_222">
<pin_list>
<pin id="223" dir="0" index="0" bw="32" slack="0"/>
<pin id="224" dir="0" index="1" bw="1" slack="0"/>
<pin id="225" dir="0" index="2" bw="6" slack="0"/>
<pin id="226" dir="1" index="3" bw="6" slack="0"/>
</pin_list>
<bind>
<opcode="getelementptr(29) " fcode="getelementptr"/>
<opset="Vbuf_2_addr/13 "/>
</bind>
</comp>

<comp id="229" class="1004" name="Vbuf_3_addr_gep_fu_229">
<pin_list>
<pin id="230" dir="0" index="0" bw="32" slack="0"/>
<pin id="231" dir="0" index="1" bw="1" slack="0"/>
<pin id="232" dir="0" index="2" bw="6" slack="0"/>
<pin id="233" dir="1" index="3" bw="6" slack="0"/>
</pin_list>
<bind>
<opcode="getelementptr(29) " fcode="getelementptr"/>
<opset="Vbuf_3_addr/13 "/>
</bind>
</comp>

<comp id="236" class="1004" name="store_ln95_access_fu_236">
<pin_list>
<pin id="237" dir="0" index="0" bw="6" slack="0"/>
<pin id="238" dir="0" index="1" bw="32" slack="0"/>
<pin id="239" dir="0" index="2" bw="0" slack="2147483647"/>
<pin id="240" dir="1" index="3" bw="32" slack="2147483647"/>
</pin_list>
<bind>
<opcode="store(28) " fcode="store"/>
<opset="store_ln95/13 "/>
</bind>
</comp>

<comp id="242" class="1004" name="store_ln96_access_fu_242">
<pin_list>
<pin id="243" dir="0" index="0" bw="6" slack="0"/>
<pin id="244" dir="0" index="1" bw="32" slack="0"/>
<pin id="245" dir="0" index="2" bw="0" slack="2147483647"/>
<pin id="246" dir="1" index="3" bw="32" slack="2147483647"/>
</pin_list>
<bind>
<opcode="store(28) " fcode="store"/>
<opset="store_ln96/13 "/>
</bind>
</comp>

<comp id="248" class="1004" name="store_ln95_access_fu_248">
<pin_list>
<pin id="249" dir="0" index="0" bw="6" slack="0"/>
<pin id="250" dir="0" index="1" bw="32" slack="0"/>
<pin id="251" dir="0" index="2" bw="0" slack="2147483647"/>
<pin id="252" dir="1" index="3" bw="32" slack="2147483647"/>
</pin_list>
<bind>
<opcode="store(28) " fcode="store"/>
<opset="store_ln95/13 "/>
</bind>
</comp>

<comp id="254" class="1004" name="store_ln96_access_fu_254">
<pin_list>
<pin id="255" dir="0" index="0" bw="6" slack="0"/>
<pin id="256" dir="0" index="1" bw="32" slack="0"/>
<pin id="257" dir="0" index="2" bw="0" slack="2147483647"/>
<pin id="258" dir="1" index="3" bw="32" slack="2147483647"/>
</pin_list>
<bind>
<opcode="store(28) " fcode="store"/>
<opset="store_ln96/13 "/>
</bind>
</comp>

<comp id="260" class="1004" name="store_ln95_access_fu_260">
<pin_list>
<pin id="261" dir="0" index="0" bw="6" slack="0"/>
<pin id="262" dir="0" index="1" bw="32" slack="0"/>
<pin id="263" dir="0" index="2" bw="0" slack="2147483647"/>
<pin id="264" dir="1" index="3" bw="32" slack="2147483647"/>
</pin_list>
<bind>
<opcode="store(28) " fcode="store"/>
<opset="store_ln95/13 "/>
</bind>
</comp>

<comp id="266" class="1004" name="store_ln96_access_fu_266">
<pin_list>
<pin id="267" dir="0" index="0" bw="6" slack="0"/>
<pin id="268" dir="0" index="1" bw="32" slack="0"/>
<pin id="269" dir="0" index="2" bw="0" slack="2147483647"/>
<pin id="270" dir="1" index="3" bw="32" slack="2147483647"/>
</pin_list>
<bind>
<opcode="store(28) " fcode="store"/>
<opset="store_ln96/13 "/>
</bind>
</comp>

<comp id="272" class="1004" name="store_ln95_access_fu_272">
<pin_list>
<pin id="273" dir="0" index="0" bw="6" slack="0"/>
<pin id="274" dir="0" index="1" bw="32" slack="0"/>
<pin id="275" dir="0" index="2" bw="0" slack="2147483647"/>
<pin id="276" dir="1" index="3" bw="32" slack="2147483647"/>
</pin_list>
<bind>
<opcode="store(28) " fcode="store"/>
<opset="store_ln95/13 "/>
</bind>
</comp>

<comp id="278" class="1004" name="store_ln96_access_fu_278">
<pin_list>
<pin id="279" dir="0" index="0" bw="6" slack="0"/>
<pin id="280" dir="0" index="1" bw="32" slack="0"/>
<pin id="281" dir="0" index="2" bw="0" slack="2147483647"/>
<pin id="282" dir="1" index="3" bw="32" slack="2147483647"/>
</pin_list>
<bind>
<opcode="store(28) " fcode="store"/>
<opset="store_ln96/13 "/>
</bind>
</comp>

<comp id="284" class="1005" name="first_iter_1_reg_284">
<pin_list>
<pin id="285" dir="0" index="0" bw="1" slack="1"/>
<pin id="286" dir="1" index="1" bw="1" slack="1"/>
</pin_list>
<bind>
<opset="first_iter_1 (phireg) "/>
</bind>
</comp>

<comp id="288" class="1004" name="first_iter_1_phi_fu_288">
<pin_list>
<pin id="289" dir="0" index="0" bw="1" slack="1"/>
<pin id="290" dir="0" index="1" bw="0" slack="2147483647"/>
<pin id="291" dir="0" index="2" bw="1" slack="0"/>
<pin id="292" dir="0" index="3" bw="0" slack="2147483647"/>
<pin id="293" dir="1" index="4" bw="1" slack="0"/>
</pin_list>
<bind>
<opcode="phi(47) " fcode="phi"/>
<opset="first_iter_1/2 "/>
</bind>
</comp>

<comp id="296" class="1004" name="zext_ln63_cast_fu_296">
<pin_list>
<pin id="297" dir="0" index="0" bw="31" slack="0"/>
<pin id="298" dir="1" index="1" bw="32" slack="3"/>
</pin_list>
<bind>
<opcode="zext(34) " fcode="zext"/>
<opset="zext_ln63_cast/1 "/>
</bind>
</comp>

<comp id="300" class="1004" name="store_ln0_store_fu_300">
<pin_list>
<pin id="301" dir="0" index="0" bw="1" slack="0"/>
<pin id="302" dir="0" index="1" bw="64" slack="0"/>
<pin id="303" dir="1" index="2" bw="0" slack="2147483647"/>
</pin_list>
<bind>
<opcode="store(28) " fcode="store"/>
<opset="store_ln0/1 "/>
</bind>
</comp>

<comp id="305" class="1004" name="store_ln92_store_fu_305">
<pin_list>
<pin id="306" dir="0" index="0" bw="1" slack="0"/>
<pin id="307" dir="0" index="1" bw="31" slack="0"/>
<pin id="308" dir="1" index="2" bw="0" slack="2147483647"/>
</pin_list>
<bind>
<opcode="store(28) " fcode="store"/>
<opset="store_ln92/1 "/>
</bind>
</comp>

<comp id="310" class="1004" name="store_ln93_store_fu_310">
<pin_list>
<pin id="311" dir="0" index="0" bw="1" slack="0"/>
<pin id="312" dir="0" index="1" bw="31" slack="0"/>
<pin id="313" dir="1" index="2" bw="0" slack="2147483647"/>
</pin_list>
<bind>
<opcode="store(28) " fcode="store"/>
<opset="store_ln93/1 "/>
</bind>
</comp>

<comp id="315" class="1004" name="x_load_fu_315">
<pin_list>
<pin id="316" dir="0" index="0" bw="31" slack="1"/>
<pin id="317" dir="1" index="1" bw="31" slack="0"/>
</pin_list>
<bind>
<opcode="load(27) " fcode="load"/>
<opset="x/2 "/>
</bind>
</comp>

<comp id="318" class="1004" name="indvar_flatten9_load_load_fu_318">
<pin_list>
<pin id="319" dir="0" index="0" bw="64" slack="1"/>
<pin id="320" dir="1" index="1" bw="64" slack="0"/>
</pin_list>
<bind>
<opcode="load(27) " fcode="load"/>
<opset="indvar_flatten9_load/2 "/>
</bind>
</comp>

<comp id="321" class="1004" name="zext_ln93_fu_321">
<pin_list>
<pin id="322" dir="0" index="0" bw="31" slack="0"/>
<pin id="323" dir="1" index="1" bw="32" slack="0"/>
</pin_list>
<bind>
<opcode="zext(34) " fcode="zext"/>
<opset="zext_ln93/2 "/>
</bind>
</comp>

<comp id="325" class="1004" name="icmp_ln93_fu_325">
<pin_list>
<pin id="326" dir="0" index="0" bw="31" slack="0"/>
<pin id="327" dir="0" index="1" bw="32" slack="1"/>
<pin id="328" dir="1" index="2" bw="1" slack="0"/>
</pin_list>
<bind>
<opcode="icmp(45) " fcode="icmp"/>
<opset="icmp_ln93/2 "/>
</bind>
</comp>

<comp id="330" class="1004" name="icmp_ln92_fu_330">
<pin_list>
<pin id="331" dir="0" index="0" bw="64" slack="0"/>
<pin id="332" dir="0" index="1" bw="64" slack="1"/>
<pin id="333" dir="1" index="2" bw="1" slack="1"/>
</pin_list>
<bind>
<opcode="icmp(45) " fcode="icmp"/>
<opset="icmp_ln92/2 "/>
</bind>
</comp>

<comp id="335" class="1004" name="add_ln92_4_fu_335">
<pin_list>
<pin id="336" dir="0" index="0" bw="64" slack="0"/>
<pin id="337" dir="0" index="1" bw="1" slack="0"/>
<pin id="338" dir="1" index="2" bw="64" slack="0"/>
</pin_list>
<bind>
<opcode="add(8) " fcode="add"/>
<opset="add_ln92_4/2 "/>
</bind>
</comp>

<comp id="341" class="1004" name="j_load_load_fu_341">
<pin_list>
<pin id="342" dir="0" index="0" bw="31" slack="1"/>
<pin id="343" dir="1" index="1" bw="31" slack="0"/>
</pin_list>
<bind>
<opcode="load(27) " fcode="load"/>
<opset="j_load/2 "/>
</bind>
</comp>

<comp id="344" class="1004" name="add_ln92_3_fu_344">
<pin_list>
<pin id="345" dir="0" index="0" bw="31" slack="0"/>
<pin id="346" dir="0" index="1" bw="1" slack="0"/>
<pin id="347" dir="1" index="2" bw="31" slack="0"/>
</pin_list>
<bind>
<opcode="add(8) " fcode="add"/>
<opset="add_ln92_3/2 "/>
</bind>
</comp>

<comp id="350" class="1004" name="xor_ln92_fu_350">
<pin_list>
<pin id="351" dir="0" index="0" bw="1" slack="0"/>
<pin id="352" dir="0" index="1" bw="1" slack="0"/>
<pin id="353" dir="1" index="2" bw="1" slack="0"/>
</pin_list>
<bind>
<opcode="xor(25) " fcode="xor"/>
<opset="xor_ln92/2 "/>
</bind>
</comp>

<comp id="356" class="1004" name="or_ln92_fu_356">
<pin_list>
<pin id="357" dir="0" index="0" bw="1" slack="0"/>
<pin id="358" dir="0" index="1" bw="1" slack="0"/>
<pin id="359" dir="1" index="2" bw="1" slack="2"/>
</pin_list>
<bind>
<opcode="or(24) " fcode="or"/>
<opset="or_ln92/2 "/>
</bind>
</comp>

<comp id="362" class="1004" name="select_ln92_fu_362">
<pin_list>
<pin id="363" dir="0" index="0" bw="1" slack="0"/>
<pin id="364" dir="0" index="1" bw="31" slack="0"/>
<pin id="365" dir="0" index="2" bw="1" slack="0"/>
<pin id="366" dir="1" index="3" bw="31" slack="0"/>
</pin_list>
<bind>
<opcode="select(49) " fcode="select"/>
<opset="select_ln92/2 "/>
</bind>
</comp>

<comp id="370" class="1004" name="select_ln92_1_fu_370">
<pin_list>
<pin id="371" dir="0" index="0" bw="1" slack="0"/>
<pin id="372" dir="0" index="1" bw="31" slack="0"/>
<pin id="373" dir="0" index="2" bw="31" slack="0"/>
<pin id="374" dir="1" index="3" bw="31" slack="0"/>
</pin_list>
<bind>
<opcode="select(49) " fcode="select"/>
<opset="select_ln92_1/2 "/>
</bind>
</comp>

<comp id="378" class="1004" name="trunc_ln92_fu_378">
<pin_list>
<pin id="379" dir="0" index="0" bw="31" slack="0"/>
<pin id="380" dir="1" index="1" bw="3" slack="0"/>
</pin_list>
<bind>
<opcode="trunc(33) " fcode="trunc"/>
<opset="trunc_ln92/2 "/>
</bind>
</comp>

<comp id="382" class="1004" name="trunc_ln92_1_fu_382">
<pin_list>
<pin id="383" dir="0" index="0" bw="31" slack="0"/>
<pin id="384" dir="1" index="1" bw="27" slack="1"/>
</pin_list>
<bind>
<opcode="trunc(33) " fcode="trunc"/>
<opset="trunc_ln92_1/2 "/>
</bind>
</comp>

<comp id="386" class="1004" name="tmp_s_fu_386">
<pin_list>
<pin id="387" dir="0" index="0" bw="6" slack="0"/>
<pin id="388" dir="0" index="1" bw="3" slack="0"/>
<pin id="389" dir="0" index="2" bw="1" slack="0"/>
<pin id="390" dir="1" index="3" bw="6" slack="0"/>
</pin_list>
<bind>
<opcode="bitconcatenate(1004) " fcode="bitconcatenate"/>
<opset="tmp_s/2 "/>
</bind>
</comp>

<comp id="394" class="1004" name="trunc_ln93_fu_394">
<pin_list>
<pin id="395" dir="0" index="0" bw="31" slack="0"/>
<pin id="396" dir="1" index="1" bw="2" slack="11"/>
</pin_list>
<bind>
<opcode="trunc(33) " fcode="trunc"/>
<opset="trunc_ln93/2 "/>
</bind>
</comp>

<comp id="398" class="1004" name="lshr_ln3_fu_398">
<pin_list>
<pin id="399" dir="0" index="0" bw="6" slack="0"/>
<pin id="400" dir="0" index="1" bw="31" slack="0"/>
<pin id="401" dir="0" index="2" bw="3" slack="0"/>
<pin id="402" dir="0" index="3" bw="4" slack="0"/>
<pin id="403" dir="1" index="4" bw="6" slack="0"/>
</pin_list>
<bind>
<opcode="partselect(1002) " fcode="partselect"/>
<opset="lshr_ln3/2 "/>
</bind>
</comp>

<comp id="408" class="1004" name="add_ln95_fu_408">
<pin_list>
<pin id="409" dir="0" index="0" bw="6" slack="0"/>
<pin id="410" dir="0" index="1" bw="6" slack="0"/>
<pin id="411" dir="1" index="2" bw="6" slack="11"/>
</pin_list>
<bind>
<opcode="add(8) " fcode="add"/>
<opset="add_ln95/2 "/>
</bind>
</comp>

<comp id="414" class="1004" name="add_ln93_fu_414">
<pin_list>
<pin id="415" dir="0" index="0" bw="31" slack="0"/>
<pin id="416" dir="0" index="1" bw="1" slack="0"/>
<pin id="417" dir="1" index="2" bw="31" slack="0"/>
</pin_list>
<bind>
<opcode="add(8) " fcode="add"/>
<opset="add_ln93/2 "/>
</bind>
</comp>

<comp id="420" class="1004" name="store_ln92_store_fu_420">
<pin_list>
<pin id="421" dir="0" index="0" bw="64" slack="0"/>
<pin id="422" dir="0" index="1" bw="64" slack="1"/>
<pin id="423" dir="1" index="2" bw="0" slack="2147483647"/>
</pin_list>
<bind>
<opcode="store(28) " fcode="store"/>
<opset="store_ln92/2 "/>
</bind>
</comp>

<comp id="425" class="1004" name="store_ln92_store_fu_425">
<pin_list>
<pin id="426" dir="0" index="0" bw="31" slack="0"/>
<pin id="427" dir="0" index="1" bw="31" slack="1"/>
<pin id="428" dir="1" index="2" bw="0" slack="2147483647"/>
</pin_list>
<bind>
<opcode="store(28) " fcode="store"/>
<opset="store_ln92/2 "/>
</bind>
</comp>

<comp id="430" class="1004" name="store_ln93_store_fu_430">
<pin_list>
<pin id="431" dir="0" index="0" bw="31" slack="0"/>
<pin id="432" dir="0" index="1" bw="31" slack="1"/>
<pin id="433" dir="1" index="2" bw="0" slack="2147483647"/>
</pin_list>
<bind>
<opcode="store(28) " fcode="store"/>
<opset="store_ln93/2 "/>
</bind>
</comp>

<comp id="435" class="1004" name="shl_ln92_2_fu_435">
<pin_list>
<pin id="436" dir="0" index="0" bw="32" slack="0"/>
<pin id="437" dir="0" index="1" bw="27" slack="1"/>
<pin id="438" dir="0" index="2" bw="1" slack="0"/>
<pin id="439" dir="1" index="3" bw="32" slack="0"/>
</pin_list>
<bind>
<opcode="bitconcatenate(1004) " fcode="bitconcatenate"/>
<opset="shl_ln92_2/3 "/>
</bind>
</comp>

<comp id="442" class="1004" name="add_ln92_fu_442">
<pin_list>
<pin id="443" dir="0" index="0" bw="32" slack="0"/>
<pin id="444" dir="0" index="1" bw="32" slack="2"/>
<pin id="445" dir="1" index="2" bw="32" slack="0"/>
</pin_list>
<bind>
<opcode="add(8) " fcode="add"/>
<opset="add_ln92/3 "/>
</bind>
</comp>

<comp id="447" class="1004" name="shl_ln1_fu_447">
<pin_list>
<pin id="448" dir="0" index="0" bw="34" slack="0"/>
<pin id="449" dir="0" index="1" bw="32" slack="0"/>
<pin id="450" dir="0" index="2" bw="1" slack="0"/>
<pin id="451" dir="1" index="3" bw="34" slack="0"/>
</pin_list>
<bind>
<opcode="bitconcatenate(1004) " fcode="bitconcatenate"/>
<opset="shl_ln1/3 "/>
</bind>
</comp>

<comp id="455" class="1004" name="sext_ln92_fu_455">
<pin_list>
<pin id="456" dir="0" index="0" bw="34" slack="0"/>
<pin id="457" dir="1" index="1" bw="64" slack="0"/>
</pin_list>
<bind>
<opcode="sext(35) " fcode="sext"/>
<opset="sext_ln92/3 "/>
</bind>
</comp>

<comp id="459" class="1004" name="add_ln92_1_fu_459">
<pin_list>
<pin id="460" dir="0" index="0" bw="34" slack="0"/>
<pin id="461" dir="0" index="1" bw="64" slack="2"/>
<pin id="462" dir="1" index="2" bw="64" slack="0"/>
</pin_list>
<bind>
<opcode="add(8) " fcode="add"/>
<opset="add_ln92_1/3 "/>
</bind>
</comp>

<comp id="464" class="1004" name="add_ln92_2_fu_464">
<pin_list>
<pin id="465" dir="0" index="0" bw="34" slack="0"/>
<pin id="466" dir="0" index="1" bw="64" slack="2"/>
<pin id="467" dir="1" index="2" bw="64" slack="0"/>
</pin_list>
<bind>
<opcode="add(8) " fcode="add"/>
<opset="add_ln92_2/3 "/>
</bind>
</comp>

<comp id="469" class="1004" name="trunc_ln5_fu_469">
<pin_list>
<pin id="470" dir="0" index="0" bw="62" slack="0"/>
<pin id="471" dir="0" index="1" bw="64" slack="0"/>
<pin id="472" dir="0" index="2" bw="3" slack="0"/>
<pin id="473" dir="0" index="3" bw="7" slack="0"/>
<pin id="474" dir="1" index="4" bw="62" slack="0"/>
</pin_list>
<bind>
<opcode="partselect(1002) " fcode="partselect"/>
<opset="trunc_ln5/3 "/>
</bind>
</comp>

<comp id="479" class="1004" name="sext_ln93_fu_479">
<pin_list>
<pin id="480" dir="0" index="0" bw="62" slack="0"/>
<pin id="481" dir="1" index="1" bw="64" slack="0"/>
</pin_list>
<bind>
<opcode="sext(35) " fcode="sext"/>
<opset="sext_ln93/3 "/>
</bind>
</comp>

<comp id="483" class="1004" name="gmem1_addr_fu_483">
<pin_list>
<pin id="484" dir="0" index="0" bw="32" slack="0"/>
<pin id="485" dir="0" index="1" bw="62" slack="0"/>
<pin id="486" dir="1" index="2" bw="32" slack="1"/>
</pin_list>
<bind>
<opcode="getelementptr(29) " fcode="getelementptr"/>
<opset="gmem1_addr/3 "/>
</bind>
</comp>

<comp id="489" class="1004" name="trunc_ln93_1_fu_489">
<pin_list>
<pin id="490" dir="0" index="0" bw="62" slack="0"/>
<pin id="491" dir="0" index="1" bw="64" slack="0"/>
<pin id="492" dir="0" index="2" bw="3" slack="0"/>
<pin id="493" dir="0" index="3" bw="7" slack="0"/>
<pin id="494" dir="1" index="4" bw="62" slack="0"/>
</pin_list>
<bind>
<opcode="partselect(1002) " fcode="partselect"/>
<opset="trunc_ln93_1/3 "/>
</bind>
</comp>

<comp id="499" class="1004" name="sext_ln93_1_fu_499">
<pin_list>
<pin id="500" dir="0" index="0" bw="62" slack="0"/>
<pin id="501" dir="1" index="1" bw="64" slack="0"/>
</pin_list>
<bind>
<opcode="sext(35) " fcode="sext"/>
<opset="sext_ln93_1/3 "/>
</bind>
</comp>

<comp id="503" class="1004" name="gmem2_addr_fu_503">
<pin_list>
<pin id="504" dir="0" index="0" bw="32" slack="0"/>
<pin id="505" dir="0" index="1" bw="62" slack="0"/>
<pin id="506" dir="1" index="2" bw="32" slack="1"/>
</pin_list>
<bind>
<opcode="getelementptr(29) " fcode="getelementptr"/>
<opset="gmem2_addr/3 "/>
</bind>
</comp>

<comp id="509" class="1004" name="zext_ln95_fu_509">
<pin_list>
<pin id="510" dir="0" index="0" bw="6" slack="11"/>
<pin id="511" dir="1" index="1" bw="64" slack="0"/>
</pin_list>
<bind>
<opcode="zext(34) " fcode="zext"/>
<opset="zext_ln95/13 "/>
</bind>
</comp>

<comp id="520" class="1004" name="bitcast_ln95_fu_520">
<pin_list>
<pin id="521" dir="0" index="0" bw="32" slack="1"/>
<pin id="522" dir="1" index="1" bw="32" slack="0"/>
</pin_list>
<bind>
<opcode="bitcast(44) " fcode="bitcast"/>
<opset="bitcast_ln95/13 "/>
</bind>
</comp>

<comp id="527" class="1004" name="bitcast_ln96_fu_527">
<pin_list>
<pin id="528" dir="0" index="0" bw="32" slack="1"/>
<pin id="529" dir="1" index="1" bw="32" slack="0"/>
</pin_list>
<bind>
<opcode="bitcast(44) " fcode="bitcast"/>
<opset="bitcast_ln96/13 "/>
</bind>
</comp>

<comp id="534" class="1005" name="x_3_reg_534">
<pin_list>
<pin id="535" dir="0" index="0" bw="31" slack="0"/>
<pin id="536" dir="1" index="1" bw="31" slack="0"/>
</pin_list>
<bind>
<opset="x_3 "/>
</bind>
</comp>

<comp id="541" class="1005" name="j_reg_541">
<pin_list>
<pin id="542" dir="0" index="0" bw="31" slack="0"/>
<pin id="543" dir="1" index="1" bw="31" slack="0"/>
</pin_list>
<bind>
<opset="j "/>
</bind>
</comp>

<comp id="548" class="1005" name="indvar_flatten9_reg_548">
<pin_list>
<pin id="549" dir="0" index="0" bw="64" slack="0"/>
<pin id="550" dir="1" index="1" bw="64" slack="0"/>
</pin_list>
<bind>
<opset="indvar_flatten9 "/>
</bind>
</comp>

<comp id="555" class="1005" name="K_read_reg_555">
<pin_list>
<pin id="556" dir="0" index="0" bw="64" slack="2"/>
<pin id="557" dir="1" index="1" bw="64" slack="2"/>
</pin_list>
<bind>
<opset="K_read "/>
</bind>
</comp>

<comp id="560" class="1005" name="V_read_reg_560">
<pin_list>
<pin id="561" dir="0" index="0" bw="64" slack="2"/>
<pin id="562" dir="1" index="1" bw="64" slack="2"/>
</pin_list>
<bind>
<opset="V_read "/>
</bind>
</comp>

<comp id="565" class="1005" name="shl_ln92_1_read_reg_565">
<pin_list>
<pin id="566" dir="0" index="0" bw="32" slack="2"/>
<pin id="567" dir="1" index="1" bw="32" slack="2"/>
</pin_list>
<bind>
<opset="shl_ln92_1_read "/>
</bind>
</comp>

<comp id="570" class="1005" name="mul_ln87_read_reg_570">
<pin_list>
<pin id="571" dir="0" index="0" bw="64" slack="1"/>
<pin id="572" dir="1" index="1" bw="64" slack="1"/>
</pin_list>
<bind>
<opset="mul_ln87_read "/>
</bind>
</comp>

<comp id="575" class="1005" name="d_read_reg_575">
<pin_list>
<pin id="576" dir="0" index="0" bw="32" slack="1"/>
<pin id="577" dir="1" index="1" bw="32" slack="1"/>
</pin_list>
<bind>
<opset="d_read "/>
</bind>
</comp>

<comp id="580" class="1005" name="zext_ln63_cast_reg_580">
<pin_list>
<pin id="581" dir="0" index="0" bw="32" slack="3"/>
<pin id="582" dir="1" index="1" bw="32" slack="3"/>
</pin_list>
<bind>
<opset="zext_ln63_cast "/>
</bind>
</comp>

<comp id="586" class="1005" name="icmp_ln92_reg_586">
<pin_list>
<pin id="587" dir="0" index="0" bw="1" slack="1"/>
<pin id="588" dir="1" index="1" bw="1" slack="2147483647"/>
</pin_list>
<bind>
<opset="icmp_ln92 "/>
</bind>
</comp>

<comp id="590" class="1005" name="or_ln92_reg_590">
<pin_list>
<pin id="591" dir="0" index="0" bw="1" slack="2"/>
<pin id="592" dir="1" index="1" bw="1" slack="2147483647"/>
</pin_list>
<bind>
<opset="or_ln92 "/>
</bind>
</comp>

<comp id="594" class="1005" name="trunc_ln92_1_reg_594">
<pin_list>
<pin id="595" dir="0" index="0" bw="27" slack="1"/>
<pin id="596" dir="1" index="1" bw="27" slack="1"/>
</pin_list>
<bind>
<opset="trunc_ln92_1 "/>
</bind>
</comp>

<comp id="599" class="1005" name="trunc_ln93_reg_599">
<pin_list>
<pin id="600" dir="0" index="0" bw="2" slack="11"/>
<pin id="601" dir="1" index="1" bw="2" slack="2147483647"/>
</pin_list>
<bind>
<opset="trunc_ln93 "/>
</bind>
</comp>

<comp id="603" class="1005" name="add_ln95_reg_603">
<pin_list>
<pin id="604" dir="0" index="0" bw="6" slack="11"/>
<pin id="605" dir="1" index="1" bw="6" slack="11"/>
</pin_list>
<bind>
<opset="add_ln95 "/>
</bind>
</comp>

<comp id="608" class="1005" name="gmem1_addr_reg_608">
<pin_list>
<pin id="609" dir="0" index="0" bw="32" slack="1"/>
<pin id="610" dir="1" index="1" bw="32" slack="1"/>
</pin_list>
<bind>
<opset="gmem1_addr "/>
</bind>
</comp>

<comp id="614" class="1005" name="gmem2_addr_reg_614">
<pin_list>
<pin id="615" dir="0" index="0" bw="32" slack="1"/>
<pin id="616" dir="1" index="1" bw="32" slack="1"/>
</pin_list>
<bind>
<opset="gmem2_addr "/>
</bind>
</comp>

<comp id="620" class="1005" name="gmem1_addr_read_reg_620">
<pin_list>
<pin id="621" dir="0" index="0" bw="32" slack="1"/>
<pin id="622" dir="1" index="1" bw="32" slack="1"/>
</pin_list>
<bind>
<opset="gmem1_addr_read "/>
</bind>
</comp>

<comp id="625" class="1005" name="gmem2_addr_read_reg_625">
<pin_list>
<pin id="626" dir="0" index="0" bw="32" slack="1"/>
<pin id="627" dir="1" index="1" bw="32" slack="1"/>
</pin_list>
<bind>
<opset="gmem2_addr_read "/>
</bind>
</comp>

</comp_list>

<net_list>
<net id="113"><net_src comp="32" pin="0"/><net_sink comp="110" pin=0"/></net>

<net id="117"><net_src comp="32" pin="0"/><net_sink comp="114" pin=0"/></net>

<net id="121"><net_src comp="32" pin="0"/><net_sink comp="118" pin=0"/></net>

<net id="126"><net_src comp="34" pin="0"/><net_sink comp="122" pin=0"/></net>

<net id="127"><net_src comp="30" pin="0"/><net_sink comp="122" pin=1"/></net>

<net id="132"><net_src comp="34" pin="0"/><net_sink comp="128" pin=0"/></net>

<net id="133"><net_src comp="28" pin="0"/><net_sink comp="128" pin=1"/></net>

<net id="138"><net_src comp="36" pin="0"/><net_sink comp="134" pin=0"/></net>

<net id="139"><net_src comp="26" pin="0"/><net_sink comp="134" pin=1"/></net>

<net id="144"><net_src comp="38" pin="0"/><net_sink comp="140" pin=0"/></net>

<net id="145"><net_src comp="24" pin="0"/><net_sink comp="140" pin=1"/></net>

<net id="150"><net_src comp="34" pin="0"/><net_sink comp="146" pin=0"/></net>

<net id="151"><net_src comp="6" pin="0"/><net_sink comp="146" pin=1"/></net>

<net id="156"><net_src comp="36" pin="0"/><net_sink comp="152" pin=0"/></net>

<net id="157"><net_src comp="4" pin="0"/><net_sink comp="152" pin=1"/></net>

<net id="163"><net_src comp="104" pin="0"/><net_sink comp="158" pin=0"/></net>

<net id="169"><net_src comp="104" pin="0"/><net_sink comp="164" pin=0"/></net>

<net id="174"><net_src comp="106" pin="0"/><net_sink comp="170" pin=0"/></net>

<net id="179"><net_src comp="106" pin="0"/><net_sink comp="175" pin=0"/></net>

<net id="185"><net_src comp="8" pin="0"/><net_sink comp="180" pin=0"/></net>

<net id="186"><net_src comp="60" pin="0"/><net_sink comp="180" pin=1"/></net>

<net id="192"><net_src comp="10" pin="0"/><net_sink comp="187" pin=0"/></net>

<net id="193"><net_src comp="60" pin="0"/><net_sink comp="187" pin=1"/></net>

<net id="199"><net_src comp="12" pin="0"/><net_sink comp="194" pin=0"/></net>

<net id="200"><net_src comp="60" pin="0"/><net_sink comp="194" pin=1"/></net>

<net id="206"><net_src comp="14" pin="0"/><net_sink comp="201" pin=0"/></net>

<net id="207"><net_src comp="60" pin="0"/><net_sink comp="201" pin=1"/></net>

<net id="213"><net_src comp="16" pin="0"/><net_sink comp="208" pin=0"/></net>

<net id="214"><net_src comp="60" pin="0"/><net_sink comp="208" pin=1"/></net>

<net id="220"><net_src comp="18" pin="0"/><net_sink comp="215" pin=0"/></net>

<net id="221"><net_src comp="60" pin="0"/><net_sink comp="215" pin=1"/></net>

<net id="227"><net_src comp="20" pin="0"/><net_sink comp="222" pin=0"/></net>

<net id="228"><net_src comp="60" pin="0"/><net_sink comp="222" pin=1"/></net>

<net id="234"><net_src comp="22" pin="0"/><net_sink comp="229" pin=0"/></net>

<net id="235"><net_src comp="60" pin="0"/><net_sink comp="229" pin=1"/></net>

<net id="241"><net_src comp="194" pin="3"/><net_sink comp="236" pin=0"/></net>

<net id="247"><net_src comp="222" pin="3"/><net_sink comp="242" pin=0"/></net>

<net id="253"><net_src comp="187" pin="3"/><net_sink comp="248" pin=0"/></net>

<net id="259"><net_src comp="215" pin="3"/><net_sink comp="254" pin=0"/></net>

<net id="265"><net_src comp="180" pin="3"/><net_sink comp="260" pin=0"/></net>

<net id="271"><net_src comp="208" pin="3"/><net_sink comp="266" pin=0"/></net>

<net id="277"><net_src comp="201" pin="3"/><net_sink comp="272" pin=0"/></net>

<net id="283"><net_src comp="229" pin="3"/><net_sink comp="278" pin=0"/></net>

<net id="287"><net_src comp="64" pin="0"/><net_sink comp="284" pin=0"/></net>

<net id="294"><net_src comp="284" pin="1"/><net_sink comp="288" pin=0"/></net>

<net id="295"><net_src comp="66" pin="0"/><net_sink comp="288" pin=2"/></net>

<net id="299"><net_src comp="140" pin="2"/><net_sink comp="296" pin=0"/></net>

<net id="304"><net_src comp="60" pin="0"/><net_sink comp="300" pin=0"/></net>

<net id="309"><net_src comp="62" pin="0"/><net_sink comp="305" pin=0"/></net>

<net id="314"><net_src comp="62" pin="0"/><net_sink comp="310" pin=0"/></net>

<net id="324"><net_src comp="315" pin="1"/><net_sink comp="321" pin=0"/></net>

<net id="329"><net_src comp="321" pin="1"/><net_sink comp="325" pin=0"/></net>

<net id="334"><net_src comp="318" pin="1"/><net_sink comp="330" pin=0"/></net>

<net id="339"><net_src comp="318" pin="1"/><net_sink comp="335" pin=0"/></net>

<net id="340"><net_src comp="70" pin="0"/><net_sink comp="335" pin=1"/></net>

<net id="348"><net_src comp="341" pin="1"/><net_sink comp="344" pin=0"/></net>

<net id="349"><net_src comp="72" pin="0"/><net_sink comp="344" pin=1"/></net>

<net id="354"><net_src comp="325" pin="2"/><net_sink comp="350" pin=0"/></net>

<net id="355"><net_src comp="64" pin="0"/><net_sink comp="350" pin=1"/></net>

<net id="360"><net_src comp="288" pin="4"/><net_sink comp="356" pin=0"/></net>

<net id="361"><net_src comp="350" pin="2"/><net_sink comp="356" pin=1"/></net>

<net id="367"><net_src comp="325" pin="2"/><net_sink comp="362" pin=0"/></net>

<net id="368"><net_src comp="315" pin="1"/><net_sink comp="362" pin=1"/></net>

<net id="369"><net_src comp="62" pin="0"/><net_sink comp="362" pin=2"/></net>

<net id="375"><net_src comp="325" pin="2"/><net_sink comp="370" pin=0"/></net>

<net id="376"><net_src comp="341" pin="1"/><net_sink comp="370" pin=1"/></net>

<net id="377"><net_src comp="344" pin="2"/><net_sink comp="370" pin=2"/></net>

<net id="381"><net_src comp="370" pin="3"/><net_sink comp="378" pin=0"/></net>

<net id="385"><net_src comp="370" pin="3"/><net_sink comp="382" pin=0"/></net>

<net id="391"><net_src comp="74" pin="0"/><net_sink comp="386" pin=0"/></net>

<net id="392"><net_src comp="378" pin="1"/><net_sink comp="386" pin=1"/></net>

<net id="393"><net_src comp="76" pin="0"/><net_sink comp="386" pin=2"/></net>

<net id="397"><net_src comp="362" pin="3"/><net_sink comp="394" pin=0"/></net>

<net id="404"><net_src comp="78" pin="0"/><net_sink comp="398" pin=0"/></net>

<net id="405"><net_src comp="362" pin="3"/><net_sink comp="398" pin=1"/></net>

<net id="406"><net_src comp="80" pin="0"/><net_sink comp="398" pin=2"/></net>

<net id="407"><net_src comp="82" pin="0"/><net_sink comp="398" pin=3"/></net>

<net id="412"><net_src comp="386" pin="3"/><net_sink comp="408" pin=0"/></net>

<net id="413"><net_src comp="398" pin="4"/><net_sink comp="408" pin=1"/></net>

<net id="418"><net_src comp="362" pin="3"/><net_sink comp="414" pin=0"/></net>

<net id="419"><net_src comp="72" pin="0"/><net_sink comp="414" pin=1"/></net>

<net id="424"><net_src comp="335" pin="2"/><net_sink comp="420" pin=0"/></net>

<net id="429"><net_src comp="370" pin="3"/><net_sink comp="425" pin=0"/></net>

<net id="434"><net_src comp="414" pin="2"/><net_sink comp="430" pin=0"/></net>

<net id="440"><net_src comp="94" pin="0"/><net_sink comp="435" pin=0"/></net>

<net id="441"><net_src comp="96" pin="0"/><net_sink comp="435" pin=2"/></net>

<net id="446"><net_src comp="435" pin="3"/><net_sink comp="442" pin=0"/></net>

<net id="452"><net_src comp="98" pin="0"/><net_sink comp="447" pin=0"/></net>

<net id="453"><net_src comp="442" pin="2"/><net_sink comp="447" pin=1"/></net>

<net id="454"><net_src comp="84" pin="0"/><net_sink comp="447" pin=2"/></net>

<net id="458"><net_src comp="447" pin="3"/><net_sink comp="455" pin=0"/></net>

<net id="463"><net_src comp="455" pin="1"/><net_sink comp="459" pin=0"/></net>

<net id="468"><net_src comp="455" pin="1"/><net_sink comp="464" pin=0"/></net>

<net id="475"><net_src comp="100" pin="0"/><net_sink comp="469" pin=0"/></net>

<net id="476"><net_src comp="464" pin="2"/><net_sink comp="469" pin=1"/></net>

<net id="477"><net_src comp="80" pin="0"/><net_sink comp="469" pin=2"/></net>

<net id="478"><net_src comp="102" pin="0"/><net_sink comp="469" pin=3"/></net>

<net id="482"><net_src comp="469" pin="4"/><net_sink comp="479" pin=0"/></net>

<net id="487"><net_src comp="2" pin="0"/><net_sink comp="483" pin=0"/></net>

<net id="488"><net_src comp="479" pin="1"/><net_sink comp="483" pin=1"/></net>

<net id="495"><net_src comp="100" pin="0"/><net_sink comp="489" pin=0"/></net>

<net id="496"><net_src comp="459" pin="2"/><net_sink comp="489" pin=1"/></net>

<net id="497"><net_src comp="80" pin="0"/><net_sink comp="489" pin=2"/></net>

<net id="498"><net_src comp="102" pin="0"/><net_sink comp="489" pin=3"/></net>

<net id="502"><net_src comp="489" pin="4"/><net_sink comp="499" pin=0"/></net>

<net id="507"><net_src comp="0" pin="0"/><net_sink comp="503" pin=0"/></net>

<net id="508"><net_src comp="499" pin="1"/><net_sink comp="503" pin=1"/></net>

<net id="512"><net_src comp="509" pin="1"/><net_sink comp="180" pin=2"/></net>

<net id="513"><net_src comp="509" pin="1"/><net_sink comp="187" pin=2"/></net>

<net id="514"><net_src comp="509" pin="1"/><net_sink comp="194" pin=2"/></net>

<net id="515"><net_src comp="509" pin="1"/><net_sink comp="201" pin=2"/></net>

<net id="516"><net_src comp="509" pin="1"/><net_sink comp="208" pin=2"/></net>

<net id="517"><net_src comp="509" pin="1"/><net_sink comp="215" pin=2"/></net>

<net id="518"><net_src comp="509" pin="1"/><net_sink comp="222" pin=2"/></net>

<net id="519"><net_src comp="509" pin="1"/><net_sink comp="229" pin=2"/></net>

<net id="523"><net_src comp="520" pin="1"/><net_sink comp="236" pin=1"/></net>

<net id="524"><net_src comp="520" pin="1"/><net_sink comp="248" pin=1"/></net>

<net id="525"><net_src comp="520" pin="1"/><net_sink comp="260" pin=1"/></net>

<net id="526"><net_src comp="520" pin="1"/><net_sink comp="272" pin=1"/></net>

<net id="530"><net_src comp="527" pin="1"/><net_sink comp="242" pin=1"/></net>

<net id="531"><net_src comp="527" pin="1"/><net_sink comp="254" pin=1"/></net>

<net id="532"><net_src comp="527" pin="1"/><net_sink comp="266" pin=1"/></net>

<net id="533"><net_src comp="527" pin="1"/><net_sink comp="278" pin=1"/></net>

<net id="537"><net_src comp="110" pin="1"/><net_sink comp="534" pin=0"/></net>

<net id="538"><net_src comp="534" pin="1"/><net_sink comp="310" pin=1"/></net>

<net id="539"><net_src comp="534" pin="1"/><net_sink comp="315" pin=0"/></net>

<net id="540"><net_src comp="534" pin="1"/><net_sink comp="430" pin=1"/></net>

<net id="544"><net_src comp="114" pin="1"/><net_sink comp="541" pin=0"/></net>

<net id="545"><net_src comp="541" pin="1"/><net_sink comp="305" pin=1"/></net>

<net id="546"><net_src comp="541" pin="1"/><net_sink comp="341" pin=0"/></net>

<net id="547"><net_src comp="541" pin="1"/><net_sink comp="425" pin=1"/></net>

<net id="551"><net_src comp="118" pin="1"/><net_sink comp="548" pin=0"/></net>

<net id="552"><net_src comp="548" pin="1"/><net_sink comp="300" pin=1"/></net>

<net id="553"><net_src comp="548" pin="1"/><net_sink comp="318" pin=0"/></net>

<net id="554"><net_src comp="548" pin="1"/><net_sink comp="420" pin=1"/></net>

<net id="558"><net_src comp="122" pin="2"/><net_sink comp="555" pin=0"/></net>

<net id="559"><net_src comp="555" pin="1"/><net_sink comp="464" pin=1"/></net>

<net id="563"><net_src comp="128" pin="2"/><net_sink comp="560" pin=0"/></net>

<net id="564"><net_src comp="560" pin="1"/><net_sink comp="459" pin=1"/></net>

<net id="568"><net_src comp="134" pin="2"/><net_sink comp="565" pin=0"/></net>

<net id="569"><net_src comp="565" pin="1"/><net_sink comp="442" pin=1"/></net>

<net id="573"><net_src comp="146" pin="2"/><net_sink comp="570" pin=0"/></net>

<net id="574"><net_src comp="570" pin="1"/><net_sink comp="330" pin=1"/></net>

<net id="578"><net_src comp="152" pin="2"/><net_sink comp="575" pin=0"/></net>

<net id="579"><net_src comp="575" pin="1"/><net_sink comp="325" pin=1"/></net>

<net id="583"><net_src comp="296" pin="1"/><net_sink comp="580" pin=0"/></net>

<net id="584"><net_src comp="580" pin="1"/><net_sink comp="158" pin=2"/></net>

<net id="585"><net_src comp="580" pin="1"/><net_sink comp="164" pin=2"/></net>

<net id="589"><net_src comp="330" pin="2"/><net_sink comp="586" pin=0"/></net>

<net id="593"><net_src comp="356" pin="2"/><net_sink comp="590" pin=0"/></net>

<net id="597"><net_src comp="382" pin="1"/><net_sink comp="594" pin=0"/></net>

<net id="598"><net_src comp="594" pin="1"/><net_sink comp="435" pin=1"/></net>

<net id="602"><net_src comp="394" pin="1"/><net_sink comp="599" pin=0"/></net>

<net id="606"><net_src comp="408" pin="2"/><net_sink comp="603" pin=0"/></net>

<net id="607"><net_src comp="603" pin="1"/><net_sink comp="509" pin=0"/></net>

<net id="611"><net_src comp="483" pin="2"/><net_sink comp="608" pin=0"/></net>

<net id="612"><net_src comp="608" pin="1"/><net_sink comp="158" pin=1"/></net>

<net id="613"><net_src comp="608" pin="1"/><net_sink comp="170" pin=1"/></net>

<net id="617"><net_src comp="503" pin="2"/><net_sink comp="614" pin=0"/></net>

<net id="618"><net_src comp="614" pin="1"/><net_sink comp="164" pin=1"/></net>

<net id="619"><net_src comp="614" pin="1"/><net_sink comp="175" pin=1"/></net>

<net id="623"><net_src comp="170" pin="2"/><net_sink comp="620" pin=0"/></net>

<net id="624"><net_src comp="620" pin="1"/><net_sink comp="520" pin=0"/></net>

<net id="628"><net_src comp="175" pin="2"/><net_sink comp="625" pin=0"/></net>

<net id="629"><net_src comp="625" pin="1"/><net_sink comp="527" pin=0"/></net>

</net_list>

</model> 
---------------- Datapath Model END ------------------

* FSMD analyzer results:
  - Output states:
	Port: Kbuf | {13 }
	Port: Kbuf_1 | {13 }
	Port: Kbuf_2 | {13 }
	Port: Kbuf_3 | {13 }
	Port: Vbuf | {13 }
	Port: Vbuf_1 | {13 }
	Port: Vbuf_2 | {13 }
	Port: Vbuf_3 | {13 }
 - Input state : 
	Port: flash_attention_hls_Pipeline_LOAD_KV_VITIS_LOOP_93_3 : gmem2 | {4 5 6 7 8 9 10 11 12 }
	Port: flash_attention_hls_Pipeline_LOAD_KV_VITIS_LOOP_93_3 : gmem1 | {4 5 6 7 8 9 10 11 12 }
	Port: flash_attention_hls_Pipeline_LOAD_KV_VITIS_LOOP_93_3 : d | {1 }
	Port: flash_attention_hls_Pipeline_LOAD_KV_VITIS_LOOP_93_3 : mul_ln87 | {1 }
	Port: flash_attention_hls_Pipeline_LOAD_KV_VITIS_LOOP_93_3 : zext_ln63 | {1 }
	Port: flash_attention_hls_Pipeline_LOAD_KV_VITIS_LOOP_93_3 : shl_ln92_1 | {1 }
	Port: flash_attention_hls_Pipeline_LOAD_KV_VITIS_LOOP_93_3 : V | {1 }
	Port: flash_attention_hls_Pipeline_LOAD_KV_VITIS_LOOP_93_3 : K | {1 }
  - Chain level:
	State 1
		store_ln0 : 1
		store_ln92 : 1
		store_ln93 : 1
	State 2
		zext_ln93 : 1
		icmp_ln93 : 2
		icmp_ln92 : 1
		add_ln92_4 : 1
		br_ln92 : 2
		add_ln92_3 : 1
		xor_ln92 : 3
		or_ln92 : 3
		select_ln92 : 3
		select_ln92_1 : 3
		trunc_ln92 : 4
		trunc_ln92_1 : 4
		br_ln93 : 3
		tmp_s : 5
		trunc_ln93 : 4
		lshr_ln3 : 4
		add_ln95 : 6
		switch_ln95 : 5
		add_ln93 : 4
		store_ln92 : 2
		store_ln92 : 4
		store_ln93 : 5
	State 3
		add_ln92 : 1
		shl_ln1 : 2
		sext_ln92 : 3
		add_ln92_1 : 4
		add_ln92_2 : 4
		trunc_ln5 : 5
		sext_ln93 : 6
		gmem1_addr : 7
		trunc_ln93_1 : 5
		sext_ln93_1 : 6
		gmem2_addr : 7
	State 4
	State 5
	State 6
	State 7
	State 8
	State 9
	State 10
	State 11
	State 12
	State 13
		Kbuf_addr : 1
		Kbuf_1_addr : 1
		Kbuf_2_addr : 1
		Kbuf_3_addr : 1
		Vbuf_addr : 1
		Vbuf_1_addr : 1
		Vbuf_2_addr : 1
		Vbuf_3_addr : 1
		store_ln95 : 2
		store_ln96 : 2
		store_ln95 : 2
		store_ln96 : 2
		store_ln95 : 2
		store_ln96 : 2
		store_ln95 : 2
		store_ln96 : 2


============================================================
+ Verbose Summary: Datapath Resource usage 
============================================================

* Functional unit list:
|----------|-----------------------------|---------|---------|
| Operation|       Functional Unit       |    FF   |   LUT   |
|----------|-----------------------------|---------|---------|
|          |      add_ln92_4_fu_335      |    0    |    71   |
|          |      add_ln92_3_fu_344      |    0    |    38   |
|          |       add_ln95_fu_408       |    0    |    14   |
|    add   |       add_ln93_fu_414       |    0    |    38   |
|          |       add_ln92_fu_442       |    0    |    39   |
|          |      add_ln92_1_fu_459      |    0    |    71   |
|          |      add_ln92_2_fu_464      |    0    |    71   |
|----------|-----------------------------|---------|---------|
|   icmp   |       icmp_ln93_fu_325      |    0    |    39   |
|          |       icmp_ln92_fu_330      |    0    |    71   |
|----------|-----------------------------|---------|---------|
|  select  |      select_ln92_fu_362     |    0    |    31   |
|          |     select_ln92_1_fu_370    |    0    |    31   |
|----------|-----------------------------|---------|---------|
|    xor   |       xor_ln92_fu_350       |    0    |    2    |
|----------|-----------------------------|---------|---------|
|    or    |        or_ln92_fu_356       |    0    |    2    |
|----------|-----------------------------|---------|---------|
|          |      K_read_read_fu_122     |    0    |    0    |
|          |      V_read_read_fu_128     |    0    |    0    |
|          | shl_ln92_1_read_read_fu_134 |    0    |    0    |
|   read   |  zext_ln63_read_read_fu_140 |    0    |    0    |
|          |  mul_ln87_read_read_fu_146  |    0    |    0    |
|          |      d_read_read_fu_152     |    0    |    0    |
|          | gmem1_addr_read_read_fu_170 |    0    |    0    |
|          | gmem2_addr_read_read_fu_175 |    0    |    0    |
|----------|-----------------------------|---------|---------|
|  readreq |      grp_readreq_fu_158     |    0    |    0    |
|          |      grp_readreq_fu_164     |    0    |    0    |
|----------|-----------------------------|---------|---------|
|          |    zext_ln63_cast_fu_296    |    0    |    0    |
|   zext   |       zext_ln93_fu_321      |    0    |    0    |
|          |       zext_ln95_fu_509      |    0    |    0    |
|----------|-----------------------------|---------|---------|
|          |      trunc_ln92_fu_378      |    0    |    0    |
|   trunc  |     trunc_ln92_1_fu_382     |    0    |    0    |
|          |      trunc_ln93_fu_394      |    0    |    0    |
|----------|-----------------------------|---------|---------|
|          |         tmp_s_fu_386        |    0    |    0    |
|bitconcatenate|      shl_ln92_2_fu_435      |    0    |    0    |
|          |        shl_ln1_fu_447       |    0    |    0    |
|----------|-----------------------------|---------|---------|
|          |       lshr_ln3_fu_398       |    0    |    0    |
|partselect|       trunc_ln5_fu_469      |    0    |    0    |
|          |     trunc_ln93_1_fu_489     |    0    |    0    |
|----------|-----------------------------|---------|---------|
|          |       sext_ln92_fu_455      |    0    |    0    |
|   sext   |       sext_ln93_fu_479      |    0    |    0    |
|          |      sext_ln93_1_fu_499     |    0    |    0    |
|----------|-----------------------------|---------|---------|
|   Total  |                             |    0    |   518   |
|----------|-----------------------------|---------|---------|

Memories:
N/A

* Register list:
+-----------------------+--------+
|                       |   FF   |
+-----------------------+--------+
|     K_read_reg_555    |   64   |
|     V_read_reg_560    |   64   |
|    add_ln95_reg_603   |    6   |
|     d_read_reg_575    |   32   |
|  first_iter_1_reg_284 |    1   |
|gmem1_addr_read_reg_620|   32   |
|   gmem1_addr_reg_608  |   32   |
|gmem2_addr_read_reg_625|   32   |
|   gmem2_addr_reg_614  |   32   |
|   icmp_ln92_reg_586   |    1   |
|indvar_flatten9_reg_548|   64   |
|       j_reg_541       |   31   |
| mul_ln87_read_reg_570 |   64   |
|    or_ln92_reg_590    |    1   |
|shl_ln92_1_read_reg_565|   32   |
|  trunc_ln92_1_reg_594 |   27   |
|   trunc_ln93_reg_599  |    2   |
|      x_3_reg_534      |   31   |
| zext_ln63_cast_reg_580|   32   |
+-----------------------+--------+
|         Total         |   580  |
+-----------------------+--------+

* Multiplexer (MUX) list: 
|--------|------|------|------|--------|
|  Comp  |  Pin | Size |  BW  | S x BW |
|--------|------|------|------|--------|
|  Total |      |      |      |    0   |
|--------|------|------|------|--------|



* Summary:
+-----------+--------+--------+
|           |   FF   |   LUT  |
+-----------+--------+--------+
|  Function |    0   |   518  |
|   Memory  |    -   |    -   |
|Multiplexer|    -   |    -   |
|  Register |   580  |    -   |
+-----------+--------+--------+
|   Total   |   580  |   518  |
+-----------+--------+--------+
