

================================================================
== Vitis HLS Report for 'flash_attention_hls_Pipeline_VITIS_LOOP_160_4'
================================================================
* Date:           Fri May  8 14:39:22 2026

* Version:        2023.2 (Build 4023990 on Oct 11 2023)
* Project:        flash_attention_proj
* Solution:       solution1 (Vivado IP Flow Target)
* Product family: zynq
* Target device:  xc7z020-clg400-1


================================================================
== Performance Estimates
================================================================
+ Timing: 
    * Summary: 
    +--------+----------+----------+------------+
    |  Clock |  Target  | Estimated| Uncertainty|
    +--------+----------+----------+------------+
    |ap_clk  |  10.00 ns|  7.256 ns|     2.70 ns|
    +--------+----------+----------+------------+

+ Latency: 
    * Summary: 
    +---------+---------+----------+----------+-----+-----+---------+
    |  Latency (cycles) |  Latency (absolute) |  Interval | Pipeline|
    |   min   |   max   |    min   |    max   | min | max |   Type  |
    +---------+---------+----------+----------+-----+-----+---------+
    |       20|       20|  0.200 us|  0.200 us|   20|   20|       no|
    +---------+---------+----------+----------+-----+-----+---------+

    + Detail: 
        * Instance: 
        N/A

        * Loop: 
        +--------------------+---------+---------+----------+-----------+-----------+------+----------+
        |                    |  Latency (cycles) | Iteration|  Initiation Interval  | Trip |          |
        |      Loop Name     |   min   |   max   |  Latency |  achieved |   target  | Count| Pipelined|
        +--------------------+---------+---------+----------+-----------+-----------+------+----------+
        |- VITIS_LOOP_160_4  |       18|       18|        12|          1|          1|     8|       yes|
        +--------------------+---------+---------+----------+-----------+-----------+------+----------+

============================================================
+ Verbose Summary: Synthesis Manager
============================================================
InlineROM: 1
ExposeGlobal: 0
============================================================
+ Verbose Summary: CDFG Model
============================================================
IsTopModel: 0
ResetActiveHigh: 1
IsCombinational: 0
IsDatapathOnly: 0
HasWiredReturn: 1
HasMFsm: 2
HasVarLatency: 1
IsPipeline: 0
IsRtlPipelined: 0
IsInstanceOverlapped: 0
IsDontTouch: 0
HasImplIP: 0
IsGatedGlobalClock: 0

+ Individual pipeline summary: 
  * Pipeline-0: initiation interval (II) = 1, depth = 12


============================================================
+ Verbose Summary: Schedule
============================================================
* Number of FSM states : 12
* Pipeline : 1
  Pipeline-0 : II = 1, D = 12, States = { 1 2 3 4 5 6 7 8 9 10 11 12 }
* Dataflow Pipeline: 0

* FSM state transitions: 
1 --> 2 
2 --> 3 
3 --> 4 
4 --> 5 
5 --> 6 
6 --> 7 
7 --> 8 
8 --> 9 
9 --> 10 
10 --> 11 
11 --> 12 
12 --> 

* FSM state operations: 

State 1 <SV = 0> <Delay = 5.11>
ST_1 : Operation 15 [1/1] (0.00ns)   --->   "%x = alloca i32 1" [flash_attention.cpp:160]   --->   Operation 15 'alloca' 'x' <Predicate = true> <Delay = 0.00>
ST_1 : Operation 16 [1/1] (0.00ns)   --->   "%e_read = read i32 @_ssdm_op_Read.ap_auto.float, i32 %e"   --->   Operation 16 'read' 'e_read' <Predicate = true> <Delay = 0.00>
ST_1 : Operation 17 [1/1] (0.00ns)   --->   "%j_3_read = read i3 @_ssdm_op_Read.ap_auto.i3, i3 %j_3"   --->   Operation 17 'read' 'j_3_read' <Predicate = true> <Delay = 0.00>
ST_1 : Operation 18 [1/1] (0.00ns)   --->   "%d_read = read i32 @_ssdm_op_Read.ap_auto.i32, i32 %d"   --->   Operation 18 'read' 'd_read' <Predicate = true> <Delay = 0.00>
ST_1 : Operation 19 [1/1] (1.58ns)   --->   "%store_ln160 = store i6 0, i6 %x" [flash_attention.cpp:160]   --->   Operation 19 'store' 'store_ln160' <Predicate = true> <Delay = 1.58>
ST_1 : Operation 20 [1/1] (0.00ns)   --->   "%br_ln0 = br void %for.body195"   --->   Operation 20 'br' 'br_ln0' <Predicate = true> <Delay = 0.00>
ST_1 : Operation 21 [1/1] (0.00ns)   --->   "%x_2 = load i6 %x" [flash_attention.cpp:160]   --->   Operation 21 'load' 'x_2' <Predicate = true> <Delay = 0.00>
ST_1 : Operation 22 [1/1] (0.00ns)   --->   "%tmp = bitselect i1 @_ssdm_op_BitSelect.i1.i6.i32, i6 %x_2, i32 5" [flash_attention.cpp:160]   --->   Operation 22 'bitselect' 'tmp' <Predicate = true> <Delay = 0.00>
ST_1 : Operation 23 [1/1] (0.00ns)   --->   "%br_ln160 = br i1 %tmp, void %for.body195.split, void %for.inc210.exitStub" [flash_attention.cpp:160]   --->   Operation 23 'br' 'br_ln160' <Predicate = true> <Delay = 0.00>
ST_1 : Operation 24 [1/1] (0.00ns)   --->   "%trunc_ln160 = trunc i6 %x_2" [flash_attention.cpp:160]   --->   Operation 24 'trunc' 'trunc_ln160' <Predicate = (!tmp)> <Delay = 0.00>
ST_1 : Operation 25 [1/1] (0.00ns)   --->   "%zext_ln160 = zext i6 %x_2" [flash_attention.cpp:160]   --->   Operation 25 'zext' 'zext_ln160' <Predicate = (!tmp)> <Delay = 0.00>
ST_1 : Operation 26 [1/1] (0.00ns)   --->   "%or_ln160 = or i5 %trunc_ln160, i5 1" [flash_attention.cpp:160]   --->   Operation 26 'or' 'or_ln160' <Predicate = (!tmp)> <Delay = 0.00>
ST_1 : Operation 27 [1/1] (0.00ns)   --->   "%zext_ln160_1 = zext i5 %or_ln160" [flash_attention.cpp:160]   --->   Operation 27 'zext' 'zext_ln160_1' <Predicate = (!tmp)> <Delay = 0.00>
ST_1 : Operation 28 [1/1] (0.00ns)   --->   "%lshr_ln4 = partselect i3 @_ssdm_op_PartSelect.i3.i6.i32.i32, i6 %x_2, i32 2, i32 4" [flash_attention.cpp:160]   --->   Operation 28 'partselect' 'lshr_ln4' <Predicate = (!tmp)> <Delay = 0.00>
ST_1 : Operation 29 [1/1] (0.00ns)   --->   "%tmp_s = bitconcatenate i6 @_ssdm_op_BitConcatenate.i6.i3.i3, i3 %j_3_read, i3 %lshr_ln4" [flash_attention.cpp:162]   --->   Operation 29 'bitconcatenate' 'tmp_s' <Predicate = (!tmp)> <Delay = 0.00>
ST_1 : Operation 30 [1/1] (0.00ns)   --->   "%zext_ln162_2 = zext i6 %tmp_s" [flash_attention.cpp:162]   --->   Operation 30 'zext' 'zext_ln162_2' <Predicate = (!tmp)> <Delay = 0.00>
ST_1 : Operation 31 [1/1] (0.00ns)   --->   "%Vbuf_addr = getelementptr i32 %Vbuf, i64 0, i64 %zext_ln162_2" [flash_attention.cpp:162]   --->   Operation 31 'getelementptr' 'Vbuf_addr' <Predicate = (!tmp)> <Delay = 0.00>
ST_1 : Operation 32 [1/1] (0.00ns)   --->   "%Vbuf_1_addr = getelementptr i32 %Vbuf_1, i64 0, i64 %zext_ln162_2" [flash_attention.cpp:162]   --->   Operation 32 'getelementptr' 'Vbuf_1_addr' <Predicate = (!tmp)> <Delay = 0.00>
ST_1 : Operation 33 [1/1] (0.00ns)   --->   "%Vbuf_2_addr = getelementptr i32 %Vbuf_2, i64 0, i64 %zext_ln162_2" [flash_attention.cpp:162]   --->   Operation 33 'getelementptr' 'Vbuf_2_addr' <Predicate = (!tmp)> <Delay = 0.00>
ST_1 : Operation 34 [1/1] (0.00ns)   --->   "%Vbuf_3_addr = getelementptr i32 %Vbuf_3, i64 0, i64 %zext_ln162_2" [flash_attention.cpp:162]   --->   Operation 34 'getelementptr' 'Vbuf_3_addr' <Predicate = (!tmp)> <Delay = 0.00>
ST_1 : Operation 35 [1/1] (2.55ns)   --->   "%icmp_ln162 = icmp_slt  i32 %zext_ln160, i32 %d_read" [flash_attention.cpp:162]   --->   Operation 35 'icmp' 'icmp_ln162' <Predicate = (!tmp)> <Delay = 2.55> <CoreInst = "Cmp">   --->   Core 9 'Cmp' <Latency = 0> <II = 1> <Delay = 2.55> <FuncUnit> <Opcode : 'icmp'> <InPorts = 2> <OutPorts = 1>
ST_1 : Operation 36 [1/1] (0.00ns)   --->   "%br_ln162 = br i1 %icmp_ln162, void %for.inc207, void %if.then197" [flash_attention.cpp:162]   --->   Operation 36 'br' 'br_ln162' <Predicate = (!tmp)> <Delay = 0.00>
ST_1 : Operation 37 [2/2] (3.25ns)   --->   "%Vbuf_load = load i6 %Vbuf_addr" [flash_attention.cpp:162]   --->   Operation 37 'load' 'Vbuf_load' <Predicate = (!tmp & icmp_ln162)> <Delay = 3.25> <CoreInst = "RAM">   --->   Core 82 'RAM' <Latency = 1> <II = 1> <Delay = 3.25> <Storage> <Opcode : 'load' 'store'> <Ports = 2> <Width = 32> <Depth = 64> <RAM>
ST_1 : Operation 38 [1/1] (2.55ns)   --->   "%icmp_ln162_1 = icmp_slt  i32 %zext_ln160_1, i32 %d_read" [flash_attention.cpp:162]   --->   Operation 38 'icmp' 'icmp_ln162_1' <Predicate = (!tmp)> <Delay = 2.55> <CoreInst = "Cmp">   --->   Core 9 'Cmp' <Latency = 0> <II = 1> <Delay = 2.55> <FuncUnit> <Opcode : 'icmp'> <InPorts = 2> <OutPorts = 1>
ST_1 : Operation 39 [1/1] (0.00ns)   --->   "%br_ln162 = br i1 %icmp_ln162_1, void %for.inc207.1, void %if.then197.1" [flash_attention.cpp:162]   --->   Operation 39 'br' 'br_ln162' <Predicate = (!tmp)> <Delay = 0.00>
ST_1 : Operation 40 [2/2] (3.25ns)   --->   "%Vbuf_1_load = load i6 %Vbuf_1_addr" [flash_attention.cpp:162]   --->   Operation 40 'load' 'Vbuf_1_load' <Predicate = (!tmp & icmp_ln162_1)> <Delay = 3.25> <CoreInst = "RAM">   --->   Core 82 'RAM' <Latency = 1> <II = 1> <Delay = 3.25> <Storage> <Opcode : 'load' 'store'> <Ports = 2> <Width = 32> <Depth = 64> <RAM>
ST_1 : Operation 41 [1/1] (0.00ns) (grouped into LUT with out node icmp_ln162_2)   --->   "%or_ln160_1 = or i5 %trunc_ln160, i5 2" [flash_attention.cpp:160]   --->   Operation 41 'or' 'or_ln160_1' <Predicate = (!tmp)> <Delay = 0.00>
ST_1 : Operation 42 [1/1] (0.00ns) (grouped into LUT with out node icmp_ln162_2)   --->   "%zext_ln162 = zext i5 %or_ln160_1" [flash_attention.cpp:162]   --->   Operation 42 'zext' 'zext_ln162' <Predicate = (!tmp)> <Delay = 0.00>
ST_1 : Operation 43 [1/1] (2.55ns) (out node of the LUT)   --->   "%icmp_ln162_2 = icmp_slt  i32 %zext_ln162, i32 %d_read" [flash_attention.cpp:162]   --->   Operation 43 'icmp' 'icmp_ln162_2' <Predicate = (!tmp)> <Delay = 2.55> <CoreInst = "Cmp">   --->   Core 9 'Cmp' <Latency = 0> <II = 1> <Delay = 2.55> <FuncUnit> <Opcode : 'icmp'> <InPorts = 2> <OutPorts = 1>
ST_1 : Operation 44 [1/1] (0.00ns)   --->   "%br_ln162 = br i1 %icmp_ln162_2, void %for.inc207.2, void %if.then197.2" [flash_attention.cpp:162]   --->   Operation 44 'br' 'br_ln162' <Predicate = (!tmp)> <Delay = 0.00>
ST_1 : Operation 45 [2/2] (3.25ns)   --->   "%Vbuf_2_load = load i6 %Vbuf_2_addr" [flash_attention.cpp:162]   --->   Operation 45 'load' 'Vbuf_2_load' <Predicate = (!tmp & icmp_ln162_2)> <Delay = 3.25> <CoreInst = "RAM">   --->   Core 82 'RAM' <Latency = 1> <II = 1> <Delay = 3.25> <Storage> <Opcode : 'load' 'store'> <Ports = 2> <Width = 32> <Depth = 64> <RAM>
ST_1 : Operation 46 [1/1] (0.00ns) (grouped into LUT with out node icmp_ln162_3)   --->   "%or_ln160_2 = or i5 %trunc_ln160, i5 3" [flash_attention.cpp:160]   --->   Operation 46 'or' 'or_ln160_2' <Predicate = (!tmp)> <Delay = 0.00>
ST_1 : Operation 47 [1/1] (0.00ns) (grouped into LUT with out node icmp_ln162_3)   --->   "%zext_ln162_1 = zext i5 %or_ln160_2" [flash_attention.cpp:162]   --->   Operation 47 'zext' 'zext_ln162_1' <Predicate = (!tmp)> <Delay = 0.00>
ST_1 : Operation 48 [1/1] (2.55ns) (out node of the LUT)   --->   "%icmp_ln162_3 = icmp_slt  i32 %zext_ln162_1, i32 %d_read" [flash_attention.cpp:162]   --->   Operation 48 'icmp' 'icmp_ln162_3' <Predicate = (!tmp)> <Delay = 2.55> <CoreInst = "Cmp">   --->   Core 9 'Cmp' <Latency = 0> <II = 1> <Delay = 2.55> <FuncUnit> <Opcode : 'icmp'> <InPorts = 2> <OutPorts = 1>
ST_1 : Operation 49 [1/1] (0.00ns)   --->   "%br_ln162 = br i1 %icmp_ln162_3, void %for.inc207.3, void %if.then197.3" [flash_attention.cpp:162]   --->   Operation 49 'br' 'br_ln162' <Predicate = (!tmp)> <Delay = 0.00>
ST_1 : Operation 50 [2/2] (3.25ns)   --->   "%Vbuf_3_load = load i6 %Vbuf_3_addr" [flash_attention.cpp:162]   --->   Operation 50 'load' 'Vbuf_3_load' <Predicate = (!tmp & icmp_ln162_3)> <Delay = 3.25> <CoreInst = "RAM">   --->   Core 82 'RAM' <Latency = 1> <II = 1> <Delay = 3.25> <Storage> <Opcode : 'load' 'store'> <Ports = 2> <Width = 32> <Depth = 64> <RAM>
ST_1 : Operation 51 [1/1] (1.82ns)   --->   "%add_ln160 = add i6 %x_2, i6 4" [flash_attention.cpp:160]   --->   Operation 51 'add' 'add_ln160' <Predicate = (!tmp)> <Delay = 1.82> <CoreInst = "Adder">   --->   Core 1 'Adder' <Latency = 0> <II = 1> <Delay = 1.82> <FuncUnit> <Opcode : 'add' 'sub'> <InPorts = 2> <OutPorts = 1>
ST_1 : Operation 52 [1/1] (1.58ns)   --->   "%store_ln160 = store i6 %add_ln160, i6 %x" [flash_attention.cpp:160]   --->   Operation 52 'store' 'store_ln160' <Predicate = (!tmp)> <Delay = 1.58>
ST_1 : Operation 53 [1/1] (0.00ns)   --->   "%br_ln160 = br void %for.body195" [flash_attention.cpp:160]   --->   Operation 53 'br' 'br_ln160' <Predicate = (!tmp)> <Delay = 0.00>

State 2 <SV = 1> <Delay = 3.25>
ST_2 : Operation 54 [1/2] (3.25ns)   --->   "%Vbuf_load = load i6 %Vbuf_addr" [flash_attention.cpp:162]   --->   Operation 54 'load' 'Vbuf_load' <Predicate = (icmp_ln162)> <Delay = 3.25> <CoreInst = "RAM">   --->   Core 82 'RAM' <Latency = 1> <II = 1> <Delay = 3.25> <Storage> <Opcode : 'load' 'store'> <Ports = 2> <Width = 32> <Depth = 64> <RAM>
ST_2 : Operation 55 [1/2] (3.25ns)   --->   "%Vbuf_1_load = load i6 %Vbuf_1_addr" [flash_attention.cpp:162]   --->   Operation 55 'load' 'Vbuf_1_load' <Predicate = (icmp_ln162_1)> <Delay = 3.25> <CoreInst = "RAM">   --->   Core 82 'RAM' <Latency = 1> <II = 1> <Delay = 3.25> <Storage> <Opcode : 'load' 'store'> <Ports = 2> <Width = 32> <Depth = 64> <RAM>
ST_2 : Operation 56 [1/2] (3.25ns)   --->   "%Vbuf_2_load = load i6 %Vbuf_2_addr" [flash_attention.cpp:162]   --->   Operation 56 'load' 'Vbuf_2_load' <Predicate = (icmp_ln162_2)> <Delay = 3.25> <CoreInst = "RAM">   --->   Core 82 'RAM' <Latency = 1> <II = 1> <Delay = 3.25> <Storage> <Opcode : 'load' 'store'> <Ports = 2> <Width = 32> <Depth = 64> <RAM>
ST_2 : Operation 57 [1/2] (3.25ns)   --->   "%Vbuf_3_load = load i6 %Vbuf_3_addr" [flash_attention.cpp:162]   --->   Operation 57 'load' 'Vbuf_3_load' <Predicate = (icmp_ln162_3)> <Delay = 3.25> <CoreInst = "RAM">   --->   Core 82 'RAM' <Latency = 1> <II = 1> <Delay = 3.25> <Storage> <Opcode : 'load' 'store'> <Ports = 2> <Width = 32> <Depth = 64> <RAM>

State 3 <SV = 2> <Delay = 5.70>
ST_3 : Operation 58 [4/4] (5.70ns)   --->   "%mul2 = fmul i32 %e_read, i32 %Vbuf_load" [flash_attention.cpp:162]   --->   Operation 58 'fmul' 'mul2' <Predicate = (icmp_ln162)> <Delay = 5.70> <CoreInst = "FMul_maxdsp">   --->   Core 30 'FMul_maxdsp' <Latency = 3> <II = 1> <Delay = 5.70> <FuncUnit> <Opcode : 'fmul'> <InPorts = 2> <OutPorts = 1>
ST_3 : Operation 59 [4/4] (5.70ns)   --->   "%mul202_1 = fmul i32 %e_read, i32 %Vbuf_1_load" [flash_attention.cpp:162]   --->   Operation 59 'fmul' 'mul202_1' <Predicate = (icmp_ln162_1)> <Delay = 5.70> <CoreInst = "FMul_maxdsp">   --->   Core 30 'FMul_maxdsp' <Latency = 3> <II = 1> <Delay = 5.70> <FuncUnit> <Opcode : 'fmul'> <InPorts = 2> <OutPorts = 1>
ST_3 : Operation 60 [4/4] (5.70ns)   --->   "%mul202_2 = fmul i32 %e_read, i32 %Vbuf_2_load" [flash_attention.cpp:162]   --->   Operation 60 'fmul' 'mul202_2' <Predicate = (icmp_ln162_2)> <Delay = 5.70> <CoreInst = "FMul_maxdsp">   --->   Core 30 'FMul_maxdsp' <Latency = 3> <II = 1> <Delay = 5.70> <FuncUnit> <Opcode : 'fmul'> <InPorts = 2> <OutPorts = 1>
ST_3 : Operation 61 [4/4] (5.70ns)   --->   "%mul202_3 = fmul i32 %e_read, i32 %Vbuf_3_load" [flash_attention.cpp:162]   --->   Operation 61 'fmul' 'mul202_3' <Predicate = (icmp_ln162_3)> <Delay = 5.70> <CoreInst = "FMul_maxdsp">   --->   Core 30 'FMul_maxdsp' <Latency = 3> <II = 1> <Delay = 5.70> <FuncUnit> <Opcode : 'fmul'> <InPorts = 2> <OutPorts = 1>

State 4 <SV = 3> <Delay = 5.70>
ST_4 : Operation 62 [3/4] (5.70ns)   --->   "%mul2 = fmul i32 %e_read, i32 %Vbuf_load" [flash_attention.cpp:162]   --->   Operation 62 'fmul' 'mul2' <Predicate = (icmp_ln162)> <Delay = 5.70> <CoreInst = "FMul_maxdsp">   --->   Core 30 'FMul_maxdsp' <Latency = 3> <II = 1> <Delay = 5.70> <FuncUnit> <Opcode : 'fmul'> <InPorts = 2> <OutPorts = 1>
ST_4 : Operation 63 [3/4] (5.70ns)   --->   "%mul202_1 = fmul i32 %e_read, i32 %Vbuf_1_load" [flash_attention.cpp:162]   --->   Operation 63 'fmul' 'mul202_1' <Predicate = (icmp_ln162_1)> <Delay = 5.70> <CoreInst = "FMul_maxdsp">   --->   Core 30 'FMul_maxdsp' <Latency = 3> <II = 1> <Delay = 5.70> <FuncUnit> <Opcode : 'fmul'> <InPorts = 2> <OutPorts = 1>
ST_4 : Operation 64 [3/4] (5.70ns)   --->   "%mul202_2 = fmul i32 %e_read, i32 %Vbuf_2_load" [flash_attention.cpp:162]   --->   Operation 64 'fmul' 'mul202_2' <Predicate = (icmp_ln162_2)> <Delay = 5.70> <CoreInst = "FMul_maxdsp">   --->   Core 30 'FMul_maxdsp' <Latency = 3> <II = 1> <Delay = 5.70> <FuncUnit> <Opcode : 'fmul'> <InPorts = 2> <OutPorts = 1>
ST_4 : Operation 65 [3/4] (5.70ns)   --->   "%mul202_3 = fmul i32 %e_read, i32 %Vbuf_3_load" [flash_attention.cpp:162]   --->   Operation 65 'fmul' 'mul202_3' <Predicate = (icmp_ln162_3)> <Delay = 5.70> <CoreInst = "FMul_maxdsp">   --->   Core 30 'FMul_maxdsp' <Latency = 3> <II = 1> <Delay = 5.70> <FuncUnit> <Opcode : 'fmul'> <InPorts = 2> <OutPorts = 1>

State 5 <SV = 4> <Delay = 5.70>
ST_5 : Operation 66 [1/1] (0.00ns)   --->   "%specpipeline_ln160 = specpipeline void @_ssdm_op_SpecPipeline, i32 4294967295, i32 0, i32 0, i32 0, void @empty_22" [flash_attention.cpp:160]   --->   Operation 66 'specpipeline' 'specpipeline_ln160' <Predicate = true> <Delay = 0.00>
ST_5 : Operation 67 [1/1] (0.00ns)   --->   "%speclooptripcount_ln160 = speclooptripcount void @_ssdm_op_SpecLoopTripCount, i64 8, i64 8, i64 8" [flash_attention.cpp:160]   --->   Operation 67 'speclooptripcount' 'speclooptripcount_ln160' <Predicate = true> <Delay = 0.00>
ST_5 : Operation 68 [1/1] (0.00ns)   --->   "%specloopname_ln160 = specloopname void @_ssdm_op_SpecLoopName, void @empty_13" [flash_attention.cpp:160]   --->   Operation 68 'specloopname' 'specloopname_ln160' <Predicate = true> <Delay = 0.00>
ST_5 : Operation 69 [1/1] (0.00ns)   --->   "%zext_ln160_2 = zext i3 %lshr_ln4" [flash_attention.cpp:160]   --->   Operation 69 'zext' 'zext_ln160_2' <Predicate = true> <Delay = 0.00>
ST_5 : Operation 70 [2/4] (5.70ns)   --->   "%mul2 = fmul i32 %e_read, i32 %Vbuf_load" [flash_attention.cpp:162]   --->   Operation 70 'fmul' 'mul2' <Predicate = (icmp_ln162)> <Delay = 5.70> <CoreInst = "FMul_maxdsp">   --->   Core 30 'FMul_maxdsp' <Latency = 3> <II = 1> <Delay = 5.70> <FuncUnit> <Opcode : 'fmul'> <InPorts = 2> <OutPorts = 1>
ST_5 : Operation 71 [1/1] (0.00ns)   --->   "%weighted_addr = getelementptr i32 %weighted, i64 0, i64 %zext_ln160_2" [flash_attention.cpp:162]   --->   Operation 71 'getelementptr' 'weighted_addr' <Predicate = (icmp_ln162)> <Delay = 0.00>
ST_5 : Operation 72 [2/2] (2.32ns)   --->   "%weighted_load = load i3 %weighted_addr" [flash_attention.cpp:162]   --->   Operation 72 'load' 'weighted_load' <Predicate = (icmp_ln162)> <Delay = 2.32> <CoreInst = "RAM">   --->   Core 82 'RAM' <Latency = 1> <II = 1> <Delay = 2.32> <Storage> <Opcode : 'load' 'store'> <Ports = 2> <Width = 32> <Depth = 8> <RAM>
ST_5 : Operation 73 [2/4] (5.70ns)   --->   "%mul202_1 = fmul i32 %e_read, i32 %Vbuf_1_load" [flash_attention.cpp:162]   --->   Operation 73 'fmul' 'mul202_1' <Predicate = (icmp_ln162_1)> <Delay = 5.70> <CoreInst = "FMul_maxdsp">   --->   Core 30 'FMul_maxdsp' <Latency = 3> <II = 1> <Delay = 5.70> <FuncUnit> <Opcode : 'fmul'> <InPorts = 2> <OutPorts = 1>
ST_5 : Operation 74 [1/1] (0.00ns)   --->   "%weighted_1_addr = getelementptr i32 %weighted_1, i64 0, i64 %zext_ln160_2" [flash_attention.cpp:162]   --->   Operation 74 'getelementptr' 'weighted_1_addr' <Predicate = (icmp_ln162_1)> <Delay = 0.00>
ST_5 : Operation 75 [2/2] (2.32ns)   --->   "%weighted_1_load = load i3 %weighted_1_addr" [flash_attention.cpp:162]   --->   Operation 75 'load' 'weighted_1_load' <Predicate = (icmp_ln162_1)> <Delay = 2.32> <CoreInst = "RAM">   --->   Core 82 'RAM' <Latency = 1> <II = 1> <Delay = 2.32> <Storage> <Opcode : 'load' 'store'> <Ports = 2> <Width = 32> <Depth = 8> <RAM>
ST_5 : Operation 76 [2/4] (5.70ns)   --->   "%mul202_2 = fmul i32 %e_read, i32 %Vbuf_2_load" [flash_attention.cpp:162]   --->   Operation 76 'fmul' 'mul202_2' <Predicate = (icmp_ln162_2)> <Delay = 5.70> <CoreInst = "FMul_maxdsp">   --->   Core 30 'FMul_maxdsp' <Latency = 3> <II = 1> <Delay = 5.70> <FuncUnit> <Opcode : 'fmul'> <InPorts = 2> <OutPorts = 1>
ST_5 : Operation 77 [1/1] (0.00ns)   --->   "%weighted_2_addr = getelementptr i32 %weighted_2, i64 0, i64 %zext_ln160_2" [flash_attention.cpp:162]   --->   Operation 77 'getelementptr' 'weighted_2_addr' <Predicate = (icmp_ln162_2)> <Delay = 0.00>
ST_5 : Operation 78 [2/2] (2.32ns)   --->   "%weighted_2_load = load i3 %weighted_2_addr" [flash_attention.cpp:162]   --->   Operation 78 'load' 'weighted_2_load' <Predicate = (icmp_ln162_2)> <Delay = 2.32> <CoreInst = "RAM">   --->   Core 82 'RAM' <Latency = 1> <II = 1> <Delay = 2.32> <Storage> <Opcode : 'load' 'store'> <Ports = 2> <Width = 32> <Depth = 8> <RAM>
ST_5 : Operation 79 [2/4] (5.70ns)   --->   "%mul202_3 = fmul i32 %e_read, i32 %Vbuf_3_load" [flash_attention.cpp:162]   --->   Operation 79 'fmul' 'mul202_3' <Predicate = (icmp_ln162_3)> <Delay = 5.70> <CoreInst = "FMul_maxdsp">   --->   Core 30 'FMul_maxdsp' <Latency = 3> <II = 1> <Delay = 5.70> <FuncUnit> <Opcode : 'fmul'> <InPorts = 2> <OutPorts = 1>
ST_5 : Operation 80 [1/1] (0.00ns)   --->   "%weighted_3_addr = getelementptr i32 %weighted_3, i64 0, i64 %zext_ln160_2" [flash_attention.cpp:162]   --->   Operation 80 'getelementptr' 'weighted_3_addr' <Predicate = (icmp_ln162_3)> <Delay = 0.00>
ST_5 : Operation 81 [2/2] (2.32ns)   --->   "%weighted_3_load = load i3 %weighted_3_addr" [flash_attention.cpp:162]   --->   Operation 81 'load' 'weighted_3_load' <Predicate = (icmp_ln162_3)> <Delay = 2.32> <CoreInst = "RAM">   --->   Core 82 'RAM' <Latency = 1> <II = 1> <Delay = 2.32> <Storage> <Opcode : 'load' 'store'> <Ports = 2> <Width = 32> <Depth = 8> <RAM>

State 6 <SV = 5> <Delay = 5.70>
ST_6 : Operation 82 [1/4] (5.70ns)   --->   "%mul2 = fmul i32 %e_read, i32 %Vbuf_load" [flash_attention.cpp:162]   --->   Operation 82 'fmul' 'mul2' <Predicate = (icmp_ln162)> <Delay = 5.70> <CoreInst = "FMul_maxdsp">   --->   Core 30 'FMul_maxdsp' <Latency = 3> <II = 1> <Delay = 5.70> <FuncUnit> <Opcode : 'fmul'> <InPorts = 2> <OutPorts = 1>
ST_6 : Operation 83 [1/2] (2.32ns)   --->   "%weighted_load = load i3 %weighted_addr" [flash_attention.cpp:162]   --->   Operation 83 'load' 'weighted_load' <Predicate = (icmp_ln162)> <Delay = 2.32> <CoreInst = "RAM">   --->   Core 82 'RAM' <Latency = 1> <II = 1> <Delay = 2.32> <Storage> <Opcode : 'load' 'store'> <Ports = 2> <Width = 32> <Depth = 8> <RAM>
ST_6 : Operation 84 [1/4] (5.70ns)   --->   "%mul202_1 = fmul i32 %e_read, i32 %Vbuf_1_load" [flash_attention.cpp:162]   --->   Operation 84 'fmul' 'mul202_1' <Predicate = (icmp_ln162_1)> <Delay = 5.70> <CoreInst = "FMul_maxdsp">   --->   Core 30 'FMul_maxdsp' <Latency = 3> <II = 1> <Delay = 5.70> <FuncUnit> <Opcode : 'fmul'> <InPorts = 2> <OutPorts = 1>
ST_6 : Operation 85 [1/2] (2.32ns)   --->   "%weighted_1_load = load i3 %weighted_1_addr" [flash_attention.cpp:162]   --->   Operation 85 'load' 'weighted_1_load' <Predicate = (icmp_ln162_1)> <Delay = 2.32> <CoreInst = "RAM">   --->   Core 82 'RAM' <Latency = 1> <II = 1> <Delay = 2.32> <Storage> <Opcode : 'load' 'store'> <Ports = 2> <Width = 32> <Depth = 8> <RAM>
ST_6 : Operation 86 [1/4] (5.70ns)   --->   "%mul202_2 = fmul i32 %e_read, i32 %Vbuf_2_load" [flash_attention.cpp:162]   --->   Operation 86 'fmul' 'mul202_2' <Predicate = (icmp_ln162_2)> <Delay = 5.70> <CoreInst = "FMul_maxdsp">   --->   Core 30 'FMul_maxdsp' <Latency = 3> <II = 1> <Delay = 5.70> <FuncUnit> <Opcode : 'fmul'> <InPorts = 2> <OutPorts = 1>
ST_6 : Operation 87 [1/2] (2.32ns)   --->   "%weighted_2_load = load i3 %weighted_2_addr" [flash_attention.cpp:162]   --->   Operation 87 'load' 'weighted_2_load' <Predicate = (icmp_ln162_2)> <Delay = 2.32> <CoreInst = "RAM">   --->   Core 82 'RAM' <Latency = 1> <II = 1> <Delay = 2.32> <Storage> <Opcode : 'load' 'store'> <Ports = 2> <Width = 32> <Depth = 8> <RAM>
ST_6 : Operation 88 [1/4] (5.70ns)   --->   "%mul202_3 = fmul i32 %e_read, i32 %Vbuf_3_load" [flash_attention.cpp:162]   --->   Operation 88 'fmul' 'mul202_3' <Predicate = (icmp_ln162_3)> <Delay = 5.70> <CoreInst = "FMul_maxdsp">   --->   Core 30 'FMul_maxdsp' <Latency = 3> <II = 1> <Delay = 5.70> <FuncUnit> <Opcode : 'fmul'> <InPorts = 2> <OutPorts = 1>
ST_6 : Operation 89 [1/2] (2.32ns)   --->   "%weighted_3_load = load i3 %weighted_3_addr" [flash_attention.cpp:162]   --->   Operation 89 'load' 'weighted_3_load' <Predicate = (icmp_ln162_3)> <Delay = 2.32> <CoreInst = "RAM">   --->   Core 82 'RAM' <Latency = 1> <II = 1> <Delay = 2.32> <Storage> <Opcode : 'load' 'store'> <Ports = 2> <Width = 32> <Depth = 8> <RAM>

State 7 <SV = 6> <Delay = 7.25>
ST_7 : Operation 90 [5/5] (7.25ns)   --->   "%add = fadd i32 %weighted_load, i32 %mul2" [flash_attention.cpp:162]   --->   Operation 90 'fadd' 'add' <Predicate = (icmp_ln162)> <Delay = 7.25> <CoreInst = "FAddSub_fulldsp">   --->   Core 18 'FAddSub_fulldsp' <Latency = 4> <II = 1> <Delay = 7.25> <FuncUnit> <Opcode : 'fadd' 'fsub'> <InPorts = 2> <OutPorts = 1>
ST_7 : Operation 91 [5/5] (7.25ns)   --->   "%add205_1 = fadd i32 %weighted_1_load, i32 %mul202_1" [flash_attention.cpp:162]   --->   Operation 91 'fadd' 'add205_1' <Predicate = (icmp_ln162_1)> <Delay = 7.25> <CoreInst = "FAddSub_fulldsp">   --->   Core 18 'FAddSub_fulldsp' <Latency = 4> <II = 1> <Delay = 7.25> <FuncUnit> <Opcode : 'fadd' 'fsub'> <InPorts = 2> <OutPorts = 1>
ST_7 : Operation 92 [5/5] (7.25ns)   --->   "%add205_2 = fadd i32 %weighted_2_load, i32 %mul202_2" [flash_attention.cpp:162]   --->   Operation 92 'fadd' 'add205_2' <Predicate = (icmp_ln162_2)> <Delay = 7.25> <CoreInst = "FAddSub_fulldsp">   --->   Core 18 'FAddSub_fulldsp' <Latency = 4> <II = 1> <Delay = 7.25> <FuncUnit> <Opcode : 'fadd' 'fsub'> <InPorts = 2> <OutPorts = 1>
ST_7 : Operation 93 [5/5] (7.25ns)   --->   "%add205_3 = fadd i32 %weighted_3_load, i32 %mul202_3" [flash_attention.cpp:162]   --->   Operation 93 'fadd' 'add205_3' <Predicate = (icmp_ln162_3)> <Delay = 7.25> <CoreInst = "FAddSub_fulldsp">   --->   Core 18 'FAddSub_fulldsp' <Latency = 4> <II = 1> <Delay = 7.25> <FuncUnit> <Opcode : 'fadd' 'fsub'> <InPorts = 2> <OutPorts = 1>

State 8 <SV = 7> <Delay = 7.25>
ST_8 : Operation 94 [4/5] (7.25ns)   --->   "%add = fadd i32 %weighted_load, i32 %mul2" [flash_attention.cpp:162]   --->   Operation 94 'fadd' 'add' <Predicate = (icmp_ln162)> <Delay = 7.25> <CoreInst = "FAddSub_fulldsp">   --->   Core 18 'FAddSub_fulldsp' <Latency = 4> <II = 1> <Delay = 7.25> <FuncUnit> <Opcode : 'fadd' 'fsub'> <InPorts = 2> <OutPorts = 1>
ST_8 : Operation 95 [4/5] (7.25ns)   --->   "%add205_1 = fadd i32 %weighted_1_load, i32 %mul202_1" [flash_attention.cpp:162]   --->   Operation 95 'fadd' 'add205_1' <Predicate = (icmp_ln162_1)> <Delay = 7.25> <CoreInst = "FAddSub_fulldsp">   --->   Core 18 'FAddSub_fulldsp' <Latency = 4> <II = 1> <Delay = 7.25> <FuncUnit> <Opcode : 'fadd' 'fsub'> <InPorts = 2> <OutPorts = 1>
ST_8 : Operation 96 [4/5] (7.25ns)   --->   "%add205_2 = fadd i32 %weighted_2_load, i32 %mul202_2" [flash_attention.cpp:162]   --->   Operation 96 'fadd' 'add205_2' <Predicate = (icmp_ln162_2)> <Delay = 7.25> <CoreInst = "FAddSub_fulldsp">   --->   Core 18 'FAddSub_fulldsp' <Latency = 4> <II = 1> <Delay = 7.25> <FuncUnit> <Opcode : 'fadd' 'fsub'> <InPorts = 2> <OutPorts = 1>
ST_8 : Operation 97 [4/5] (7.25ns)   --->   "%add205_3 = fadd i32 %weighted_3_load, i32 %mul202_3" [flash_attention.cpp:162]   --->   Operation 97 'fadd' 'add205_3' <Predicate = (icmp_ln162_3)> <Delay = 7.25> <CoreInst = "FAddSub_fulldsp">   --->   Core 18 'FAddSub_fulldsp' <Latency = 4> <II = 1> <Delay = 7.25> <FuncUnit> <Opcode : 'fadd' 'fsub'> <InPorts = 2> <OutPorts = 1>

State 9 <SV = 8> <Delay = 7.25>
ST_9 : Operation 98 [3/5] (7.25ns)   --->   "%add = fadd i32 %weighted_load, i32 %mul2" [flash_attention.cpp:162]   --->   Operation 98 'fadd' 'add' <Predicate = (icmp_ln162)> <Delay = 7.25> <CoreInst = "FAddSub_fulldsp">   --->   Core 18 'FAddSub_fulldsp' <Latency = 4> <II = 1> <Delay = 7.25> <FuncUnit> <Opcode : 'fadd' 'fsub'> <InPorts = 2> <OutPorts = 1>
ST_9 : Operation 99 [3/5] (7.25ns)   --->   "%add205_1 = fadd i32 %weighted_1_load, i32 %mul202_1" [flash_attention.cpp:162]   --->   Operation 99 'fadd' 'add205_1' <Predicate = (icmp_ln162_1)> <Delay = 7.25> <CoreInst = "FAddSub_fulldsp">   --->   Core 18 'FAddSub_fulldsp' <Latency = 4> <II = 1> <Delay = 7.25> <FuncUnit> <Opcode : 'fadd' 'fsub'> <InPorts = 2> <OutPorts = 1>
ST_9 : Operation 100 [3/5] (7.25ns)   --->   "%add205_2 = fadd i32 %weighted_2_load, i32 %mul202_2" [flash_attention.cpp:162]   --->   Operation 100 'fadd' 'add205_2' <Predicate = (icmp_ln162_2)> <Delay = 7.25> <CoreInst = "FAddSub_fulldsp">   --->   Core 18 'FAddSub_fulldsp' <Latency = 4> <II = 1> <Delay = 7.25> <FuncUnit> <Opcode : 'fadd' 'fsub'> <InPorts = 2> <OutPorts = 1>
ST_9 : Operation 101 [3/5] (7.25ns)   --->   "%add205_3 = fadd i32 %weighted_3_load, i32 %mul202_3" [flash_attention.cpp:162]   --->   Operation 101 'fadd' 'add205_3' <Predicate = (icmp_ln162_3)> <Delay = 7.25> <CoreInst = "FAddSub_fulldsp">   --->   Core 18 'FAddSub_fulldsp' <Latency = 4> <II = 1> <Delay = 7.25> <FuncUnit> <Opcode : 'fadd' 'fsub'> <InPorts = 2> <OutPorts = 1>

State 10 <SV = 9> <Delay = 7.25>
ST_10 : Operation 102 [2/5] (7.25ns)   --->   "%add = fadd i32 %weighted_load, i32 %mul2" [flash_attention.cpp:162]   --->   Operation 102 'fadd' 'add' <Predicate = (icmp_ln162)> <Delay = 7.25> <CoreInst = "FAddSub_fulldsp">   --->   Core 18 'FAddSub_fulldsp' <Latency = 4> <II = 1> <Delay = 7.25> <FuncUnit> <Opcode : 'fadd' 'fsub'> <InPorts = 2> <OutPorts = 1>
ST_10 : Operation 103 [2/5] (7.25ns)   --->   "%add205_1 = fadd i32 %weighted_1_load, i32 %mul202_1" [flash_attention.cpp:162]   --->   Operation 103 'fadd' 'add205_1' <Predicate = (icmp_ln162_1)> <Delay = 7.25> <CoreInst = "FAddSub_fulldsp">   --->   Core 18 'FAddSub_fulldsp' <Latency = 4> <II = 1> <Delay = 7.25> <FuncUnit> <Opcode : 'fadd' 'fsub'> <InPorts = 2> <OutPorts = 1>
ST_10 : Operation 104 [2/5] (7.25ns)   --->   "%add205_2 = fadd i32 %weighted_2_load, i32 %mul202_2" [flash_attention.cpp:162]   --->   Operation 104 'fadd' 'add205_2' <Predicate = (icmp_ln162_2)> <Delay = 7.25> <CoreInst = "FAddSub_fulldsp">   --->   Core 18 'FAddSub_fulldsp' <Latency = 4> <II = 1> <Delay = 7.25> <FuncUnit> <Opcode : 'fadd' 'fsub'> <InPorts = 2> <OutPorts = 1>
ST_10 : Operation 105 [2/5] (7.25ns)   --->   "%add205_3 = fadd i32 %weighted_3_load, i32 %mul202_3" [flash_attention.cpp:162]   --->   Operation 105 'fadd' 'add205_3' <Predicate = (icmp_ln162_3)> <Delay = 7.25> <CoreInst = "FAddSub_fulldsp">   --->   Core 18 'FAddSub_fulldsp' <Latency = 4> <II = 1> <Delay = 7.25> <FuncUnit> <Opcode : 'fadd' 'fsub'> <InPorts = 2> <OutPorts = 1>

State 11 <SV = 10> <Delay = 7.25>
ST_11 : Operation 106 [1/5] (7.25ns)   --->   "%add = fadd i32 %weighted_load, i32 %mul2" [flash_attention.cpp:162]   --->   Operation 106 'fadd' 'add' <Predicate = (icmp_ln162)> <Delay = 7.25> <CoreInst = "FAddSub_fulldsp">   --->   Core 18 'FAddSub_fulldsp' <Latency = 4> <II = 1> <Delay = 7.25> <FuncUnit> <Opcode : 'fadd' 'fsub'> <InPorts = 2> <OutPorts = 1>
ST_11 : Operation 107 [1/5] (7.25ns)   --->   "%add205_1 = fadd i32 %weighted_1_load, i32 %mul202_1" [flash_attention.cpp:162]   --->   Operation 107 'fadd' 'add205_1' <Predicate = (icmp_ln162_1)> <Delay = 7.25> <CoreInst = "FAddSub_fulldsp">   --->   Core 18 'FAddSub_fulldsp' <Latency = 4> <II = 1> <Delay = 7.25> <FuncUnit> <Opcode : 'fadd' 'fsub'> <InPorts = 2> <OutPorts = 1>
ST_11 : Operation 108 [1/5] (7.25ns)   --->   "%add205_2 = fadd i32 %weighted_2_load, i32 %mul202_2" [flash_attention.cpp:162]   --->   Operation 108 'fadd' 'add205_2' <Predicate = (icmp_ln162_2)> <Delay = 7.25> <CoreInst = "FAddSub_fulldsp">   --->   Core 18 'FAddSub_fulldsp' <Latency = 4> <II = 1> <Delay = 7.25> <FuncUnit> <Opcode : 'fadd' 'fsub'> <InPorts = 2> <OutPorts = 1>
ST_11 : Operation 109 [1/5] (7.25ns)   --->   "%add205_3 = fadd i32 %weighted_3_load, i32 %mul202_3" [flash_attention.cpp:162]   --->   Operation 109 'fadd' 'add205_3' <Predicate = (icmp_ln162_3)> <Delay = 7.25> <CoreInst = "FAddSub_fulldsp">   --->   Core 18 'FAddSub_fulldsp' <Latency = 4> <II = 1> <Delay = 7.25> <FuncUnit> <Opcode : 'fadd' 'fsub'> <InPorts = 2> <OutPorts = 1>
ST_11 : Operation 118 [1/1] (0.00ns)   --->   "%ret_ln0 = ret"   --->   Operation 118 'ret' 'ret_ln0' <Predicate = (tmp)> <Delay = 0.00>

State 12 <SV = 11> <Delay = 2.32>
ST_12 : Operation 110 [1/1] (2.32ns)   --->   "%store_ln162 = store i32 %add, i3 %weighted_addr" [flash_attention.cpp:162]   --->   Operation 110 'store' 'store_ln162' <Predicate = (icmp_ln162)> <Delay = 2.32> <CoreInst = "RAM">   --->   Core 82 'RAM' <Latency = 1> <II = 1> <Delay = 2.32> <Storage> <Opcode : 'load' 'store'> <Ports = 2> <Width = 32> <Depth = 8> <RAM>
ST_12 : Operation 111 [1/1] (0.00ns)   --->   "%br_ln162 = br void %for.inc207" [flash_attention.cpp:162]   --->   Operation 111 'br' 'br_ln162' <Predicate = (icmp_ln162)> <Delay = 0.00>
ST_12 : Operation 112 [1/1] (2.32ns)   --->   "%store_ln162 = store i32 %add205_1, i3 %weighted_1_addr" [flash_attention.cpp:162]   --->   Operation 112 'store' 'store_ln162' <Predicate = (icmp_ln162_1)> <Delay = 2.32> <CoreInst = "RAM">   --->   Core 82 'RAM' <Latency = 1> <II = 1> <Delay = 2.32> <Storage> <Opcode : 'load' 'store'> <Ports = 2> <Width = 32> <Depth = 8> <RAM>
ST_12 : Operation 113 [1/1] (0.00ns)   --->   "%br_ln162 = br void %for.inc207.1" [flash_attention.cpp:162]   --->   Operation 113 'br' 'br_ln162' <Predicate = (icmp_ln162_1)> <Delay = 0.00>
ST_12 : Operation 114 [1/1] (2.32ns)   --->   "%store_ln162 = store i32 %add205_2, i3 %weighted_2_addr" [flash_attention.cpp:162]   --->   Operation 114 'store' 'store_ln162' <Predicate = (icmp_ln162_2)> <Delay = 2.32> <CoreInst = "RAM">   --->   Core 82 'RAM' <Latency = 1> <II = 1> <Delay = 2.32> <Storage> <Opcode : 'load' 'store'> <Ports = 2> <Width = 32> <Depth = 8> <RAM>
ST_12 : Operation 115 [1/1] (0.00ns)   --->   "%br_ln162 = br void %for.inc207.2" [flash_attention.cpp:162]   --->   Operation 115 'br' 'br_ln162' <Predicate = (icmp_ln162_2)> <Delay = 0.00>
ST_12 : Operation 116 [1/1] (2.32ns)   --->   "%store_ln162 = store i32 %add205_3, i3 %weighted_3_addr" [flash_attention.cpp:162]   --->   Operation 116 'store' 'store_ln162' <Predicate = (icmp_ln162_3)> <Delay = 2.32> <CoreInst = "RAM">   --->   Core 82 'RAM' <Latency = 1> <II = 1> <Delay = 2.32> <Storage> <Opcode : 'load' 'store'> <Ports = 2> <Width = 32> <Depth = 8> <RAM>
ST_12 : Operation 117 [1/1] (0.00ns)   --->   "%br_ln162 = br void %for.inc207.3" [flash_attention.cpp:162]   --->   Operation 117 'br' 'br_ln162' <Predicate = (icmp_ln162_3)> <Delay = 0.00>


============================================================
+ Verbose Summary: Binding
============================================================
STG Binding: 
---------------- STG Properties BEGIN ----------------
- Is combinational: 0
- Is one-state seq: 0
- Is datapath-only: 0
- Is pipelined: 0
- Is top level: 0
Port [ Return ] is wired: 1; IO mode=ap_ctrl_hs:ce=0
Port [ d]:  wired=1; compound=0; hidden=0; nouse=0; global=0; static=0; extern=0; dir=0; type=0; pingpong=0; private_global=0; IO mode=ap_none:ce=0
Port [ j_3]:  wired=1; compound=0; hidden=0; nouse=0; global=0; static=0; extern=0; dir=0; type=0; pingpong=0; private_global=0; IO mode=ap_none:ce=0
Port [ Vbuf]:  wired=1; compound=1; hidden=0; nouse=0; global=0; static=0; extern=0; dir=0; type=1; pingpong=0; private_global=0; MemPort=[13]; IO mode=ap_memory:ce=0
Port [ Vbuf_1]:  wired=1; compound=1; hidden=0; nouse=0; global=0; static=0; extern=0; dir=0; type=1; pingpong=0; private_global=0; MemPort=[13]; IO mode=ap_memory:ce=0
Port [ Vbuf_2]:  wired=1; compound=1; hidden=0; nouse=0; global=0; static=0; extern=0; dir=0; type=1; pingpong=0; private_global=0; MemPort=[13]; IO mode=ap_memory:ce=0
Port [ Vbuf_3]:  wired=1; compound=1; hidden=0; nouse=0; global=0; static=0; extern=0; dir=0; type=1; pingpong=0; private_global=0; MemPort=[13]; IO mode=ap_memory:ce=0
Port [ weighted_3]:  wired=1; compound=1; hidden=0; nouse=0; global=0; static=0; extern=0; dir=2; type=1; pingpong=0; private_global=0; MemPort=[01]; IO mode=ap_memory:ce=0
Port [ weighted_2]:  wired=1; compound=1; hidden=0; nouse=0; global=0; static=0; extern=0; dir=2; type=1; pingpong=0; private_global=0; MemPort=[01]; IO mode=ap_memory:ce=0
Port [ weighted_1]:  wired=1; compound=1; hidden=0; nouse=0; global=0; static=0; extern=0; dir=2; type=1; pingpong=0; private_global=0; MemPort=[01]; IO mode=ap_memory:ce=0
Port [ weighted]:  wired=1; compound=1; hidden=0; nouse=0; global=0; static=0; extern=0; dir=2; type=1; pingpong=0; private_global=0; MemPort=[01]; IO mode=ap_memory:ce=0
Port [ e]:  wired=1; compound=0; hidden=0; nouse=0; global=0; static=0; extern=0; dir=0; type=0; pingpong=0; private_global=0; IO mode=ap_none:ce=0
---------------- STG Properties END ------------------

---------------- Datapath Model BEGIN ----------------

<LifeTime>
<method=bitvector/>
x                       (alloca           ) [ 0100000000000]
e_read                  (read             ) [ 0111111000000]
j_3_read                (read             ) [ 0000000000000]
d_read                  (read             ) [ 0000000000000]
store_ln160             (store            ) [ 0000000000000]
br_ln0                  (br               ) [ 0000000000000]
x_2                     (load             ) [ 0000000000000]
tmp                     (bitselect        ) [ 0111111111110]
br_ln160                (br               ) [ 0000000000000]
trunc_ln160             (trunc            ) [ 0000000000000]
zext_ln160              (zext             ) [ 0000000000000]
or_ln160                (or               ) [ 0000000000000]
zext_ln160_1            (zext             ) [ 0000000000000]
lshr_ln4                (partselect       ) [ 0111110000000]
tmp_s                   (bitconcatenate   ) [ 0000000000000]
zext_ln162_2            (zext             ) [ 0000000000000]
Vbuf_addr               (getelementptr    ) [ 0110000000000]
Vbuf_1_addr             (getelementptr    ) [ 0110000000000]
Vbuf_2_addr             (getelementptr    ) [ 0110000000000]
Vbuf_3_addr             (getelementptr    ) [ 0110000000000]
icmp_ln162              (icmp             ) [ 0111111111111]
br_ln162                (br               ) [ 0000000000000]
icmp_ln162_1            (icmp             ) [ 0111111111111]
br_ln162                (br               ) [ 0000000000000]
or_ln160_1              (or               ) [ 0000000000000]
zext_ln162              (zext             ) [ 0000000000000]
icmp_ln162_2            (icmp             ) [ 0111111111111]
br_ln162                (br               ) [ 0000000000000]
or_ln160_2              (or               ) [ 0000000000000]
zext_ln162_1            (zext             ) [ 0000000000000]
icmp_ln162_3            (icmp             ) [ 0111111111111]
br_ln162                (br               ) [ 0000000000000]
add_ln160               (add              ) [ 0000000000000]
store_ln160             (store            ) [ 0000000000000]
br_ln160                (br               ) [ 0000000000000]
Vbuf_load               (load             ) [ 0101111000000]
Vbuf_1_load             (load             ) [ 0101111000000]
Vbuf_2_load             (load             ) [ 0101111000000]
Vbuf_3_load             (load             ) [ 0101111000000]
specpipeline_ln160      (specpipeline     ) [ 0000000000000]
speclooptripcount_ln160 (speclooptripcount) [ 0000000000000]
specloopname_ln160      (specloopname     ) [ 0000000000000]
zext_ln160_2            (zext             ) [ 0000000000000]
weighted_addr           (getelementptr    ) [ 0100001111111]
weighted_1_addr         (getelementptr    ) [ 0100001111111]
weighted_2_addr         (getelementptr    ) [ 0100001111111]
weighted_3_addr         (getelementptr    ) [ 0100001111111]
mul2                    (fmul             ) [ 0100000111110]
weighted_load           (load             ) [ 0100000111110]
mul202_1                (fmul             ) [ 0100000111110]
weighted_1_load         (load             ) [ 0100000111110]
mul202_2                (fmul             ) [ 0100000111110]
weighted_2_load         (load             ) [ 0100000111110]
mul202_3                (fmul             ) [ 0100000111110]
weighted_3_load         (load             ) [ 0100000111110]
add                     (fadd             ) [ 0100000000001]
add205_1                (fadd             ) [ 0100000000001]
add205_2                (fadd             ) [ 0100000000001]
add205_3                (fadd             ) [ 0100000000001]
store_ln162             (store            ) [ 0000000000000]
br_ln162                (br               ) [ 0000000000000]
store_ln162             (store            ) [ 0000000000000]
br_ln162                (br               ) [ 0000000000000]
store_ln162             (store            ) [ 0000000000000]
br_ln162                (br               ) [ 0000000000000]
store_ln162             (store            ) [ 0000000000000]
br_ln162                (br               ) [ 0000000000000]
ret_ln0                 (ret              ) [ 0000000000000]
</LifeTime>

<model>

<comp_list>
<comp id="0" class="1000" name="d">
<pin_list>
<pin id="1" dir="1" index="0" bw="1" slack="0"/>
</pin_list>
<bind>
<StgValue><ssdm name="d"/></StgValue>
</bind>
</comp>

<comp id="2" class="1000" name="j_3">
<pin_list>
<pin id="3" dir="1" index="0" bw="1" slack="0"/>
</pin_list>
<bind>
<StgValue><ssdm name="j_3"/></StgValue>
</bind>
</comp>

<comp id="4" class="1000" name="Vbuf">
<pin_list>
<pin id="5" dir="1" index="0" bw="1" slack="0"/>
</pin_list>
<bind>
<StgValue><ssdm name="Vbuf"/><MemPortTyVec>1 3 </MemPortTyVec>
</StgValue>
</bind>
</comp>

<comp id="6" class="1000" name="Vbuf_1">
<pin_list>
<pin id="7" dir="1" index="0" bw="1" slack="0"/>
</pin_list>
<bind>
<StgValue><ssdm name="Vbuf_1"/><MemPortTyVec>1 3 </MemPortTyVec>
</StgValue>
</bind>
</comp>

<comp id="8" class="1000" name="Vbuf_2">
<pin_list>
<pin id="9" dir="1" index="0" bw="1" slack="0"/>
</pin_list>
<bind>
<StgValue><ssdm name="Vbuf_2"/><MemPortTyVec>1 3 </MemPortTyVec>
</StgValue>
</bind>
</comp>

<comp id="10" class="1000" name="Vbuf_3">
<pin_list>
<pin id="11" dir="1" index="0" bw="1" slack="0"/>
</pin_list>
<bind>
<StgValue><ssdm name="Vbuf_3"/><MemPortTyVec>1 3 </MemPortTyVec>
</StgValue>
</bind>
</comp>

<comp id="12" class="1000" name="weighted_3">
<pin_list>
<pin id="13" dir="1" index="0" bw="1" slack="0"/>
</pin_list>
<bind>
<StgValue><ssdm name="weighted_3"/><MemPortTyVec>0 1 </MemPortTyVec>
</StgValue>
</bind>
</comp>

<comp id="14" class="1000" name="weighted_2">
<pin_list>
<pin id="15" dir="1" index="0" bw="1" slack="0"/>
</pin_list>
<bind>
<StgValue><ssdm name="weighted_2"/><MemPortTyVec>0 1 </MemPortTyVec>
</StgValue>
</bind>
</comp>

<comp id="16" class="1000" name="weighted_1">
<pin_list>
<pin id="17" dir="1" index="0" bw="1" slack="0"/>
</pin_list>
<bind>
<StgValue><ssdm name="weighted_1"/><MemPortTyVec>0 1 </MemPortTyVec>
</StgValue>
</bind>
</comp>

<comp id="18" class="1000" name="weighted">
<pin_list>
<pin id="19" dir="1" index="0" bw="1" slack="0"/>
</pin_list>
<bind>
<StgValue><ssdm name="weighted"/><MemPortTyVec>0 1 </MemPortTyVec>
</StgValue>
</bind>
</comp>

<comp id="20" class="1000" name="e">
<pin_list>
<pin id="21" dir="1" index="0" bw="1" slack="0"/>
</pin_list>
<bind>
<StgValue><ssdm name="e"/></StgValue>
</bind>
</comp>

<comp id="22" class="1001" name="const_22">
<pin_list>
<pin id="23" dir="1" index="0" bw="1" slack="0"/>
</pin_list>
<bind>
<StgValue><ssdm name=""/></StgValue>
</bind>
</comp>

<comp id="24" class="1001" name="const_24">
<pin_list>
<pin id="25" dir="1" index="0" bw="1" slack="0"/>
</pin_list>
<bind>
<StgValue><ssdm name="_ssdm_op_Read.ap_auto.float"/></StgValue>
</bind>
</comp>

<comp id="26" class="1001" name="const_26">
<pin_list>
<pin id="27" dir="1" index="0" bw="1" slack="0"/>
</pin_list>
<bind>
<StgValue><ssdm name="_ssdm_op_Read.ap_auto.i3"/></StgValue>
</bind>
</comp>

<comp id="28" class="1001" name="const_28">
<pin_list>
<pin id="29" dir="1" index="0" bw="1" slack="0"/>
</pin_list>
<bind>
<StgValue><ssdm name="_ssdm_op_Read.ap_auto.i32"/></StgValue>
</bind>
</comp>

<comp id="30" class="1001" name="const_30">
<pin_list>
<pin id="31" dir="1" index="0" bw="1" slack="0"/>
</pin_list>
<bind>
<StgValue><ssdm name=""/></StgValue>
</bind>
</comp>

<comp id="32" class="1001" name="const_32">
<pin_list>
<pin id="33" dir="1" index="0" bw="1" slack="0"/>
</pin_list>
<bind>
<StgValue><ssdm name="_ssdm_op_BitSelect.i1.i6.i32"/></StgValue>
</bind>
</comp>

<comp id="34" class="1001" name="const_34">
<pin_list>
<pin id="35" dir="1" index="0" bw="1" slack="0"/>
</pin_list>
<bind>
<StgValue><ssdm name=""/></StgValue>
</bind>
</comp>

<comp id="36" class="1001" name="const_36">
<pin_list>
<pin id="37" dir="1" index="0" bw="1" slack="0"/>
</pin_list>
<bind>
<StgValue><ssdm name=""/></StgValue>
</bind>
</comp>

<comp id="38" class="1001" name="const_38">
<pin_list>
<pin id="39" dir="1" index="0" bw="1" slack="0"/>
</pin_list>
<bind>
<StgValue><ssdm name="_ssdm_op_PartSelect.i3.i6.i32.i32"/></StgValue>
</bind>
</comp>

<comp id="40" class="1001" name="const_40">
<pin_list>
<pin id="41" dir="1" index="0" bw="1" slack="0"/>
</pin_list>
<bind>
<StgValue><ssdm name=""/></StgValue>
</bind>
</comp>

<comp id="42" class="1001" name="const_42">
<pin_list>
<pin id="43" dir="1" index="0" bw="1" slack="0"/>
</pin_list>
<bind>
<StgValue><ssdm name=""/></StgValue>
</bind>
</comp>

<comp id="44" class="1001" name="const_44">
<pin_list>
<pin id="45" dir="1" index="0" bw="1" slack="0"/>
</pin_list>
<bind>
<StgValue><ssdm name="_ssdm_op_BitConcatenate.i6.i3.i3"/></StgValue>
</bind>
</comp>

<comp id="46" class="1001" name="const_46">
<pin_list>
<pin id="47" dir="1" index="0" bw="1" slack="0"/>
</pin_list>
<bind>
<StgValue><ssdm name=""/></StgValue>
</bind>
</comp>

<comp id="48" class="1001" name="const_48">
<pin_list>
<pin id="49" dir="1" index="0" bw="1" slack="0"/>
</pin_list>
<bind>
<StgValue><ssdm name=""/></StgValue>
</bind>
</comp>

<comp id="50" class="1001" name="const_50">
<pin_list>
<pin id="51" dir="1" index="0" bw="1" slack="0"/>
</pin_list>
<bind>
<StgValue><ssdm name=""/></StgValue>
</bind>
</comp>

<comp id="52" class="1001" name="const_52">
<pin_list>
<pin id="53" dir="1" index="0" bw="1" slack="0"/>
</pin_list>
<bind>
<StgValue><ssdm name=""/></StgValue>
</bind>
</comp>

<comp id="54" class="1001" name="const_54">
<pin_list>
<pin id="55" dir="1" index="0" bw="1" slack="2147483647"/>
</pin_list>
<bind>
<StgValue><ssdm name="_ssdm_op_SpecPipeline"/></StgValue>
</bind>
</comp>

<comp id="56" class="1001" name="const_56">
<pin_list>
<pin id="57" dir="1" index="0" bw="1" slack="2147483647"/>
</pin_list>
<bind>
<StgValue><ssdm name=""/></StgValue>
</bind>
</comp>

<comp id="58" class="1001" name="const_58">
<pin_list>
<pin id="59" dir="1" index="0" bw="1" slack="2147483647"/>
</pin_list>
<bind>
<StgValue><ssdm name=""/></StgValue>
</bind>
</comp>

<comp id="60" class="1001" name="const_60">
<pin_list>
<pin id="61" dir="1" index="0" bw="1" slack="2147483647"/>
</pin_list>
<bind>
<StgValue><ssdm name="empty_22"/></StgValue>
</bind>
</comp>

<comp id="62" class="1001" name="const_62">
<pin_list>
<pin id="63" dir="1" index="0" bw="1" slack="2147483647"/>
</pin_list>
<bind>
<StgValue><ssdm name="_ssdm_op_SpecLoopTripCount"/></StgValue>
</bind>
</comp>

<comp id="64" class="1001" name="const_64">
<pin_list>
<pin id="65" dir="1" index="0" bw="1" slack="2147483647"/>
</pin_list>
<bind>
<StgValue><ssdm name=""/></StgValue>
</bind>
</comp>

<comp id="66" class="1001" name="const_66">
<pin_list>
<pin id="67" dir="1" index="0" bw="1" slack="2147483647"/>
</pin_list>
<bind>
<StgValue><ssdm name="_ssdm_op_SpecLoopName"/></StgValue>
</bind>
</comp>

<comp id="68" class="1001" name="const_68">
<pin_list>
<pin id="69" dir="1" index="0" bw="1" slack="2147483647"/>
</pin_list>
<bind>
<StgValue><ssdm name="empty_13"/></StgValue>
</bind>
</comp>

<comp id="70" class="1004" name="x_fu_70">
<pin_list>
<pin id="71" dir="0" index="0" bw="1" slack="0"/>
<pin id="72" dir="1" index="1" bw="6" slack="0"/>
</pin_list>
<bind>
<opcode="alloca(26) " fcode="alloca"/>
<opset="x/1 "/>
</bind>
</comp>

<comp id="74" class="1004" name="e_read_read_fu_74">
<pin_list>
<pin id="75" dir="0" index="0" bw="32" slack="0"/>
<pin id="76" dir="0" index="1" bw="32" slack="0"/>
<pin id="77" dir="1" index="2" bw="32" slack="2"/>
</pin_list>
<bind>
<opcode="read(1150) " fcode="read"/>
<opset="e_read/1 "/>
</bind>
</comp>

<comp id="80" class="1004" name="j_3_read_read_fu_80">
<pin_list>
<pin id="81" dir="0" index="0" bw="3" slack="0"/>
<pin id="82" dir="0" index="1" bw="3" slack="0"/>
<pin id="83" dir="1" index="2" bw="3" slack="0"/>
</pin_list>
<bind>
<opcode="read(1150) " fcode="read"/>
<opset="j_3_read/1 "/>
</bind>
</comp>

<comp id="86" class="1004" name="d_read_read_fu_86">
<pin_list>
<pin id="87" dir="0" index="0" bw="32" slack="0"/>
<pin id="88" dir="0" index="1" bw="32" slack="0"/>
<pin id="89" dir="1" index="2" bw="32" slack="0"/>
</pin_list>
<bind>
<opcode="read(1150) " fcode="read"/>
<opset="d_read/1 "/>
</bind>
</comp>

<comp id="92" class="1004" name="Vbuf_addr_gep_fu_92">
<pin_list>
<pin id="93" dir="0" index="0" bw="32" slack="0"/>
<pin id="94" dir="0" index="1" bw="1" slack="0"/>
<pin id="95" dir="0" index="2" bw="6" slack="0"/>
<pin id="96" dir="1" index="3" bw="6" slack="0"/>
</pin_list>
<bind>
<opcode="getelementptr(29) " fcode="getelementptr"/>
<opset="Vbuf_addr/1 "/>
</bind>
</comp>

<comp id="99" class="1004" name="Vbuf_1_addr_gep_fu_99">
<pin_list>
<pin id="100" dir="0" index="0" bw="32" slack="0"/>
<pin id="101" dir="0" index="1" bw="1" slack="0"/>
<pin id="102" dir="0" index="2" bw="6" slack="0"/>
<pin id="103" dir="1" index="3" bw="6" slack="0"/>
</pin_list>
<bind>
<opcode="getelementptr(29) " fcode="getelementptr"/>
<opset="Vbuf_1_addr/1 "/>
</bind>
</comp>

<comp id="106" class="1004" name="Vbuf_2_addr_gep_fu_106">
<pin_list>
<pin id="107" dir="0" index="0" bw="32" slack="0"/>
<pin id="108" dir="0" index="1" bw="1" slack="0"/>
<pin id="109" dir="0" index="2" bw="6" slack="0"/>
<pin id="110" dir="1" index="3" bw="6" slack="0"/>
</pin_list>
<bind>
<opcode="getelementptr(29) " fcode="getelementptr"/>
<opset="Vbuf_2_addr/1 "/>
</bind>
</comp>

<comp id="113" class="1004" name="Vbuf_3_addr_gep_fu_113">
<pin_list>
<pin id="114" dir="0" index="0" bw="32" slack="0"/>
<pin id="115" dir="0" index="1" bw="1" slack="0"/>
<pin id="116" dir="0" index="2" bw="6" slack="0"/>
<pin id="117" dir="1" index="3" bw="6" slack="0"/>
</pin_list>
<bind>
<opcode="getelementptr(29) " fcode="getelementptr"/>
<opset="Vbuf_3_addr/1 "/>
</bind>
</comp>

<comp id="120" class="1004" name="grp_access_fu_120">
<pin_list>
<pin id="121" dir="0" index="0" bw="6" slack="0"/>
<pin id="122" dir="0" index="1" bw="32" slack="2147483647"/>
<pin id="123" dir="0" index="2" bw="0" slack="2147483647"/>
<pin id="124" dir="1" index="3" bw="32" slack="1"/>
</pin_list>
<bind>
<opcode="load(27) " fcode="load"/>
<opset="Vbuf_load/1 "/>
</bind>
</comp>

<comp id="126" class="1004" name="grp_access_fu_126">
<pin_list>
<pin id="127" dir="0" index="0" bw="6" slack="0"/>
<pin id="128" dir="0" index="1" bw="32" slack="2147483647"/>
<pin id="129" dir="0" index="2" bw="0" slack="2147483647"/>
<pin id="130" dir="1" index="3" bw="32" slack="1"/>
</pin_list>
<bind>
<opcode="load(27) " fcode="load"/>
<opset="Vbuf_1_load/1 "/>
</bind>
</comp>

<comp id="132" class="1004" name="grp_access_fu_132">
<pin_list>
<pin id="133" dir="0" index="0" bw="6" slack="0"/>
<pin id="134" dir="0" index="1" bw="32" slack="2147483647"/>
<pin id="135" dir="0" index="2" bw="0" slack="2147483647"/>
<pin id="136" dir="1" index="3" bw="32" slack="1"/>
</pin_list>
<bind>
<opcode="load(27) " fcode="load"/>
<opset="Vbuf_2_load/1 "/>
</bind>
</comp>

<comp id="138" class="1004" name="grp_access_fu_138">
<pin_list>
<pin id="139" dir="0" index="0" bw="6" slack="0"/>
<pin id="140" dir="0" index="1" bw="32" slack="2147483647"/>
<pin id="141" dir="0" index="2" bw="0" slack="2147483647"/>
<pin id="142" dir="1" index="3" bw="32" slack="1"/>
</pin_list>
<bind>
<opcode="load(27) " fcode="load"/>
<opset="Vbuf_3_load/1 "/>
</bind>
</comp>

<comp id="144" class="1004" name="weighted_addr_gep_fu_144">
<pin_list>
<pin id="145" dir="0" index="0" bw="32" slack="0"/>
<pin id="146" dir="0" index="1" bw="1" slack="0"/>
<pin id="147" dir="0" index="2" bw="3" slack="0"/>
<pin id="148" dir="1" index="3" bw="3" slack="0"/>
</pin_list>
<bind>
<opcode="getelementptr(29) " fcode="getelementptr"/>
<opset="weighted_addr/5 "/>
</bind>
</comp>

<comp id="151" class="1004" name="grp_access_fu_151">
<pin_list>
<pin id="152" dir="0" index="0" bw="3" slack="7"/>
<pin id="153" dir="0" index="1" bw="32" slack="1"/>
<pin id="154" dir="0" index="2" bw="0" slack="0"/>
<pin id="156" dir="0" index="4" bw="3" slack="2147483647"/>
<pin id="157" dir="0" index="5" bw="32" slack="2147483647"/>
<pin id="158" dir="0" index="6" bw="0" slack="2147483647"/>
<pin id="155" dir="1" index="3" bw="32" slack="2147483647"/>
<pin id="159" dir="1" index="7" bw="32" slack="1"/>
</pin_list>
<bind>
<opcode="load(27) store(28) " fcode="store"/>
<opset="weighted_load/5 store_ln162/12 "/>
</bind>
</comp>

<comp id="161" class="1004" name="weighted_1_addr_gep_fu_161">
<pin_list>
<pin id="162" dir="0" index="0" bw="32" slack="0"/>
<pin id="163" dir="0" index="1" bw="1" slack="0"/>
<pin id="164" dir="0" index="2" bw="3" slack="0"/>
<pin id="165" dir="1" index="3" bw="3" slack="0"/>
</pin_list>
<bind>
<opcode="getelementptr(29) " fcode="getelementptr"/>
<opset="weighted_1_addr/5 "/>
</bind>
</comp>

<comp id="168" class="1004" name="grp_access_fu_168">
<pin_list>
<pin id="169" dir="0" index="0" bw="3" slack="7"/>
<pin id="170" dir="0" index="1" bw="32" slack="1"/>
<pin id="171" dir="0" index="2" bw="0" slack="0"/>
<pin id="173" dir="0" index="4" bw="3" slack="2147483647"/>
<pin id="174" dir="0" index="5" bw="32" slack="2147483647"/>
<pin id="175" dir="0" index="6" bw="0" slack="2147483647"/>
<pin id="172" dir="1" index="3" bw="32" slack="2147483647"/>
<pin id="176" dir="1" index="7" bw="32" slack="1"/>
</pin_list>
<bind>
<opcode="load(27) store(28) " fcode="store"/>
<opset="weighted_1_load/5 store_ln162/12 "/>
</bind>
</comp>

<comp id="178" class="1004" name="weighted_2_addr_gep_fu_178">
<pin_list>
<pin id="179" dir="0" index="0" bw="32" slack="0"/>
<pin id="180" dir="0" index="1" bw="1" slack="0"/>
<pin id="181" dir="0" index="2" bw="3" slack="0"/>
<pin id="182" dir="1" index="3" bw="3" slack="0"/>
</pin_list>
<bind>
<opcode="getelementptr(29) " fcode="getelementptr"/>
<opset="weighted_2_addr/5 "/>
</bind>
</comp>

<comp id="185" class="1004" name="grp_access_fu_185">
<pin_list>
<pin id="186" dir="0" index="0" bw="3" slack="7"/>
<pin id="187" dir="0" index="1" bw="32" slack="1"/>
<pin id="188" dir="0" index="2" bw="0" slack="0"/>
<pin id="190" dir="0" index="4" bw="3" slack="2147483647"/>
<pin id="191" dir="0" index="5" bw="32" slack="2147483647"/>
<pin id="192" dir="0" index="6" bw="0" slack="2147483647"/>
<pin id="189" dir="1" index="3" bw="32" slack="2147483647"/>
<pin id="193" dir="1" index="7" bw="32" slack="1"/>
</pin_list>
<bind>
<opcode="load(27) store(28) " fcode="store"/>
<opset="weighted_2_load/5 store_ln162/12 "/>
</bind>
</comp>

<comp id="195" class="1004" name="weighted_3_addr_gep_fu_195">
<pin_list>
<pin id="196" dir="0" index="0" bw="32" slack="0"/>
<pin id="197" dir="0" index="1" bw="1" slack="0"/>
<pin id="198" dir="0" index="2" bw="3" slack="0"/>
<pin id="199" dir="1" index="3" bw="3" slack="0"/>
</pin_list>
<bind>
<opcode="getelementptr(29) " fcode="getelementptr"/>
<opset="weighted_3_addr/5 "/>
</bind>
</comp>

<comp id="202" class="1004" name="grp_access_fu_202">
<pin_list>
<pin id="203" dir="0" index="0" bw="3" slack="7"/>
<pin id="204" dir="0" index="1" bw="32" slack="1"/>
<pin id="205" dir="0" index="2" bw="0" slack="0"/>
<pin id="207" dir="0" index="4" bw="3" slack="2147483647"/>
<pin id="208" dir="0" index="5" bw="32" slack="2147483647"/>
<pin id="209" dir="0" index="6" bw="0" slack="2147483647"/>
<pin id="206" dir="1" index="3" bw="32" slack="2147483647"/>
<pin id="210" dir="1" index="7" bw="32" slack="1"/>
</pin_list>
<bind>
<opcode="load(27) store(28) " fcode="store"/>
<opset="weighted_3_load/5 store_ln162/12 "/>
</bind>
</comp>

<comp id="212" class="1004" name="grp_fu_212">
<pin_list>
<pin id="213" dir="0" index="0" bw="32" slack="1"/>
<pin id="214" dir="0" index="1" bw="32" slack="1"/>
<pin id="215" dir="1" index="2" bw="32" slack="1"/>
</pin_list>
<bind>
<opcode="fadd(9) " fcode="fadd"/>
<opset="add/7 "/>
</bind>
</comp>

<comp id="216" class="1004" name="grp_fu_216">
<pin_list>
<pin id="217" dir="0" index="0" bw="32" slack="1"/>
<pin id="218" dir="0" index="1" bw="32" slack="1"/>
<pin id="219" dir="1" index="2" bw="32" slack="1"/>
</pin_list>
<bind>
<opcode="fadd(9) " fcode="fadd"/>
<opset="add205_1/7 "/>
</bind>
</comp>

<comp id="220" class="1004" name="grp_fu_220">
<pin_list>
<pin id="221" dir="0" index="0" bw="32" slack="1"/>
<pin id="222" dir="0" index="1" bw="32" slack="1"/>
<pin id="223" dir="1" index="2" bw="32" slack="1"/>
</pin_list>
<bind>
<opcode="fadd(9) " fcode="fadd"/>
<opset="add205_2/7 "/>
</bind>
</comp>

<comp id="224" class="1004" name="grp_fu_224">
<pin_list>
<pin id="225" dir="0" index="0" bw="32" slack="1"/>
<pin id="226" dir="0" index="1" bw="32" slack="1"/>
<pin id="227" dir="1" index="2" bw="32" slack="1"/>
</pin_list>
<bind>
<opcode="fadd(9) " fcode="fadd"/>
<opset="add205_3/7 "/>
</bind>
</comp>

<comp id="228" class="1004" name="grp_fu_228">
<pin_list>
<pin id="229" dir="0" index="0" bw="32" slack="2"/>
<pin id="230" dir="0" index="1" bw="32" slack="1"/>
<pin id="231" dir="1" index="2" bw="32" slack="1"/>
</pin_list>
<bind>
<opcode="fmul(13) " fcode="fmul"/>
<opset="mul2/3 "/>
</bind>
</comp>

<comp id="232" class="1004" name="grp_fu_232">
<pin_list>
<pin id="233" dir="0" index="0" bw="32" slack="2"/>
<pin id="234" dir="0" index="1" bw="32" slack="1"/>
<pin id="235" dir="1" index="2" bw="32" slack="1"/>
</pin_list>
<bind>
<opcode="fmul(13) " fcode="fmul"/>
<opset="mul202_1/3 "/>
</bind>
</comp>

<comp id="236" class="1004" name="grp_fu_236">
<pin_list>
<pin id="237" dir="0" index="0" bw="32" slack="2"/>
<pin id="238" dir="0" index="1" bw="32" slack="1"/>
<pin id="239" dir="1" index="2" bw="32" slack="1"/>
</pin_list>
<bind>
<opcode="fmul(13) " fcode="fmul"/>
<opset="mul202_2/3 "/>
</bind>
</comp>

<comp id="240" class="1004" name="grp_fu_240">
<pin_list>
<pin id="241" dir="0" index="0" bw="32" slack="2"/>
<pin id="242" dir="0" index="1" bw="32" slack="1"/>
<pin id="243" dir="1" index="2" bw="32" slack="1"/>
</pin_list>
<bind>
<opcode="fmul(13) " fcode="fmul"/>
<opset="mul202_3/3 "/>
</bind>
</comp>

<comp id="244" class="1004" name="store_ln160_store_fu_244">
<pin_list>
<pin id="245" dir="0" index="0" bw="1" slack="0"/>
<pin id="246" dir="0" index="1" bw="6" slack="0"/>
<pin id="247" dir="1" index="2" bw="0" slack="2147483647"/>
</pin_list>
<bind>
<opcode="store(28) " fcode="store"/>
<opset="store_ln160/1 "/>
</bind>
</comp>

<comp id="249" class="1004" name="x_2_load_fu_249">
<pin_list>
<pin id="250" dir="0" index="0" bw="6" slack="0"/>
<pin id="251" dir="1" index="1" bw="6" slack="0"/>
</pin_list>
<bind>
<opcode="load(27) " fcode="load"/>
<opset="x_2/1 "/>
</bind>
</comp>

<comp id="252" class="1004" name="tmp_fu_252">
<pin_list>
<pin id="253" dir="0" index="0" bw="1" slack="0"/>
<pin id="254" dir="0" index="1" bw="6" slack="0"/>
<pin id="255" dir="0" index="2" bw="4" slack="0"/>
<pin id="256" dir="1" index="3" bw="1" slack="10"/>
</pin_list>
<bind>
<opcode="bitselect(1000) " fcode="bitselect"/>
<opset="tmp/1 "/>
</bind>
</comp>

<comp id="260" class="1004" name="trunc_ln160_fu_260">
<pin_list>
<pin id="261" dir="0" index="0" bw="6" slack="0"/>
<pin id="262" dir="1" index="1" bw="5" slack="0"/>
</pin_list>
<bind>
<opcode="trunc(33) " fcode="trunc"/>
<opset="trunc_ln160/1 "/>
</bind>
</comp>

<comp id="264" class="1004" name="zext_ln160_fu_264">
<pin_list>
<pin id="265" dir="0" index="0" bw="6" slack="0"/>
<pin id="266" dir="1" index="1" bw="32" slack="0"/>
</pin_list>
<bind>
<opcode="zext(34) " fcode="zext"/>
<opset="zext_ln160/1 "/>
</bind>
</comp>

<comp id="268" class="1004" name="or_ln160_fu_268">
<pin_list>
<pin id="269" dir="0" index="0" bw="5" slack="0"/>
<pin id="270" dir="0" index="1" bw="1" slack="0"/>
<pin id="271" dir="1" index="2" bw="5" slack="0"/>
</pin_list>
<bind>
<opcode="or(24) " fcode="or"/>
<opset="or_ln160/1 "/>
</bind>
</comp>

<comp id="274" class="1004" name="zext_ln160_1_fu_274">
<pin_list>
<pin id="275" dir="0" index="0" bw="5" slack="0"/>
<pin id="276" dir="1" index="1" bw="32" slack="0"/>
</pin_list>
<bind>
<opcode="zext(34) " fcode="zext"/>
<opset="zext_ln160_1/1 "/>
</bind>
</comp>

<comp id="278" class="1004" name="lshr_ln4_fu_278">
<pin_list>
<pin id="279" dir="0" index="0" bw="3" slack="0"/>
<pin id="280" dir="0" index="1" bw="6" slack="0"/>
<pin id="281" dir="0" index="2" bw="3" slack="0"/>
<pin id="282" dir="0" index="3" bw="4" slack="0"/>
<pin id="283" dir="1" index="4" bw="3" slack="0"/>
</pin_list>
<bind>
<opcode="partselect(1002) " fcode="partselect"/>
<opset="lshr_ln4/1 "/>
</bind>
</comp>

<comp id="288" class="1004" name="tmp_s_fu_288">
<pin_list>
<pin id="289" dir="0" index="0" bw="6" slack="0"/>
<pin id="290" dir="0" index="1" bw="3" slack="0"/>
<pin id="291" dir="0" index="2" bw="3" slack="0"/>
<pin id="292" dir="1" index="3" bw="6" slack="0"/>
</pin_list>
<bind>
<opcode="bitconcatenate(1004) " fcode="bitconcatenate"/>
<opset="tmp_s/1 "/>
</bind>
</comp>

<comp id="296" class="1004" name="zext_ln162_2_fu_296">
<pin_list>
<pin id="297" dir="0" index="0" bw="6" slack="0"/>
<pin id="298" dir="1" index="1" bw="64" slack="0"/>
</pin_list>
<bind>
<opcode="zext(34) " fcode="zext"/>
<opset="zext_ln162_2/1 "/>
</bind>
</comp>

<comp id="304" class="1004" name="icmp_ln162_fu_304">
<pin_list>
<pin id="305" dir="0" index="0" bw="6" slack="0"/>
<pin id="306" dir="0" index="1" bw="32" slack="0"/>
<pin id="307" dir="1" index="2" bw="1" slack="1"/>
</pin_list>
<bind>
<opcode="icmp(45) " fcode="icmp"/>
<opset="icmp_ln162/1 "/>
</bind>
</comp>

<comp id="310" class="1004" name="icmp_ln162_1_fu_310">
<pin_list>
<pin id="311" dir="0" index="0" bw="5" slack="0"/>
<pin id="312" dir="0" index="1" bw="32" slack="0"/>
<pin id="313" dir="1" index="2" bw="1" slack="1"/>
</pin_list>
<bind>
<opcode="icmp(45) " fcode="icmp"/>
<opset="icmp_ln162_1/1 "/>
</bind>
</comp>

<comp id="316" class="1004" name="or_ln160_1_fu_316">
<pin_list>
<pin id="317" dir="0" index="0" bw="5" slack="0"/>
<pin id="318" dir="0" index="1" bw="3" slack="0"/>
<pin id="319" dir="1" index="2" bw="5" slack="0"/>
</pin_list>
<bind>
<opcode="or(24) " fcode="or"/>
<opset="or_ln160_1/1 "/>
</bind>
</comp>

<comp id="322" class="1004" name="zext_ln162_fu_322">
<pin_list>
<pin id="323" dir="0" index="0" bw="5" slack="0"/>
<pin id="324" dir="1" index="1" bw="32" slack="0"/>
</pin_list>
<bind>
<opcode="zext(34) " fcode="zext"/>
<opset="zext_ln162/1 "/>
</bind>
</comp>

<comp id="326" class="1004" name="icmp_ln162_2_fu_326">
<pin_list>
<pin id="327" dir="0" index="0" bw="5" slack="0"/>
<pin id="328" dir="0" index="1" bw="32" slack="0"/>
<pin id="329" dir="1" index="2" bw="1" slack="1"/>
</pin_list>
<bind>
<opcode="icmp(45) " fcode="icmp"/>
<opset="icmp_ln162_2/1 "/>
</bind>
</comp>

<comp id="332" class="1004" name="or_ln160_2_fu_332">
<pin_list>
<pin id="333" dir="0" index="0" bw="5" slack="0"/>
<pin id="334" dir="0" index="1" bw="3" slack="0"/>
<pin id="335" dir="1" index="2" bw="5" slack="0"/>
</pin_list>
<bind>
<opcode="or(24) " fcode="or"/>
<opset="or_ln160_2/1 "/>
</bind>
</comp>

<comp id="338" class="1004" name="zext_ln162_1_fu_338">
<pin_list>
<pin id="339" dir="0" index="0" bw="5" slack="0"/>
<pin id="340" dir="1" index="1" bw="32" slack="0"/>
</pin_list>
<bind>
<opcode="zext(34) " fcode="zext"/>
<opset="zext_ln162_1/1 "/>
</bind>
</comp>

<comp id="342" class="1004" name="icmp_ln162_3_fu_342">
<pin_list>
<pin id="343" dir="0" index="0" bw="5" slack="0"/>
<pin id="344" dir="0" index="1" bw="32" slack="0"/>
<pin id="345" dir="1" index="2" bw="1" slack="1"/>
</pin_list>
<bind>
<opcode="icmp(45) " fcode="icmp"/>
<opset="icmp_ln162_3/1 "/>
</bind>
</comp>

<comp id="348" class="1004" name="add_ln160_fu_348">
<pin_list>
<pin id="349" dir="0" index="0" bw="6" slack="0"/>
<pin id="350" dir="0" index="1" bw="4" slack="0"/>
<pin id="351" dir="1" index="2" bw="6" slack="0"/>
</pin_list>
<bind>
<opcode="add(8) " fcode="add"/>
<opset="add_ln160/1 "/>
</bind>
</comp>

<comp id="354" class="1004" name="store_ln160_store_fu_354">
<pin_list>
<pin id="355" dir="0" index="0" bw="6" slack="0"/>
<pin id="356" dir="0" index="1" bw="6" slack="0"/>
<pin id="357" dir="1" index="2" bw="0" slack="2147483647"/>
</pin_list>
<bind>
<opcode="store(28) " fcode="store"/>
<opset="store_ln160/1 "/>
</bind>
</comp>

<comp id="359" class="1004" name="zext_ln160_2_fu_359">
<pin_list>
<pin id="360" dir="0" index="0" bw="3" slack="4"/>
<pin id="361" dir="1" index="1" bw="64" slack="0"/>
</pin_list>
<bind>
<opcode="zext(34) " fcode="zext"/>
<opset="zext_ln160_2/5 "/>
</bind>
</comp>

<comp id="366" class="1005" name="x_reg_366">
<pin_list>
<pin id="367" dir="0" index="0" bw="6" slack="0"/>
<pin id="368" dir="1" index="1" bw="6" slack="0"/>
</pin_list>
<bind>
<opset="x "/>
</bind>
</comp>

<comp id="373" class="1005" name="e_read_reg_373">
<pin_list>
<pin id="374" dir="0" index="0" bw="32" slack="2"/>
<pin id="375" dir="1" index="1" bw="32" slack="2"/>
</pin_list>
<bind>
<opset="e_read "/>
</bind>
</comp>

<comp id="381" class="1005" name="tmp_reg_381">
<pin_list>
<pin id="382" dir="0" index="0" bw="1" slack="10"/>
<pin id="383" dir="1" index="1" bw="1" slack="2147483647"/>
</pin_list>
<bind>
<opset="tmp "/>
</bind>
</comp>

<comp id="385" class="1005" name="lshr_ln4_reg_385">
<pin_list>
<pin id="386" dir="0" index="0" bw="3" slack="4"/>
<pin id="387" dir="1" index="1" bw="3" slack="4"/>
</pin_list>
<bind>
<opset="lshr_ln4 "/>
</bind>
</comp>

<comp id="390" class="1005" name="Vbuf_addr_reg_390">
<pin_list>
<pin id="391" dir="0" index="0" bw="6" slack="1"/>
<pin id="392" dir="1" index="1" bw="6" slack="1"/>
</pin_list>
<bind>
<opset="Vbuf_addr "/>
</bind>
</comp>

<comp id="395" class="1005" name="Vbuf_1_addr_reg_395">
<pin_list>
<pin id="396" dir="0" index="0" bw="6" slack="1"/>
<pin id="397" dir="1" index="1" bw="6" slack="1"/>
</pin_list>
<bind>
<opset="Vbuf_1_addr "/>
</bind>
</comp>

<comp id="400" class="1005" name="Vbuf_2_addr_reg_400">
<pin_list>
<pin id="401" dir="0" index="0" bw="6" slack="1"/>
<pin id="402" dir="1" index="1" bw="6" slack="1"/>
</pin_list>
<bind>
<opset="Vbuf_2_addr "/>
</bind>
</comp>

<comp id="405" class="1005" name="Vbuf_3_addr_reg_405">
<pin_list>
<pin id="406" dir="0" index="0" bw="6" slack="1"/>
<pin id="407" dir="1" index="1" bw="6" slack="1"/>
</pin_list>
<bind>
<opset="Vbuf_3_addr "/>
</bind>
</comp>

<comp id="410" class="1005" name="icmp_ln162_reg_410">
<pin_list>
<pin id="411" dir="0" index="0" bw="1" slack="1"/>
<pin id="412" dir="1" index="1" bw="1" slack="2147483647"/>
</pin_list>
<bind>
<opset="icmp_ln162 "/>
</bind>
</comp>

<comp id="414" class="1005" name="icmp_ln162_1_reg_414">
<pin_list>
<pin id="415" dir="0" index="0" bw="1" slack="1"/>
<pin id="416" dir="1" index="1" bw="1" slack="2147483647"/>
</pin_list>
<bind>
<opset="icmp_ln162_1 "/>
</bind>
</comp>

<comp id="418" class="1005" name="icmp_ln162_2_reg_418">
<pin_list>
<pin id="419" dir="0" index="0" bw="1" slack="1"/>
<pin id="420" dir="1" index="1" bw="1" slack="2147483647"/>
</pin_list>
<bind>
<opset="icmp_ln162_2 "/>
</bind>
</comp>

<comp id="422" class="1005" name="icmp_ln162_3_reg_422">
<pin_list>
<pin id="423" dir="0" index="0" bw="1" slack="1"/>
<pin id="424" dir="1" index="1" bw="1" slack="2147483647"/>
</pin_list>
<bind>
<opset="icmp_ln162_3 "/>
</bind>
</comp>

<comp id="426" class="1005" name="Vbuf_load_reg_426">
<pin_list>
<pin id="427" dir="0" index="0" bw="32" slack="1"/>
<pin id="428" dir="1" index="1" bw="32" slack="1"/>
</pin_list>
<bind>
<opset="Vbuf_load "/>
</bind>
</comp>

<comp id="431" class="1005" name="Vbuf_1_load_reg_431">
<pin_list>
<pin id="432" dir="0" index="0" bw="32" slack="1"/>
<pin id="433" dir="1" index="1" bw="32" slack="1"/>
</pin_list>
<bind>
<opset="Vbuf_1_load "/>
</bind>
</comp>

<comp id="436" class="1005" name="Vbuf_2_load_reg_436">
<pin_list>
<pin id="437" dir="0" index="0" bw="32" slack="1"/>
<pin id="438" dir="1" index="1" bw="32" slack="1"/>
</pin_list>
<bind>
<opset="Vbuf_2_load "/>
</bind>
</comp>

<comp id="441" class="1005" name="Vbuf_3_load_reg_441">
<pin_list>
<pin id="442" dir="0" index="0" bw="32" slack="1"/>
<pin id="443" dir="1" index="1" bw="32" slack="1"/>
</pin_list>
<bind>
<opset="Vbuf_3_load "/>
</bind>
</comp>

<comp id="446" class="1005" name="weighted_addr_reg_446">
<pin_list>
<pin id="447" dir="0" index="0" bw="3" slack="1"/>
<pin id="448" dir="1" index="1" bw="3" slack="1"/>
</pin_list>
<bind>
<opset="weighted_addr "/>
</bind>
</comp>

<comp id="452" class="1005" name="weighted_1_addr_reg_452">
<pin_list>
<pin id="453" dir="0" index="0" bw="3" slack="1"/>
<pin id="454" dir="1" index="1" bw="3" slack="1"/>
</pin_list>
<bind>
<opset="weighted_1_addr "/>
</bind>
</comp>

<comp id="458" class="1005" name="weighted_2_addr_reg_458">
<pin_list>
<pin id="459" dir="0" index="0" bw="3" slack="1"/>
<pin id="460" dir="1" index="1" bw="3" slack="1"/>
</pin_list>
<bind>
<opset="weighted_2_addr "/>
</bind>
</comp>

<comp id="464" class="1005" name="weighted_3_addr_reg_464">
<pin_list>
<pin id="465" dir="0" index="0" bw="3" slack="1"/>
<pin id="466" dir="1" index="1" bw="3" slack="1"/>
</pin_list>
<bind>
<opset="weighted_3_addr "/>
</bind>
</comp>

<comp id="470" class="1005" name="mul2_reg_470">
<pin_list>
<pin id="471" dir="0" index="0" bw="32" slack="1"/>
<pin id="472" dir="1" index="1" bw="32" slack="1"/>
</pin_list>
<bind>
<opset="mul2 "/>
</bind>
</comp>

<comp id="475" class="1005" name="weighted_load_reg_475">
<pin_list>
<pin id="476" dir="0" index="0" bw="32" slack="1"/>
<pin id="477" dir="1" index="1" bw="32" slack="1"/>
</pin_list>
<bind>
<opset="weighted_load "/>
</bind>
</comp>

<comp id="480" class="1005" name="mul202_1_reg_480">
<pin_list>
<pin id="481" dir="0" index="0" bw="32" slack="1"/>
<pin id="482" dir="1" index="1" bw="32" slack="1"/>
</pin_list>
<bind>
<opset="mul202_1 "/>
</bind>
</comp>

<comp id="485" class="1005" name="weighted_1_load_reg_485">
<pin_list>
<pin id="486" dir="0" index="0" bw="32" slack="1"/>
<pin id="487" dir="1" index="1" bw="32" slack="1"/>
</pin_list>
<bind>
<opset="weighted_1_load "/>
</bind>
</comp>

<comp id="490" class="1005" name="mul202_2_reg_490">
<pin_list>
<pin id="491" dir="0" index="0" bw="32" slack="1"/>
<pin id="492" dir="1" index="1" bw="32" slack="1"/>
</pin_list>
<bind>
<opset="mul202_2 "/>
</bind>
</comp>

<comp id="495" class="1005" name="weighted_2_load_reg_495">
<pin_list>
<pin id="496" dir="0" index="0" bw="32" slack="1"/>
<pin id="497" dir="1" index="1" bw="32" slack="1"/>
</pin_list>
<bind>
<opset="weighted_2_load "/>
</bind>
</comp>

<comp id="500" class="1005" name="mul202_3_reg_500">
<pin_list>
<pin id="501" dir="0" index="0" bw="32" slack="1"/>
<pin id="502" dir="1" index="1" bw="32" slack="1"/>
</pin_list>
<bind>
<opset="mul202_3 "/>
</bind>
</comp>

<comp id="505" class="1005" name="weighted_3_load_reg_505">
<pin_list>
<pin id="506" dir="0" index="0" bw="32" slack="1"/>
<pin id="507" dir="1" index="1" bw="32" slack="1"/>
</pin_list>
<bind>
<opset="weighted_3_load "/>
</bind>
</comp>

<comp id="510" class="1005" name="add_reg_510">
<pin_list>
<pin id="511" dir="0" index="0" bw="32" slack="1"/>
<pin id="512" dir="1" index="1" bw="32" slack="1"/>
</pin_list>
<bind>
<opset="add "/>
</bind>
</comp>

<comp id="515" class="1005" name="add205_1_reg_515">
<pin_list>
<pin id="516" dir="0" index="0" bw="32" slack="1"/>
<pin id="517" dir="1" index="1" bw="32" slack="1"/>
</pin_list>
<bind>
<opset="add205_1 "/>
</bind>
</comp>

<comp id="520" class="1005" name="add205_2_reg_520">
<pin_list>
<pin id="521" dir="0" index="0" bw="32" slack="1"/>
<pin id="522" dir="1" index="1" bw="32" slack="1"/>
</pin_list>
<bind>
<opset="add205_2 "/>
</bind>
</comp>

<comp id="525" class="1005" name="add205_3_reg_525">
<pin_list>
<pin id="526" dir="0" index="0" bw="32" slack="1"/>
<pin id="527" dir="1" index="1" bw="32" slack="1"/>
</pin_list>
<bind>
<opset="add205_3 "/>
</bind>
</comp>

</comp_list>

<net_list>
<net id="73"><net_src comp="22" pin="0"/><net_sink comp="70" pin=0"/></net>

<net id="78"><net_src comp="24" pin="0"/><net_sink comp="74" pin=0"/></net>

<net id="79"><net_src comp="20" pin="0"/><net_sink comp="74" pin=1"/></net>

<net id="84"><net_src comp="26" pin="0"/><net_sink comp="80" pin=0"/></net>

<net id="85"><net_src comp="2" pin="0"/><net_sink comp="80" pin=1"/></net>

<net id="90"><net_src comp="28" pin="0"/><net_sink comp="86" pin=0"/></net>

<net id="91"><net_src comp="0" pin="0"/><net_sink comp="86" pin=1"/></net>

<net id="97"><net_src comp="4" pin="0"/><net_sink comp="92" pin=0"/></net>

<net id="98"><net_src comp="46" pin="0"/><net_sink comp="92" pin=1"/></net>

<net id="104"><net_src comp="6" pin="0"/><net_sink comp="99" pin=0"/></net>

<net id="105"><net_src comp="46" pin="0"/><net_sink comp="99" pin=1"/></net>

<net id="111"><net_src comp="8" pin="0"/><net_sink comp="106" pin=0"/></net>

<net id="112"><net_src comp="46" pin="0"/><net_sink comp="106" pin=1"/></net>

<net id="118"><net_src comp="10" pin="0"/><net_sink comp="113" pin=0"/></net>

<net id="119"><net_src comp="46" pin="0"/><net_sink comp="113" pin=1"/></net>

<net id="125"><net_src comp="92" pin="3"/><net_sink comp="120" pin=0"/></net>

<net id="131"><net_src comp="99" pin="3"/><net_sink comp="126" pin=0"/></net>

<net id="137"><net_src comp="106" pin="3"/><net_sink comp="132" pin=0"/></net>

<net id="143"><net_src comp="113" pin="3"/><net_sink comp="138" pin=0"/></net>

<net id="149"><net_src comp="18" pin="0"/><net_sink comp="144" pin=0"/></net>

<net id="150"><net_src comp="46" pin="0"/><net_sink comp="144" pin=1"/></net>

<net id="160"><net_src comp="144" pin="3"/><net_sink comp="151" pin=2"/></net>

<net id="166"><net_src comp="16" pin="0"/><net_sink comp="161" pin=0"/></net>

<net id="167"><net_src comp="46" pin="0"/><net_sink comp="161" pin=1"/></net>

<net id="177"><net_src comp="161" pin="3"/><net_sink comp="168" pin=2"/></net>

<net id="183"><net_src comp="14" pin="0"/><net_sink comp="178" pin=0"/></net>

<net id="184"><net_src comp="46" pin="0"/><net_sink comp="178" pin=1"/></net>

<net id="194"><net_src comp="178" pin="3"/><net_sink comp="185" pin=2"/></net>

<net id="200"><net_src comp="12" pin="0"/><net_sink comp="195" pin=0"/></net>

<net id="201"><net_src comp="46" pin="0"/><net_sink comp="195" pin=1"/></net>

<net id="211"><net_src comp="195" pin="3"/><net_sink comp="202" pin=2"/></net>

<net id="248"><net_src comp="30" pin="0"/><net_sink comp="244" pin=0"/></net>

<net id="257"><net_src comp="32" pin="0"/><net_sink comp="252" pin=0"/></net>

<net id="258"><net_src comp="249" pin="1"/><net_sink comp="252" pin=1"/></net>

<net id="259"><net_src comp="34" pin="0"/><net_sink comp="252" pin=2"/></net>

<net id="263"><net_src comp="249" pin="1"/><net_sink comp="260" pin=0"/></net>

<net id="267"><net_src comp="249" pin="1"/><net_sink comp="264" pin=0"/></net>

<net id="272"><net_src comp="260" pin="1"/><net_sink comp="268" pin=0"/></net>

<net id="273"><net_src comp="36" pin="0"/><net_sink comp="268" pin=1"/></net>

<net id="277"><net_src comp="268" pin="2"/><net_sink comp="274" pin=0"/></net>

<net id="284"><net_src comp="38" pin="0"/><net_sink comp="278" pin=0"/></net>

<net id="285"><net_src comp="249" pin="1"/><net_sink comp="278" pin=1"/></net>

<net id="286"><net_src comp="40" pin="0"/><net_sink comp="278" pin=2"/></net>

<net id="287"><net_src comp="42" pin="0"/><net_sink comp="278" pin=3"/></net>

<net id="293"><net_src comp="44" pin="0"/><net_sink comp="288" pin=0"/></net>

<net id="294"><net_src comp="80" pin="2"/><net_sink comp="288" pin=1"/></net>

<net id="295"><net_src comp="278" pin="4"/><net_sink comp="288" pin=2"/></net>

<net id="299"><net_src comp="288" pin="3"/><net_sink comp="296" pin=0"/></net>

<net id="300"><net_src comp="296" pin="1"/><net_sink comp="92" pin=2"/></net>

<net id="301"><net_src comp="296" pin="1"/><net_sink comp="99" pin=2"/></net>

<net id="302"><net_src comp="296" pin="1"/><net_sink comp="106" pin=2"/></net>

<net id="303"><net_src comp="296" pin="1"/><net_sink comp="113" pin=2"/></net>

<net id="308"><net_src comp="264" pin="1"/><net_sink comp="304" pin=0"/></net>

<net id="309"><net_src comp="86" pin="2"/><net_sink comp="304" pin=1"/></net>

<net id="314"><net_src comp="274" pin="1"/><net_sink comp="310" pin=0"/></net>

<net id="315"><net_src comp="86" pin="2"/><net_sink comp="310" pin=1"/></net>

<net id="320"><net_src comp="260" pin="1"/><net_sink comp="316" pin=0"/></net>

<net id="321"><net_src comp="48" pin="0"/><net_sink comp="316" pin=1"/></net>

<net id="325"><net_src comp="316" pin="2"/><net_sink comp="322" pin=0"/></net>

<net id="330"><net_src comp="322" pin="1"/><net_sink comp="326" pin=0"/></net>

<net id="331"><net_src comp="86" pin="2"/><net_sink comp="326" pin=1"/></net>

<net id="336"><net_src comp="260" pin="1"/><net_sink comp="332" pin=0"/></net>

<net id="337"><net_src comp="50" pin="0"/><net_sink comp="332" pin=1"/></net>

<net id="341"><net_src comp="332" pin="2"/><net_sink comp="338" pin=0"/></net>

<net id="346"><net_src comp="338" pin="1"/><net_sink comp="342" pin=0"/></net>

<net id="347"><net_src comp="86" pin="2"/><net_sink comp="342" pin=1"/></net>

<net id="352"><net_src comp="249" pin="1"/><net_sink comp="348" pin=0"/></net>

<net id="353"><net_src comp="52" pin="0"/><net_sink comp="348" pin=1"/></net>

<net id="358"><net_src comp="348" pin="2"/><net_sink comp="354" pin=0"/></net>

<net id="362"><net_src comp="359" pin="1"/><net_sink comp="144" pin=2"/></net>

<net id="363"><net_src comp="359" pin="1"/><net_sink comp="161" pin=2"/></net>

<net id="364"><net_src comp="359" pin="1"/><net_sink comp="178" pin=2"/></net>

<net id="365"><net_src comp="359" pin="1"/><net_sink comp="195" pin=2"/></net>

<net id="369"><net_src comp="70" pin="1"/><net_sink comp="366" pin=0"/></net>

<net id="370"><net_src comp="366" pin="1"/><net_sink comp="244" pin=1"/></net>

<net id="371"><net_src comp="366" pin="1"/><net_sink comp="249" pin=0"/></net>

<net id="372"><net_src comp="366" pin="1"/><net_sink comp="354" pin=1"/></net>

<net id="376"><net_src comp="74" pin="2"/><net_sink comp="373" pin=0"/></net>

<net id="377"><net_src comp="373" pin="1"/><net_sink comp="228" pin=0"/></net>

<net id="378"><net_src comp="373" pin="1"/><net_sink comp="232" pin=0"/></net>

<net id="379"><net_src comp="373" pin="1"/><net_sink comp="236" pin=0"/></net>

<net id="380"><net_src comp="373" pin="1"/><net_sink comp="240" pin=0"/></net>

<net id="384"><net_src comp="252" pin="3"/><net_sink comp="381" pin=0"/></net>

<net id="388"><net_src comp="278" pin="4"/><net_sink comp="385" pin=0"/></net>

<net id="389"><net_src comp="385" pin="1"/><net_sink comp="359" pin=0"/></net>

<net id="393"><net_src comp="92" pin="3"/><net_sink comp="390" pin=0"/></net>

<net id="394"><net_src comp="390" pin="1"/><net_sink comp="120" pin=0"/></net>

<net id="398"><net_src comp="99" pin="3"/><net_sink comp="395" pin=0"/></net>

<net id="399"><net_src comp="395" pin="1"/><net_sink comp="126" pin=0"/></net>

<net id="403"><net_src comp="106" pin="3"/><net_sink comp="400" pin=0"/></net>

<net id="404"><net_src comp="400" pin="1"/><net_sink comp="132" pin=0"/></net>

<net id="408"><net_src comp="113" pin="3"/><net_sink comp="405" pin=0"/></net>

<net id="409"><net_src comp="405" pin="1"/><net_sink comp="138" pin=0"/></net>

<net id="413"><net_src comp="304" pin="2"/><net_sink comp="410" pin=0"/></net>

<net id="417"><net_src comp="310" pin="2"/><net_sink comp="414" pin=0"/></net>

<net id="421"><net_src comp="326" pin="2"/><net_sink comp="418" pin=0"/></net>

<net id="425"><net_src comp="342" pin="2"/><net_sink comp="422" pin=0"/></net>

<net id="429"><net_src comp="120" pin="3"/><net_sink comp="426" pin=0"/></net>

<net id="430"><net_src comp="426" pin="1"/><net_sink comp="228" pin=1"/></net>

<net id="434"><net_src comp="126" pin="3"/><net_sink comp="431" pin=0"/></net>

<net id="435"><net_src comp="431" pin="1"/><net_sink comp="232" pin=1"/></net>

<net id="439"><net_src comp="132" pin="3"/><net_sink comp="436" pin=0"/></net>

<net id="440"><net_src comp="436" pin="1"/><net_sink comp="236" pin=1"/></net>

<net id="444"><net_src comp="138" pin="3"/><net_sink comp="441" pin=0"/></net>

<net id="445"><net_src comp="441" pin="1"/><net_sink comp="240" pin=1"/></net>

<net id="449"><net_src comp="144" pin="3"/><net_sink comp="446" pin=0"/></net>

<net id="450"><net_src comp="446" pin="1"/><net_sink comp="151" pin=2"/></net>

<net id="451"><net_src comp="446" pin="1"/><net_sink comp="151" pin=0"/></net>

<net id="455"><net_src comp="161" pin="3"/><net_sink comp="452" pin=0"/></net>

<net id="456"><net_src comp="452" pin="1"/><net_sink comp="168" pin=2"/></net>

<net id="457"><net_src comp="452" pin="1"/><net_sink comp="168" pin=0"/></net>

<net id="461"><net_src comp="178" pin="3"/><net_sink comp="458" pin=0"/></net>

<net id="462"><net_src comp="458" pin="1"/><net_sink comp="185" pin=2"/></net>

<net id="463"><net_src comp="458" pin="1"/><net_sink comp="185" pin=0"/></net>

<net id="467"><net_src comp="195" pin="3"/><net_sink comp="464" pin=0"/></net>

<net id="468"><net_src comp="464" pin="1"/><net_sink comp="202" pin=2"/></net>

<net id="469"><net_src comp="464" pin="1"/><net_sink comp="202" pin=0"/></net>

<net id="473"><net_src comp="228" pin="2"/><net_sink comp="470" pin=0"/></net>

<net id="474"><net_src comp="470" pin="1"/><net_sink comp="212" pin=1"/></net>

<net id="478"><net_src comp="151" pin="7"/><net_sink comp="475" pin=0"/></net>

<net id="479"><net_src comp="475" pin="1"/><net_sink comp="212" pin=0"/></net>

<net id="483"><net_src comp="232" pin="2"/><net_sink comp="480" pin=0"/></net>

<net id="484"><net_src comp="480" pin="1"/><net_sink comp="216" pin=1"/></net>

<net id="488"><net_src comp="168" pin="7"/><net_sink comp="485" pin=0"/></net>

<net id="489"><net_src comp="485" pin="1"/><net_sink comp="216" pin=0"/></net>

<net id="493"><net_src comp="236" pin="2"/><net_sink comp="490" pin=0"/></net>

<net id="494"><net_src comp="490" pin="1"/><net_sink comp="220" pin=1"/></net>

<net id="498"><net_src comp="185" pin="7"/><net_sink comp="495" pin=0"/></net>

<net id="499"><net_src comp="495" pin="1"/><net_sink comp="220" pin=0"/></net>

<net id="503"><net_src comp="240" pin="2"/><net_sink comp="500" pin=0"/></net>

<net id="504"><net_src comp="500" pin="1"/><net_sink comp="224" pin=1"/></net>

<net id="508"><net_src comp="202" pin="7"/><net_sink comp="505" pin=0"/></net>

<net id="509"><net_src comp="505" pin="1"/><net_sink comp="224" pin=0"/></net>

<net id="513"><net_src comp="212" pin="2"/><net_sink comp="510" pin=0"/></net>

<net id="514"><net_src comp="510" pin="1"/><net_sink comp="151" pin=1"/></net>

<net id="518"><net_src comp="216" pin="2"/><net_sink comp="515" pin=0"/></net>

<net id="519"><net_src comp="515" pin="1"/><net_sink comp="168" pin=1"/></net>

<net id="523"><net_src comp="220" pin="2"/><net_sink comp="520" pin=0"/></net>

<net id="524"><net_src comp="520" pin="1"/><net_sink comp="185" pin=1"/></net>

<net id="528"><net_src comp="224" pin="2"/><net_sink comp="525" pin=0"/></net>

<net id="529"><net_src comp="525" pin="1"/><net_sink comp="202" pin=1"/></net>

</net_list>

</model> 
---------------- Datapath Model END ------------------

* FSMD analyzer results:
  - Output states:
	Port: weighted_3 | {12 }
	Port: weighted_2 | {12 }
	Port: weighted_1 | {12 }
	Port: weighted | {12 }
 - Input state : 
	Port: flash_attention_hls_Pipeline_VITIS_LOOP_160_4 : d | {1 }
	Port: flash_attention_hls_Pipeline_VITIS_LOOP_160_4 : j_3 | {1 }
	Port: flash_attention_hls_Pipeline_VITIS_LOOP_160_4 : Vbuf | {1 2 }
	Port: flash_attention_hls_Pipeline_VITIS_LOOP_160_4 : Vbuf_1 | {1 2 }
	Port: flash_attention_hls_Pipeline_VITIS_LOOP_160_4 : Vbuf_2 | {1 2 }
	Port: flash_attention_hls_Pipeline_VITIS_LOOP_160_4 : Vbuf_3 | {1 2 }
	Port: flash_attention_hls_Pipeline_VITIS_LOOP_160_4 : weighted_3 | {5 6 }
	Port: flash_attention_hls_Pipeline_VITIS_LOOP_160_4 : weighted_2 | {5 6 }
	Port: flash_attention_hls_Pipeline_VITIS_LOOP_160_4 : weighted_1 | {5 6 }
	Port: flash_attention_hls_Pipeline_VITIS_LOOP_160_4 : weighted | {5 6 }
	Port: flash_attention_hls_Pipeline_VITIS_LOOP_160_4 : e | {1 }
  - Chain level:
	State 1
		store_ln160 : 1
		x_2 : 1
		tmp : 2
		br_ln160 : 3
		trunc_ln160 : 2
		zext_ln160 : 2
		or_ln160 : 3
		zext_ln160_1 : 3
		lshr_ln4 : 2
		tmp_s : 3
		zext_ln162_2 : 4
		Vbuf_addr : 5
		Vbuf_1_addr : 5
		Vbuf_2_addr : 5
		Vbuf_3_addr : 5
		icmp_ln162 : 3
		br_ln162 : 4
		Vbuf_load : 6
		icmp_ln162_1 : 4
		br_ln162 : 5
		Vbuf_1_load : 6
		or_ln160_1 : 3
		zext_ln162 : 3
		icmp_ln162_2 : 4
		br_ln162 : 5
		Vbuf_2_load : 6
		or_ln160_2 : 3
		zext_ln162_1 : 3
		icmp_ln162_3 : 4
		br_ln162 : 5
		Vbuf_3_load : 6
		add_ln160 : 2
		store_ln160 : 3
	State 2
	State 3
	State 4
	State 5
		weighted_addr : 1
		weighted_load : 2
		weighted_1_addr : 1
		weighted_1_load : 2
		weighted_2_addr : 1
		weighted_2_load : 2
		weighted_3_addr : 1
		weighted_3_load : 2
	State 6
	State 7
	State 8
	State 9
	State 10
	State 11
	State 12


============================================================
+ Verbose Summary: Datapath Resource usage 
============================================================

* Functional unit list:
|----------|---------------------|---------|---------|---------|
| Operation|   Functional Unit   |   DSP   |    FF   |   LUT   |
|----------|---------------------|---------|---------|---------|
|          |      grp_fu_212     |    2    |   205   |   390   |
|   fadd   |      grp_fu_216     |    2    |   205   |   390   |
|          |      grp_fu_220     |    2    |   205   |   390   |
|          |      grp_fu_224     |    2    |   205   |   390   |
|----------|---------------------|---------|---------|---------|
|          |      grp_fu_228     |    3    |   143   |   321   |
|   fmul   |      grp_fu_232     |    3    |   143   |   321   |
|          |      grp_fu_236     |    3    |   143   |   321   |
|          |      grp_fu_240     |    3    |   143   |   321   |
|----------|---------------------|---------|---------|---------|
|          |  icmp_ln162_fu_304  |    0    |    0    |    39   |
|   icmp   | icmp_ln162_1_fu_310 |    0    |    0    |    39   |
|          | icmp_ln162_2_fu_326 |    0    |    0    |    39   |
|          | icmp_ln162_3_fu_342 |    0    |    0    |    39   |
|----------|---------------------|---------|---------|---------|
|    add   |   add_ln160_fu_348  |    0    |    0    |    14   |
|----------|---------------------|---------|---------|---------|
|          |  e_read_read_fu_74  |    0    |    0    |    0    |
|   read   | j_3_read_read_fu_80 |    0    |    0    |    0    |
|          |  d_read_read_fu_86  |    0    |    0    |    0    |
|----------|---------------------|---------|---------|---------|
| bitselect|      tmp_fu_252     |    0    |    0    |    0    |
|----------|---------------------|---------|---------|---------|
|   trunc  |  trunc_ln160_fu_260 |    0    |    0    |    0    |
|----------|---------------------|---------|---------|---------|
|          |  zext_ln160_fu_264  |    0    |    0    |    0    |
|          | zext_ln160_1_fu_274 |    0    |    0    |    0    |
|   zext   | zext_ln162_2_fu_296 |    0    |    0    |    0    |
|          |  zext_ln162_fu_322  |    0    |    0    |    0    |
|          | zext_ln162_1_fu_338 |    0    |    0    |    0    |
|          | zext_ln160_2_fu_359 |    0    |    0    |    0    |
|----------|---------------------|---------|---------|---------|
|          |   or_ln160_fu_268   |    0    |    0    |    0    |
|    or    |  or_ln160_1_fu_316  |    0    |    0    |    0    |
|          |  or_ln160_2_fu_332  |    0    |    0    |    0    |
|----------|---------------------|---------|---------|---------|
|partselect|   lshr_ln4_fu_278   |    0    |    0    |    0    |
|----------|---------------------|---------|---------|---------|
|bitconcatenate|     tmp_s_fu_288    |    0    |    0    |    0    |
|----------|---------------------|---------|---------|---------|
|   Total  |                     |    20   |   1392  |   3014  |
|----------|---------------------|---------|---------|---------|

Memories:
N/A

* Register list:
+-----------------------+--------+
|                       |   FF   |
+-----------------------+--------+
|  Vbuf_1_addr_reg_395  |    6   |
|  Vbuf_1_load_reg_431  |   32   |
|  Vbuf_2_addr_reg_400  |    6   |
|  Vbuf_2_load_reg_436  |   32   |
|  Vbuf_3_addr_reg_405  |    6   |
|  Vbuf_3_load_reg_441  |   32   |
|   Vbuf_addr_reg_390   |    6   |
|   Vbuf_load_reg_426   |   32   |
|    add205_1_reg_515   |   32   |
|    add205_2_reg_520   |   32   |
|    add205_3_reg_525   |   32   |
|      add_reg_510      |   32   |
|     e_read_reg_373    |   32   |
|  icmp_ln162_1_reg_414 |    1   |
|  icmp_ln162_2_reg_418 |    1   |
|  icmp_ln162_3_reg_422 |    1   |
|   icmp_ln162_reg_410  |    1   |
|    lshr_ln4_reg_385   |    3   |
|    mul202_1_reg_480   |   32   |
|    mul202_2_reg_490   |   32   |
|    mul202_3_reg_500   |   32   |
|      mul2_reg_470     |   32   |
|      tmp_reg_381      |    1   |
|weighted_1_addr_reg_452|    3   |
|weighted_1_load_reg_485|   32   |
|weighted_2_addr_reg_458|    3   |
|weighted_2_load_reg_495|   32   |
|weighted_3_addr_reg_464|    3   |
|weighted_3_load_reg_505|   32   |
| weighted_addr_reg_446 |    3   |
| weighted_load_reg_475 |   32   |
|       x_reg_366       |    6   |
+-----------------------+--------+
|         Total         |   594  |
+-----------------------+--------+

* Multiplexer (MUX) list: 
|-------------------|------|------|------|--------||---------||---------|
|        Comp       |  Pin | Size |  BW  | S x BW ||  Delay  ||   LUT   |
|-------------------|------|------|------|--------||---------||---------|
| grp_access_fu_120 |  p0  |   2  |   6  |   12   ||    9    |
| grp_access_fu_126 |  p0  |   2  |   6  |   12   ||    9    |
| grp_access_fu_132 |  p0  |   2  |   6  |   12   ||    9    |
| grp_access_fu_138 |  p0  |   2  |   6  |   12   ||    9    |
| grp_access_fu_151 |  p2  |   2  |   0  |    0   ||    9    |
| grp_access_fu_168 |  p2  |   2  |   0  |    0   ||    9    |
| grp_access_fu_185 |  p2  |   2  |   0  |    0   ||    9    |
| grp_access_fu_202 |  p2  |   2  |   0  |    0   ||    9    |
|-------------------|------|------|------|--------||---------||---------|
|       Total       |      |      |      |   48   ||  12.704 ||    72   |
|-------------------|------|------|------|--------||---------||---------|



* Summary:
+-----------+--------+--------+--------+--------+
|           |   DSP  |  Delay |   FF   |   LUT  |
+-----------+--------+--------+--------+--------+
|  Function |   20   |    -   |  1392  |  3014  |
|   Memory  |    -   |    -   |    -   |    -   |
|Multiplexer|    -   |   12   |    -   |   72   |
|  Register |    -   |    -   |   594  |    -   |
+-----------+--------+--------+--------+--------+
|   Total   |   20   |   12   |  1986  |  3086  |
+-----------+--------+--------+--------+--------+
