

================================================================
== Vitis HLS Report for 'flash_attention_hls_Pipeline_VITIS_LOOP_160_4'
================================================================
* Date:           Fri May  8 14:39:22 2026

* Version:        2023.2 (Build 4023990 on Oct 11 2023)
* Project:        flash_attention_proj
* Solution:       solution1 (Vivado IP Flow Target)
* Product family: zynq
* Target device:  xc7z020-clg400-1


================================================================
== Performance Estimates
================================================================
+ Timing: 
    * Summary: 
    +--------+----------+----------+------------+
    |  Clock |  Target  | Estimated| Uncertainty|
    +--------+----------+----------+------------+
    |ap_clk  |  10.00 ns|  7.256 ns|     2.70 ns|
    +--------+----------+----------+------------+

+ Latency: 
    * Summary: 
    +---------+---------+----------+----------+-----+-----+---------+
    |  Latency (cycles) |  Latency (absolute) |  Interval | Pipeline|
    |   min   |   max   |    min   |    max   | min | max |   Type  |
    +---------+---------+----------+----------+-----+-----+---------+
    |       20|       20|  0.200 us|  0.200 us|   20|   20|       no|
    +---------+---------+----------+----------+-----+-----+---------+

    + Detail: 
        * Instance: 
        N/A

        * Loop: 
        +--------------------+---------+---------+----------+-----------+-----------+------+----------+
        |                    |  Latency (cycles) | Iteration|  Initiation Interval  | Trip |          |
        |      Loop Name     |   min   |   max   |  Latency |  achieved |   target  | Count| Pipelined|
        +--------------------+---------+---------+----------+-----------+-----------+------+----------+
        |- VITIS_LOOP_160_4  |       18|       18|        12|          1|          1|     8|       yes|
        +--------------------+---------+---------+----------+-----------+-----------+------+----------+

============================================================
+ Verbose Summary: Synthesis Manager
============================================================
InlineROM: 1
ExposeGlobal: 0
============================================================
+ Verbose Summary: CDFG Model
============================================================
IsTopModel: 0
ResetActiveHigh: 1
IsCombinational: 0
IsDatapathOnly: 0
HasWiredReturn: 1
HasMFsm: 2
HasVarLatency: 1
IsPipeline: 0
IsRtlPipelined: 0
IsInstanceOverlapped: 0
IsDontTouch: 0
HasImplIP: 0
IsGatedGlobalClock: 0

+ Individual pipeline summary: 
  * Pipeline-0: initiation interval (II) = 1, depth = 12


============================================================
+ Verbose Summary: Schedule
============================================================
* Number of FSM states : 12
* Pipeline : 1
  Pipeline-0 : II = 1, D = 12, States = { 1 2 3 4 5 6 7 8 9 10 11 12 }
* Dataflow Pipeline: 0

* FSM state transitions: 
1 --> 2 
2 --> 3 
3 --> 4 
4 --> 5 
5 --> 6 
6 --> 7 
7 --> 8 
8 --> 9 
9 --> 10 
10 --> 11 
11 --> 12 
12 --> 

* FSM state operations: 

State 1 <SV = 0> <Delay = 5.11>
ST_1 : Operation 15 [1/1] (0.00ns)   --->   "%x = alloca i32 1" [flash_attention.cpp:160]   --->   Operation 15 'alloca' 'x' <Predicate = true> <Delay = 0.00>
ST_1 : Operation 16 [1/1] (0.00ns)   --->   "%e_read = read i32 @_ssdm_op_Read.ap_auto.float, i32 %e"   --->   Operation 16 'read' 'e_read' <Predicate = true> <Delay = 0.00>
ST_1 : Operation 17 [1/1] (0.00ns)   --->   "%j_3_read = read i3 @_ssdm_op_Read.ap_auto.i3, i3 %j_3"   --->   Operation 17 'read' 'j_3_read' <Predicate = true> <Delay = 0.00>
ST_1 : Operation 18 [1/1] (0.00ns)   --->   "%d_read = read i32 @_ssdm_op_Read.ap_auto.i32, i32 %d"   --->   Operation 18 'read' 'd_read' <Predicate = true> <Delay = 0.00>
ST_1 : Operation 19 [1/1] (1.58ns)   --->   "%store_ln160 = store i6 0, i6 %x" [flash_attention.cpp:160]   --->   Operation 19 'store' 'store_ln160' <Predicate = true> <Delay = 1.58>
ST_1 : Operation 20 [1/1] (0.00ns)   --->   "%br_ln0 = br void %for.body195"   --->   Operation 20 'br' 'br_ln0' <Predicate = true> <Delay = 0.00>
ST_1 : Operation 21 [1/1] (0.00ns)   --->   "%x_2 = load i6 %x" [flash_attention.cpp:160]   --->   Operation 21 'load' 'x_2' <Predicate = true> <Delay = 0.00>
ST_1 : Operation 22 [1/1] (0.00ns)   --->   "%tmp = bitselect i1 @_ssdm_op_BitSelect.i1.i6.i32, i6 %x_2, i32 5" [flash_attention.cpp:160]   --->   Operation 22 'bitselect' 'tmp' <Predicate = true> <Delay = 0.00>
ST_1 : Operation 23 [1/1] (0.00ns)   --->   "%br_ln160 = br i1 %tmp, void %for.body195.split, void %for.inc210.exitStub" [flash_attention.cpp:160]   --->   Operation 23 'br' 'br_ln160' <Predicate = true> <Delay = 0.00>
ST_1 : Operation 24 [1/1] (0.00ns)   --->   "%trunc_ln160 = trunc i6 %x_2" [flash_attention.cpp:160]   --->   Operation 24 'trunc' 'trunc_ln160' <Predicate = (!tmp)> <Delay = 0.00>
ST_1 : Operation 25 [1/1] (0.00ns)   --->   "%zext_ln160 = zext i6 %x_2" [flash_attention.cpp:160]   --->   Operation 25 'zext' 'zext_ln160' <Predicate = (!tmp)> <Delay = 0.00>
ST_1 : Operation 26 [1/1] (0.00ns)   --->   "%or_ln160 = or i5 %trunc_ln160, i5 1" [flash_attention.cpp:160]   --->   Operation 26 'or' 'or_ln160' <Predicate = (!tmp)> <Delay = 0.00>
ST_1 : Operation 27 [1/1] (0.00ns)   --->   "%zext_ln160_1 = zext i5 %or_ln160" [flash_attention.cpp:160]   --->   Operation 27 'zext' 'zext_ln160_1' <Predicate = (!tmp)> <Delay = 0.00>
ST_1 : Operation 28 [1/1] (0.00ns)   --->   "%lshr_ln4 = partselect i3 @_ssdm_op_PartSelect.i3.i6.i32.i32, i6 %x_2, i32 2, i32 4" [flash_attention.cpp:160]   --->   Operation 28 'partselect' 'lshr_ln4' <Predicate = (!tmp)> <Delay = 0.00>
ST_1 : Operation 29 [1/1] (0.00ns)   --->   "%tmp_s = bitconcatenate i6 @_ssdm_op_BitConcatenate.i6.i3.i3, i3 %j_3_read, i3 %lshr_ln4" [flash_attention.cpp:162]   --->   Operation 29 'bitconcatenate' 'tmp_s' <Predicate = (!tmp)> <Delay = 0.00>
ST_1 : Operation 30 [1/1] (0.00ns)   --->   "%zext_ln162_2 = zext i6 %tmp_s" [flash_attention.cpp:162]   --->   Operation 30 'zext' 'zext_ln162_2' <Predicate = (!tmp)> <Delay = 0.00>
ST_1 : Operation 31 [1/1] (0.00ns)   --->   "%Vbuf_addr = getelementptr i32 %Vbuf, i64 0, i64 %zext_ln162_2" [flash_attention.cpp:162]   --->   Operation 31 'getelementptr' 'Vbuf_addr' <Predicate = (!tmp)> <Delay = 0.00>
ST_1 : Operation 32 [1/1] (0.00ns)   --->   "%Vbuf_1_addr = getelementptr i32 %Vbuf_1, i64 0, i64 %zext_ln162_2" [flash_attention.cpp:162]   --->   Operation 32 'getelementptr' 'Vbuf_1_addr' <Predicate = (!tmp)> <Delay = 0.00>
ST_1 : Operation 33 [1/1] (0.00ns)   --->   "%Vbuf_2_addr = getelementptr i32 %Vbuf_2, i64 0, i64 %zext_ln162_2" [flash_attention.cpp:162]   --->   Operation 33 'getelementptr' 'Vbuf_2_addr' <Predicate = (!tmp)> <Delay = 0.00>
ST_1 : Operation 34 [1/1] (0.00ns)   --->   "%Vbuf_3_addr = getelementptr i32 %Vbuf_3, i64 0, i64 %zext_ln162_2" [flash_attention.cpp:162]   --->   Operation 34 'getelementptr' 'Vbuf_3_addr' <Predicate = (!tmp)> <Delay = 0.00>
ST_1 : Operation 35 [1/1] (2.55ns)   --->   "%icmp_ln162 = icmp_slt  i32 %zext_ln160, i32 %d_read" [flash_attention.cpp:162]   --->   Operation 35 'icmp' 'icmp_ln162' <Predicate = (!tmp)> <Delay = 2.55> <CoreInst = "Cmp">   --->   Core 9 'Cmp' <Latency = 0> <II = 1> <Delay = 2.55> <FuncUnit> <Opcode : 'icmp'> <InPorts = 2> <OutPorts = 1>
ST_1 : Operation 36 [1/1] (0.00ns)   --->   "%br_ln162 = br i1 %icmp_ln162, void %for.inc207, void %if.then197" [flash_attention.cpp:162]   --->   Operation 36 'br' 'br_ln162' <Predicate = (!tmp)> <Delay = 0.00>
ST_1 : Operation 37 [2/2] (3.25ns)   --->   "%Vbuf_load = load i6 %Vbuf_addr" [flash_attention.cpp:162]   --->   Operation 37 'load' 'Vbuf_load' <Predicate = (!tmp & icmp_ln162)> <Delay = 3.25> <CoreInst = "RAM">   --->   Core 82 'RAM' <Latency = 1> <II = 1> <Delay = 3.25> <Storage> <Opcode : 'load' 'store'> <Ports = 2> <Width = 32> <Depth = 64> <RAM>
ST_1 : Operation 38 [1/1] (2.55ns)   --->   "%icmp_ln162_1 = icmp_slt  i32 %zext_ln160_1, i32 %d_read" [flash_attention.cpp:162]   --->   Operation 38 'icmp' 'icmp_ln162_1' <Predicate = (!tmp)> <Delay = 2.55> <CoreInst = "Cmp">   --->   Core 9 'Cmp' <Latency = 0> <II = 1> <Delay = 2.55> <FuncUnit> <Opcode : 'icmp'> <InPorts = 2> <OutPorts = 1>
ST_1 : Operation 39 [1/1] (0.00ns)   --->   "%br_ln162 = br i1 %icmp_ln162_1, void %for.inc207.1, void %if.then197.1" [flash_attention.cpp:162]   --->   Operation 39 'br' 'br_ln162' <Predicate = (!tmp)> <Delay = 0.00>
ST_1 : Operation 40 [2/2] (3.25ns)   --->   "%Vbuf_1_load = load i6 %Vbuf_1_addr" [flash_attention.cpp:162]   --->   Operation 40 'load' 'Vbuf_1_load' <Predicate = (!tmp & icmp_ln162_1)> <Delay = 3.25> <CoreInst = "RAM">   --->   Core 82 'RAM' <Latency = 1> <II = 1> <Delay = 3.25> <Storage> <Opcode : 'load' 'store'> <Ports = 2> <Width = 32> <Depth = 64> <RAM>
ST_1 : Operation 41 [1/1] (0.00ns) (grouped into LUT with out node icmp_ln162_2)   --->   "%or_ln160_1 = or i5 %trunc_ln160, i5 2" [flash_attention.cpp:160]   --->   Operation 41 'or' 'or_ln160_1' <Predicate = (!tmp)> <Delay = 0.00>
ST_1 : Operation 42 [1/1] (0.00ns) (grouped into LUT with out node icmp_ln162_2)   --->   "%zext_ln162 = zext i5 %or_ln160_1" [flash_attention.cpp:162]   --->   Operation 42 'zext' 'zext_ln162' <Predicate = (!tmp)> <Delay = 0.00>
ST_1 : Operation 43 [1/1] (2.55ns) (out node of the LUT)   --->   "%icmp_ln162_2 = icmp_slt  i32 %zext_ln162, i32 %d_read" [flash_attention.cpp:162]   --->   Operation 43 'icmp' 'icmp_ln162_2' <Predicate = (!tmp)> <Delay = 2.55> <CoreInst = "Cmp">   --->   Core 9 'Cmp' <Latency = 0> <II = 1> <Delay = 2.55> <FuncUnit> <Opcode : 'icmp'> <InPorts = 2> <OutPorts = 1>
ST_1 : Operation 44 [1/1] (0.00ns)   --->   "%br_ln162 = br i1 %icmp_ln162_2, void %for.inc207.2, void %if.then197.2" [flash_attention.cpp:162]   --->   Operation 44 'br' 'br_ln162' <Predicate = (!tmp)> <Delay = 0.00>
ST_1 : Operation 45 [2/2] (3.25ns)   --->   "%Vbuf_2_load = load i6 %Vbuf_2_addr" [flash_attention.cpp:162]   --->   Operation 45 'load' 'Vbuf_2_load' <Predicate = (!tmp & icmp_ln162_2)> <Delay = 3.25> <CoreInst = "RAM">   --->   Core 82 'RAM' <Latency = 1> <II = 1> <Delay = 3.25> <Storage> <Opcode : 'load' 'store'> <Ports = 2> <Width = 32> <Depth = 64> <RAM>
ST_1 : Operation 46 [1/1] (0.00ns) (grouped into LUT with out node icmp_ln162_3)   --->   "%or_ln160_2 = or i5 %trunc_ln160, i5 3" [flash_attention.cpp:160]   --->   Operation 46 'or' 'or_ln160_2' <Predicate = (!tmp)> <Delay = 0.00>
ST_1 : Operation 47 [1/1] (0.00ns) (grouped into LUT with out node icmp_ln162_3)   --->   "%zext_ln162_1 = zext i5 %or_ln160_2" [flash_attention.cpp:162]   --->   Operation 47 'zext' 'zext_ln162_1' <Predicate = (!tmp)> <Delay = 0.00>
ST_1 : Operation 48 [1/1] (2.55ns) (out node of the LUT)   --->   "%icmp_ln162_3 = icmp_slt  i32 %zext_ln162_1, i32 %d_read" [flash_attention.cpp:162]   --->   Operation 48 'icmp' 'icmp_ln162_3' <Predicate = (!tmp)> <Delay = 2.55> <CoreInst = "Cmp">   --->   Core 9 'Cmp' <Latency = 0> <II = 1> <Delay = 2.55> <FuncUnit> <Opcode : 'icmp'> <InPorts = 2> <OutPorts = 1>
ST_1 : Operation 49 [1/1] (0.00ns)   --->   "%br_ln162 = br i1 %icmp_ln162_3, void %for.inc207.3, void %if.then197.3" [flash_attention.cpp:162]   --->   Operation 49 'br' 'br_ln162' <Predicate = (!tmp)> <Delay = 0.00>
ST_1 : Operation 50 [2/2] (3.25ns)   --->   "%Vbuf_3_load = load i6 %Vbuf_3_addr" [flash_attention.cpp:162]   --->   Operation 50 'load' 'Vbuf_3_load' <Predicate = (!tmp & icmp_ln162_3)> <Delay = 3.25> <CoreInst = "RAM">   --->   Core 82 'RAM' <Latency = 1> <II = 1> <Delay = 3.25> <Storage> <Opcode : 'load' 'store'> <Ports = 2> <Width = 32> <Depth = 64> <RAM>
ST_1 : Operation 51 [1/1] (1.82ns)   --->   "%add_ln160 = add i6 %x_2, i6 4" [flash_attention.cpp:160]   --->   Operation 51 'add' 'add_ln160' <Predicate = (!tmp)> <Delay = 1.82> <CoreInst = "Adder">   --->   Core 1 'Adder' <Latency = 0> <II = 1> <Delay = 1.82> <FuncUnit> <Opcode : 'add' 'sub'> <InPorts = 2> <OutPorts = 1>
ST_1 : Operation 52 [1/1] (1.58ns)   --->   "%store_ln160 = store i6 %add_ln160, i6 %x" [flash_attention.cpp:160]   --->   Operation 52 'store' 'store_ln160' <Predicate = (!tmp)> <Delay = 1.58>
ST_1 : Operation 53 [1/1] (0.00ns)   --->   "%br_ln160 = br void %for.body195" [flash_attention.cpp:160]   --->   Operation 53 'br' 'br_ln160' <Predicate = (!tmp)> <Delay = 0.00>

State 2 <SV = 1> <Delay = 3.25>
ST_2 : Operation 54 [1/2] (3.25ns)   --->   "%Vbuf_load = load i6 %Vbuf_addr" [flash_attention.cpp:162]   --->   Operation 54 'load' 'Vbuf_load' <Predicate = (icmp_ln162)> <Delay = 3.25> <CoreInst = "RAM">   --->   Core 82 'RAM' <Latency = 1> <II = 1> <Delay = 3.25> <Storage> <Opcode : 'load' 'store'> <Ports = 2> <Width = 32> <Depth = 64> <RAM>
ST_2 : Operation 55 [1/2] (3.25ns)   --->   "%Vbuf_1_load = load i6 %Vbuf_1_addr" [flash_attention.cpp:162]   --->   Operation 55 'load' 'Vbuf_1_load' <Predicate = (icmp_ln162_1)> <Delay = 3.25> <CoreInst = "RAM">   --->   Core 82 'RAM' <Latency = 1> <II = 1> <Delay = 3.25> <Storage> <Opcode : 'load' 'store'> <Ports = 2> <Width = 32> <Depth = 64> <RAM>
ST_2 : Operation 56 [1/2] (3.25ns)   --->   "%Vbuf_2_load = load i6 %Vbuf_2_addr" [flash_attention.cpp:162]   --->   Operation 56 'load' 'Vbuf_2_load' <Predicate = (icmp_ln162_2)> <Delay = 3.25> <CoreInst = "RAM">   --->   Core 82 'RAM' <Latency = 1> <II = 1> <Delay = 3.25> <Storage> <Opcode : 'load' 'store'> <Ports = 2> <Width = 32> <Depth = 64> <RAM>
ST_2 : Operation 57 [1/2] (3.25ns)   --->   "%Vbuf_3_load = load i6 %Vbuf_3_addr" [flash_attention.cpp:162]   --->   Operation 57 'load' 'Vbuf_3_load' <Predicate = (icmp_ln162_3)> <Delay = 3.25> <CoreInst = "RAM">   --->   Core 82 'RAM' <Latency = 1> <II = 1> <Delay = 3.25> <Storage> <Opcode : 'load' 'store'> <Ports = 2> <Width = 32> <Depth = 64> <RAM>

State 3 <SV = 2> <Delay = 5.70>
ST_3 : Operation 58 [4/4] (5.70ns)   --->   "%mul2 = fmul i32 %e_read, i32 %Vbuf_load" [flash_attention.cpp:162]   --->   Operation 58 'fmul' 'mul2' <Predicate = (icmp_ln162)> <Delay = 5.70> <CoreInst = "FMul_maxdsp">   --->   Core 30 'FMul_maxdsp' <Latency = 3> <II = 1> <Delay = 5.70> <FuncUnit> <Opcode : 'fmul'> <InPorts = 2> <OutPorts = 1>
ST_3 : Operation 59 [4/4] (5.70ns)   --->   "%mul202_1 = fmul i32 %e_read, i32 %Vbuf_1_load" [flash_attention.cpp:162]   --->   Operation 59 'fmul' 'mul202_1' <Predicate = (icmp_ln162_1)> <Delay = 5.70> <CoreInst = "FMul_maxdsp">   --->   Core 30 'FMul_maxdsp' <Latency = 3> <II = 1> <Delay = 5.70> <FuncUnit> <Opcode : 'fmul'> <InPorts = 2> <OutPorts = 1>
ST_3 : Operation 60 [4/4] (5.70ns)   --->   "%mul202_2 = fmul i32 %e_read, i32 %Vbuf_2_load" [flash_attention.cpp:162]   --->   Operation 60 'fmul' 'mul202_2' <Predicate = (icmp_ln162_2)> <Delay = 5.70> <CoreInst = "FMul_maxdsp">   --->   Core 30 'FMul_maxdsp' <Latency = 3> <II = 1> <Delay = 5.70> <FuncUnit> <Opcode : 'fmul'> <InPorts = 2> <OutPorts = 1>
ST_3 : Operation 61 [4/4] (5.70ns)   --->   "%mul202_3 = fmul i32 %e_read, i32 %Vbuf_3_load" [flash_attention.cpp:162]   --->   Operation 61 'fmul' 'mul202_3' <Predicate = (icmp_ln162_3)> <Delay = 5.70> <CoreInst = "FMul_maxdsp">   --->   Core 30 'FMul_maxdsp' <Latency = 3> <II = 1> <Delay = 5.70> <FuncUnit> <Opcode : 'fmul'> <InPorts = 2> <OutPorts = 1>

State 4 <SV = 3> <Delay = 5.70>
ST_4 : Operation 62 [3/4] (5.70ns)   --->   "%mul2 = fmul i32 %e_read, i32 %Vbuf_load" [flash_attention.cpp:162]   --->   Operation 62 'fmul' 'mul2' <Predicate = (icmp_ln162)> <Delay = 5.70> <CoreInst = "FMul_maxdsp">   --->   Core 30 'FMul_maxdsp' <Latency = 3> <II = 1> <Delay = 5.70> <FuncUnit> <Opcode : 'fmul'> <InPorts = 2> <OutPorts = 1>
ST_4 : Operation 63 [3/4] (5.70ns)   --->   "%mul202_1 = fmul i32 %e_read, i32 %Vbuf_1_load" [flash_attention.cpp:162]   --->   Operation 63 'fmul' 'mul202_1' <Predicate = (icmp_ln162_1)> <Delay = 5.70> <CoreInst = "FMul_maxdsp">   --->   Core 30 'FMul_maxdsp' <Latency = 3> <II = 1> <Delay = 5.70> <FuncUnit> <Opcode : 'fmul'> <InPorts = 2> <OutPorts = 1>
ST_4 : Operation 64 [3/4] (5.70ns)   --->   "%mul202_2 = fmul i32 %e_read, i32 %Vbuf_2_load" [flash_attention.cpp:162]   --->   Operation 64 'fmul' 'mul202_2' <Predicate = (icmp_ln162_2)> <Delay = 5.70> <CoreInst = "FMul_maxdsp">   --->   Core 30 'FMul_maxdsp' <Latency = 3> <II = 1> <Delay = 5.70> <FuncUnit> <Opcode : 'fmul'> <InPorts = 2> <OutPorts = 1>
ST_4 : Operation 65 [3/4] (5.70ns)   --->   "%mul202_3 = fmul i32 %e_read, i32 %Vbuf_3_load" [flash_attention.cpp:162]   --->   Operation 65 'fmul' 'mul202_3' <Predicate = (icmp_ln162_3)> <Delay = 5.70> <CoreInst = "FMul_maxdsp">   --->   Core 30 'FMul_maxdsp' <Latency = 3> <II = 1> <Delay = 5.70> <FuncUnit> <Opcode : 'fmul'> <InPorts = 2> <OutPorts = 1>

State 5 <SV = 4> <Delay = 5.70>
ST_5 : Operation 66 [1/1] (0.00ns)   --->   "%specpipeline_ln160 = specpipeline void @_ssdm_op_SpecPipeline, i32 4294967295, i32 0, i32 0, i32 0, void @empty_22" [flash_attention.cpp:160]   --->   Operation 66 'specpipeline' 'specpipeline_ln160' <Predicate = true> <Delay = 0.00>
ST_5 : Operation 67 [1/1] (0.00ns)   --->   "%speclooptripcount_ln160 = speclooptripcount void @_ssdm_op_SpecLoopTripCount, i64 8, i64 8, i64 8" [flash_attention.cpp:160]   --->   Operation 67 'speclooptripcount' 'speclooptripcount_ln160' <Predicate = true> <Delay = 0.00>
ST_5 : Operation 68 [1/1] (0.00ns)   --->   "%specloopname_ln160 = specloopname void @_ssdm_op_SpecLoopName, void @empty_13" [flash_attention.cpp:160]   --->   Operation 68 'specloopname' 'specloopname_ln160' <Predicate = true> <Delay = 0.00>
ST_5 : Operation 69 [1/1] (0.00ns)   --->   "%zext_ln160_2 = zext i3 %lshr_ln4" [flash_attention.cpp:160]   --->   Operation 69 'zext' 'zext_ln160_2' <Predicate = true> <Delay = 0.00>
ST_5 : Operation 70 [2/4] (5.70ns)   --->   "%mul2 = fmul i32 %e_read, i32 %Vbuf_load" [flash_attention.cpp:162]   --->   Operation 70 'fmul' 'mul2' <Predicate = (icmp_ln162)> <Delay = 5.70> <CoreInst = "FMul_maxdsp">   --->   Core 30 'FMul_maxdsp' <Latency = 3> <II = 1> <Delay = 5.70> <FuncUnit> <Opcode : 'fmul'> <InPorts = 2> <OutPorts = 1>
ST_5 : Operation 71 [1/1] (0.00ns)   --->   "%weighted_addr = getelementptr i32 %weighted, i64 0, i64 %zext_ln160_2" [flash_attention.cpp:162]   --->   Operation 71 'getelementptr' 'weighted_addr' <Predicate = (icmp_ln162)> <Delay = 0.00>
ST_5 : Operation 72 [2/2] (2.32ns)   --->   "%weighted_load = load i3 %weighted_addr" [flash_attention.cpp:162]   --->   Operation 72 'load' 'weighted_load' <Predicate = (icmp_ln162)> <Delay = 2.32> <CoreInst = "RAM">   --->   Core 82 'RAM' <Latency = 1> <II = 1> <Delay = 2.32> <Storage> <Opcode : 'load' 'store'> <Ports = 2> <Width = 32> <Depth = 8> <RAM>
ST_5 : Operation 73 [2/4] (5.70ns)   --->   "%mul202_1 = fmul i32 %e_read, i32 %Vbuf_1_load" [flash_attention.cpp:162]   --->   Operation 73 'fmul' 'mul202_1' <Predicate = (icmp_ln162_1)> <Delay = 5.70> <CoreInst = "FMul_maxdsp">   --->   Core 30 'FMul_maxdsp' <Latency = 3> <II = 1> <Delay = 5.70> <FuncUnit> <Opcode : 'fmul'> <InPorts = 2> <OutPorts = 1>
ST_5 : Operation 74 [1/1] (0.00ns)   --->   "%weighted_1_addr = getelementptr i32 %weighted_1, i64 0, i64 %zext_ln160_2" [flash_attention.cpp:162]   --->   Operation 74 'getelementptr' 'weighted_1_addr' <Predicate = (icmp_ln162_1)> <Delay = 0.00>
ST_5 : Operation 75 [2/2] (2.32ns)   --->   "%weighted_1_load = load i3 %weighted_1_addr" [flash_attention.cpp:162]   --->   Operation 75 'load' 'weighted_1_load' <Predicate = (icmp_ln162_1)> <Delay = 2.32> <CoreInst = "RAM">   --->   Core 82 'RAM' <Latency = 1> <II = 1> <Delay = 2.32> <Storage> <Opcode : 'load' 'store'> <Ports = 2> <Width = 32> <Depth = 8> <RAM>
ST_5 : Operation 76 [2/4] (5.70ns)   --->   "%mul202_2 = fmul i32 %e_read, i32 %Vbuf_2_load" [flash_attention.cpp:162]   --->   Operation 76 'fmul' 'mul202_2' <Predicate = (icmp_ln162_2)> <Delay = 5.70> <CoreInst = "FMul_maxdsp">   --->   Core 30 'FMul_maxdsp' <Latency = 3> <II = 1> <Delay = 5.70> <FuncUnit> <Opcode : 'fmul'> <InPorts = 2> <OutPorts = 1>
ST_5 : Operation 77 [1/1] (0.00ns)   --->   "%weighted_2_addr = getelementptr i32 %weighted_2, i64 0, i64 %zext_ln160_2" [flash_attention.cpp:162]   --->   Operation 77 'getelementptr' 'weighted_2_addr' <Predicate = (icmp_ln162_2)> <Delay = 0.00>
ST_5 : Operation 78 [2/2] (2.32ns)   --->   "%weighted_2_load = load i3 %weighted_2_addr" [flash_attention.cpp:162]   --->   Operation 78 'load' 'weighted_2_load' <Predicate = (icmp_ln162_2)> <Delay = 2.32> <CoreInst = "RAM">   --->   Core 82 'RAM' <Latency = 1> <II = 1> <Delay = 2.32> <Storage> <Opcode : 'load' 'store'> <Ports = 2> <Width = 32> <Depth = 8> <RAM>
ST_5 : Operation 79 [2/4] (5.70ns)   --->   "%mul202_3 = fmul i32 %e_read, i32 %Vbuf_3_load" [flash_attention.cpp:162]   --->   Operation 79 'fmul' 'mul202_3' <Predicate = (icmp_ln162_3)> <Delay = 5.70> <CoreInst = "FMul_maxdsp">   --->   Core 30 'FMul_maxdsp' <Latency = 3> <II = 1> <Delay = 5.70> <FuncUnit> <Opcode : 'fmul'> <InPorts = 2> <OutPorts = 1>
ST_5 : Operation 80 [1/1] (0.00ns)   --->   "%weighted_3_addr = getelementptr i32 %weighted_3, i64 0, i64 %zext_ln160_2" [flash_attention.cpp:162]   --->   Operation 80 'getelementptr' 'weighted_3_addr' <Predicate = (icmp_ln162_3)> <Delay = 0.00>
ST_5 : Operation 81 [2/2] (2.32ns)   --->   "%weighted_3_load = load i3 %weighted_3_addr" [flash_attention.cpp:162]   --->   Operation 81 'load' 'weighted_3_load' <Predicate = (icmp_ln162_3)> <Delay = 2.32> <CoreInst = "RAM">   --->   Core 82 'RAM' <Latency = 1> <II = 1> <Delay = 2.32> <Storage> <Opcode : 'load' 'store'> <Ports = 2> <Width = 32> <Depth = 8> <RAM>

State 6 <SV = 5> <Delay = 5.70>
ST_6 : Operation 82 [1/4] (5.70ns)   --->   "%mul2 = fmul i32 %e_read, i32 %Vbuf_load" [flash_attention.cpp:162]   --->   Operation 82 'fmul' 'mul2' <Predicate = (icmp_ln162)> <Delay = 5.70> <CoreInst = "FMul_maxdsp">   --->   Core 30 'FMul_maxdsp' <Latency = 3> <II = 1> <Delay = 5.70> <FuncUnit> <Opcode : 'fmul'> <InPorts = 2> <OutPorts = 1>
ST_6 : Operation 83 [1/2] (2.32ns)   --->   "%weighted_load = load i3 %weighted_addr" [flash_attention.cpp:162]   --->   Operation 83 'load' 'weighted_load' <Predicate = (icmp_ln162)> <Delay = 2.32> <CoreInst = "RAM">   --->   Core 82 'RAM' <Latency = 1> <II = 1> <Delay = 2.32> <Storage> <Opcode : 'load' 'store'> <Ports = 2> <Width = 32> <Depth = 8> <RAM>
ST_6 : Operation 84 [1/4] (5.70ns)   --->   "%mul202_1 = fmul i32 %e_read, i32 %Vbuf_1_load" [flash_attention.cpp:162]   --->   Operation 84 'fmul' 'mul202_1' <Predicate = (icmp_ln162_1)> <Delay = 5.70> <CoreInst = "FMul_maxdsp">   --->   Core 30 'FMul_maxdsp' <Latency = 3> <II = 1> <Delay = 5.70> <FuncUnit> <Opcode : 'fmul'> <InPorts = 2> <OutPorts = 1>
ST_6 : Operation 85 [1/2] (2.32ns)   --->   "%weighted_1_load = load i3 %weighted_1_addr" [flash_attention.cpp:162]   --->   Operation 85 'load' 'weighted_1_load' <Predicate = (icmp_ln162_1)> <Delay = 2.32> <CoreInst = "RAM">   --->   Core 82 'RAM' <Latency = 1> <II = 1> <Delay = 2.32> <Storage> <Opcode : 'load' 'store'> <Ports = 2> <Width = 32> <Depth = 8> <RAM>
ST_6 : Operation 86 [1/4] (5.70ns)   --->   "%mul202_2 = fmul i32 %e_read, i32 %Vbuf_2_load" [flash_attention.cpp:162]   --->   Operation 86 'fmul' 'mul202_2' <Predicate = (icmp_ln162_2)> <Delay = 5.70> <CoreInst = "FMul_maxdsp">   --->   Core 30 'FMul_maxdsp' <Latency = 3> <II = 1> <Delay = 5.70> <FuncUnit> <Opcode : 'fmul'> <InPorts = 2> <OutPorts = 1>
ST_6 : Operation 87 [1/2] (2.32ns)   --->   "%weighted_2_load = load i3 %weighted_2_addr" [flash_attention.cpp:162]   --->   Operation 87 'load' 'weighted_2_load' <Predicate = (icmp_ln162_2)> <Delay = 2.32> <CoreInst = "RAM">   --->   Core 82 'RAM' <Latency = 1> <II = 1> <Delay = 2.32> <Storage> <Opcode : 'load' 'store'> <Ports = 2> <Width = 32> <Depth = 8> <RAM>
ST_6 : Operation 88 [1/4] (5.70ns)   --->   "%mul202_3 = fmul i32 %e_read, i32 %Vbuf_3_load" [flash_attention.cpp:162]   --->   Operation 88 'fmul' 'mul202_3' <Predicate = (icmp_ln162_3)> <Delay = 5.70> <CoreInst = "FMul_maxdsp">   --->   Core 30 'FMul_maxdsp' <Latency = 3> <II = 1> <Delay = 5.70> <FuncUnit> <Opcode : 'fmul'> <InPorts = 2> <OutPorts = 1>
ST_6 : Operation 89 [1/2] (2.32ns)   --->   "%weighted_3_load = load i3 %weighted_3_addr" [flash_attention.cpp:162]   --->   Operation 89 'load' 'weighted_3_load' <Predicate = (icmp_ln162_3)> <Delay = 2.32> <CoreInst = "RAM">   --->   Core 82 'RAM' <Latency = 1> <II = 1> <Delay = 2.32> <Storage> <Opcode : 'load' 'store'> <Ports = 2> <Width = 32> <Depth = 8> <RAM>

State 7 <SV = 6> <Delay = 7.25>
ST_7 : Operation 90 [5/5] (7.25ns)   --->   "%add = fadd i32 %weighted_load, i32 %mul2" [flash_attention.cpp:162]   --->   Operation 90 'fadd' 'add' <Predicate = (icmp_ln162)> <Delay = 7.25> <CoreInst = "FAddSub_fulldsp">   --->   Core 18 'FAddSub_fulldsp' <Latency = 4> <II = 1> <Delay = 7.25> <FuncUnit> <Opcode : 'fadd' 'fsub'> <InPorts = 2> <OutPorts = 1>
ST_7 : Operation 91 [5/5] (7.25ns)   --->   "%add205_1 = fadd i32 %weighted_1_load, i32 %mul202_1" [flash_attention.cpp:162]   --->   Operation 91 'fadd' 'add205_1' <Predicate = (icmp_ln162_1)> <Delay = 7.25> <CoreInst = "FAddSub_fulldsp">   --->   Core 18 'FAddSub_fulldsp' <Latency = 4> <II = 1> <Delay = 7.25> <FuncUnit> <Opcode : 'fadd' 'fsub'> <InPorts = 2> <OutPorts = 1>
ST_7 : Operation 92 [5/5] (7.25ns)   --->   "%add205_2 = fadd i32 %weighted_2_load, i32 %mul202_2" [flash_attention.cpp:162]   --->   Operation 92 'fadd' 'add205_2' <Predicate = (icmp_ln162_2)> <Delay = 7.25> <CoreInst = "FAddSub_fulldsp">   --->   Core 18 'FAddSub_fulldsp' <Latency = 4> <II = 1> <Delay = 7.25> <FuncUnit> <Opcode : 'fadd' 'fsub'> <InPorts = 2> <OutPorts = 1>
ST_7 : Operation 93 [5/5] (7.25ns)   --->   "%add205_3 = fadd i32 %weighted_3_load, i32 %mul202_3" [flash_attention.cpp:162]   --->   Operation 93 'fadd' 'add205_3' <Predicate = (icmp_ln162_3)> <Delay = 7.25> <CoreInst = "FAddSub_fulldsp">   --->   Core 18 'FAddSub_fulldsp' <Latency = 4> <II = 1> <Delay = 7.25> <FuncUnit> <Opcode : 'fadd' 'fsub'> <InPorts = 2> <OutPorts = 1>

State 8 <SV = 7> <Delay = 7.25>
ST_8 : Operation 94 [4/5] (7.25ns)   --->   "%add = fadd i32 %weighted_load, i32 %mul2" [flash_attention.cpp:162]   --->   Operation 94 'fadd' 'add' <Predicate = (icmp_ln162)> <Delay = 7.25> <CoreInst = "FAddSub_fulldsp">   --->   Core 18 'FAddSub_fulldsp' <Latency = 4> <II = 1> <Delay = 7.25> <FuncUnit> <Opcode : 'fadd' 'fsub'> <InPorts = 2> <OutPorts = 1>
ST_8 : Operation 95 [4/5] (7.25ns)   --->   "%add205_1 = fadd i32 %weighted_1_load, i32 %mul202_1" [flash_attention.cpp:162]   --->   Operation 95 'fadd' 'add205_1' <Predicate = (icmp_ln162_1)> <Delay = 7.25> <CoreInst = "FAddSub_fulldsp">   --->   Core 18 'FAddSub_fulldsp' <Latency = 4> <II = 1> <Delay = 7.25> <FuncUnit> <Opcode : 'fadd' 'fsub'> <InPorts = 2> <OutPorts = 1>
ST_8 : Operation 96 [4/5] (7.25ns)   --->   "%add205_2 = fadd i32 %weighted_2_load, i32 %mul202_2" [flash_attention.cpp:162]   --->   Operation 96 'fadd' 'add205_2' <Predicate = (icmp_ln162_2)> <Delay = 7.25> <CoreInst = "FAddSub_fulldsp">   --->   Core 18 'FAddSub_fulldsp' <Latency = 4> <II = 1> <Delay = 7.25> <FuncUnit> <Opcode : 'fadd' 'fsub'> <InPorts = 2> <OutPorts = 1>
ST_8 : Operation 97 [4/5] (7.25ns)   --->   "%add205_3 = fadd i32 %weighted_3_load, i32 %mul202_3" [flash_attention.cpp:162]   --->   Operation 97 'fadd' 'add205_3' <Predicate = (icmp_ln162_3)> <Delay = 7.25> <CoreInst = "FAddSub_fulldsp">   --->   Core 18 'FAddSub_fulldsp' <Latency = 4> <II = 1> <Delay = 7.25> <FuncUnit> <Opcode : 'fadd' 'fsub'> <InPorts = 2> <OutPorts = 1>

State 9 <SV = 8> <Delay = 7.25>
ST_9 : Operation 98 [3/5] (7.25ns)   --->   "%add = fadd i32 %weighted_load, i32 %mul2" [flash_attention.cpp:162]   --->   Operation 98 'fadd' 'add' <Predicate = (icmp_ln162)> <Delay = 7.25> <CoreInst = "FAddSub_fulldsp">   --->   Core 18 'FAddSub_fulldsp' <Latency = 4> <II = 1> <Delay = 7.25> <FuncUnit> <Opcode : 'fadd' 'fsub'> <InPorts = 2> <OutPorts = 1>
ST_9 : Operation 99 [3/5] (7.25ns)   --->   "%add205_1 = fadd i32 %weighted_1_load, i32 %mul202_1" [flash_attention.cpp:162]   --->   Operation 99 'fadd' 'add205_1' <Predicate = (icmp_ln162_1)> <Delay = 7.25> <CoreInst = "FAddSub_fulldsp">   --->   Core 18 'FAddSub_fulldsp' <Latency = 4> <II = 1> <Delay = 7.25> <FuncUnit> <Opcode : 'fadd' 'fsub'> <InPorts = 2> <OutPorts = 1>
ST_9 : Operation 100 [3/5] (7.25ns)   --->   "%add205_2 = fadd i32 %weighted_2_load, i32 %mul202_2" [flash_attention.cpp:162]   --->   Operation 100 'fadd' 'add205_2' <Predicate = (icmp_ln162_2)> <Delay = 7.25> <CoreInst = "FAddSub_fulldsp">   --->   Core 18 'FAddSub_fulldsp' <Latency = 4> <II = 1> <Delay = 7.25> <FuncUnit> <Opcode : 'fadd' 'fsub'> <InPorts = 2> <OutPorts = 1>
ST_9 : Operation 101 [3/5] (7.25ns)   --->   "%add205_3 = fadd i32 %weighted_3_load, i32 %mul202_3" [flash_attention.cpp:162]   --->   Operation 101 'fadd' 'add205_3' <Predicate = (icmp_ln162_3)> <Delay = 7.25> <CoreInst = "FAddSub_fulldsp">   --->   Core 18 'FAddSub_fulldsp' <Latency = 4> <II = 1> <Delay = 7.25> <FuncUnit> <Opcode : 'fadd' 'fsub'> <InPorts = 2> <OutPorts = 1>

State 10 <SV = 9> <Delay = 7.25>
ST_10 : Operation 102 [2/5] (7.25ns)   --->   "%add = fadd i32 %weighted_load, i32 %mul2" [flash_attention.cpp:162]   --->   Operation 102 'fadd' 'add' <Predicate = (icmp_ln162)> <Delay = 7.25> <CoreInst = "FAddSub_fulldsp">   --->   Core 18 'FAddSub_fulldsp' <Latency = 4> <II = 1> <Delay = 7.25> <FuncUnit> <Opcode : 'fadd' 'fsub'> <InPorts = 2> <OutPorts = 1>
ST_10 : Operation 103 [2/5] (7.25ns)   --->   "%add205_1 = fadd i32 %weighted_1_load, i32 %mul202_1" [flash_attention.cpp:162]   --->   Operation 103 'fadd' 'add205_1' <Predicate = (icmp_ln162_1)> <Delay = 7.25> <CoreInst = "FAddSub_fulldsp">   --->   Core 18 'FAddSub_fulldsp' <Latency = 4> <II = 1> <Delay = 7.25> <FuncUnit> <Opcode : 'fadd' 'fsub'> <InPorts = 2> <OutPorts = 1>
ST_10 : Operation 104 [2/5] (7.25ns)   --->   "%add205_2 = fadd i32 %weighted_2_load, i32 %mul202_2" [flash_attention.cpp:162]   --->   Operation 104 'fadd' 'add205_2' <Predicate = (icmp_ln162_2)> <Delay = 7.25> <CoreInst = "FAddSub_fulldsp">   --->   Core 18 'FAddSub_fulldsp' <Latency = 4> <II = 1> <Delay = 7.25> <FuncUnit> <Opcode : 'fadd' 'fsub'> <InPorts = 2> <OutPorts = 1>
ST_10 : Operation 105 [2/5] (7.25ns)   --->   "%add205_3 = fadd i32 %weighted_3_load, i32 %mul202_3" [flash_attention.cpp:162]   --->   Operation 105 'fadd' 'add205_3' <Predicate = (icmp_ln162_3)> <Delay = 7.25> <CoreInst = "FAddSub_fulldsp">   --->   Core 18 'FAddSub_fulldsp' <Latency = 4> <II = 1> <Delay = 7.25> <FuncUnit> <Opcode : 'fadd' 'fsub'> <InPorts = 2> <OutPorts = 1>

State 11 <SV = 10> <Delay = 7.25>
ST_11 : Operation 106 [1/5] (7.25ns)   --->   "%add = fadd i32 %weighted_load, i32 %mul2" [flash_attention.cpp:162]   --->   Operation 106 'fadd' 'add' <Predicate = (icmp_ln162)> <Delay = 7.25> <CoreInst = "FAddSub_fulldsp">   --->   Core 18 'FAddSub_fulldsp' <Latency = 4> <II = 1> <Delay = 7.25> <FuncUnit> <Opcode : 'fadd' 'fsub'> <InPorts = 2> <OutPorts = 1>
ST_11 : Operation 107 [1/5] (7.25ns)   --->   "%add205_1 = fadd i32 %weighted_1_load, i32 %mul202_1" [flash_attention.cpp:162]   --->   Operation 107 'fadd' 'add205_1' <Predicate = (icmp_ln162_1)> <Delay = 7.25> <CoreInst = "FAddSub_fulldsp">   --->   Core 18 'FAddSub_fulldsp' <Latency = 4> <II = 1> <Delay = 7.25> <FuncUnit> <Opcode : 'fadd' 'fsub'> <InPorts = 2> <OutPorts = 1>
ST_11 : Operation 108 [1/5] (7.25ns)   --->   "%add205_2 = fadd i32 %weighted_2_load, i32 %mul202_2" [flash_attention.cpp:162]   --->   Operation 108 'fadd' 'add205_2' <Predicate = (icmp_ln162_2)> <Delay = 7.25> <CoreInst = "FAddSub_fulldsp">   --->   Core 18 'FAddSub_fulldsp' <Latency = 4> <II = 1> <Delay = 7.25> <FuncUnit> <Opcode : 'fadd' 'fsub'> <InPorts = 2> <OutPorts = 1>
ST_11 : Operation 109 [1/5] (7.25ns)   --->   "%add205_3 = fadd i32 %weighted_3_load, i32 %mul202_3" [flash_attention.cpp:162]   --->   Operation 109 'fadd' 'add205_3' <Predicate = (icmp_ln162_3)> <Delay = 7.25> <CoreInst = "FAddSub_fulldsp">   --->   Core 18 'FAddSub_fulldsp' <Latency = 4> <II = 1> <Delay = 7.25> <FuncUnit> <Opcode : 'fadd' 'fsub'> <InPorts = 2> <OutPorts = 1>
ST_11 : Operation 118 [1/1] (0.00ns)   --->   "%ret_ln0 = ret"   --->   Operation 118 'ret' 'ret_ln0' <Predicate = (tmp)> <Delay = 0.00>

State 12 <SV = 11> <Delay = 2.32>
ST_12 : Operation 110 [1/1] (2.32ns)   --->   "%store_ln162 = store i32 %add, i3 %weighted_addr" [flash_attention.cpp:162]   --->   Operation 110 'store' 'store_ln162' <Predicate = (icmp_ln162)> <Delay = 2.32> <CoreInst = "RAM">   --->   Core 82 'RAM' <Latency = 1> <II = 1> <Delay = 2.32> <Storage> <Opcode : 'load' 'store'> <Ports = 2> <Width = 32> <Depth = 8> <RAM>
ST_12 : Operation 111 [1/1] (0.00ns)   --->   "%br_ln162 = br void %for.inc207" [flash_attention.cpp:162]   --->   Operation 111 'br' 'br_ln162' <Predicate = (icmp_ln162)> <Delay = 0.00>
ST_12 : Operation 112 [1/1] (2.32ns)   --->   "%store_ln162 = store i32 %add205_1, i3 %weighted_1_addr" [flash_attention.cpp:162]   --->   Operation 112 'store' 'store_ln162' <Predicate = (icmp_ln162_1)> <Delay = 2.32> <CoreInst = "RAM">   --->   Core 82 'RAM' <Latency = 1> <II = 1> <Delay = 2.32> <Storage> <Opcode : 'load' 'store'> <Ports = 2> <Width = 32> <Depth = 8> <RAM>
ST_12 : Operation 113 [1/1] (0.00ns)   --->   "%br_ln162 = br void %for.inc207.1" [flash_attention.cpp:162]   --->   Operation 113 'br' 'br_ln162' <Predicate = (icmp_ln162_1)> <Delay = 0.00>
ST_12 : Operation 114 [1/1] (2.32ns)   --->   "%store_ln162 = store i32 %add205_2, i3 %weighted_2_addr" [flash_attention.cpp:162]   --->   Operation 114 'store' 'store_ln162' <Predicate = (icmp_ln162_2)> <Delay = 2.32> <CoreInst = "RAM">   --->   Core 82 'RAM' <Latency = 1> <II = 1> <Delay = 2.32> <Storage> <Opcode : 'load' 'store'> <Ports = 2> <Width = 32> <Depth = 8> <RAM>
ST_12 : Operation 115 [1/1] (0.00ns)   --->   "%br_ln162 = br void %for.inc207.2" [flash_attention.cpp:162]   --->   Operation 115 'br' 'br_ln162' <Predicate = (icmp_ln162_2)> <Delay = 0.00>
ST_12 : Operation 116 [1/1] (2.32ns)   --->   "%store_ln162 = store i32 %add205_3, i3 %weighted_3_addr" [flash_attention.cpp:162]   --->   Operation 116 'store' 'store_ln162' <Predicate = (icmp_ln162_3)> <Delay = 2.32> <CoreInst = "RAM">   --->   Core 82 'RAM' <Latency = 1> <II = 1> <Delay = 2.32> <Storage> <Opcode : 'load' 'store'> <Ports = 2> <Width = 32> <Depth = 8> <RAM>
ST_12 : Operation 117 [1/1] (0.00ns)   --->   "%br_ln162 = br void %for.inc207.3" [flash_attention.cpp:162]   --->   Operation 117 'br' 'br_ln162' <Predicate = (icmp_ln162_3)> <Delay = 0.00>


============================================================
+ Verbose Summary: Timing violations
============================================================
Target clock period: 10.000ns, clock uncertainty: 2.700ns.

 <State 1>: 5.118ns
The critical path consists of the following:
	'store' operation 0 bit ('store_ln160', flash_attention.cpp:160) of constant 0 on local variable 'x', flash_attention.cpp:160 [16]  (1.588 ns)
	'load' operation 6 bit ('x', flash_attention.cpp:160) on local variable 'x', flash_attention.cpp:160 [19]  (0.000 ns)
	'add' operation 6 bit ('add_ln160', flash_attention.cpp:160) [86]  (1.825 ns)
	'store' operation 0 bit ('store_ln160', flash_attention.cpp:160) of variable 'add_ln160', flash_attention.cpp:160 on local variable 'x', flash_attention.cpp:160 [87]  (1.588 ns)
	blocking operation 0.117 ns on control path)

 <State 2>: 3.254ns
The critical path consists of the following:
	'load' operation 32 bit ('Vbuf_load', flash_attention.cpp:162) on array 'Vbuf' [41]  (3.254 ns)

 <State 3>: 5.702ns
The critical path consists of the following:
	'fmul' operation 32 bit ('mul2', flash_attention.cpp:162) [42]  (5.702 ns)

 <State 4>: 5.702ns
The critical path consists of the following:
	'fmul' operation 32 bit ('mul2', flash_attention.cpp:162) [42]  (5.702 ns)

 <State 5>: 5.702ns
The critical path consists of the following:
	'fmul' operation 32 bit ('mul202_3', flash_attention.cpp:162) [79]  (5.702 ns)

 <State 6>: 5.702ns
The critical path consists of the following:
	'fmul' operation 32 bit ('mul2', flash_attention.cpp:162) [42]  (5.702 ns)

 <State 7>: 7.256ns
The critical path consists of the following:
	'fadd' operation 32 bit ('add', flash_attention.cpp:162) [45]  (7.256 ns)

 <State 8>: 7.256ns
The critical path consists of the following:
	'fadd' operation 32 bit ('add', flash_attention.cpp:162) [45]  (7.256 ns)

 <State 9>: 7.256ns
The critical path consists of the following:
	'fadd' operation 32 bit ('add', flash_attention.cpp:162) [45]  (7.256 ns)

 <State 10>: 7.256ns
The critical path consists of the following:
	'fadd' operation 32 bit ('add', flash_attention.cpp:162) [45]  (7.256 ns)

 <State 11>: 7.256ns
The critical path consists of the following:
	'fadd' operation 32 bit ('add', flash_attention.cpp:162) [45]  (7.256 ns)

 <State 12>: 2.322ns
The critical path consists of the following:
	'store' operation 0 bit ('store_ln162', flash_attention.cpp:162) of variable 'add', flash_attention.cpp:162 on array 'weighted' [46]  (2.322 ns)


============================================================
+ Verbose Summary: Binding
============================================================
N/A
* FSMD analyzer results:
  - Output states:
 - Input state : 
  - Chain level:
	State 1
	State 2
	State 3
	State 4
	State 5
	State 6
	State 7
	State 8
	State 9
	State 10
	State 11
	State 12


============================================================
+ Verbose Summary: Datapath Resource usage 
============================================================
N/A
