

================================================================
== Vitis HLS Report for 'flash_attention_hls_Pipeline_LOAD_KV_VITIS_LOOP_93_3'
================================================================
* Date:           Fri May  8 14:39:21 2026

* Version:        2023.2 (Build 4023990 on Oct 11 2023)
* Project:        flash_attention_proj
* Solution:       solution1 (Vivado IP Flow Target)
* Product family: zynq
* Target device:  xc7z020-clg400-1


================================================================
== Performance Estimates
================================================================
+ Timing: 
    * Summary: 
    +--------+----------+----------+------------+
    |  Clock |  Target  | Estimated| Uncertainty|
    +--------+----------+----------+------------+
    |ap_clk  |  10.00 ns|  7.396 ns|     2.70 ns|
    +--------+----------+----------+------------+

+ Latency: 
    * Summary: 
    +---------+---------+----------+----------+-----+-----+---------+
    |  Latency (cycles) |  Latency (absolute) |  Interval | Pipeline|
    |   min   |   max   |    min   |    max   | min | max |   Type  |
    +---------+---------+----------+----------+-----+-----+---------+
    |        ?|        ?|         ?|         ?|    ?|    ?|       no|
    +---------+---------+----------+----------+-----+-----+---------+

    + Detail: 
        * Instance: 
        N/A

        * Loop: 
        +---------------------------+---------+---------+----------+-----------+-----------+------+----------+
        |                           |  Latency (cycles) | Iteration|  Initiation Interval  | Trip |          |
        |         Loop Name         |   min   |   max   |  Latency |  achieved |   target  | Count| Pipelined|
        +---------------------------+---------+---------+----------+-----------+-----------+------+----------+
        |- LOAD_KV_VITIS_LOOP_93_3  |        ?|        ?|        12|          1|          1|     ?|       yes|
        +---------------------------+---------+---------+----------+-----------+-----------+------+----------+

============================================================
+ Verbose Summary: Synthesis Manager
============================================================
InlineROM: 1
ExposeGlobal: 0
============================================================
+ Verbose Summary: CDFG Model
============================================================
IsTopModel: 0
ResetActiveHigh: 1
IsCombinational: 0
IsDatapathOnly: 0
HasWiredReturn: 1
HasMFsm: 2
HasVarLatency: 1
IsPipeline: 0
IsRtlPipelined: 0
IsInstanceOverlapped: 0
IsDontTouch: 0
HasImplIP: 0
IsGatedGlobalClock: 0

+ Individual pipeline summary: 
  * Pipeline-0: initiation interval (II) = 1, depth = 13


============================================================
+ Verbose Summary: Schedule
============================================================
* Number of FSM states : 13
* Pipeline : 1
  Pipeline-0 : II = 1, D = 13, States = { 1 2 3 4 5 6 7 8 9 10 11 12 13 }
* Dataflow Pipeline: 0

* FSM state transitions: 
1 --> 2 
2 --> 3 
3 --> 4 
4 --> 5 
5 --> 6 
6 --> 7 
7 --> 8 
8 --> 9 
9 --> 10 
10 --> 11 
11 --> 12 
12 --> 13 
13 --> 

* FSM state operations: 

State 1 <SV = 0> <Delay = 1.58>
ST_1 : Operation 15 [1/1] (0.00ns)   --->   "%x_3 = alloca i32 1" [flash_attention.cpp:93]   --->   Operation 15 'alloca' 'x_3' <Predicate = true> <Delay = 0.00>
ST_1 : Operation 16 [1/1] (0.00ns)   --->   "%j = alloca i32 1" [flash_attention.cpp:92]   --->   Operation 16 'alloca' 'j' <Predicate = true> <Delay = 0.00>
ST_1 : Operation 17 [1/1] (0.00ns)   --->   "%indvar_flatten9 = alloca i32 1"   --->   Operation 17 'alloca' 'indvar_flatten9' <Predicate = true> <Delay = 0.00>
ST_1 : Operation 18 [1/1] (0.00ns)   --->   "%K_read = read i64 @_ssdm_op_Read.ap_auto.i64, i64 %K"   --->   Operation 18 'read' 'K_read' <Predicate = true> <Delay = 0.00>
ST_1 : Operation 19 [1/1] (0.00ns)   --->   "%V_read = read i64 @_ssdm_op_Read.ap_auto.i64, i64 %V"   --->   Operation 19 'read' 'V_read' <Predicate = true> <Delay = 0.00>
ST_1 : Operation 20 [1/1] (0.00ns)   --->   "%shl_ln92_1_read = read i32 @_ssdm_op_Read.ap_auto.i32, i32 %shl_ln92_1"   --->   Operation 20 'read' 'shl_ln92_1_read' <Predicate = true> <Delay = 0.00>
ST_1 : Operation 21 [1/1] (0.00ns)   --->   "%zext_ln63_read = read i31 @_ssdm_op_Read.ap_auto.i31, i31 %zext_ln63"   --->   Operation 21 'read' 'zext_ln63_read' <Predicate = true> <Delay = 0.00>
ST_1 : Operation 22 [1/1] (0.00ns)   --->   "%mul_ln87_read = read i64 @_ssdm_op_Read.ap_auto.i64, i64 %mul_ln87"   --->   Operation 22 'read' 'mul_ln87_read' <Predicate = true> <Delay = 0.00>
ST_1 : Operation 23 [1/1] (0.00ns)   --->   "%d_read = read i32 @_ssdm_op_Read.ap_auto.i32, i32 %d"   --->   Operation 23 'read' 'd_read' <Predicate = true> <Delay = 0.00>
ST_1 : Operation 24 [1/1] (0.00ns)   --->   "%zext_ln63_cast = zext i31 %zext_ln63_read"   --->   Operation 24 'zext' 'zext_ln63_cast' <Predicate = true> <Delay = 0.00>
ST_1 : Operation 25 [1/1] (0.00ns)   --->   "%specinterface_ln0 = specinterface void @_ssdm_op_SpecInterface, i32 %gmem2, void @empty_5, i32 0, i32 0, void @empty_22, i32 0, i32 2048, void @empty_9, void @empty_23, void @empty_22, i32 16, i32 16, i32 16, i32 16, void @empty_22, void @empty_22, i32 4294967295, i32 0"   --->   Operation 25 'specinterface' 'specinterface_ln0' <Predicate = true> <Delay = 0.00>
ST_1 : Operation 26 [1/1] (0.00ns)   --->   "%specinterface_ln0 = specinterface void @_ssdm_op_SpecInterface, i32 %gmem1, void @empty_5, i32 0, i32 0, void @empty_22, i32 0, i32 2048, void @empty_10, void @empty_23, void @empty_22, i32 16, i32 16, i32 16, i32 16, void @empty_22, void @empty_22, i32 4294967295, i32 0"   --->   Operation 26 'specinterface' 'specinterface_ln0' <Predicate = true> <Delay = 0.00>
ST_1 : Operation 27 [1/1] (1.58ns)   --->   "%store_ln0 = store i64 0, i64 %indvar_flatten9"   --->   Operation 27 'store' 'store_ln0' <Predicate = true> <Delay = 1.58>
ST_1 : Operation 28 [1/1] (1.58ns)   --->   "%store_ln92 = store i31 0, i31 %j" [flash_attention.cpp:92]   --->   Operation 28 'store' 'store_ln92' <Predicate = true> <Delay = 1.58>
ST_1 : Operation 29 [1/1] (1.58ns)   --->   "%store_ln93 = store i31 0, i31 %x_3" [flash_attention.cpp:93]   --->   Operation 29 'store' 'store_ln93' <Predicate = true> <Delay = 1.58>
ST_1 : Operation 30 [1/1] (1.58ns)   --->   "%br_ln0 = br void %for.inc81"   --->   Operation 30 'br' 'br_ln0' <Predicate = true> <Delay = 1.58>

State 2 <SV = 1> <Delay = 7.39>
ST_2 : Operation 31 [1/1] (0.00ns)   --->   "%first_iter_1 = phi i1 1, void %newFuncRoot, i1 0, void %arrayidx8012.exit"   --->   Operation 31 'phi' 'first_iter_1' <Predicate = true> <Delay = 0.00>
ST_2 : Operation 32 [1/1] (0.00ns)   --->   "%x = load i31 %x_3" [flash_attention.cpp:93]   --->   Operation 32 'load' 'x' <Predicate = true> <Delay = 0.00>
ST_2 : Operation 33 [1/1] (0.00ns)   --->   "%indvar_flatten9_load = load i64 %indvar_flatten9" [flash_attention.cpp:92]   --->   Operation 33 'load' 'indvar_flatten9_load' <Predicate = true> <Delay = 0.00>
ST_2 : Operation 34 [1/1] (0.00ns)   --->   "%specbitsmap_ln0 = specbitsmap void @_ssdm_op_SpecBitsMap, i32 %gmem2"   --->   Operation 34 'specbitsmap' 'specbitsmap_ln0' <Predicate = true> <Delay = 0.00>
ST_2 : Operation 35 [1/1] (0.00ns)   --->   "%specbitsmap_ln0 = specbitsmap void @_ssdm_op_SpecBitsMap, i32 %gmem1"   --->   Operation 35 'specbitsmap' 'specbitsmap_ln0' <Predicate = true> <Delay = 0.00>
ST_2 : Operation 36 [1/1] (0.00ns)   --->   "%zext_ln93 = zext i31 %x" [flash_attention.cpp:93]   --->   Operation 36 'zext' 'zext_ln93' <Predicate = true> <Delay = 0.00>
ST_2 : Operation 37 [1/1] (2.55ns)   --->   "%icmp_ln93 = icmp_slt  i32 %zext_ln93, i32 %d_read" [flash_attention.cpp:93]   --->   Operation 37 'icmp' 'icmp_ln93' <Predicate = true> <Delay = 2.55> <CoreInst = "Cmp">   --->   Core 9 'Cmp' <Latency = 0> <II = 1> <Delay = 2.55> <FuncUnit> <Opcode : 'icmp'> <InPorts = 2> <OutPorts = 1>
ST_2 : Operation 38 [1/1] (3.52ns)   --->   "%icmp_ln92 = icmp_eq  i64 %indvar_flatten9_load, i64 %mul_ln87_read" [flash_attention.cpp:92]   --->   Operation 38 'icmp' 'icmp_ln92' <Predicate = true> <Delay = 3.52> <CoreInst = "Cmp">   --->   Core 9 'Cmp' <Latency = 0> <II = 1> <Delay = 3.52> <FuncUnit> <Opcode : 'icmp'> <InPorts = 2> <OutPorts = 1>
ST_2 : Operation 39 [1/1] (3.52ns)   --->   "%add_ln92_4 = add i64 %indvar_flatten9_load, i64 1" [flash_attention.cpp:92]   --->   Operation 39 'add' 'add_ln92_4' <Predicate = true> <Delay = 3.52> <CoreInst = "Adder">   --->   Core 1 'Adder' <Latency = 0> <II = 1> <Delay = 3.52> <FuncUnit> <Opcode : 'add' 'sub'> <InPorts = 2> <OutPorts = 1>
ST_2 : Operation 40 [1/1] (0.00ns)   --->   "%br_ln92 = br i1 %icmp_ln92, void %for.inc84.loopexit, void %SCORE_LOOP_I.loopexit.exitStub" [flash_attention.cpp:92]   --->   Operation 40 'br' 'br_ln92' <Predicate = true> <Delay = 0.00>
ST_2 : Operation 41 [1/1] (0.00ns)   --->   "%j_load = load i31 %j" [flash_attention.cpp:92]   --->   Operation 41 'load' 'j_load' <Predicate = (!icmp_ln92)> <Delay = 0.00>
ST_2 : Operation 42 [1/1] (2.52ns)   --->   "%add_ln92_3 = add i31 %j_load, i31 1" [flash_attention.cpp:92]   --->   Operation 42 'add' 'add_ln92_3' <Predicate = (!icmp_ln92)> <Delay = 2.52> <CoreInst = "Adder">   --->   Core 1 'Adder' <Latency = 0> <II = 1> <Delay = 2.52> <FuncUnit> <Opcode : 'add' 'sub'> <InPorts = 2> <OutPorts = 1>
ST_2 : Operation 43 [1/1] (0.00ns) (grouped into LUT with out node or_ln92)   --->   "%xor_ln92 = xor i1 %icmp_ln93, i1 1" [flash_attention.cpp:92]   --->   Operation 43 'xor' 'xor_ln92' <Predicate = (!icmp_ln92)> <Delay = 0.00> <CoreInst = "LogicGate">   --->   Core 74 'LogicGate' <Latency = 0> <II = 1> <Delay = 0.97> <FuncUnit> <Opcode : 'and' 'or' 'xor'> <InPorts = 2> <OutPorts = 1>
ST_2 : Operation 44 [1/1] (0.97ns) (out node of the LUT)   --->   "%or_ln92 = or i1 %first_iter_1, i1 %xor_ln92" [flash_attention.cpp:92]   --->   Operation 44 'or' 'or_ln92' <Predicate = (!icmp_ln92)> <Delay = 0.97> <CoreInst = "LogicGate">   --->   Core 74 'LogicGate' <Latency = 0> <II = 1> <Delay = 0.97> <FuncUnit> <Opcode : 'and' 'or' 'xor'> <InPorts = 2> <OutPorts = 1>
ST_2 : Operation 45 [1/1] (0.73ns)   --->   "%select_ln92 = select i1 %icmp_ln93, i31 %x, i31 0" [flash_attention.cpp:92]   --->   Operation 45 'select' 'select_ln92' <Predicate = (!icmp_ln92)> <Delay = 0.73> <CoreInst = "Sel">   --->   Core 73 'Sel' <Latency = 0> <II = 1> <Delay = 0.73> <FuncUnit> <Opcode : 'select'> <InPorts = 3> <OutPorts = 1>
ST_2 : Operation 46 [1/1] (0.73ns)   --->   "%select_ln92_1 = select i1 %icmp_ln93, i31 %j_load, i31 %add_ln92_3" [flash_attention.cpp:92]   --->   Operation 46 'select' 'select_ln92_1' <Predicate = (!icmp_ln92)> <Delay = 0.73> <CoreInst = "Sel">   --->   Core 73 'Sel' <Latency = 0> <II = 1> <Delay = 0.73> <FuncUnit> <Opcode : 'select'> <InPorts = 3> <OutPorts = 1>
ST_2 : Operation 47 [1/1] (0.00ns)   --->   "%trunc_ln92 = trunc i31 %select_ln92_1" [flash_attention.cpp:92]   --->   Operation 47 'trunc' 'trunc_ln92' <Predicate = (!icmp_ln92)> <Delay = 0.00>
ST_2 : Operation 48 [1/1] (0.00ns)   --->   "%trunc_ln92_1 = trunc i31 %select_ln92_1" [flash_attention.cpp:92]   --->   Operation 48 'trunc' 'trunc_ln92_1' <Predicate = (!icmp_ln92)> <Delay = 0.00>
ST_2 : Operation 49 [1/1] (0.00ns)   --->   "%br_ln93 = br i1 %or_ln92, void %for.inc81.split, void %for.first.iter.for.inc81" [flash_attention.cpp:93]   --->   Operation 49 'br' 'br_ln93' <Predicate = (!icmp_ln92)> <Delay = 0.00>
ST_2 : Operation 50 [1/1] (0.00ns)   --->   "%tmp_s = bitconcatenate i6 @_ssdm_op_BitConcatenate.i6.i3.i3, i3 %trunc_ln92, i3 0" [flash_attention.cpp:95]   --->   Operation 50 'bitconcatenate' 'tmp_s' <Predicate = (!icmp_ln92)> <Delay = 0.00>
ST_2 : Operation 51 [1/1] (0.00ns)   --->   "%trunc_ln93 = trunc i31 %select_ln92" [flash_attention.cpp:93]   --->   Operation 51 'trunc' 'trunc_ln93' <Predicate = (!icmp_ln92)> <Delay = 0.00>
ST_2 : Operation 52 [1/1] (0.00ns)   --->   "%lshr_ln3 = partselect i6 @_ssdm_op_PartSelect.i6.i31.i32.i32, i31 %select_ln92, i32 2, i32 7" [flash_attention.cpp:93]   --->   Operation 52 'partselect' 'lshr_ln3' <Predicate = (!icmp_ln92)> <Delay = 0.00>
ST_2 : Operation 53 [1/1] (1.82ns)   --->   "%add_ln95 = add i6 %tmp_s, i6 %lshr_ln3" [flash_attention.cpp:95]   --->   Operation 53 'add' 'add_ln95' <Predicate = (!icmp_ln92)> <Delay = 1.82> <CoreInst = "Adder">   --->   Core 1 'Adder' <Latency = 0> <II = 1> <Delay = 1.82> <FuncUnit> <Opcode : 'add' 'sub'> <InPorts = 2> <OutPorts = 1>
ST_2 : Operation 54 [1/1] (1.86ns)   --->   "%switch_ln95 = switch i2 %trunc_ln93, void %arrayidx8012.case.3, i2 0, void %arrayidx8012.case.0, i2 1, void %arrayidx8012.case.1, i2 2, void %arrayidx8012.case.2" [flash_attention.cpp:95]   --->   Operation 54 'switch' 'switch_ln95' <Predicate = (!icmp_ln92)> <Delay = 1.86>
ST_2 : Operation 55 [1/1] (2.52ns)   --->   "%add_ln93 = add i31 %select_ln92, i31 1" [flash_attention.cpp:93]   --->   Operation 55 'add' 'add_ln93' <Predicate = (!icmp_ln92)> <Delay = 2.52> <CoreInst = "Adder">   --->   Core 1 'Adder' <Latency = 0> <II = 1> <Delay = 2.52> <FuncUnit> <Opcode : 'add' 'sub'> <InPorts = 2> <OutPorts = 1>
ST_2 : Operation 56 [1/1] (1.58ns)   --->   "%store_ln92 = store i64 %add_ln92_4, i64 %indvar_flatten9" [flash_attention.cpp:92]   --->   Operation 56 'store' 'store_ln92' <Predicate = (!icmp_ln92)> <Delay = 1.58>
ST_2 : Operation 57 [1/1] (1.58ns)   --->   "%store_ln92 = store i31 %select_ln92_1, i31 %j" [flash_attention.cpp:92]   --->   Operation 57 'store' 'store_ln92' <Predicate = (!icmp_ln92)> <Delay = 1.58>
ST_2 : Operation 58 [1/1] (1.58ns)   --->   "%store_ln93 = store i31 %add_ln93, i31 %x_3" [flash_attention.cpp:93]   --->   Operation 58 'store' 'store_ln93' <Predicate = (!icmp_ln92)> <Delay = 1.58>
ST_2 : Operation 59 [1/1] (0.00ns)   --->   "%br_ln93 = br void %for.inc81" [flash_attention.cpp:93]   --->   Operation 59 'br' 'br_ln93' <Predicate = (!icmp_ln92)> <Delay = 0.00>

State 3 <SV = 2> <Delay = 6.07>
ST_3 : Operation 60 [1/1] (0.00ns)   --->   "%specloopname_ln0 = specloopname void @_ssdm_op_SpecLoopName, void @LOAD_KV_VITIS_LOOP_93_3_str"   --->   Operation 60 'specloopname' 'specloopname_ln0' <Predicate = true> <Delay = 0.00>
ST_3 : Operation 61 [1/1] (0.00ns)   --->   "%shl_ln92_2 = bitconcatenate i32 @_ssdm_op_BitConcatenate.i32.i27.i5, i27 %trunc_ln92_1, i5 0" [flash_attention.cpp:92]   --->   Operation 61 'bitconcatenate' 'shl_ln92_2' <Predicate = true> <Delay = 0.00>
ST_3 : Operation 62 [1/1] (2.55ns)   --->   "%add_ln92 = add i32 %shl_ln92_2, i32 %shl_ln92_1_read" [flash_attention.cpp:92]   --->   Operation 62 'add' 'add_ln92' <Predicate = true> <Delay = 2.55> <CoreInst = "Adder">   --->   Core 1 'Adder' <Latency = 0> <II = 1> <Delay = 2.55> <FuncUnit> <Opcode : 'add' 'sub'> <InPorts = 2> <OutPorts = 1>
ST_3 : Operation 63 [1/1] (0.00ns)   --->   "%shl_ln1 = bitconcatenate i34 @_ssdm_op_BitConcatenate.i34.i32.i2, i32 %add_ln92, i2 0" [flash_attention.cpp:92]   --->   Operation 63 'bitconcatenate' 'shl_ln1' <Predicate = true> <Delay = 0.00>
ST_3 : Operation 64 [1/1] (0.00ns)   --->   "%sext_ln92 = sext i34 %shl_ln1" [flash_attention.cpp:92]   --->   Operation 64 'sext' 'sext_ln92' <Predicate = true> <Delay = 0.00>
ST_3 : Operation 65 [1/1] (3.52ns)   --->   "%add_ln92_1 = add i64 %sext_ln92, i64 %V_read" [flash_attention.cpp:92]   --->   Operation 65 'add' 'add_ln92_1' <Predicate = true> <Delay = 3.52> <CoreInst = "Adder">   --->   Core 1 'Adder' <Latency = 0> <II = 1> <Delay = 3.52> <FuncUnit> <Opcode : 'add' 'sub'> <InPorts = 2> <OutPorts = 1>
ST_3 : Operation 66 [1/1] (3.52ns)   --->   "%add_ln92_2 = add i64 %sext_ln92, i64 %K_read" [flash_attention.cpp:92]   --->   Operation 66 'add' 'add_ln92_2' <Predicate = true> <Delay = 3.52> <CoreInst = "Adder">   --->   Core 1 'Adder' <Latency = 0> <II = 1> <Delay = 3.52> <FuncUnit> <Opcode : 'add' 'sub'> <InPorts = 2> <OutPorts = 1>
ST_3 : Operation 67 [1/1] (0.00ns)   --->   "%trunc_ln5 = partselect i62 @_ssdm_op_PartSelect.i62.i64.i32.i32, i64 %add_ln92_2, i32 2, i32 63" [flash_attention.cpp:93]   --->   Operation 67 'partselect' 'trunc_ln5' <Predicate = true> <Delay = 0.00>
ST_3 : Operation 68 [1/1] (0.00ns)   --->   "%sext_ln93 = sext i62 %trunc_ln5" [flash_attention.cpp:93]   --->   Operation 68 'sext' 'sext_ln93' <Predicate = true> <Delay = 0.00>
ST_3 : Operation 69 [1/1] (0.00ns)   --->   "%gmem1_addr = getelementptr i32 %gmem1, i64 %sext_ln93" [flash_attention.cpp:93]   --->   Operation 69 'getelementptr' 'gmem1_addr' <Predicate = true> <Delay = 0.00>
ST_3 : Operation 70 [1/1] (0.00ns)   --->   "%trunc_ln93_1 = partselect i62 @_ssdm_op_PartSelect.i62.i64.i32.i32, i64 %add_ln92_1, i32 2, i32 63" [flash_attention.cpp:93]   --->   Operation 70 'partselect' 'trunc_ln93_1' <Predicate = true> <Delay = 0.00>
ST_3 : Operation 71 [1/1] (0.00ns)   --->   "%sext_ln93_1 = sext i62 %trunc_ln93_1" [flash_attention.cpp:93]   --->   Operation 71 'sext' 'sext_ln93_1' <Predicate = true> <Delay = 0.00>
ST_3 : Operation 72 [1/1] (0.00ns)   --->   "%gmem2_addr = getelementptr i32 %gmem2, i64 %sext_ln93_1" [flash_attention.cpp:93]   --->   Operation 72 'getelementptr' 'gmem2_addr' <Predicate = true> <Delay = 0.00>

State 4 <SV = 3> <Delay = 7.30>
ST_4 : Operation 73 [8/8] (7.30ns)   --->   "%empty = readreq i1 @_ssdm_op_ReadReq.m_axi.p1i32, i32 %gmem1_addr, i32 %zext_ln63_cast" [flash_attention.cpp:93]   --->   Operation 73 'readreq' 'empty' <Predicate = (or_ln92)> <Delay = 7.30> <CoreInst = "m_axi">   --->   Core 113 'm_axi' <Latency = 0> <II = 1> <Delay = 1.00> <Adapter> <Opcode : 'read' 'write' 'readreq' 'writereq' 'writeresp'>
ST_4 : Operation 74 [8/8] (7.30ns)   --->   "%empty_39 = readreq i1 @_ssdm_op_ReadReq.m_axi.p1i32, i32 %gmem2_addr, i32 %zext_ln63_cast" [flash_attention.cpp:93]   --->   Operation 74 'readreq' 'empty_39' <Predicate = (or_ln92)> <Delay = 7.30> <CoreInst = "m_axi">   --->   Core 113 'm_axi' <Latency = 0> <II = 1> <Delay = 1.00> <Adapter> <Opcode : 'read' 'write' 'readreq' 'writereq' 'writeresp'>

State 5 <SV = 4> <Delay = 7.30>
ST_5 : Operation 75 [7/8] (7.30ns)   --->   "%empty = readreq i1 @_ssdm_op_ReadReq.m_axi.p1i32, i32 %gmem1_addr, i32 %zext_ln63_cast" [flash_attention.cpp:93]   --->   Operation 75 'readreq' 'empty' <Predicate = (or_ln92)> <Delay = 7.30> <CoreInst = "m_axi">   --->   Core 113 'm_axi' <Latency = 0> <II = 1> <Delay = 1.00> <Adapter> <Opcode : 'read' 'write' 'readreq' 'writereq' 'writeresp'>
ST_5 : Operation 76 [7/8] (7.30ns)   --->   "%empty_39 = readreq i1 @_ssdm_op_ReadReq.m_axi.p1i32, i32 %gmem2_addr, i32 %zext_ln63_cast" [flash_attention.cpp:93]   --->   Operation 76 'readreq' 'empty_39' <Predicate = (or_ln92)> <Delay = 7.30> <CoreInst = "m_axi">   --->   Core 113 'm_axi' <Latency = 0> <II = 1> <Delay = 1.00> <Adapter> <Opcode : 'read' 'write' 'readreq' 'writereq' 'writeresp'>

State 6 <SV = 5> <Delay = 7.30>
ST_6 : Operation 77 [6/8] (7.30ns)   --->   "%empty = readreq i1 @_ssdm_op_ReadReq.m_axi.p1i32, i32 %gmem1_addr, i32 %zext_ln63_cast" [flash_attention.cpp:93]   --->   Operation 77 'readreq' 'empty' <Predicate = (or_ln92)> <Delay = 7.30> <CoreInst = "m_axi">   --->   Core 113 'm_axi' <Latency = 0> <II = 1> <Delay = 1.00> <Adapter> <Opcode : 'read' 'write' 'readreq' 'writereq' 'writeresp'>
ST_6 : Operation 78 [6/8] (7.30ns)   --->   "%empty_39 = readreq i1 @_ssdm_op_ReadReq.m_axi.p1i32, i32 %gmem2_addr, i32 %zext_ln63_cast" [flash_attention.cpp:93]   --->   Operation 78 'readreq' 'empty_39' <Predicate = (or_ln92)> <Delay = 7.30> <CoreInst = "m_axi">   --->   Core 113 'm_axi' <Latency = 0> <II = 1> <Delay = 1.00> <Adapter> <Opcode : 'read' 'write' 'readreq' 'writereq' 'writeresp'>

State 7 <SV = 6> <Delay = 7.30>
ST_7 : Operation 79 [5/8] (7.30ns)   --->   "%empty = readreq i1 @_ssdm_op_ReadReq.m_axi.p1i32, i32 %gmem1_addr, i32 %zext_ln63_cast" [flash_attention.cpp:93]   --->   Operation 79 'readreq' 'empty' <Predicate = (or_ln92)> <Delay = 7.30> <CoreInst = "m_axi">   --->   Core 113 'm_axi' <Latency = 0> <II = 1> <Delay = 1.00> <Adapter> <Opcode : 'read' 'write' 'readreq' 'writereq' 'writeresp'>
ST_7 : Operation 80 [5/8] (7.30ns)   --->   "%empty_39 = readreq i1 @_ssdm_op_ReadReq.m_axi.p1i32, i32 %gmem2_addr, i32 %zext_ln63_cast" [flash_attention.cpp:93]   --->   Operation 80 'readreq' 'empty_39' <Predicate = (or_ln92)> <Delay = 7.30> <CoreInst = "m_axi">   --->   Core 113 'm_axi' <Latency = 0> <II = 1> <Delay = 1.00> <Adapter> <Opcode : 'read' 'write' 'readreq' 'writereq' 'writeresp'>

State 8 <SV = 7> <Delay = 7.30>
ST_8 : Operation 81 [4/8] (7.30ns)   --->   "%empty = readreq i1 @_ssdm_op_ReadReq.m_axi.p1i32, i32 %gmem1_addr, i32 %zext_ln63_cast" [flash_attention.cpp:93]   --->   Operation 81 'readreq' 'empty' <Predicate = (or_ln92)> <Delay = 7.30> <CoreInst = "m_axi">   --->   Core 113 'm_axi' <Latency = 0> <II = 1> <Delay = 1.00> <Adapter> <Opcode : 'read' 'write' 'readreq' 'writereq' 'writeresp'>
ST_8 : Operation 82 [4/8] (7.30ns)   --->   "%empty_39 = readreq i1 @_ssdm_op_ReadReq.m_axi.p1i32, i32 %gmem2_addr, i32 %zext_ln63_cast" [flash_attention.cpp:93]   --->   Operation 82 'readreq' 'empty_39' <Predicate = (or_ln92)> <Delay = 7.30> <CoreInst = "m_axi">   --->   Core 113 'm_axi' <Latency = 0> <II = 1> <Delay = 1.00> <Adapter> <Opcode : 'read' 'write' 'readreq' 'writereq' 'writeresp'>

State 9 <SV = 8> <Delay = 7.30>
ST_9 : Operation 83 [3/8] (7.30ns)   --->   "%empty = readreq i1 @_ssdm_op_ReadReq.m_axi.p1i32, i32 %gmem1_addr, i32 %zext_ln63_cast" [flash_attention.cpp:93]   --->   Operation 83 'readreq' 'empty' <Predicate = (or_ln92)> <Delay = 7.30> <CoreInst = "m_axi">   --->   Core 113 'm_axi' <Latency = 0> <II = 1> <Delay = 1.00> <Adapter> <Opcode : 'read' 'write' 'readreq' 'writereq' 'writeresp'>
ST_9 : Operation 84 [3/8] (7.30ns)   --->   "%empty_39 = readreq i1 @_ssdm_op_ReadReq.m_axi.p1i32, i32 %gmem2_addr, i32 %zext_ln63_cast" [flash_attention.cpp:93]   --->   Operation 84 'readreq' 'empty_39' <Predicate = (or_ln92)> <Delay = 7.30> <CoreInst = "m_axi">   --->   Core 113 'm_axi' <Latency = 0> <II = 1> <Delay = 1.00> <Adapter> <Opcode : 'read' 'write' 'readreq' 'writereq' 'writeresp'>

State 10 <SV = 9> <Delay = 7.30>
ST_10 : Operation 85 [2/8] (7.30ns)   --->   "%empty = readreq i1 @_ssdm_op_ReadReq.m_axi.p1i32, i32 %gmem1_addr, i32 %zext_ln63_cast" [flash_attention.cpp:93]   --->   Operation 85 'readreq' 'empty' <Predicate = (or_ln92)> <Delay = 7.30> <CoreInst = "m_axi">   --->   Core 113 'm_axi' <Latency = 0> <II = 1> <Delay = 1.00> <Adapter> <Opcode : 'read' 'write' 'readreq' 'writereq' 'writeresp'>
ST_10 : Operation 86 [2/8] (7.30ns)   --->   "%empty_39 = readreq i1 @_ssdm_op_ReadReq.m_axi.p1i32, i32 %gmem2_addr, i32 %zext_ln63_cast" [flash_attention.cpp:93]   --->   Operation 86 'readreq' 'empty_39' <Predicate = (or_ln92)> <Delay = 7.30> <CoreInst = "m_axi">   --->   Core 113 'm_axi' <Latency = 0> <II = 1> <Delay = 1.00> <Adapter> <Opcode : 'read' 'write' 'readreq' 'writereq' 'writeresp'>

State 11 <SV = 10> <Delay = 7.30>
ST_11 : Operation 87 [1/8] (7.30ns)   --->   "%empty = readreq i1 @_ssdm_op_ReadReq.m_axi.p1i32, i32 %gmem1_addr, i32 %zext_ln63_cast" [flash_attention.cpp:93]   --->   Operation 87 'readreq' 'empty' <Predicate = (or_ln92)> <Delay = 7.30> <CoreInst = "m_axi">   --->   Core 113 'm_axi' <Latency = 0> <II = 1> <Delay = 1.00> <Adapter> <Opcode : 'read' 'write' 'readreq' 'writereq' 'writeresp'>
ST_11 : Operation 88 [1/8] (7.30ns)   --->   "%empty_39 = readreq i1 @_ssdm_op_ReadReq.m_axi.p1i32, i32 %gmem2_addr, i32 %zext_ln63_cast" [flash_attention.cpp:93]   --->   Operation 88 'readreq' 'empty_39' <Predicate = (or_ln92)> <Delay = 7.30> <CoreInst = "m_axi">   --->   Core 113 'm_axi' <Latency = 0> <II = 1> <Delay = 1.00> <Adapter> <Opcode : 'read' 'write' 'readreq' 'writereq' 'writeresp'>
ST_11 : Operation 89 [1/1] (0.00ns)   --->   "%br_ln93 = br void %for.inc81.split" [flash_attention.cpp:93]   --->   Operation 89 'br' 'br_ln93' <Predicate = (or_ln92)> <Delay = 0.00>

State 12 <SV = 11> <Delay = 7.30>
ST_12 : Operation 90 [1/1] (7.30ns)   --->   "%gmem1_addr_read = read i32 @_ssdm_op_Read.m_axi.p1i32, i32 %gmem1_addr" [flash_attention.cpp:95]   --->   Operation 90 'read' 'gmem1_addr_read' <Predicate = true> <Delay = 7.30> <CoreInst = "m_axi">   --->   Core 113 'm_axi' <Latency = 0> <II = 1> <Delay = 1.00> <Adapter> <Opcode : 'read' 'write' 'readreq' 'writereq' 'writeresp'>
ST_12 : Operation 91 [1/1] (7.30ns)   --->   "%gmem2_addr_read = read i32 @_ssdm_op_Read.m_axi.p1i32, i32 %gmem2_addr" [flash_attention.cpp:96]   --->   Operation 91 'read' 'gmem2_addr_read' <Predicate = true> <Delay = 7.30> <CoreInst = "m_axi">   --->   Core 113 'm_axi' <Latency = 0> <II = 1> <Delay = 1.00> <Adapter> <Opcode : 'read' 'write' 'readreq' 'writereq' 'writeresp'>
ST_12 : Operation 116 [1/1] (0.00ns)   --->   "%ret_ln0 = ret"   --->   Operation 116 'ret' 'ret_ln0' <Predicate = (icmp_ln92)> <Delay = 0.00>

State 13 <SV = 12> <Delay = 3.25>
ST_13 : Operation 92 [1/1] (0.00ns)   --->   "%specpipeline_ln94 = specpipeline void @_ssdm_op_SpecPipeline, i32 1, i32 0, i32 0, i32 0, void @empty_22" [flash_attention.cpp:94]   --->   Operation 92 'specpipeline' 'specpipeline_ln94' <Predicate = true> <Delay = 0.00>
ST_13 : Operation 93 [1/1] (0.00ns)   --->   "%zext_ln95 = zext i6 %add_ln95" [flash_attention.cpp:95]   --->   Operation 93 'zext' 'zext_ln95' <Predicate = true> <Delay = 0.00>
ST_13 : Operation 94 [1/1] (0.00ns)   --->   "%Kbuf_addr = getelementptr i32 %Kbuf, i64 0, i64 %zext_ln95" [flash_attention.cpp:95]   --->   Operation 94 'getelementptr' 'Kbuf_addr' <Predicate = true> <Delay = 0.00>
ST_13 : Operation 95 [1/1] (0.00ns)   --->   "%Kbuf_1_addr = getelementptr i32 %Kbuf_1, i64 0, i64 %zext_ln95" [flash_attention.cpp:95]   --->   Operation 95 'getelementptr' 'Kbuf_1_addr' <Predicate = true> <Delay = 0.00>
ST_13 : Operation 96 [1/1] (0.00ns)   --->   "%Kbuf_2_addr = getelementptr i32 %Kbuf_2, i64 0, i64 %zext_ln95" [flash_attention.cpp:95]   --->   Operation 96 'getelementptr' 'Kbuf_2_addr' <Predicate = true> <Delay = 0.00>
ST_13 : Operation 97 [1/1] (0.00ns)   --->   "%Kbuf_3_addr = getelementptr i32 %Kbuf_3, i64 0, i64 %zext_ln95" [flash_attention.cpp:95]   --->   Operation 97 'getelementptr' 'Kbuf_3_addr' <Predicate = true> <Delay = 0.00>
ST_13 : Operation 98 [1/1] (0.00ns)   --->   "%Vbuf_addr = getelementptr i32 %Vbuf, i64 0, i64 %zext_ln95" [flash_attention.cpp:96]   --->   Operation 98 'getelementptr' 'Vbuf_addr' <Predicate = true> <Delay = 0.00>
ST_13 : Operation 99 [1/1] (0.00ns)   --->   "%Vbuf_1_addr = getelementptr i32 %Vbuf_1, i64 0, i64 %zext_ln95" [flash_attention.cpp:96]   --->   Operation 99 'getelementptr' 'Vbuf_1_addr' <Predicate = true> <Delay = 0.00>
ST_13 : Operation 100 [1/1] (0.00ns)   --->   "%Vbuf_2_addr = getelementptr i32 %Vbuf_2, i64 0, i64 %zext_ln95" [flash_attention.cpp:96]   --->   Operation 100 'getelementptr' 'Vbuf_2_addr' <Predicate = true> <Delay = 0.00>
ST_13 : Operation 101 [1/1] (0.00ns)   --->   "%Vbuf_3_addr = getelementptr i32 %Vbuf_3, i64 0, i64 %zext_ln95" [flash_attention.cpp:96]   --->   Operation 101 'getelementptr' 'Vbuf_3_addr' <Predicate = true> <Delay = 0.00>
ST_13 : Operation 102 [1/1] (0.00ns)   --->   "%bitcast_ln95 = bitcast i32 %gmem1_addr_read" [flash_attention.cpp:95]   --->   Operation 102 'bitcast' 'bitcast_ln95' <Predicate = true> <Delay = 0.00>
ST_13 : Operation 103 [1/1] (0.00ns)   --->   "%bitcast_ln96 = bitcast i32 %gmem2_addr_read" [flash_attention.cpp:96]   --->   Operation 103 'bitcast' 'bitcast_ln96' <Predicate = true> <Delay = 0.00>
ST_13 : Operation 104 [1/1] (3.25ns)   --->   "%store_ln95 = store i32 %bitcast_ln95, i6 %Kbuf_2_addr" [flash_attention.cpp:95]   --->   Operation 104 'store' 'store_ln95' <Predicate = (trunc_ln93 == 2)> <Delay = 3.25> <CoreInst = "RAM_1WnR">   --->   Core 83 'RAM_1WnR' <Latency = 1> <II = 1> <Delay = 3.25> <Storage> <Opcode : 'load' 'store'> <Ports = 17> <Width = 32> <Depth = 64> <RAM>
ST_13 : Operation 105 [1/1] (3.25ns)   --->   "%store_ln96 = store i32 %bitcast_ln96, i6 %Vbuf_2_addr" [flash_attention.cpp:96]   --->   Operation 105 'store' 'store_ln96' <Predicate = (trunc_ln93 == 2)> <Delay = 3.25> <CoreInst = "RAM">   --->   Core 82 'RAM' <Latency = 1> <II = 1> <Delay = 3.25> <Storage> <Opcode : 'load' 'store'> <Ports = 2> <Width = 32> <Depth = 64> <RAM>
ST_13 : Operation 106 [1/1] (0.00ns)   --->   "%br_ln96 = br void %arrayidx8012.exit" [flash_attention.cpp:96]   --->   Operation 106 'br' 'br_ln96' <Predicate = (trunc_ln93 == 2)> <Delay = 0.00>
ST_13 : Operation 107 [1/1] (3.25ns)   --->   "%store_ln95 = store i32 %bitcast_ln95, i6 %Kbuf_1_addr" [flash_attention.cpp:95]   --->   Operation 107 'store' 'store_ln95' <Predicate = (trunc_ln93 == 1)> <Delay = 3.25> <CoreInst = "RAM_1WnR">   --->   Core 83 'RAM_1WnR' <Latency = 1> <II = 1> <Delay = 3.25> <Storage> <Opcode : 'load' 'store'> <Ports = 17> <Width = 32> <Depth = 64> <RAM>
ST_13 : Operation 108 [1/1] (3.25ns)   --->   "%store_ln96 = store i32 %bitcast_ln96, i6 %Vbuf_1_addr" [flash_attention.cpp:96]   --->   Operation 108 'store' 'store_ln96' <Predicate = (trunc_ln93 == 1)> <Delay = 3.25> <CoreInst = "RAM">   --->   Core 82 'RAM' <Latency = 1> <II = 1> <Delay = 3.25> <Storage> <Opcode : 'load' 'store'> <Ports = 2> <Width = 32> <Depth = 64> <RAM>
ST_13 : Operation 109 [1/1] (0.00ns)   --->   "%br_ln96 = br void %arrayidx8012.exit" [flash_attention.cpp:96]   --->   Operation 109 'br' 'br_ln96' <Predicate = (trunc_ln93 == 1)> <Delay = 0.00>
ST_13 : Operation 110 [1/1] (3.25ns)   --->   "%store_ln95 = store i32 %bitcast_ln95, i6 %Kbuf_addr" [flash_attention.cpp:95]   --->   Operation 110 'store' 'store_ln95' <Predicate = (trunc_ln93 == 0)> <Delay = 3.25> <CoreInst = "RAM_1WnR">   --->   Core 83 'RAM_1WnR' <Latency = 1> <II = 1> <Delay = 3.25> <Storage> <Opcode : 'load' 'store'> <Ports = 17> <Width = 32> <Depth = 64> <RAM>
ST_13 : Operation 111 [1/1] (3.25ns)   --->   "%store_ln96 = store i32 %bitcast_ln96, i6 %Vbuf_addr" [flash_attention.cpp:96]   --->   Operation 111 'store' 'store_ln96' <Predicate = (trunc_ln93 == 0)> <Delay = 3.25> <CoreInst = "RAM">   --->   Core 82 'RAM' <Latency = 1> <II = 1> <Delay = 3.25> <Storage> <Opcode : 'load' 'store'> <Ports = 2> <Width = 32> <Depth = 64> <RAM>
ST_13 : Operation 112 [1/1] (0.00ns)   --->   "%br_ln96 = br void %arrayidx8012.exit" [flash_attention.cpp:96]   --->   Operation 112 'br' 'br_ln96' <Predicate = (trunc_ln93 == 0)> <Delay = 0.00>
ST_13 : Operation 113 [1/1] (3.25ns)   --->   "%store_ln95 = store i32 %bitcast_ln95, i6 %Kbuf_3_addr" [flash_attention.cpp:95]   --->   Operation 113 'store' 'store_ln95' <Predicate = (trunc_ln93 == 3)> <Delay = 3.25> <CoreInst = "RAM_1WnR">   --->   Core 83 'RAM_1WnR' <Latency = 1> <II = 1> <Delay = 3.25> <Storage> <Opcode : 'load' 'store'> <Ports = 17> <Width = 32> <Depth = 64> <RAM>
ST_13 : Operation 114 [1/1] (3.25ns)   --->   "%store_ln96 = store i32 %bitcast_ln96, i6 %Vbuf_3_addr" [flash_attention.cpp:96]   --->   Operation 114 'store' 'store_ln96' <Predicate = (trunc_ln93 == 3)> <Delay = 3.25> <CoreInst = "RAM">   --->   Core 82 'RAM' <Latency = 1> <II = 1> <Delay = 3.25> <Storage> <Opcode : 'load' 'store'> <Ports = 2> <Width = 32> <Depth = 64> <RAM>
ST_13 : Operation 115 [1/1] (0.00ns)   --->   "%br_ln96 = br void %arrayidx8012.exit" [flash_attention.cpp:96]   --->   Operation 115 'br' 'br_ln96' <Predicate = (trunc_ln93 == 3)> <Delay = 0.00>


============================================================
+ Verbose Summary: Timing violations
============================================================
Target clock period: 10.000ns, clock uncertainty: 2.700ns.

 <State 1>: 1.588ns
The critical path consists of the following:
	'alloca' operation 64 bit ('indvar_flatten9') [19]  (0.000 ns)
	'store' operation 0 bit ('store_ln0') of constant 0 on local variable 'indvar_flatten9' [29]  (1.588 ns)

 <State 2>: 7.396ns
The critical path consists of the following:
	'load' operation 31 bit ('x', flash_attention.cpp:93) on local variable 'x', flash_attention.cpp:93 [35]  (0.000 ns)
	'icmp' operation 1 bit ('icmp_ln93', flash_attention.cpp:93) [40]  (2.552 ns)
	'select' operation 31 bit ('select_ln92', flash_attention.cpp:92) [50]  (0.733 ns)
	'add' operation 31 bit ('add_ln93', flash_attention.cpp:93) [108]  (2.522 ns)
	'store' operation 0 bit ('store_ln93', flash_attention.cpp:93) of variable 'add_ln93', flash_attention.cpp:93 on local variable 'x', flash_attention.cpp:93 [111]  (1.588 ns)

 <State 3>: 6.072ns
The critical path consists of the following:
	'add' operation 32 bit ('add_ln92', flash_attention.cpp:92) [55]  (2.552 ns)
	'add' operation 64 bit ('add_ln92_1', flash_attention.cpp:92) [58]  (3.520 ns)

 <State 4>: 7.300ns
The critical path consists of the following:
	bus request operation ('empty', flash_attention.cpp:93) on port 'gmem1' (flash_attention.cpp:93) [68]  (7.300 ns)

 <State 5>: 7.300ns
The critical path consists of the following:
	bus request operation ('empty', flash_attention.cpp:93) on port 'gmem1' (flash_attention.cpp:93) [68]  (7.300 ns)

 <State 6>: 7.300ns
The critical path consists of the following:
	bus request operation ('empty', flash_attention.cpp:93) on port 'gmem1' (flash_attention.cpp:93) [68]  (7.300 ns)

 <State 7>: 7.300ns
The critical path consists of the following:
	bus request operation ('empty', flash_attention.cpp:93) on port 'gmem1' (flash_attention.cpp:93) [68]  (7.300 ns)

 <State 8>: 7.300ns
The critical path consists of the following:
	bus request operation ('empty', flash_attention.cpp:93) on port 'gmem1' (flash_attention.cpp:93) [68]  (7.300 ns)

 <State 9>: 7.300ns
The critical path consists of the following:
	bus request operation ('empty', flash_attention.cpp:93) on port 'gmem1' (flash_attention.cpp:93) [68]  (7.300 ns)

 <State 10>: 7.300ns
The critical path consists of the following:
	bus request operation ('empty', flash_attention.cpp:93) on port 'gmem1' (flash_attention.cpp:93) [68]  (7.300 ns)

 <State 11>: 7.300ns
The critical path consists of the following:
	bus request operation ('empty', flash_attention.cpp:93) on port 'gmem1' (flash_attention.cpp:93) [68]  (7.300 ns)

 <State 12>: 7.300ns
The critical path consists of the following:
	bus read operation ('gmem1_addr_read', flash_attention.cpp:95) on port 'gmem1' (flash_attention.cpp:95) [86]  (7.300 ns)

 <State 13>: 3.254ns
The critical path consists of the following:
	'getelementptr' operation 6 bit ('Kbuf_2_addr', flash_attention.cpp:95) [80]  (0.000 ns)
	'store' operation 0 bit ('store_ln95', flash_attention.cpp:95) of variable 'bitcast_ln95', flash_attention.cpp:95 on array 'Kbuf_2' [92]  (3.254 ns)


============================================================
+ Verbose Summary: Binding
============================================================
N/A
* FSMD analyzer results:
  - Output states:
 - Input state : 
  - Chain level:
	State 1
	State 2
	State 3
	State 4
	State 5
	State 6
	State 7
	State 8
	State 9
	State 10
	State 11
	State 12
	State 13


============================================================
+ Verbose Summary: Datapath Resource usage 
============================================================
N/A
