/home/aa13231/Downloads/code/flash_attention_proj/solution1/.autopilot/db/flash_attention.pp.0.cpp:8557:7: warning: Added loop label VITIS_LOOP_1207_1:   [xilinx-label-all-loops]
      for (i = 0; i < __N - 1; ++i) {
      ^~~
      VITIS_LOOP_1207_1: 
/home/aa13231/Downloads/code/flash_attention_proj/solution1/.autopilot/db/flash_attention.pp.0.cpp:8557:7: note: FIX-IT applied suggested code changes
/home/aa13231/Downloads/code/flash_attention_proj/solution1/.autopilot/db/flash_attention.pp.0.cpp:9531:5: warning: Added loop label VITIS_LOOP_676_1:   [xilinx-label-all-loops]
    for (unsigned i = low; i != high; ++i) {
    ^~~
    VITIS_LOOP_676_1: 
/home/aa13231/Downloads/code/flash_attention_proj/solution1/.autopilot/db/flash_attention.pp.0.cpp:9531:5: note: FIX-IT applied suggested code changes
/home/aa13231/Downloads/code/flash_attention_proj/solution1/.autopilot/db/flash_attention.pp.0.cpp:9545:5: warning: Added loop label VITIS_LOOP_690_1:   [xilinx-label-all-loops]
    for (unsigned i = low; i != high; ++i) {
    ^~~
    VITIS_LOOP_690_1: 
/home/aa13231/Downloads/code/flash_attention_proj/solution1/.autopilot/db/flash_attention.pp.0.cpp:9545:5: note: FIX-IT applied suggested code changes
/home/aa13231/Downloads/code/flash_attention_proj/solution1/.autopilot/db/flash_attention.pp.0.cpp:9559:5: warning: Added loop label VITIS_LOOP_704_1:   [xilinx-label-all-loops]
    for (unsigned i = low; i != high; ++i) {
    ^~~
    VITIS_LOOP_704_1: 
/home/aa13231/Downloads/code/flash_attention_proj/solution1/.autopilot/db/flash_attention.pp.0.cpp:9559:5: note: FIX-IT applied suggested code changes
/home/aa13231/Downloads/code/flash_attention_proj/solution1/.autopilot/db/flash_attention.pp.0.cpp:11176:7: warning: Added loop label VITIS_LOOP_1247_1:   [xilinx-label-all-loops]
      for (i = 0; i < __N - 1; ++i) {
      ^~~
      VITIS_LOOP_1247_1: 
/home/aa13231/Downloads/code/flash_attention_proj/solution1/.autopilot/db/flash_attention.pp.0.cpp:11176:7: note: FIX-IT applied suggested code changes
/home/aa13231/Downloads/code/flash_attention_proj/solution1/.autopilot/db/flash_attention.pp.0.cpp:15312:72: error: Invalid Directive: for current device, ROM_1P + LUTRAM is invalid combination for BIND_STORAGE's option 'type + impl' [clang-diagnostic-error]
#pragma HLS BIND_STORAGE variable=fourth_order_double::sin_cos_K0 type=ROM_1P impl=LUTRAM
                                                                       ^
/home/aa13231/Downloads/code/flash_attention_proj/solution1/.autopilot/db/flash_attention.pp.0.cpp:15313:72: error: Invalid Directive: for current device, ROM_1P + LUTRAM is invalid combination for BIND_STORAGE's option 'type + impl' [clang-diagnostic-error]
#pragma HLS BIND_STORAGE variable=fourth_order_double::sin_cos_K1 type=ROM_1P impl=LUTRAM
                                                                       ^
/home/aa13231/Downloads/code/flash_attention_proj/solution1/.autopilot/db/flash_attention.pp.0.cpp:15314:72: error: Invalid Directive: for current device, ROM_1P + LUTRAM is invalid combination for BIND_STORAGE's option 'type + impl' [clang-diagnostic-error]
#pragma HLS BIND_STORAGE variable=fourth_order_double::sin_cos_K2 type=ROM_1P impl=LUTRAM
                                                                       ^
/home/aa13231/Downloads/code/flash_attention_proj/solution1/.autopilot/db/flash_attention.pp.0.cpp:15315:72: error: Invalid Directive: for current device, ROM_1P + LUTRAM is invalid combination for BIND_STORAGE's option 'type + impl' [clang-diagnostic-error]
#pragma HLS BIND_STORAGE variable=fourth_order_double::sin_cos_K3 type=ROM_1P impl=LUTRAM
                                                                       ^
/home/aa13231/Downloads/code/flash_attention_proj/solution1/.autopilot/db/flash_attention.pp.0.cpp:15316:72: error: Invalid Directive: for current device, ROM_1P + LUTRAM is invalid combination for BIND_STORAGE's option 'type + impl' [clang-diagnostic-error]
#pragma HLS BIND_STORAGE variable=fourth_order_double::sin_cos_K4 type=ROM_1P impl=LUTRAM
                                                                       ^
/home/aa13231/Downloads/code/flash_attention_proj/solution1/.autopilot/db/flash_attention.pp.0.cpp:15346:68: error: Invalid Directive: for current device, ROM_1P + LUTRAM is invalid combination for BIND_STORAGE's option 'type + impl' [clang-diagnostic-error]
#pragma HLS BIND_STORAGE variable=fourth_order_double::cos_K0 type=ROM_1P impl=LUTRAM
                                                                   ^
/home/aa13231/Downloads/code/flash_attention_proj/solution1/.autopilot/db/flash_attention.pp.0.cpp:15347:68: error: Invalid Directive: for current device, ROM_1P + LUTRAM is invalid combination for BIND_STORAGE's option 'type + impl' [clang-diagnostic-error]
#pragma HLS BIND_STORAGE variable=fourth_order_double::cos_K1 type=ROM_1P impl=LUTRAM
                                                                   ^
/home/aa13231/Downloads/code/flash_attention_proj/solution1/.autopilot/db/flash_attention.pp.0.cpp:15348:68: error: Invalid Directive: for current device, ROM_1P + LUTRAM is invalid combination for BIND_STORAGE's option 'type + impl' [clang-diagnostic-error]
#pragma HLS BIND_STORAGE variable=fourth_order_double::cos_K2 type=ROM_1P impl=LUTRAM
                                                                   ^
/home/aa13231/Downloads/code/flash_attention_proj/solution1/.autopilot/db/flash_attention.pp.0.cpp:15349:68: error: Invalid Directive: for current device, ROM_1P + LUTRAM is invalid combination for BIND_STORAGE's option 'type + impl' [clang-diagnostic-error]
#pragma HLS BIND_STORAGE variable=fourth_order_double::cos_K3 type=ROM_1P impl=LUTRAM
                                                                   ^
/home/aa13231/Downloads/code/flash_attention_proj/solution1/.autopilot/db/flash_attention.pp.0.cpp:15350:68: error: Invalid Directive: for current device, ROM_1P + LUTRAM is invalid combination for BIND_STORAGE's option 'type + impl' [clang-diagnostic-error]
#pragma HLS BIND_STORAGE variable=fourth_order_double::cos_K4 type=ROM_1P impl=LUTRAM
                                                                   ^
/home/aa13231/Downloads/code/flash_attention_proj/solution1/.autopilot/db/flash_attention.pp.0.cpp:15351:68: error: Invalid Directive: for current device, ROM_1P + LUTRAM is invalid combination for BIND_STORAGE's option 'type + impl' [clang-diagnostic-error]
#pragma HLS BIND_STORAGE variable=fourth_order_double::sin_K0 type=ROM_1P impl=LUTRAM
                                                                   ^
/home/aa13231/Downloads/code/flash_attention_proj/solution1/.autopilot/db/flash_attention.pp.0.cpp:15352:68: error: Invalid Directive: for current device, ROM_1P + LUTRAM is invalid combination for BIND_STORAGE's option 'type + impl' [clang-diagnostic-error]
#pragma HLS BIND_STORAGE variable=fourth_order_double::sin_K1 type=ROM_1P impl=LUTRAM
                                                                   ^
/home/aa13231/Downloads/code/flash_attention_proj/solution1/.autopilot/db/flash_attention.pp.0.cpp:15353:68: error: Invalid Directive: for current device, ROM_1P + LUTRAM is invalid combination for BIND_STORAGE's option 'type + impl' [clang-diagnostic-error]
#pragma HLS BIND_STORAGE variable=fourth_order_double::sin_K2 type=ROM_1P impl=LUTRAM
                                                                   ^
/home/aa13231/Downloads/code/flash_attention_proj/solution1/.autopilot/db/flash_attention.pp.0.cpp:15354:68: error: Invalid Directive: for current device, ROM_1P + LUTRAM is invalid combination for BIND_STORAGE's option 'type + impl' [clang-diagnostic-error]
#pragma HLS BIND_STORAGE variable=fourth_order_double::sin_K3 type=ROM_1P impl=LUTRAM
                                                                   ^
/home/aa13231/Downloads/code/flash_attention_proj/solution1/.autopilot/db/flash_attention.pp.0.cpp:15355:68: error: Invalid Directive: for current device, ROM_1P + LUTRAM is invalid combination for BIND_STORAGE's option 'type + impl' [clang-diagnostic-error]
#pragma HLS BIND_STORAGE variable=fourth_order_double::sin_K4 type=ROM_1P impl=LUTRAM
                                                                   ^
/home/aa13231/Downloads/code/flash_attention_proj/solution1/.autopilot/db/flash_attention.pp.0.cpp:15405:71: error: Invalid Directive: for current device, ROM_1P + LUTRAM is invalid combination for BIND_STORAGE's option 'type + impl' [clang-diagnostic-error]
#pragma HLS BIND_STORAGE variable=second_order_float::sin_cos_K0 type=ROM_1P impl=LUTRAM
                                                                      ^
/home/aa13231/Downloads/code/flash_attention_proj/solution1/.autopilot/db/flash_attention.pp.0.cpp:15406:71: error: Invalid Directive: for current device, ROM_1P + LUTRAM is invalid combination for BIND_STORAGE's option 'type + impl' [clang-diagnostic-error]
#pragma HLS BIND_STORAGE variable=second_order_float::sin_cos_K1 type=ROM_1P impl=LUTRAM
                                                                      ^
/home/aa13231/Downloads/code/flash_attention_proj/solution1/.autopilot/db/flash_attention.pp.0.cpp:15407:71: error: Invalid Directive: for current device, ROM_1P + LUTRAM is invalid combination for BIND_STORAGE's option 'type + impl' [clang-diagnostic-error]
#pragma HLS BIND_STORAGE variable=second_order_float::sin_cos_K2 type=ROM_1P impl=LUTRAM
                                                                      ^
/home/aa13231/Downloads/code/flash_attention_proj/solution1/.autopilot/db/flash_attention.pp.0.cpp:15434:67: error: Invalid Directive: for current device, ROM_1P + LUTRAM is invalid combination for BIND_STORAGE's option 'type + impl' [clang-diagnostic-error]
#pragma HLS BIND_STORAGE variable=second_order_float::cos_K0 type=ROM_1P impl=LUTRAM
                                                                  ^
/home/aa13231/Downloads/code/flash_attention_proj/solution1/.autopilot/db/flash_attention.pp.0.cpp:15435:67: error: Invalid Directive: for current device, ROM_1P + LUTRAM is invalid combination for BIND_STORAGE's option 'type + impl' [clang-diagnostic-error]
#pragma HLS BIND_STORAGE variable=second_order_float::cos_K1 type=ROM_1P impl=LUTRAM
                                                                  ^
/home/aa13231/Downloads/code/flash_attention_proj/solution1/.autopilot/db/flash_attention.pp.0.cpp:15436:67: error: Invalid Directive: for current device, ROM_1P + LUTRAM is invalid combination for BIND_STORAGE's option 'type + impl' [clang-diagnostic-error]
#pragma HLS BIND_STORAGE variable=second_order_float::cos_K2 type=ROM_1P impl=LUTRAM
                                                                  ^
/home/aa13231/Downloads/code/flash_attention_proj/solution1/.autopilot/db/flash_attention.pp.0.cpp:15437:67: error: Invalid Directive: for current device, ROM_1P + LUTRAM is invalid combination for BIND_STORAGE's option 'type + impl' [clang-diagnostic-error]
#pragma HLS BIND_STORAGE variable=second_order_float::sin_K0 type=ROM_1P impl=LUTRAM
                                                                  ^
/home/aa13231/Downloads/code/flash_attention_proj/solution1/.autopilot/db/flash_attention.pp.0.cpp:15438:67: error: Invalid Directive: for current device, ROM_1P + LUTRAM is invalid combination for BIND_STORAGE's option 'type + impl' [clang-diagnostic-error]
#pragma HLS BIND_STORAGE variable=second_order_float::sin_K1 type=ROM_1P impl=LUTRAM
                                                                  ^
/home/aa13231/Downloads/code/flash_attention_proj/solution1/.autopilot/db/flash_attention.pp.0.cpp:15439:67: error: Invalid Directive: for current device, ROM_1P + LUTRAM is invalid combination for BIND_STORAGE's option 'type + impl' [clang-diagnostic-error]
#pragma HLS BIND_STORAGE variable=second_order_float::sin_K2 type=ROM_1P impl=LUTRAM
                                                                  ^
/home/aa13231/Downloads/code/flash_attention_proj/solution1/.autopilot/db/flash_attention.pp.0.cpp:15475:73: error: Invalid Directive: for current device, ROM_1P + LUTRAM is invalid combination for BIND_STORAGE's option 'type + impl' [clang-diagnostic-error]
#pragma HLS BIND_STORAGE variable=first_order_fixed_16::sin_cos_K0 type=ROM_1P impl=LUTRAM
                                                                        ^
/home/aa13231/Downloads/code/flash_attention_proj/solution1/.autopilot/db/flash_attention.pp.0.cpp:15476:73: error: Invalid Directive: for current device, ROM_1P + LUTRAM is invalid combination for BIND_STORAGE's option 'type + impl' [clang-diagnostic-error]
#pragma HLS BIND_STORAGE variable=first_order_fixed_16::sin_cos_K1 type=ROM_1P impl=LUTRAM
                                                                        ^
/home/aa13231/Downloads/code/flash_attention_proj/solution1/.autopilot/db/flash_attention.pp.0.cpp:15750:5: warning: Added loop label VITIS_LOOP_61_1:   [xilinx-label-all-loops]
    for (int n=0; n<Nmax; n++){
    ^~~
    VITIS_LOOP_61_1: 
/home/aa13231/Downloads/code/flash_attention_proj/solution1/.autopilot/db/flash_attention.pp.0.cpp:15750:5: note: FIX-IT applied suggested code changes
/home/aa13231/Downloads/code/flash_attention_proj/solution1/.autopilot/db/flash_attention.pp.0.cpp:15796:5: warning: Added loop label VITIS_LOOP_117_1:   [xilinx-label-all-loops]
    for (int n=0; n<Nmax; n++){
    ^~~
    VITIS_LOOP_117_1: 
/home/aa13231/Downloads/code/flash_attention_proj/solution1/.autopilot/db/flash_attention.pp.0.cpp:15796:5: note: FIX-IT applied suggested code changes
/home/aa13231/Downloads/code/flash_attention_proj/solution1/.autopilot/db/flash_attention.pp.0.cpp:15959:9: warning: Added loop label VITIS_LOOP_289_1:   [xilinx-label-all-loops]
        for(int i=0;i<W-1;i++){
        ^~~
        VITIS_LOOP_289_1: 
/home/aa13231/Downloads/code/flash_attention_proj/solution1/.autopilot/db/flash_attention.pp.0.cpp:15959:9: note: FIX-IT applied suggested code changes
/home/aa13231/Downloads/code/flash_attention_proj/solution1/.autopilot/db/flash_attention.pp.0.cpp:16111:9: warning: Added loop label VITIS_LOOP_449_1:   [xilinx-label-all-loops]
        for(int i=0;i<W-1;i++){
        ^~~
        VITIS_LOOP_449_1: 
/home/aa13231/Downloads/code/flash_attention_proj/solution1/.autopilot/db/flash_attention.pp.0.cpp:16111:9: note: FIX-IT applied suggested code changes
/home/aa13231/Downloads/code/flash_attention_proj/solution1/.autopilot/db/flash_attention.pp.0.cpp:16291:5: warning: Added loop label VITIS_LOOP_629_1:   [xilinx-label-all-loops]
    for(int i=0;i<W+1;i++){
    ^~~
    VITIS_LOOP_629_1: 
/home/aa13231/Downloads/code/flash_attention_proj/solution1/.autopilot/db/flash_attention.pp.0.cpp:16291:5: note: FIX-IT applied suggested code changes
/home/aa13231/Downloads/code/flash_attention_proj/solution1/.autopilot/db/flash_attention.pp.0.cpp:16295:5: warning: Added loop label VITIS_LOOP_633_2:   [xilinx-label-all-loops]
    for(int i=0;i<W+1;i++){
    ^~~
    VITIS_LOOP_633_2: 
/home/aa13231/Downloads/code/flash_attention_proj/solution1/.autopilot/db/flash_attention.pp.0.cpp:16295:5: note: FIX-IT applied suggested code changes
/home/aa13231/Downloads/code/flash_attention_proj/solution1/.autopilot/db/flash_attention.pp.0.cpp:16405:5: warning: Added loop label VITIS_LOOP_743_1:   [xilinx-label-all-loops]
    for (int n=0; n<Nmax; n++){
    ^~~
    VITIS_LOOP_743_1: 
/home/aa13231/Downloads/code/flash_attention_proj/solution1/.autopilot/db/flash_attention.pp.0.cpp:16405:5: note: FIX-IT applied suggested code changes
/home/aa13231/Downloads/code/flash_attention_proj/solution1/.autopilot/db/flash_attention.pp.0.cpp:16495:7: warning: Added loop label VITIS_LOOP_840_1:   [xilinx-label-all-loops]
      for(int i=0;i<W-1;i++){
      ^~~
      VITIS_LOOP_840_1: 
/home/aa13231/Downloads/code/flash_attention_proj/solution1/.autopilot/db/flash_attention.pp.0.cpp:16495:7: note: FIX-IT applied suggested code changes
/home/aa13231/Downloads/code/flash_attention_proj/solution1/.autopilot/db/flash_attention.pp.0.cpp:16514:7: warning: Added loop label VITIS_LOOP_859_2:   [xilinx-label-all-loops]
      for(int i=0;i<W-1;i++){
      ^~~
      VITIS_LOOP_859_2: 
/home/aa13231/Downloads/code/flash_attention_proj/solution1/.autopilot/db/flash_attention.pp.0.cpp:16514:7: note: FIX-IT applied suggested code changes
/home/aa13231/Downloads/code/flash_attention_proj/solution1/.autopilot/db/flash_attention.pp.0.cpp:16804:5: warning: Added loop label VITIS_LOOP_1173_1:   [xilinx-label-all-loops]
    for(int i=0; i<Nmax; i++) {
    ^~~
    VITIS_LOOP_1173_1: 
/home/aa13231/Downloads/code/flash_attention_proj/solution1/.autopilot/db/flash_attention.pp.0.cpp:16804:5: note: FIX-IT applied suggested code changes
/home/aa13231/Downloads/code/flash_attention_proj/solution1/.autopilot/db/flash_attention.pp.0.cpp:16887:5: warning: Added loop label VITIS_LOOP_1256_1:   [xilinx-label-all-loops]
    for(int i=0; i<Nmax; i++) {
    ^~~
    VITIS_LOOP_1256_1: 
/home/aa13231/Downloads/code/flash_attention_proj/solution1/.autopilot/db/flash_attention.pp.0.cpp:16887:5: note: FIX-IT applied suggested code changes
/home/aa13231/Downloads/code/flash_attention_proj/solution1/.autopilot/db/flash_attention.pp.0.cpp:17293:13: warning: Added loop label VITIS_LOOP_68_1:   [xilinx-label-all-loops]
            for (int j = 3; j >= I_+1; j--) {
            ^~~
            VITIS_LOOP_68_1: 
/home/aa13231/Downloads/code/flash_attention_proj/solution1/.autopilot/db/flash_attention.pp.0.cpp:17293:13: note: FIX-IT applied suggested code changes
/home/aa13231/Downloads/code/flash_attention_proj/solution1/.autopilot/db/flash_attention.pp.0.cpp:17299:17: warning: Added loop label VITIS_LOOP_74_2:   [xilinx-label-all-loops]
                for (int j = 3; j >= I_+1; j--){
                ^~~
                VITIS_LOOP_74_2: 
/home/aa13231/Downloads/code/flash_attention_proj/solution1/.autopilot/db/flash_attention.pp.0.cpp:17299:17: note: FIX-IT applied suggested code changes
/home/aa13231/Downloads/code/flash_attention_proj/solution1/.autopilot/db/flash_attention.pp.0.cpp:17303:17: warning: Added loop label VITIS_LOOP_78_3:   [xilinx-label-all-loops]
                for (int j = I_; j >= 0; j--){
                ^~~
                VITIS_LOOP_78_3: 
/home/aa13231/Downloads/code/flash_attention_proj/solution1/.autopilot/db/flash_attention.pp.0.cpp:17303:17: note: FIX-IT applied suggested code changes
/home/aa13231/Downloads/code/flash_attention_proj/solution1/.autopilot/db/flash_attention.pp.0.cpp:17351:13: warning: Added loop label VITIS_LOOP_145_4:   [xilinx-label-all-loops]
            for (int j = 9; j >= I_+4; j--) {
            ^~~
            VITIS_LOOP_145_4: 
/home/aa13231/Downloads/code/flash_attention_proj/solution1/.autopilot/db/flash_attention.pp.0.cpp:17351:13: note: FIX-IT applied suggested code changes
/home/aa13231/Downloads/code/flash_attention_proj/solution1/.autopilot/db/flash_attention.pp.0.cpp:17357:17: warning: Added loop label VITIS_LOOP_151_5:   [xilinx-label-all-loops]
                for (int j = 9; j >= I_+4; j--){
                ^~~
                VITIS_LOOP_151_5: 
/home/aa13231/Downloads/code/flash_attention_proj/solution1/.autopilot/db/flash_attention.pp.0.cpp:17357:17: note: FIX-IT applied suggested code changes
/home/aa13231/Downloads/code/flash_attention_proj/solution1/.autopilot/db/flash_attention.pp.0.cpp:17361:17: warning: Added loop label VITIS_LOOP_155_6:   [xilinx-label-all-loops]
                for (int j = I_+3; j >= 0; j--){
                ^~~
                VITIS_LOOP_155_6: 
/home/aa13231/Downloads/code/flash_attention_proj/solution1/.autopilot/db/flash_attention.pp.0.cpp:17361:17: note: FIX-IT applied suggested code changes
/home/aa13231/Downloads/code/flash_attention_proj/solution1/.autopilot/db/flash_attention.pp.0.cpp:17376:9: warning: Added loop label VITIS_LOOP_170_7:   [xilinx-label-all-loops]
        for (int j = 14; j < 22; j++){
        ^~~
        VITIS_LOOP_170_7: 
/home/aa13231/Downloads/code/flash_attention_proj/solution1/.autopilot/db/flash_attention.pp.0.cpp:17376:9: note: FIX-IT applied suggested code changes
/home/aa13231/Downloads/code/flash_attention_proj/solution1/.autopilot/db/flash_attention.pp.0.cpp:17384:17: warning: Added loop label VITIS_LOOP_178_8:   [xilinx-label-all-loops]
                for (int j = 0; j < 22; j++){
                ^~~
                VITIS_LOOP_178_8: 
/home/aa13231/Downloads/code/flash_attention_proj/solution1/.autopilot/db/flash_attention.pp.0.cpp:17384:17: note: FIX-IT applied suggested code changes
/home/aa13231/Downloads/code/flash_attention_proj/solution1/.autopilot/db/flash_attention.pp.0.cpp:17449:13: warning: Added loop label VITIS_LOOP_243_9:   [xilinx-label-all-loops]
            for (int j = 21; j >= I_+10; j--) {
            ^~~
            VITIS_LOOP_243_9: 
/home/aa13231/Downloads/code/flash_attention_proj/solution1/.autopilot/db/flash_attention.pp.0.cpp:17449:13: note: FIX-IT applied suggested code changes
/home/aa13231/Downloads/code/flash_attention_proj/solution1/.autopilot/db/flash_attention.pp.0.cpp:17455:17: warning: Added loop label VITIS_LOOP_249_10:   [xilinx-label-all-loops]
                for (int j = 21; j >= I_+10; j--) {
                ^~~
                VITIS_LOOP_249_10: 
/home/aa13231/Downloads/code/flash_attention_proj/solution1/.autopilot/db/flash_attention.pp.0.cpp:17455:17: note: FIX-IT applied suggested code changes
/home/aa13231/Downloads/code/flash_attention_proj/solution1/.autopilot/db/flash_attention.pp.0.cpp:17459:17: warning: Added loop label VITIS_LOOP_253_11:   [xilinx-label-all-loops]
                for (int j = I_+9; j >= 0; j--) {
                ^~~
                VITIS_LOOP_253_11: 
/home/aa13231/Downloads/code/flash_attention_proj/solution1/.autopilot/db/flash_attention.pp.0.cpp:17459:17: note: FIX-IT applied suggested code changes
/home/aa13231/Downloads/code/flash_attention_proj/solution1/.autopilot/db/flash_attention.pp.0.cpp:17474:9: warning: Added loop label VITIS_LOOP_268_12:   [xilinx-label-all-loops]
        for (int j = 27; j < 46; j++){
        ^~~
        VITIS_LOOP_268_12: 
/home/aa13231/Downloads/code/flash_attention_proj/solution1/.autopilot/db/flash_attention.pp.0.cpp:17474:9: note: FIX-IT applied suggested code changes
/home/aa13231/Downloads/code/flash_attention_proj/solution1/.autopilot/db/flash_attention.pp.0.cpp:17482:17: warning: Added loop label VITIS_LOOP_276_13:   [xilinx-label-all-loops]
                for (int j = 0; j < 46; j++) {
                ^~~
                VITIS_LOOP_276_13: 
/home/aa13231/Downloads/code/flash_attention_proj/solution1/.autopilot/db/flash_attention.pp.0.cpp:17482:17: note: FIX-IT applied suggested code changes
/home/aa13231/Downloads/code/flash_attention_proj/solution1/.autopilot/db/flash_attention.pp.0.cpp:17711:13: warning: Added loop label VITIS_LOOP_505_14:   [xilinx-label-all-loops]
            for (int j = 45; j >= I_+22; j--) {
            ^~~
            VITIS_LOOP_505_14: 
/home/aa13231/Downloads/code/flash_attention_proj/solution1/.autopilot/db/flash_attention.pp.0.cpp:17711:13: note: FIX-IT applied suggested code changes
/home/aa13231/Downloads/code/flash_attention_proj/solution1/.autopilot/db/flash_attention.pp.0.cpp:17717:17: warning: Added loop label VITIS_LOOP_511_15:   [xilinx-label-all-loops]
                for (int j = 45; j >= I_+22; j--){
                ^~~
                VITIS_LOOP_511_15: 
/home/aa13231/Downloads/code/flash_attention_proj/solution1/.autopilot/db/flash_attention.pp.0.cpp:17717:17: note: FIX-IT applied suggested code changes
/home/aa13231/Downloads/code/flash_attention_proj/solution1/.autopilot/db/flash_attention.pp.0.cpp:17721:17: warning: Added loop label VITIS_LOOP_515_16:   [xilinx-label-all-loops]
                for (int j = I_+21; j >= 0; j--) {
                ^~~
                VITIS_LOOP_515_16: 
/home/aa13231/Downloads/code/flash_attention_proj/solution1/.autopilot/db/flash_attention.pp.0.cpp:17721:17: note: FIX-IT applied suggested code changes
/home/aa13231/Downloads/code/flash_attention_proj/solution1/.autopilot/db/flash_attention.pp.0.cpp:17731:9: warning: Added loop label VITIS_LOOP_525_17:   [xilinx-label-all-loops]
        for (int j = 32-F_; j < 32+I_; j++){
        ^~~
        VITIS_LOOP_525_17: 
/home/aa13231/Downloads/code/flash_attention_proj/solution1/.autopilot/db/flash_attention.pp.0.cpp:17731:9: note: FIX-IT applied suggested code changes
/home/aa13231/Downloads/code/flash_attention_proj/solution1/.autopilot/db/flash_attention.pp.0.cpp:17735:9: warning: Added loop label VITIS_LOOP_529_18:   [xilinx-label-all-loops]
        for (int j = 32+I_; j <= 64; j++){
        ^~~
        VITIS_LOOP_529_18: 
/home/aa13231/Downloads/code/flash_attention_proj/solution1/.autopilot/db/flash_attention.pp.0.cpp:17735:9: note: FIX-IT applied suggested code changes
/home/aa13231/Downloads/code/flash_attention_proj/solution1/.autopilot/db/flash_attention.pp.0.cpp:17745:9: warning: Added loop label VITIS_LOOP_539_19:   [xilinx-label-all-loops]
        for (int j = 37; j < 64; j++) {
        ^~~
        VITIS_LOOP_539_19: 
/home/aa13231/Downloads/code/flash_attention_proj/solution1/.autopilot/db/flash_attention.pp.0.cpp:17745:9: note: FIX-IT applied suggested code changes
/home/aa13231/Downloads/code/flash_attention_proj/solution1/.autopilot/db/flash_attention.pp.0.cpp:17753:17: warning: Added loop label VITIS_LOOP_547_20:   [xilinx-label-all-loops]
                for (int j = 0; j < 64; j++){
                ^~~
                VITIS_LOOP_547_20: 
/home/aa13231/Downloads/code/flash_attention_proj/solution1/.autopilot/db/flash_attention.pp.0.cpp:17753:17: note: FIX-IT applied suggested code changes
/home/aa13231/Downloads/code/flash_attention_proj/solution1/.autopilot/db/flash_attention.pp.0.cpp:18114:13: warning: Added loop label VITIS_LOOP_908_21:   [xilinx-label-all-loops]
            for (int j = 63; j >= I_+31; j--) {
            ^~~
            VITIS_LOOP_908_21: 
/home/aa13231/Downloads/code/flash_attention_proj/solution1/.autopilot/db/flash_attention.pp.0.cpp:18114:13: note: FIX-IT applied suggested code changes
/home/aa13231/Downloads/code/flash_attention_proj/solution1/.autopilot/db/flash_attention.pp.0.cpp:18120:17: warning: Added loop label VITIS_LOOP_914_22:   [xilinx-label-all-loops]
                for (int j = 63; j >= I_+31; j--) {
                ^~~
                VITIS_LOOP_914_22: 
/home/aa13231/Downloads/code/flash_attention_proj/solution1/.autopilot/db/flash_attention.pp.0.cpp:18120:17: note: FIX-IT applied suggested code changes
/home/aa13231/Downloads/code/flash_attention_proj/solution1/.autopilot/db/flash_attention.pp.0.cpp:18124:17: warning: Added loop label VITIS_LOOP_918_23:   [xilinx-label-all-loops]
                for (int j = I_+30; j >= 0; j--) {
                ^~~
                VITIS_LOOP_918_23: 
/home/aa13231/Downloads/code/flash_attention_proj/solution1/.autopilot/db/flash_attention.pp.0.cpp:18124:17: note: FIX-IT applied suggested code changes
/home/aa13231/Downloads/code/flash_attention_proj/solution1/.autopilot/db/flash_attention.pp.0.cpp:18240:13: warning: Added loop label VITIS_LOOP_1034_1:   [xilinx-label-all-loops]
            for (int j = 4; j >= I_+1; j--) {
            ^~~
            VITIS_LOOP_1034_1: 
/home/aa13231/Downloads/code/flash_attention_proj/solution1/.autopilot/db/flash_attention.pp.0.cpp:18240:13: note: FIX-IT applied suggested code changes
/home/aa13231/Downloads/code/flash_attention_proj/solution1/.autopilot/db/flash_attention.pp.0.cpp:18246:17: warning: Added loop label VITIS_LOOP_1040_2:   [xilinx-label-all-loops]
                for (int j = 4; j >= I_+1; j--) {
                ^~~
                VITIS_LOOP_1040_2: 
/home/aa13231/Downloads/code/flash_attention_proj/solution1/.autopilot/db/flash_attention.pp.0.cpp:18246:17: note: FIX-IT applied suggested code changes
/home/aa13231/Downloads/code/flash_attention_proj/solution1/.autopilot/db/flash_attention.pp.0.cpp:18250:17: warning: Added loop label VITIS_LOOP_1044_3:   [xilinx-label-all-loops]
                for (int j = I_; j >= 0; j--) {
                ^~~
                VITIS_LOOP_1044_3: 
/home/aa13231/Downloads/code/flash_attention_proj/solution1/.autopilot/db/flash_attention.pp.0.cpp:18250:17: note: FIX-IT applied suggested code changes
/home/aa13231/Downloads/code/flash_attention_proj/solution1/.autopilot/db/flash_attention.pp.0.cpp:18337:13: warning: Added loop label VITIS_LOOP_1131_4:   [xilinx-label-all-loops]
            for (int j = 10; j >= I_+4; j--) {
            ^~~
            VITIS_LOOP_1131_4: 
/home/aa13231/Downloads/code/flash_attention_proj/solution1/.autopilot/db/flash_attention.pp.0.cpp:18337:13: note: FIX-IT applied suggested code changes
/home/aa13231/Downloads/code/flash_attention_proj/solution1/.autopilot/db/flash_attention.pp.0.cpp:18343:17: warning: Added loop label VITIS_LOOP_1137_5:   [xilinx-label-all-loops]
                for (int j = 10; j >= I_+4; j--) {
                ^~~
                VITIS_LOOP_1137_5: 
/home/aa13231/Downloads/code/flash_attention_proj/solution1/.autopilot/db/flash_attention.pp.0.cpp:18343:17: note: FIX-IT applied suggested code changes
/home/aa13231/Downloads/code/flash_attention_proj/solution1/.autopilot/db/flash_attention.pp.0.cpp:18347:17: warning: Added loop label VITIS_LOOP_1141_6:   [xilinx-label-all-loops]
                for (int j = I_+3; j >= 0; j--) {
                ^~~
                VITIS_LOOP_1141_6: 
/home/aa13231/Downloads/code/flash_attention_proj/solution1/.autopilot/db/flash_attention.pp.0.cpp:18347:17: note: FIX-IT applied suggested code changes
/home/aa13231/Downloads/code/flash_attention_proj/solution1/.autopilot/db/flash_attention.pp.0.cpp:18366:9: warning: Added loop label VITIS_LOOP_1160_7:   [xilinx-label-all-loops]
        for (int j = wf+3; j < w-1; j++) {
        ^~~
        VITIS_LOOP_1160_7: 
/home/aa13231/Downloads/code/flash_attention_proj/solution1/.autopilot/db/flash_attention.pp.0.cpp:18366:9: note: FIX-IT applied suggested code changes
/home/aa13231/Downloads/code/flash_attention_proj/solution1/.autopilot/db/flash_attention.pp.0.cpp:18373:17: warning: Added loop label VITIS_LOOP_1167_8:   [xilinx-label-all-loops]
                for (int j = 0; j < 22; j++) {
                ^~~
                VITIS_LOOP_1167_8: 
/home/aa13231/Downloads/code/flash_attention_proj/solution1/.autopilot/db/flash_attention.pp.0.cpp:18373:17: note: FIX-IT applied suggested code changes
/home/aa13231/Downloads/code/flash_attention_proj/solution1/.autopilot/db/flash_attention.pp.0.cpp:18489:13: warning: Added loop label VITIS_LOOP_1283_9:   [xilinx-label-all-loops]
            for (int j = 22; j >= I_+10; j--) {
            ^~~
            VITIS_LOOP_1283_9: 
/home/aa13231/Downloads/code/flash_attention_proj/solution1/.autopilot/db/flash_attention.pp.0.cpp:18489:13: note: FIX-IT applied suggested code changes
/home/aa13231/Downloads/code/flash_attention_proj/solution1/.autopilot/db/flash_attention.pp.0.cpp:18495:17: warning: Added loop label VITIS_LOOP_1289_10:   [xilinx-label-all-loops]
                for (int j = 22; j >= I_+10; j--){
                ^~~
                VITIS_LOOP_1289_10: 
/home/aa13231/Downloads/code/flash_attention_proj/solution1/.autopilot/db/flash_attention.pp.0.cpp:18495:17: note: FIX-IT applied suggested code changes
/home/aa13231/Downloads/code/flash_attention_proj/solution1/.autopilot/db/flash_attention.pp.0.cpp:18499:17: warning: Added loop label VITIS_LOOP_1293_11:   [xilinx-label-all-loops]
                for (int j = I_+9; j >= 0; j--) {
                ^~~
                VITIS_LOOP_1293_11: 
/home/aa13231/Downloads/code/flash_attention_proj/solution1/.autopilot/db/flash_attention.pp.0.cpp:18499:17: note: FIX-IT applied suggested code changes
/home/aa13231/Downloads/code/flash_attention_proj/solution1/.autopilot/db/flash_attention.pp.0.cpp:18519:9: warning: Added loop label VITIS_LOOP_1313_12:   [xilinx-label-all-loops]
        for (int j = wf+4; j < w-1; j++){
        ^~~
        VITIS_LOOP_1313_12: 
/home/aa13231/Downloads/code/flash_attention_proj/solution1/.autopilot/db/flash_attention.pp.0.cpp:18519:9: note: FIX-IT applied suggested code changes
/home/aa13231/Downloads/code/flash_attention_proj/solution1/.autopilot/db/flash_attention.pp.0.cpp:18526:17: warning: Added loop label VITIS_LOOP_1320_13:   [xilinx-label-all-loops]
                for (int j = 0; j < 46; j++) {
                ^~~
                VITIS_LOOP_1320_13: 
/home/aa13231/Downloads/code/flash_attention_proj/solution1/.autopilot/db/flash_attention.pp.0.cpp:18526:17: note: FIX-IT applied suggested code changes
/home/aa13231/Downloads/code/flash_attention_proj/solution1/.autopilot/db/flash_attention.pp.0.cpp:18788:13: warning: Added loop label VITIS_LOOP_1582_14:   [xilinx-label-all-loops]
            for (int j = 46; j >= I_+22; j--) {
            ^~~
            VITIS_LOOP_1582_14: 
/home/aa13231/Downloads/code/flash_attention_proj/solution1/.autopilot/db/flash_attention.pp.0.cpp:18788:13: note: FIX-IT applied suggested code changes
/home/aa13231/Downloads/code/flash_attention_proj/solution1/.autopilot/db/flash_attention.pp.0.cpp:18794:17: warning: Added loop label VITIS_LOOP_1588_15:   [xilinx-label-all-loops]
                for (int j = 46; j >= I_+22; j--) {
                ^~~
                VITIS_LOOP_1588_15: 
/home/aa13231/Downloads/code/flash_attention_proj/solution1/.autopilot/db/flash_attention.pp.0.cpp:18794:17: note: FIX-IT applied suggested code changes
/home/aa13231/Downloads/code/flash_attention_proj/solution1/.autopilot/db/flash_attention.pp.0.cpp:18798:17: warning: Added loop label VITIS_LOOP_1592_16:   [xilinx-label-all-loops]
                for (int j = I_+21; j >= 0; j--) {
                ^~~
                VITIS_LOOP_1592_16: 
/home/aa13231/Downloads/code/flash_attention_proj/solution1/.autopilot/db/flash_attention.pp.0.cpp:18798:17: note: FIX-IT applied suggested code changes
/home/aa13231/Downloads/code/flash_attention_proj/solution1/.autopilot/db/flash_attention.pp.0.cpp:18822:9: warning: Added loop label VITIS_LOOP_1616_17:   [xilinx-label-all-loops]
        for (int j = wf+5; j < w-1; j++){
        ^~~
        VITIS_LOOP_1616_17: 
/home/aa13231/Downloads/code/flash_attention_proj/solution1/.autopilot/db/flash_attention.pp.0.cpp:18822:9: note: FIX-IT applied suggested code changes
/home/aa13231/Downloads/code/flash_attention_proj/solution1/.autopilot/db/flash_attention.pp.0.cpp:18829:17: warning: Added loop label VITIS_LOOP_1623_18:   [xilinx-label-all-loops]
                for (int j = 0; j < 64; j++) {
                ^~~
                VITIS_LOOP_1623_18: 
/home/aa13231/Downloads/code/flash_attention_proj/solution1/.autopilot/db/flash_attention.pp.0.cpp:18829:17: note: FIX-IT applied suggested code changes
/home/aa13231/Downloads/code/flash_attention_proj/solution1/.autopilot/db/flash_attention.pp.0.cpp:19259:13: warning: Added loop label VITIS_LOOP_2053_19:   [xilinx-label-all-loops]
            for (int j = 64; j >= I_+31; j--) {
            ^~~
            VITIS_LOOP_2053_19: 
/home/aa13231/Downloads/code/flash_attention_proj/solution1/.autopilot/db/flash_attention.pp.0.cpp:19259:13: note: FIX-IT applied suggested code changes
/home/aa13231/Downloads/code/flash_attention_proj/solution1/.autopilot/db/flash_attention.pp.0.cpp:19265:17: warning: Added loop label VITIS_LOOP_2059_20:   [xilinx-label-all-loops]
                for (int j = 64; j >= I_+31; j--) {
                ^~~
                VITIS_LOOP_2059_20: 
/home/aa13231/Downloads/code/flash_attention_proj/solution1/.autopilot/db/flash_attention.pp.0.cpp:19265:17: note: FIX-IT applied suggested code changes
/home/aa13231/Downloads/code/flash_attention_proj/solution1/.autopilot/db/flash_attention.pp.0.cpp:19269:17: warning: Added loop label VITIS_LOOP_2063_21:   [xilinx-label-all-loops]
                for (int j = I_+30; j >= 0; j--) {
                ^~~
                VITIS_LOOP_2063_21: 
/home/aa13231/Downloads/code/flash_attention_proj/solution1/.autopilot/db/flash_attention.pp.0.cpp:19269:17: note: FIX-IT applied suggested code changes
/home/aa13231/Downloads/code/flash_attention_proj/solution1/.autopilot/db/flash_attention.pp.0.cpp:19399:13: warning: Added loop label VITIS_LOOP_2193_1:   [xilinx-label-all-loops]
            for(int j=3; j>=I+1; j--) {
            ^~~
            VITIS_LOOP_2193_1: 
/home/aa13231/Downloads/code/flash_attention_proj/solution1/.autopilot/db/flash_attention.pp.0.cpp:19399:13: note: FIX-IT applied suggested code changes
/home/aa13231/Downloads/code/flash_attention_proj/solution1/.autopilot/db/flash_attention.pp.0.cpp:19406:17: warning: Added loop label VITIS_LOOP_2200_2:   [xilinx-label-all-loops]
                for(int j=3; j>=I+1; j--) {
                ^~~
                VITIS_LOOP_2200_2: 
/home/aa13231/Downloads/code/flash_attention_proj/solution1/.autopilot/db/flash_attention.pp.0.cpp:19406:17: note: FIX-IT applied suggested code changes
/home/aa13231/Downloads/code/flash_attention_proj/solution1/.autopilot/db/flash_attention.pp.0.cpp:19410:17: warning: Added loop label VITIS_LOOP_2204_3:   [xilinx-label-all-loops]
                for(int j=I; j>=0; j--) {
                ^~~
                VITIS_LOOP_2204_3: 
/home/aa13231/Downloads/code/flash_attention_proj/solution1/.autopilot/db/flash_attention.pp.0.cpp:19410:17: note: FIX-IT applied suggested code changes
/home/aa13231/Downloads/code/flash_attention_proj/solution1/.autopilot/db/flash_attention.pp.0.cpp:19457:13: warning: Added loop label VITIS_LOOP_2251_4:   [xilinx-label-all-loops]
            for(int j=7; j>=3+I; j--) {
            ^~~
            VITIS_LOOP_2251_4: 
/home/aa13231/Downloads/code/flash_attention_proj/solution1/.autopilot/db/flash_attention.pp.0.cpp:19457:13: note: FIX-IT applied suggested code changes
/home/aa13231/Downloads/code/flash_attention_proj/solution1/.autopilot/db/flash_attention.pp.0.cpp:19464:17: warning: Added loop label VITIS_LOOP_2258_5:   [xilinx-label-all-loops]
                for(int j=7; j>=3+I; j--) {
                ^~~
                VITIS_LOOP_2258_5: 
/home/aa13231/Downloads/code/flash_attention_proj/solution1/.autopilot/db/flash_attention.pp.0.cpp:19464:17: note: FIX-IT applied suggested code changes
/home/aa13231/Downloads/code/flash_attention_proj/solution1/.autopilot/db/flash_attention.pp.0.cpp:19468:17: warning: Added loop label VITIS_LOOP_2262_6:   [xilinx-label-all-loops]
                for(int j=I+2; j>=0; j--) {
                ^~~
                VITIS_LOOP_2262_6: 
/home/aa13231/Downloads/code/flash_attention_proj/solution1/.autopilot/db/flash_attention.pp.0.cpp:19468:17: note: FIX-IT applied suggested code changes
/home/aa13231/Downloads/code/flash_attention_proj/solution1/.autopilot/db/flash_attention.pp.0.cpp:19486:9: warning: Added loop label VITIS_LOOP_2280_7:   [xilinx-label-all-loops]
        for(int j=11; j<16; j++) {
        ^~~
        VITIS_LOOP_2280_7: 
/home/aa13231/Downloads/code/flash_attention_proj/solution1/.autopilot/db/flash_attention.pp.0.cpp:19486:9: note: FIX-IT applied suggested code changes
/home/aa13231/Downloads/code/flash_attention_proj/solution1/.autopilot/db/flash_attention.pp.0.cpp:19541:13: warning: Added loop label VITIS_LOOP_2335_8:   [xilinx-label-all-loops]
            for(int j=15; j>=7+I; j--) {
            ^~~
            VITIS_LOOP_2335_8: 
/home/aa13231/Downloads/code/flash_attention_proj/solution1/.autopilot/db/flash_attention.pp.0.cpp:19541:13: note: FIX-IT applied suggested code changes
/home/aa13231/Downloads/code/flash_attention_proj/solution1/.autopilot/db/flash_attention.pp.0.cpp:19548:17: warning: Added loop label VITIS_LOOP_2342_9:   [xilinx-label-all-loops]
                for(int j=15; j>=7+I; j--) {
                ^~~
                VITIS_LOOP_2342_9: 
/home/aa13231/Downloads/code/flash_attention_proj/solution1/.autopilot/db/flash_attention.pp.0.cpp:19548:17: note: FIX-IT applied suggested code changes
/home/aa13231/Downloads/code/flash_attention_proj/solution1/.autopilot/db/flash_attention.pp.0.cpp:19552:17: warning: Added loop label VITIS_LOOP_2346_10:   [xilinx-label-all-loops]
                for(int j=6+I; j>=0; j--) {
                ^~~
                VITIS_LOOP_2346_10: 
/home/aa13231/Downloads/code/flash_attention_proj/solution1/.autopilot/db/flash_attention.pp.0.cpp:19552:17: note: FIX-IT applied suggested code changes
/home/aa13231/Downloads/code/flash_attention_proj/solution1/.autopilot/db/flash_attention.pp.0.cpp:19570:9: warning: Added loop label VITIS_LOOP_2364_11:   [xilinx-label-all-loops]
        for(int j=20; j<32; j++) {
        ^~~
        VITIS_LOOP_2364_11: 
/home/aa13231/Downloads/code/flash_attention_proj/solution1/.autopilot/db/flash_attention.pp.0.cpp:19570:9: note: FIX-IT applied suggested code changes
/home/aa13231/Downloads/code/flash_attention_proj/solution1/.autopilot/db/flash_attention.pp.0.cpp:19659:13: warning: Added loop label VITIS_LOOP_2453_12:   [xilinx-label-all-loops]
            for(int j=31; j>=I+15; j--) {
            ^~~
            VITIS_LOOP_2453_12: 
/home/aa13231/Downloads/code/flash_attention_proj/solution1/.autopilot/db/flash_attention.pp.0.cpp:19659:13: note: FIX-IT applied suggested code changes
/home/aa13231/Downloads/code/flash_attention_proj/solution1/.autopilot/db/flash_attention.pp.0.cpp:19666:17: warning: Added loop label VITIS_LOOP_2460_13:   [xilinx-label-all-loops]
                for(int j=31; j>=I+15; j--) {
                ^~~
                VITIS_LOOP_2460_13: 
/home/aa13231/Downloads/code/flash_attention_proj/solution1/.autopilot/db/flash_attention.pp.0.cpp:19666:17: note: FIX-IT applied suggested code changes
/home/aa13231/Downloads/code/flash_attention_proj/solution1/.autopilot/db/flash_attention.pp.0.cpp:19670:17: warning: Added loop label VITIS_LOOP_2464_14:   [xilinx-label-all-loops]
                for(int j=I+14; j>=0; j--) {
                ^~~
                VITIS_LOOP_2464_14: 
/home/aa13231/Downloads/code/flash_attention_proj/solution1/.autopilot/db/flash_attention.pp.0.cpp:19670:17: note: FIX-IT applied suggested code changes
/home/aa13231/Downloads/code/flash_attention_proj/solution1/.autopilot/db/flash_attention.pp.0.cpp:19680:9: warning: Added loop label VITIS_LOOP_2474_15:   [xilinx-label-all-loops]
        for(int j=32-F; j<32+I; j++) {
        ^~~
        VITIS_LOOP_2474_15: 
/home/aa13231/Downloads/code/flash_attention_proj/solution1/.autopilot/db/flash_attention.pp.0.cpp:19680:9: note: FIX-IT applied suggested code changes
/home/aa13231/Downloads/code/flash_attention_proj/solution1/.autopilot/db/flash_attention.pp.0.cpp:19684:9: warning: Added loop label VITIS_LOOP_2478_16:   [xilinx-label-all-loops]
        for(int j=32+I; j<=64; j++) {
        ^~~
        VITIS_LOOP_2478_16: 
/home/aa13231/Downloads/code/flash_attention_proj/solution1/.autopilot/db/flash_attention.pp.0.cpp:19684:9: note: FIX-IT applied suggested code changes
/home/aa13231/Downloads/code/flash_attention_proj/solution1/.autopilot/db/flash_attention.pp.0.cpp:19695:9: warning: Added loop label VITIS_LOOP_2489_17:   [xilinx-label-all-loops]
        for(int j=37; j<64; j++) {
        ^~~
        VITIS_LOOP_2489_17: 
/home/aa13231/Downloads/code/flash_attention_proj/solution1/.autopilot/db/flash_attention.pp.0.cpp:19695:9: note: FIX-IT applied suggested code changes
/home/aa13231/Downloads/code/flash_attention_proj/solution1/.autopilot/db/flash_attention.pp.0.cpp:19703:17: warning: Added loop label VITIS_LOOP_2497_18:   [xilinx-label-all-loops]
                for(int j=0; j<64; j++) {
                ^~~
                VITIS_LOOP_2497_18: 
/home/aa13231/Downloads/code/flash_attention_proj/solution1/.autopilot/db/flash_attention.pp.0.cpp:19703:17: note: FIX-IT applied suggested code changes
/home/aa13231/Downloads/code/flash_attention_proj/solution1/.autopilot/db/flash_attention.pp.0.cpp:20028:13: warning: Added loop label VITIS_LOOP_2822_19:   [xilinx-label-all-loops]
            for(int j=63; j>=I+31; j--) {
            ^~~
            VITIS_LOOP_2822_19: 
/home/aa13231/Downloads/code/flash_attention_proj/solution1/.autopilot/db/flash_attention.pp.0.cpp:20028:13: note: FIX-IT applied suggested code changes
/home/aa13231/Downloads/code/flash_attention_proj/solution1/.autopilot/db/flash_attention.pp.0.cpp:20035:17: warning: Added loop label VITIS_LOOP_2829_20:   [xilinx-label-all-loops]
                for(int j=63; j>=I+31; j--) {
                ^~~
                VITIS_LOOP_2829_20: 
/home/aa13231/Downloads/code/flash_attention_proj/solution1/.autopilot/db/flash_attention.pp.0.cpp:20035:17: note: FIX-IT applied suggested code changes
/home/aa13231/Downloads/code/flash_attention_proj/solution1/.autopilot/db/flash_attention.pp.0.cpp:20039:17: warning: Added loop label VITIS_LOOP_2833_21:   [xilinx-label-all-loops]
                for(int j=I+30; j>=0; j--) {
                ^~~
                VITIS_LOOP_2833_21: 
/home/aa13231/Downloads/code/flash_attention_proj/solution1/.autopilot/db/flash_attention.pp.0.cpp:20039:17: note: FIX-IT applied suggested code changes
/home/aa13231/Downloads/code/flash_attention_proj/solution1/.autopilot/db/flash_attention.pp.0.cpp:20127:4: warning: Added loop label VITIS_LOOP_2921_1:   [xilinx-label-all-loops]
   for(int j = 5; j>=I_+2; j--) {
   ^~~
   VITIS_LOOP_2921_1: 
/home/aa13231/Downloads/code/flash_attention_proj/solution1/.autopilot/db/flash_attention.pp.0.cpp:20127:4: note: FIX-IT applied suggested code changes
/home/aa13231/Downloads/code/flash_attention_proj/solution1/.autopilot/db/flash_attention.pp.0.cpp:20134:5: warning: Added loop label VITIS_LOOP_2928_2:   [xilinx-label-all-loops]
    for(int j = 5; j>=I_+2; j--) {
    ^~~
    VITIS_LOOP_2928_2: 
/home/aa13231/Downloads/code/flash_attention_proj/solution1/.autopilot/db/flash_attention.pp.0.cpp:20134:5: note: FIX-IT applied suggested code changes
/home/aa13231/Downloads/code/flash_attention_proj/solution1/.autopilot/db/flash_attention.pp.0.cpp:20138:5: warning: Added loop label VITIS_LOOP_2932_3:   [xilinx-label-all-loops]
    for(int j = I_+1; j>=0; j--) {
    ^~~
    VITIS_LOOP_2932_3: 
/home/aa13231/Downloads/code/flash_attention_proj/solution1/.autopilot/db/flash_attention.pp.0.cpp:20138:5: note: FIX-IT applied suggested code changes
/home/aa13231/Downloads/code/flash_attention_proj/solution1/.autopilot/db/flash_attention.pp.0.cpp:20153:3: warning: Added loop label VITIS_LOOP_2947_4:   [xilinx-label-all-loops]
  for(int j = 11; j >=7; j--) {
  ^~~
  VITIS_LOOP_2947_4: 
/home/aa13231/Downloads/code/flash_attention_proj/solution1/.autopilot/db/flash_attention.pp.0.cpp:20153:3: note: FIX-IT applied suggested code changes
/home/aa13231/Downloads/code/flash_attention_proj/solution1/.autopilot/db/flash_attention.pp.0.cpp:20185:4: warning: Added loop label VITIS_LOOP_2979_5:   [xilinx-label-all-loops]
   for(int j = 11; j >= I_+5; j--) {
   ^~~
   VITIS_LOOP_2979_5: 
/home/aa13231/Downloads/code/flash_attention_proj/solution1/.autopilot/db/flash_attention.pp.0.cpp:20185:4: note: FIX-IT applied suggested code changes
/home/aa13231/Downloads/code/flash_attention_proj/solution1/.autopilot/db/flash_attention.pp.0.cpp:20192:5: warning: Added loop label VITIS_LOOP_2986_6:   [xilinx-label-all-loops]
    for(int j = 11; j>= I_+5; j--) {
    ^~~
    VITIS_LOOP_2986_6: 
/home/aa13231/Downloads/code/flash_attention_proj/solution1/.autopilot/db/flash_attention.pp.0.cpp:20192:5: note: FIX-IT applied suggested code changes
/home/aa13231/Downloads/code/flash_attention_proj/solution1/.autopilot/db/flash_attention.pp.0.cpp:20196:5: warning: Added loop label VITIS_LOOP_2990_7:   [xilinx-label-all-loops]
    for(int j = I_+4; j>=0; j--) {
    ^~~
    VITIS_LOOP_2990_7: 
/home/aa13231/Downloads/code/flash_attention_proj/solution1/.autopilot/db/flash_attention.pp.0.cpp:20196:5: note: FIX-IT applied suggested code changes
/home/aa13231/Downloads/code/flash_attention_proj/solution1/.autopilot/db/flash_attention.pp.0.cpp:20211:3: warning: Added loop label VITIS_LOOP_3005_8:   [xilinx-label-all-loops]
  for(int j = 25; j>=15; j--) {
  ^~~
  VITIS_LOOP_3005_8: 
/home/aa13231/Downloads/code/flash_attention_proj/solution1/.autopilot/db/flash_attention.pp.0.cpp:20211:3: note: FIX-IT applied suggested code changes
/home/aa13231/Downloads/code/flash_attention_proj/solution1/.autopilot/db/flash_attention.pp.0.cpp:20261:4: warning: Added loop label VITIS_LOOP_3055_9:   [xilinx-label-all-loops]
   for(int j = 25; j>= I_+12; j--) {
   ^~~
   VITIS_LOOP_3055_9: 
/home/aa13231/Downloads/code/flash_attention_proj/solution1/.autopilot/db/flash_attention.pp.0.cpp:20261:4: note: FIX-IT applied suggested code changes
/home/aa13231/Downloads/code/flash_attention_proj/solution1/.autopilot/db/flash_attention.pp.0.cpp:20268:5: warning: Added loop label VITIS_LOOP_3062_10:   [xilinx-label-all-loops]
    for(int j = 25; j>=I_+12; j--) {
    ^~~
    VITIS_LOOP_3062_10: 
/home/aa13231/Downloads/code/flash_attention_proj/solution1/.autopilot/db/flash_attention.pp.0.cpp:20268:5: note: FIX-IT applied suggested code changes
/home/aa13231/Downloads/code/flash_attention_proj/solution1/.autopilot/db/flash_attention.pp.0.cpp:20272:5: warning: Added loop label VITIS_LOOP_3066_11:   [xilinx-label-all-loops]
    for(int j = I_+11; j>=0; j--) {
    ^~~
    VITIS_LOOP_3066_11: 
/home/aa13231/Downloads/code/flash_attention_proj/solution1/.autopilot/db/flash_attention.pp.0.cpp:20272:5: note: FIX-IT applied suggested code changes
/home/aa13231/Downloads/code/flash_attention_proj/solution1/.autopilot/db/flash_attention.pp.0.cpp:20287:3: warning: Added loop label VITIS_LOOP_3081_12:   [xilinx-label-all-loops]
  for(int j = 51; j >= 29; j--) {
  ^~~
  VITIS_LOOP_3081_12: 
/home/aa13231/Downloads/code/flash_attention_proj/solution1/.autopilot/db/flash_attention.pp.0.cpp:20287:3: note: FIX-IT applied suggested code changes
/home/aa13231/Downloads/code/flash_attention_proj/solution1/.autopilot/db/flash_attention.pp.0.cpp:20424:4: warning: Added loop label VITIS_LOOP_3218_13:   [xilinx-label-all-loops]
   for(int j = 51; j >= 25 + I_; j--) {
   ^~~
   VITIS_LOOP_3218_13: 
/home/aa13231/Downloads/code/flash_attention_proj/solution1/.autopilot/db/flash_attention.pp.0.cpp:20424:4: note: FIX-IT applied suggested code changes
/home/aa13231/Downloads/code/flash_attention_proj/solution1/.autopilot/db/flash_attention.pp.0.cpp:20431:5: warning: Added loop label VITIS_LOOP_3225_14:   [xilinx-label-all-loops]
    for(int j = 51; j>=25 + I_; j--) {
    ^~~
    VITIS_LOOP_3225_14: 
/home/aa13231/Downloads/code/flash_attention_proj/solution1/.autopilot/db/flash_attention.pp.0.cpp:20431:5: note: FIX-IT applied suggested code changes
/home/aa13231/Downloads/code/flash_attention_proj/solution1/.autopilot/db/flash_attention.pp.0.cpp:20435:5: warning: Added loop label VITIS_LOOP_3229_15:   [xilinx-label-all-loops]
    for(int j = 24 + I_; j >= 0; j--) {
    ^~~
    VITIS_LOOP_3229_15: 
/home/aa13231/Downloads/code/flash_attention_proj/solution1/.autopilot/db/flash_attention.pp.0.cpp:20435:5: note: FIX-IT applied suggested code changes
/home/aa13231/Downloads/code/flash_attention_proj/solution1/.autopilot/db/flash_attention.pp.0.cpp:20450:3: warning: Added loop label VITIS_LOOP_3244_16:   [xilinx-label-all-loops]
  for(int j = 63; j >= 36; j--) {
  ^~~
  VITIS_LOOP_3244_16: 
/home/aa13231/Downloads/code/flash_attention_proj/solution1/.autopilot/db/flash_attention.pp.0.cpp:20450:3: note: FIX-IT applied suggested code changes
/home/aa13231/Downloads/code/flash_attention_proj/solution1/.autopilot/db/flash_attention.pp.0.cpp:20610:4: warning: Added loop label VITIS_LOOP_3404_17:   [xilinx-label-all-loops]
   for(int j = 63; j >= 31 + I_; j--) {
   ^~~
   VITIS_LOOP_3404_17: 
/home/aa13231/Downloads/code/flash_attention_proj/solution1/.autopilot/db/flash_attention.pp.0.cpp:20610:4: note: FIX-IT applied suggested code changes
/home/aa13231/Downloads/code/flash_attention_proj/solution1/.autopilot/db/flash_attention.pp.0.cpp:20617:5: warning: Added loop label VITIS_LOOP_3411_18:   [xilinx-label-all-loops]
    for(int j = 63; j >= 31 + I_; j--) {
    ^~~
    VITIS_LOOP_3411_18: 
/home/aa13231/Downloads/code/flash_attention_proj/solution1/.autopilot/db/flash_attention.pp.0.cpp:20617:5: note: FIX-IT applied suggested code changes
/home/aa13231/Downloads/code/flash_attention_proj/solution1/.autopilot/db/flash_attention.pp.0.cpp:20621:5: warning: Added loop label VITIS_LOOP_3415_19:   [xilinx-label-all-loops]
    for(int j = 30 + I_; j >= 0; j--) {
    ^~~
    VITIS_LOOP_3415_19: 
/home/aa13231/Downloads/code/flash_attention_proj/solution1/.autopilot/db/flash_attention.pp.0.cpp:20621:5: note: FIX-IT applied suggested code changes
/home/aa13231/Downloads/code/flash_attention_proj/solution1/.autopilot/db/flash_attention.pp.0.cpp:21336:13: warning: Added loop label VITIS_LOOP_703_1:   [xilinx-label-all-loops]
            for (b_exp = I_-1; b_exp >= -F_; b_exp--) {
            ^~~
            VITIS_LOOP_703_1: 
/home/aa13231/Downloads/code/flash_attention_proj/solution1/.autopilot/db/flash_attention.pp.0.cpp:21336:13: note: FIX-IT applied suggested code changes
/home/aa13231/Downloads/code/flash_attention_proj/solution1/.autopilot/db/flash_attention.pp.0.cpp:21554:13: warning: Added loop label VITIS_LOOP_921_1:   [xilinx-label-all-loops]
            for (b_exp = I_-1; b_exp >= -F_; b_exp--) {
            ^~~
            VITIS_LOOP_921_1: 
/home/aa13231/Downloads/code/flash_attention_proj/solution1/.autopilot/db/flash_attention.pp.0.cpp:21554:13: note: FIX-IT applied suggested code changes
/home/aa13231/Downloads/code/flash_attention_proj/solution1/.autopilot/db/flash_attention.pp.0.cpp:21971:13: warning: Added loop label VITIS_LOOP_1345_1:   [xilinx-label-all-loops]
            for (b_exp = I_-1; b_exp >= -F_; b_exp--) {
            ^~~
            VITIS_LOOP_1345_1: 
/home/aa13231/Downloads/code/flash_attention_proj/solution1/.autopilot/db/flash_attention.pp.0.cpp:21971:13: note: FIX-IT applied suggested code changes
/home/aa13231/Downloads/code/flash_attention_proj/solution1/.autopilot/db/flash_attention.pp.0.cpp:22291:9: warning: Added loop label VITIS_LOOP_240_1:   [xilinx-label-all-loops]
        for ( int pos = msbr-1; pos >= 0; pos-- ) {
        ^~~
        VITIS_LOOP_240_1: 
/home/aa13231/Downloads/code/flash_attention_proj/solution1/.autopilot/db/flash_attention.pp.0.cpp:22291:9: note: FIX-IT applied suggested code changes
/home/aa13231/Downloads/code/flash_attention_proj/solution1/.autopilot/db/flash_attention.pp.0.cpp:22319:9: warning: Added loop label VITIS_LOOP_268_2:   [xilinx-label-all-loops]
        for ( int pos = -1; pos >= -F_-1; pos-- ) {
        ^~~
        VITIS_LOOP_268_2: 
/home/aa13231/Downloads/code/flash_attention_proj/solution1/.autopilot/db/flash_attention.pp.0.cpp:22319:9: note: FIX-IT applied suggested code changes
/home/aa13231/Downloads/code/flash_attention_proj/solution1/.autopilot/db/flash_attention.pp.0.cpp:23021:13: warning: Added loop label VITIS_LOOP_48_1:   [xilinx-label-all-loops]
            for (int j = 0; j < W_-1; j++){
            ^~~
            VITIS_LOOP_48_1: 
/home/aa13231/Downloads/code/flash_attention_proj/solution1/.autopilot/db/flash_attention.pp.0.cpp:23021:13: note: FIX-IT applied suggested code changes
/home/aa13231/Downloads/code/flash_attention_proj/solution1/.autopilot/db/flash_attention.pp.0.cpp:23074:5: warning: Added loop label VITIS_LOOP_109_2:   [xilinx-label-all-loops]
    for (int j = F_l+F_+I_m-1; j < F_l+W_+5; j++){
    ^~~
    VITIS_LOOP_109_2: 
/home/aa13231/Downloads/code/flash_attention_proj/solution1/.autopilot/db/flash_attention.pp.0.cpp:23074:5: note: FIX-IT applied suggested code changes
/home/aa13231/Downloads/code/flash_attention_proj/solution1/.autopilot/db/flash_attention.pp.0.cpp:23088:13: warning: Added loop label VITIS_LOOP_123_3:   [xilinx-label-all-loops]
            for (int j = WO_m-1; j >= W_-1; j--) {
            ^~~
            VITIS_LOOP_123_3: 
/home/aa13231/Downloads/code/flash_attention_proj/solution1/.autopilot/db/flash_attention.pp.0.cpp:23088:13: note: FIX-IT applied suggested code changes
/home/aa13231/Downloads/code/flash_attention_proj/solution1/.autopilot/db/flash_attention.pp.0.cpp:23118:13: warning: Added loop label VITIS_LOOP_153_4:   [xilinx-label-all-loops]
            for (int j = W_-2; j >= 0; j--){
            ^~~
            VITIS_LOOP_153_4: 
/home/aa13231/Downloads/code/flash_attention_proj/solution1/.autopilot/db/flash_attention.pp.0.cpp:23118:13: note: FIX-IT applied suggested code changes
/home/aa13231/Downloads/code/flash_attention_proj/solution1/.autopilot/db/flash_attention.pp.0.cpp:23203:12: warning: Added loop label VITIS_LOOP_281_1:   [xilinx-label-all-loops]
           for(int i = wf_log+we_log-2; i > WI_e - 2; --i) {
           ^~~
           VITIS_LOOP_281_1: 
/home/aa13231/Downloads/code/flash_attention_proj/solution1/.autopilot/db/flash_attention.pp.0.cpp:23203:12: note: FIX-IT applied suggested code changes
/home/aa13231/Downloads/code/flash_attention_proj/solution1/.autopilot/db/flash_attention.pp.0.cpp:23223:16: warning: Added loop label VITIS_LOOP_301_2:   [xilinx-label-all-loops]
               for (int j = WO_e-1; j >= W_-1; j--) {
               ^~~
               VITIS_LOOP_301_2: 
/home/aa13231/Downloads/code/flash_attention_proj/solution1/.autopilot/db/flash_attention.pp.0.cpp:23223:16: note: FIX-IT applied suggested code changes
/home/aa13231/Downloads/code/flash_attention_proj/solution1/.autopilot/db/flash_attention.pp.0.cpp:23237:20: warning: Added loop label VITIS_LOOP_315_3:   [xilinx-label-all-loops]
                   for(int i = 0; i < W_-1; ++i) {
                   ^~~
                   VITIS_LOOP_315_3: 
/home/aa13231/Downloads/code/flash_attention_proj/solution1/.autopilot/db/flash_attention.pp.0.cpp:23237:20: note: FIX-IT applied suggested code changes
/home/aa13231/Downloads/code/flash_attention_proj/solution1/.autopilot/db/flash_attention.pp.0.cpp:23330:12: warning: Added loop label VITIS_LOOP_433_1:   [xilinx-label-all-loops]
           for (int j =WO_d-1; j >= W_-1; j--) {
           ^~~
           VITIS_LOOP_433_1: 
/home/aa13231/Downloads/code/flash_attention_proj/solution1/.autopilot/db/flash_attention.pp.0.cpp:23330:12: note: FIX-IT applied suggested code changes
/home/aa13231/Downloads/code/flash_attention_proj/solution1/.autopilot/db/flash_attention.pp.0.cpp:23344:15: warning: Added loop label VITIS_LOOP_447_2:   [xilinx-label-all-loops]
              for(int i = 0; i < W_-1; ++i) {
              ^~~
              VITIS_LOOP_447_2: 
/home/aa13231/Downloads/code/flash_attention_proj/solution1/.autopilot/db/flash_attention.pp.0.cpp:23344:15: note: FIX-IT applied suggested code changes
/home/aa13231/Downloads/code/flash_attention_proj/solution1/.autopilot/db/flash_attention.pp.0.cpp:23464:13: warning: Added loop label VITIS_LOOP_33_1:   [xilinx-label-all-loops]
            for (int i = 0; i < W_-1; i++){
            ^~~
            VITIS_LOOP_33_1: 
/home/aa13231/Downloads/code/flash_attention_proj/solution1/.autopilot/db/flash_attention.pp.0.cpp:23464:13: note: FIX-IT applied suggested code changes
/home/aa13231/Downloads/code/flash_attention_proj/solution1/.autopilot/db/flash_attention.pp.0.cpp:23588:13: warning: Added loop label VITIS_LOOP_183_1:   [xilinx-label-all-loops]
            for (int i = 0; i < W_-1; i++){
            ^~~
            VITIS_LOOP_183_1: 
/home/aa13231/Downloads/code/flash_attention_proj/solution1/.autopilot/db/flash_attention.pp.0.cpp:23588:13: note: FIX-IT applied suggested code changes
/home/aa13231/Downloads/code/flash_attention_proj/solution1/.autopilot/db/flash_attention.pp.0.cpp:23643:13: warning: Added loop label VITIS_LOOP_248_1:   [xilinx-label-all-loops]
            for (int i = 0; i < W_-1; i++){
            ^~~
            VITIS_LOOP_248_1: 
/home/aa13231/Downloads/code/flash_attention_proj/solution1/.autopilot/db/flash_attention.pp.0.cpp:23643:13: note: FIX-IT applied suggested code changes
/home/aa13231/Downloads/code/flash_attention_proj/solution1/.autopilot/db/flash_attention.pp.0.cpp:24162:2: warning: Added loop label VITIS_LOOP_16_1:   [xilinx-label-all-loops]
 for (int i=0; i<W_;i++)
 ^~~
 VITIS_LOOP_16_1: 
/home/aa13231/Downloads/code/flash_attention_proj/solution1/.autopilot/db/flash_attention.pp.0.cpp:24162:2: note: FIX-IT applied suggested code changes
/home/aa13231/Downloads/code/flash_attention_proj/solution1/.autopilot/db/flash_attention.pp.0.cpp:24173:2: warning: Added loop label VITIS_LOOP_27_1:   [xilinx-label-all-loops]
 for (int i=0; i<W_;i++)
 ^~~
 VITIS_LOOP_27_1: 
/home/aa13231/Downloads/code/flash_attention_proj/solution1/.autopilot/db/flash_attention.pp.0.cpp:24173:2: note: FIX-IT applied suggested code changes
/home/aa13231/Downloads/code/flash_attention_proj/solution1/.autopilot/db/flash_attention.pp.0.cpp:24184:2: warning: Added loop label VITIS_LOOP_38_1:   [xilinx-label-all-loops]
 for (int i=0; i<I_;i++)
 ^~~
 VITIS_LOOP_38_1: 
/home/aa13231/Downloads/code/flash_attention_proj/solution1/.autopilot/db/flash_attention.pp.0.cpp:24184:2: note: FIX-IT applied suggested code changes
/home/aa13231/Downloads/code/flash_attention_proj/solution1/.autopilot/db/flash_attention.pp.0.cpp:24195:2: warning: Added loop label VITIS_LOOP_49_1:   [xilinx-label-all-loops]
 for (int i=0; i<I_;i++)
 ^~~
 VITIS_LOOP_49_1: 
/home/aa13231/Downloads/code/flash_attention_proj/solution1/.autopilot/db/flash_attention.pp.0.cpp:24195:2: note: FIX-IT applied suggested code changes
/home/aa13231/Downloads/code/flash_attention_proj/solution1/.autopilot/db/flash_attention.pp.0.cpp:24206:2: warning: Added loop label VITIS_LOOP_60_1:   [xilinx-label-all-loops]
 for (int i=0; i<W_;i++)
 ^~~
 VITIS_LOOP_60_1: 
/home/aa13231/Downloads/code/flash_attention_proj/solution1/.autopilot/db/flash_attention.pp.0.cpp:24206:2: note: FIX-IT applied suggested code changes
/home/aa13231/Downloads/code/flash_attention_proj/solution1/.autopilot/db/flash_attention.pp.0.cpp:24217:2: warning: Added loop label VITIS_LOOP_71_1:   [xilinx-label-all-loops]
 for (int i=0; i<W_;i++)
 ^~~
 VITIS_LOOP_71_1: 
/home/aa13231/Downloads/code/flash_attention_proj/solution1/.autopilot/db/flash_attention.pp.0.cpp:24217:2: note: FIX-IT applied suggested code changes
/home/aa13231/Downloads/code/flash_attention_proj/solution1/.autopilot/db/flash_attention.pp.0.cpp:24228:2: warning: Added loop label VITIS_LOOP_82_1:   [xilinx-label-all-loops]
 for (int i=0; i<I_;i++)
 ^~~
 VITIS_LOOP_82_1: 
/home/aa13231/Downloads/code/flash_attention_proj/solution1/.autopilot/db/flash_attention.pp.0.cpp:24228:2: note: FIX-IT applied suggested code changes
/home/aa13231/Downloads/code/flash_attention_proj/solution1/.autopilot/db/flash_attention.pp.0.cpp:24239:2: warning: Added loop label VITIS_LOOP_93_1:   [xilinx-label-all-loops]
 for (int i=0; i<I_;i++)
 ^~~
 VITIS_LOOP_93_1: 
/home/aa13231/Downloads/code/flash_attention_proj/solution1/.autopilot/db/flash_attention.pp.0.cpp:24239:2: note: FIX-IT applied suggested code changes
/home/aa13231/Downloads/code/flash_attention_proj/solution1/.autopilot/db/flash_attention.pp.0.cpp:26564:12: warning: Added loop label VITIS_LOOP_26_1:   [xilinx-label-all-loops]
           for(int i = 0; i < W_-1; ++i) {
           ^~~
           VITIS_LOOP_26_1: 
/home/aa13231/Downloads/code/flash_attention_proj/solution1/.autopilot/db/flash_attention.pp.0.cpp:26564:12: note: FIX-IT applied suggested code changes
/home/aa13231/Downloads/code/flash_attention_proj/solution1/.autopilot/db/flash_attention.pp.0.cpp:26628:7: warning: Added loop label VITIS_LOOP_40_1:   [xilinx-label-all-loops]
      for(int pos = msbr - 1 ; pos >= -F-1; pos--) {
      ^~~
      VITIS_LOOP_40_1: 
/home/aa13231/Downloads/code/flash_attention_proj/solution1/.autopilot/db/flash_attention.pp.0.cpp:26628:7: note: FIX-IT applied suggested code changes
/home/aa13231/Downloads/code/flash_attention_proj/solution1/.autopilot/db/flash_attention.pp.0.cpp:26745:9: warning: Added loop label VITIS_LOOP_49_1:   [xilinx-label-all-loops]
        for(int pos = msbr - 1; pos >= 0; pos--) {
        ^~~
        VITIS_LOOP_49_1: 
/home/aa13231/Downloads/code/flash_attention_proj/solution1/.autopilot/db/flash_attention.pp.0.cpp:26745:9: note: FIX-IT applied suggested code changes
/home/aa13231/Downloads/code/flash_attention_proj/solution1/.autopilot/db/flash_attention.pp.0.cpp:26770:5: warning: Added loop label VITIS_LOOP_81_2:   [xilinx-label-all-loops]
    for(int pos = -1; pos >= -F-1; pos--) {
    ^~~
    VITIS_LOOP_81_2: 
/home/aa13231/Downloads/code/flash_attention_proj/solution1/.autopilot/db/flash_attention.pp.0.cpp:26770:5: note: FIX-IT applied suggested code changes
/home/aa13231/Downloads/code/flash_attention_proj/solution1/.autopilot/db/flash_attention.pp.0.cpp:26840:8: warning: Added loop label VITIS_LOOP_169_3:   [xilinx-label-all-loops]
       for(int i = 0; i < W - 1; ++i) {
       ^~~
       VITIS_LOOP_169_3: 
/home/aa13231/Downloads/code/flash_attention_proj/solution1/.autopilot/db/flash_attention.pp.0.cpp:26840:8: note: FIX-IT applied suggested code changes
/home/aa13231/Downloads/code/flash_attention_proj/solution1/.autopilot/db/flash_attention.pp.0.cpp:29122:13: warning: Added loop label VITIS_LOOP_69_1:   [xilinx-label-all-loops]
            for (int x = 0; x < d; x++) {
            ^~~
            VITIS_LOOP_69_1: 
/home/aa13231/Downloads/code/flash_attention_proj/solution1/.autopilot/db/flash_attention.pp.0.cpp:29122:13: note: FIX-IT applied suggested code changes
/home/aa13231/Downloads/code/flash_attention_proj/solution1/.autopilot/db/flash_attention.pp.0.cpp:29133:13: warning: Added loop label VITIS_LOOP_80_2:   [xilinx-label-all-loops]
            for (int x = 0; x < d; x++) {
            ^~~
            VITIS_LOOP_80_2: 
/home/aa13231/Downloads/code/flash_attention_proj/solution1/.autopilot/db/flash_attention.pp.0.cpp:29133:13: note: FIX-IT applied suggested code changes
/home/aa13231/Downloads/code/flash_attention_proj/solution1/.autopilot/db/flash_attention.pp.0.cpp:29146:17: warning: Added loop label VITIS_LOOP_93_3:   [xilinx-label-all-loops]
                for (int x = 0; x < d; x++) {
                ^~~
                VITIS_LOOP_93_3: 
/home/aa13231/Downloads/code/flash_attention_proj/solution1/.autopilot/db/flash_attention.pp.0.cpp:29146:17: note: FIX-IT applied suggested code changes
/home/aa13231/Downloads/code/flash_attention_proj/solution1/.autopilot/db/flash_attention.pp.0.cpp:29213:21: warning: Added loop label VITIS_LOOP_160_4:   [xilinx-label-all-loops]
                    for (int x = 0; x < 32; x++) {
                    ^~~
                    VITIS_LOOP_160_4: 
/home/aa13231/Downloads/code/flash_attention_proj/solution1/.autopilot/db/flash_attention.pp.0.cpp:29213:21: note: FIX-IT applied suggested code changes
/home/aa13231/Downloads/code/flash_attention_proj/solution1/.autopilot/db/flash_attention.pp.0.cpp:29241:13: warning: Added loop label VITIS_LOOP_188_5:   [xilinx-label-all-loops]
            for (int x = 0; x < d; x++) {
            ^~~
            VITIS_LOOP_188_5: 
/home/aa13231/Downloads/code/flash_attention_proj/solution1/.autopilot/db/flash_attention.pp.0.cpp:29241:13: note: FIX-IT applied suggested code changes
