

================================================================
== Vitis HLS Report for 'flash_attention_hls_Pipeline_LOAD_Q_VITIS_LOOP_69_1'
================================================================
* Date:           Fri May  8 14:39:23 2026

* Version:        2023.2 (Build 4023990 on Oct 11 2023)
* Project:        flash_attention_proj
* Solution:       solution1 (Vivado IP Flow Target)
* Product family: zynq
* Target device:  xc7z020-clg400-1


================================================================
== Performance Estimates
================================================================
+ Timing: 
    * Summary: 
    +--------+----------+----------+------------+
    |  Clock |  Target  | Estimated| Uncertainty|
    +--------+----------+----------+------------+
    |ap_clk  |  10.00 ns|  7.396 ns|     2.70 ns|
    +--------+----------+----------+------------+

+ Latency: 
    * Summary: 
    +---------+---------+----------+----------+-----+-----+---------+
    |  Latency (cycles) |  Latency (absolute) |  Interval | Pipeline|
    |   min   |   max   |    min   |    max   | min | max |   Type  |
    +---------+---------+----------+----------+-----+-----+---------+
    |        ?|        ?|         ?|         ?|    ?|    ?|       no|
    +---------+---------+----------+----------+-----+-----+---------+

    + Detail: 
        * Instance: 
        N/A

        * Loop: 
        +--------------------------+---------+---------+----------+-----------+-----------+------+----------+
        |                          |  Latency (cycles) | Iteration|  Initiation Interval  | Trip |          |
        |         Loop Name        |   min   |   max   |  Latency |  achieved |   target  | Count| Pipelined|
        +--------------------------+---------+---------+----------+-----------+-----------+------+----------+
        |- LOAD_Q_VITIS_LOOP_69_1  |        ?|        ?|        12|          1|          1|     ?|       yes|
        +--------------------------+---------+---------+----------+-----------+-----------+------+----------+



================================================================
== Utilization Estimates
================================================================
* Summary: 
+-----------------+---------+-----+--------+-------+-----+
|       Name      | BRAM_18K| DSP |   FF   |  LUT  | URAM|
+-----------------+---------+-----+--------+-------+-----+
|DSP              |        -|    -|       -|      -|    -|
|Expression       |        -|    -|       0|    451|    -|
|FIFO             |        -|    -|       -|      -|    -|
|Instance         |        -|    -|       -|      -|    -|
|Memory           |        -|    -|       -|      -|    -|
|Multiplexer      |        -|    -|       -|     81|    -|
|Register         |        -|    -|     506|     96|    -|
+-----------------+---------+-----+--------+-------+-----+
|Total            |        0|    0|     506|    628|    0|
+-----------------+---------+-----+--------+-------+-----+
|Available        |      280|  220|  106400|  53200|    0|
+-----------------+---------+-----+--------+-------+-----+
|Utilization (%)  |        0|    0|      ~0|      1|    0|
+-----------------+---------+-----+--------+-------+-----+

+ Detail: 
    * Instance: 
    N/A

    * DSP: 
    N/A

    * Memory: 
    N/A

    * FIFO: 
    N/A

    * Expression: 
    +---------------------------+----------+----+---+----+------------+------------+
    |       Variable Name       | Operation| DSP| FF| LUT| Bitwidth P0| Bitwidth P1|
    +---------------------------+----------+----+---+----+------------+------------+
    |add_ln68_1_fu_380_p2       |         +|   0|  0|  71|          64|          64|
    |add_ln68_2_fu_265_p2       |         +|   0|  0|  38|          31|           1|
    |add_ln68_3_fu_256_p2       |         +|   0|  0|  70|          63|           1|
    |add_ln68_fu_363_p2         |         +|   0|  0|  39|          32|          32|
    |add_ln69_fu_335_p2         |         +|   0|  0|  38|          31|           1|
    |add_ln71_fu_329_p2         |         +|   0|  0|  14|           6|           6|
    |ap_block_state4_io         |       and|   0|  0|   2|           1|           1|
    |icmp_ln68_fu_251_p2        |      icmp|   0|  0|  70|          63|          63|
    |icmp_ln69_fu_246_p2        |      icmp|   0|  0|  39|          32|          32|
    |ap_block_pp0_stage0_11001  |        or|   0|  0|   2|           1|           1|
    |or_ln68_fu_277_p2          |        or|   0|  0|   2|           1|           1|
    |select_ln68_1_fu_291_p3    |    select|   0|  0|  31|           1|          31|
    |select_ln68_fu_283_p3      |    select|   0|  0|  31|           1|          31|
    |ap_enable_pp0              |       xor|   0|  0|   2|           1|           2|
    |xor_ln68_fu_271_p2         |       xor|   0|  0|   2|           1|           2|
    +---------------------------+----------+----+---+----+------------+------------+
    |Total                      |          |   0|  0| 451|         329|         269|
    +---------------------------+----------+----+---+----+------------+------------+

    * Multiplexer: 
    +---------------------------------------+----+-----------+-----+-----------+
    |                  Name                 | LUT| Input Size| Bits| Total Bits|
    +---------------------------------------+----+-----------+-----+-----------+
    |ap_done_int                            |   9|          2|    1|          2|
    |ap_enable_reg_pp0_iter1                |   9|          2|    1|          2|
    |ap_enable_reg_pp0_iter2                |   9|          2|    1|          2|
    |ap_phi_mux_first_iter_0_phi_fu_209_p4  |   9|          2|    1|          2|
    |gmem0_blk_n_AR                         |   9|          2|    1|          2|
    |gmem0_blk_n_R                          |   9|          2|    1|          2|
    |i_fu_104                               |   9|          2|   31|         62|
    |indvar_flatten_fu_108                  |   9|          2|   63|        126|
    |x_fu_100                               |   9|          2|   31|         62|
    +---------------------------------------+----+-----------+-----+-----------+
    |Total                                  |  81|         18|  131|        262|
    +---------------------------------------+----+-----------+-----+-----------+

    * Register: 
    +-----------------------------------+----+----+-----+-----------+
    |                Name               | FF | LUT| Bits| Const Bits|
    +-----------------------------------+----+----+-----+-----------+
    |add_ln71_reg_482                   |   6|   0|    6|          0|
    |ap_CS_fsm                          |   1|   0|    1|          0|
    |ap_done_reg                        |   1|   0|    1|          0|
    |ap_enable_reg_pp0_iter1            |   1|   0|    1|          0|
    |ap_enable_reg_pp0_iter10           |   1|   0|    1|          0|
    |ap_enable_reg_pp0_iter11           |   1|   0|    1|          0|
    |ap_enable_reg_pp0_iter12           |   1|   0|    1|          0|
    |ap_enable_reg_pp0_iter2            |   1|   0|    1|          0|
    |ap_enable_reg_pp0_iter3            |   1|   0|    1|          0|
    |ap_enable_reg_pp0_iter4            |   1|   0|    1|          0|
    |ap_enable_reg_pp0_iter5            |   1|   0|    1|          0|
    |ap_enable_reg_pp0_iter6            |   1|   0|    1|          0|
    |ap_enable_reg_pp0_iter7            |   1|   0|    1|          0|
    |ap_enable_reg_pp0_iter8            |   1|   0|    1|          0|
    |ap_enable_reg_pp0_iter9            |   1|   0|    1|          0|
    |ap_loop_exit_ready_pp0_iter10_reg  |   1|   0|    1|          0|
    |ap_loop_exit_ready_pp0_iter11_reg  |   1|   0|    1|          0|
    |ap_loop_exit_ready_pp0_iter2_reg   |   1|   0|    1|          0|
    |ap_loop_exit_ready_pp0_iter3_reg   |   1|   0|    1|          0|
    |ap_loop_exit_ready_pp0_iter4_reg   |   1|   0|    1|          0|
    |ap_loop_exit_ready_pp0_iter5_reg   |   1|   0|    1|          0|
    |ap_loop_exit_ready_pp0_iter6_reg   |   1|   0|    1|          0|
    |ap_loop_exit_ready_pp0_iter7_reg   |   1|   0|    1|          0|
    |ap_loop_exit_ready_pp0_iter8_reg   |   1|   0|    1|          0|
    |ap_loop_exit_ready_pp0_iter9_reg   |   1|   0|    1|          0|
    |first_iter_0_reg_205               |   1|   0|    1|          0|
    |gmem0_addr_read_reg_493            |  32|   0|   32|          0|
    |gmem0_addr_reg_487                 |  64|   0|   64|          0|
    |i_fu_104                           |  31|   0|   31|          0|
    |icmp_ln68_reg_465                  |   1|   0|    1|          0|
    |indvar_flatten_fu_108              |  63|   0|   63|          0|
    |or_ln68_reg_469                    |   1|   0|    1|          0|
    |trunc_ln68_1_reg_473               |  27|   0|   27|          0|
    |trunc_ln69_reg_478                 |   2|   0|    2|          0|
    |x_fu_100                           |  31|   0|   31|          0|
    |zext_ln63_cast_reg_460             |  31|   0|   32|          1|
    |add_ln71_reg_482                   |  64|  32|    6|          0|
    |or_ln68_reg_469                    |  64|  32|    1|          0|
    |trunc_ln69_reg_478                 |  64|  32|    2|          0|
    +-----------------------------------+----+----+-----+-----------+
    |Total                              | 506|  96|  324|          1|
    +-----------------------------------+----+----+-----+-----------+



================================================================
== Interface
================================================================
* Summary: 
+----------------------+-----+-----+------------+-----------------------------------------------------+--------------+
|       RTL Ports      | Dir | Bits|  Protocol  |                    Source Object                    |    C Type    |
+----------------------+-----+-----+------------+-----------------------------------------------------+--------------+
|ap_clk                |   in|    1|  ap_ctrl_hs|  flash_attention_hls_Pipeline_LOAD_Q_VITIS_LOOP_69_1|  return value|
|ap_rst                |   in|    1|  ap_ctrl_hs|  flash_attention_hls_Pipeline_LOAD_Q_VITIS_LOOP_69_1|  return value|
|ap_start              |   in|    1|  ap_ctrl_hs|  flash_attention_hls_Pipeline_LOAD_Q_VITIS_LOOP_69_1|  return value|
|ap_done               |  out|    1|  ap_ctrl_hs|  flash_attention_hls_Pipeline_LOAD_Q_VITIS_LOOP_69_1|  return value|
|ap_idle               |  out|    1|  ap_ctrl_hs|  flash_attention_hls_Pipeline_LOAD_Q_VITIS_LOOP_69_1|  return value|
|ap_ready              |  out|    1|  ap_ctrl_hs|  flash_attention_hls_Pipeline_LOAD_Q_VITIS_LOOP_69_1|  return value|
|m_axi_gmem0_AWVALID   |  out|    1|       m_axi|                                                gmem0|       pointer|
|m_axi_gmem0_AWREADY   |   in|    1|       m_axi|                                                gmem0|       pointer|
|m_axi_gmem0_AWADDR    |  out|   64|       m_axi|                                                gmem0|       pointer|
|m_axi_gmem0_AWID      |  out|    1|       m_axi|                                                gmem0|       pointer|
|m_axi_gmem0_AWLEN     |  out|   32|       m_axi|                                                gmem0|       pointer|
|m_axi_gmem0_AWSIZE    |  out|    3|       m_axi|                                                gmem0|       pointer|
|m_axi_gmem0_AWBURST   |  out|    2|       m_axi|                                                gmem0|       pointer|
|m_axi_gmem0_AWLOCK    |  out|    2|       m_axi|                                                gmem0|       pointer|
|m_axi_gmem0_AWCACHE   |  out|    4|       m_axi|                                                gmem0|       pointer|
|m_axi_gmem0_AWPROT    |  out|    3|       m_axi|                                                gmem0|       pointer|
|m_axi_gmem0_AWQOS     |  out|    4|       m_axi|                                                gmem0|       pointer|
|m_axi_gmem0_AWREGION  |  out|    4|       m_axi|                                                gmem0|       pointer|
|m_axi_gmem0_AWUSER    |  out|    1|       m_axi|                                                gmem0|       pointer|
|m_axi_gmem0_WVALID    |  out|    1|       m_axi|                                                gmem0|       pointer|
|m_axi_gmem0_WREADY    |   in|    1|       m_axi|                                                gmem0|       pointer|
|m_axi_gmem0_WDATA     |  out|   32|       m_axi|                                                gmem0|       pointer|
|m_axi_gmem0_WSTRB     |  out|    4|       m_axi|                                                gmem0|       pointer|
|m_axi_gmem0_WLAST     |  out|    1|       m_axi|                                                gmem0|       pointer|
|m_axi_gmem0_WID       |  out|    1|       m_axi|                                                gmem0|       pointer|
|m_axi_gmem0_WUSER     |  out|    1|       m_axi|                                                gmem0|       pointer|
|m_axi_gmem0_ARVALID   |  out|    1|       m_axi|                                                gmem0|       pointer|
|m_axi_gmem0_ARREADY   |   in|    1|       m_axi|                                                gmem0|       pointer|
|m_axi_gmem0_ARADDR    |  out|   64|       m_axi|                                                gmem0|       pointer|
|m_axi_gmem0_ARID      |  out|    1|       m_axi|                                                gmem0|       pointer|
|m_axi_gmem0_ARLEN     |  out|   32|       m_axi|                                                gmem0|       pointer|
|m_axi_gmem0_ARSIZE    |  out|    3|       m_axi|                                                gmem0|       pointer|
|m_axi_gmem0_ARBURST   |  out|    2|       m_axi|                                                gmem0|       pointer|
|m_axi_gmem0_ARLOCK    |  out|    2|       m_axi|                                                gmem0|       pointer|
|m_axi_gmem0_ARCACHE   |  out|    4|       m_axi|                                                gmem0|       pointer|
|m_axi_gmem0_ARPROT    |  out|    3|       m_axi|                                                gmem0|       pointer|
|m_axi_gmem0_ARQOS     |  out|    4|       m_axi|                                                gmem0|       pointer|
|m_axi_gmem0_ARREGION  |  out|    4|       m_axi|                                                gmem0|       pointer|
|m_axi_gmem0_ARUSER    |  out|    1|       m_axi|                                                gmem0|       pointer|
|m_axi_gmem0_RVALID    |   in|    1|       m_axi|                                                gmem0|       pointer|
|m_axi_gmem0_RREADY    |  out|    1|       m_axi|                                                gmem0|       pointer|
|m_axi_gmem0_RDATA     |   in|   32|       m_axi|                                                gmem0|       pointer|
|m_axi_gmem0_RLAST     |   in|    1|       m_axi|                                                gmem0|       pointer|
|m_axi_gmem0_RID       |   in|    1|       m_axi|                                                gmem0|       pointer|
|m_axi_gmem0_RFIFONUM  |   in|    9|       m_axi|                                                gmem0|       pointer|
|m_axi_gmem0_RUSER     |   in|    1|       m_axi|                                                gmem0|       pointer|
|m_axi_gmem0_RRESP     |   in|    2|       m_axi|                                                gmem0|       pointer|
|m_axi_gmem0_BVALID    |   in|    1|       m_axi|                                                gmem0|       pointer|
|m_axi_gmem0_BREADY    |  out|    1|       m_axi|                                                gmem0|       pointer|
|m_axi_gmem0_BRESP     |   in|    2|       m_axi|                                                gmem0|       pointer|
|m_axi_gmem0_BID       |   in|    1|       m_axi|                                                gmem0|       pointer|
|m_axi_gmem0_BUSER     |   in|    1|       m_axi|                                                gmem0|       pointer|
|d                     |   in|   32|     ap_none|                                                    d|        scalar|
|mul_ln68              |   in|   63|     ap_none|                                             mul_ln68|        scalar|
|Qbuf_address0         |  out|    6|   ap_memory|                                                 Qbuf|         array|
|Qbuf_ce0              |  out|    1|   ap_memory|                                                 Qbuf|         array|
|Qbuf_we0              |  out|    1|   ap_memory|                                                 Qbuf|         array|
|Qbuf_d0               |  out|   32|   ap_memory|                                                 Qbuf|         array|
|Qbuf_1_address0       |  out|    6|   ap_memory|                                               Qbuf_1|         array|
|Qbuf_1_ce0            |  out|    1|   ap_memory|                                               Qbuf_1|         array|
|Qbuf_1_we0            |  out|    1|   ap_memory|                                               Qbuf_1|         array|
|Qbuf_1_d0             |  out|   32|   ap_memory|                                               Qbuf_1|         array|
|Qbuf_2_address0       |  out|    6|   ap_memory|                                               Qbuf_2|         array|
|Qbuf_2_ce0            |  out|    1|   ap_memory|                                               Qbuf_2|         array|
|Qbuf_2_we0            |  out|    1|   ap_memory|                                               Qbuf_2|         array|
|Qbuf_2_d0             |  out|   32|   ap_memory|                                               Qbuf_2|         array|
|Qbuf_3_address0       |  out|    6|   ap_memory|                                               Qbuf_3|         array|
|Qbuf_3_ce0            |  out|    1|   ap_memory|                                               Qbuf_3|         array|
|Qbuf_3_we0            |  out|    1|   ap_memory|                                               Qbuf_3|         array|
|Qbuf_3_d0             |  out|   32|   ap_memory|                                               Qbuf_3|         array|
|zext_ln63             |   in|   31|     ap_none|                                            zext_ln63|        scalar|
|shl_ln68_2            |   in|   32|     ap_none|                                           shl_ln68_2|        scalar|
|Q                     |   in|   64|     ap_none|                                                    Q|        scalar|
+----------------------+-----+-----+------------+-----------------------------------------------------+--------------+

============================================================
+ Verbose Summary: Synthesis Manager
============================================================
InlineROM: 1
ExposeGlobal: 0
============================================================
+ Verbose Summary: CDFG Model
============================================================
IsTopModel: 0
ResetActiveHigh: 1
IsCombinational: 2
IsDatapathOnly: 2
HasWiredReturn: 1
HasMFsm: 2
HasVarLatency: 1
IsPipeline: 0
IsRtlPipelined: 0
IsInstanceOverlapped: 0
IsDontTouch: 0
HasImplIP: 0
IsGatedGlobalClock: 0

+ Individual pipeline summary: 
  * Pipeline-0: initiation interval (II) = 1, depth = 13


============================================================
+ Verbose Summary: Schedule
============================================================
* Number of FSM states : 13
* Pipeline : 1
  Pipeline-0 : II = 1, D = 13, States = { 1 2 3 4 5 6 7 8 9 10 11 12 13 }
* Dataflow Pipeline: 0

* FSM state transitions: 
1 --> 2 
2 --> 3 
3 --> 4 
4 --> 5 
5 --> 6 
6 --> 7 
7 --> 8 
8 --> 9 
9 --> 10 
10 --> 11 
11 --> 12 
12 --> 13 
13 --> 

* FSM state operations: 

State 1 <SV = 0> <Delay = 1.58>
ST_1 : Operation 15 [1/1] (0.00ns)   --->   "%x = alloca i32 1" [flash_attention.cpp:69]   --->   Operation 15 'alloca' 'x' <Predicate = true> <Delay = 0.00>
ST_1 : Operation 16 [1/1] (0.00ns)   --->   "%i = alloca i32 1" [flash_attention.cpp:68]   --->   Operation 16 'alloca' 'i' <Predicate = true> <Delay = 0.00>
ST_1 : Operation 17 [1/1] (0.00ns)   --->   "%indvar_flatten = alloca i32 1"   --->   Operation 17 'alloca' 'indvar_flatten' <Predicate = true> <Delay = 0.00>
ST_1 : Operation 18 [1/1] (0.00ns)   --->   "%Q_read = read i64 @_ssdm_op_Read.ap_auto.i64, i64 %Q"   --->   Operation 18 'read' 'Q_read' <Predicate = true> <Delay = 0.00>
ST_1 : Operation 19 [1/1] (0.00ns)   --->   "%shl_ln68_2_read = read i32 @_ssdm_op_Read.ap_auto.i32, i32 %shl_ln68_2"   --->   Operation 19 'read' 'shl_ln68_2_read' <Predicate = true> <Delay = 0.00>
ST_1 : Operation 20 [1/1] (0.00ns)   --->   "%zext_ln63_read = read i31 @_ssdm_op_Read.ap_auto.i31, i31 %zext_ln63"   --->   Operation 20 'read' 'zext_ln63_read' <Predicate = true> <Delay = 0.00>
ST_1 : Operation 21 [1/1] (0.00ns)   --->   "%mul_ln68_read = read i63 @_ssdm_op_Read.ap_auto.i63, i63 %mul_ln68"   --->   Operation 21 'read' 'mul_ln68_read' <Predicate = true> <Delay = 0.00>
ST_1 : Operation 22 [1/1] (0.00ns)   --->   "%d_read = read i32 @_ssdm_op_Read.ap_auto.i32, i32 %d"   --->   Operation 22 'read' 'd_read' <Predicate = true> <Delay = 0.00>
ST_1 : Operation 23 [1/1] (0.00ns)   --->   "%zext_ln63_cast = zext i31 %zext_ln63_read"   --->   Operation 23 'zext' 'zext_ln63_cast' <Predicate = true> <Delay = 0.00>
ST_1 : Operation 24 [1/1] (0.00ns)   --->   "%specinterface_ln0 = specinterface void @_ssdm_op_SpecInterface, i32 %gmem0, void @empty_5, i32 0, i32 0, void @empty_22, i32 0, i32 2048, void @empty_3, void @empty_23, void @empty_22, i32 16, i32 16, i32 16, i32 16, void @empty_22, void @empty_22, i32 4294967295, i32 0"   --->   Operation 24 'specinterface' 'specinterface_ln0' <Predicate = true> <Delay = 0.00>
ST_1 : Operation 25 [1/1] (1.58ns)   --->   "%store_ln0 = store i63 0, i63 %indvar_flatten"   --->   Operation 25 'store' 'store_ln0' <Predicate = true> <Delay = 1.58>
ST_1 : Operation 26 [1/1] (1.58ns)   --->   "%store_ln68 = store i31 0, i31 %i" [flash_attention.cpp:68]   --->   Operation 26 'store' 'store_ln68' <Predicate = true> <Delay = 1.58>
ST_1 : Operation 27 [1/1] (1.58ns)   --->   "%store_ln69 = store i31 0, i31 %x" [flash_attention.cpp:69]   --->   Operation 27 'store' 'store_ln69' <Predicate = true> <Delay = 1.58>
ST_1 : Operation 28 [1/1] (1.58ns)   --->   "%br_ln0 = br void %for.inc"   --->   Operation 28 'br' 'br_ln0' <Predicate = true> <Delay = 1.58>

State 2 <SV = 1> <Delay = 7.39>
ST_2 : Operation 29 [1/1] (0.00ns)   --->   "%first_iter_0 = phi i1 1, void %newFuncRoot, i1 0, void %arrayidx1514.exit"   --->   Operation 29 'phi' 'first_iter_0' <Predicate = true> <Delay = 0.00>
ST_2 : Operation 30 [1/1] (0.00ns)   --->   "%x_4 = load i31 %x" [flash_attention.cpp:69]   --->   Operation 30 'load' 'x_4' <Predicate = true> <Delay = 0.00>
ST_2 : Operation 31 [1/1] (0.00ns)   --->   "%indvar_flatten_load = load i63 %indvar_flatten" [flash_attention.cpp:68]   --->   Operation 31 'load' 'indvar_flatten_load' <Predicate = true> <Delay = 0.00>
ST_2 : Operation 32 [1/1] (0.00ns)   --->   "%specbitsmap_ln0 = specbitsmap void @_ssdm_op_SpecBitsMap, i32 %gmem0"   --->   Operation 32 'specbitsmap' 'specbitsmap_ln0' <Predicate = true> <Delay = 0.00>
ST_2 : Operation 33 [1/1] (0.00ns)   --->   "%zext_ln69 = zext i31 %x_4" [flash_attention.cpp:69]   --->   Operation 33 'zext' 'zext_ln69' <Predicate = true> <Delay = 0.00>
ST_2 : Operation 34 [1/1] (2.55ns)   --->   "%icmp_ln69 = icmp_slt  i32 %zext_ln69, i32 %d_read" [flash_attention.cpp:69]   --->   Operation 34 'icmp' 'icmp_ln69' <Predicate = true> <Delay = 2.55> <CoreInst = "Cmp">   --->   Core 9 'Cmp' <Latency = 0> <II = 1> <Delay = 2.55> <FuncUnit> <Opcode : 'icmp'> <InPorts = 2> <OutPorts = 1>
ST_2 : Operation 35 [1/1] (3.49ns)   --->   "%icmp_ln68 = icmp_eq  i63 %indvar_flatten_load, i63 %mul_ln68_read" [flash_attention.cpp:68]   --->   Operation 35 'icmp' 'icmp_ln68' <Predicate = true> <Delay = 3.49> <CoreInst = "Cmp">   --->   Core 9 'Cmp' <Latency = 0> <II = 1> <Delay = 3.49> <FuncUnit> <Opcode : 'icmp'> <InPorts = 2> <OutPorts = 1>
ST_2 : Operation 36 [1/1] (3.49ns)   --->   "%add_ln68_3 = add i63 %indvar_flatten_load, i63 1" [flash_attention.cpp:68]   --->   Operation 36 'add' 'add_ln68_3' <Predicate = true> <Delay = 3.49> <CoreInst = "Adder">   --->   Core 1 'Adder' <Latency = 0> <II = 1> <Delay = 3.49> <FuncUnit> <Opcode : 'add' 'sub'> <InPorts = 2> <OutPorts = 1>
ST_2 : Operation 37 [1/1] (0.00ns)   --->   "%br_ln68 = br i1 %icmp_ln68, void %for.inc16.loopexit, void %VITIS_LOOP_80_2.preheader.exitStub" [flash_attention.cpp:68]   --->   Operation 37 'br' 'br_ln68' <Predicate = true> <Delay = 0.00>
ST_2 : Operation 38 [1/1] (0.00ns)   --->   "%i_load = load i31 %i" [flash_attention.cpp:68]   --->   Operation 38 'load' 'i_load' <Predicate = (!icmp_ln68)> <Delay = 0.00>
ST_2 : Operation 39 [1/1] (2.52ns)   --->   "%add_ln68_2 = add i31 %i_load, i31 1" [flash_attention.cpp:68]   --->   Operation 39 'add' 'add_ln68_2' <Predicate = (!icmp_ln68)> <Delay = 2.52> <CoreInst = "Adder">   --->   Core 1 'Adder' <Latency = 0> <II = 1> <Delay = 2.52> <FuncUnit> <Opcode : 'add' 'sub'> <InPorts = 2> <OutPorts = 1>
ST_2 : Operation 40 [1/1] (0.00ns) (grouped into LUT with out node or_ln68)   --->   "%xor_ln68 = xor i1 %icmp_ln69, i1 1" [flash_attention.cpp:68]   --->   Operation 40 'xor' 'xor_ln68' <Predicate = (!icmp_ln68)> <Delay = 0.00> <CoreInst = "LogicGate">   --->   Core 74 'LogicGate' <Latency = 0> <II = 1> <Delay = 0.97> <FuncUnit> <Opcode : 'and' 'or' 'xor'> <InPorts = 2> <OutPorts = 1>
ST_2 : Operation 41 [1/1] (0.97ns) (out node of the LUT)   --->   "%or_ln68 = or i1 %first_iter_0, i1 %xor_ln68" [flash_attention.cpp:68]   --->   Operation 41 'or' 'or_ln68' <Predicate = (!icmp_ln68)> <Delay = 0.97> <CoreInst = "LogicGate">   --->   Core 74 'LogicGate' <Latency = 0> <II = 1> <Delay = 0.97> <FuncUnit> <Opcode : 'and' 'or' 'xor'> <InPorts = 2> <OutPorts = 1>
ST_2 : Operation 42 [1/1] (0.73ns)   --->   "%select_ln68 = select i1 %icmp_ln69, i31 %x_4, i31 0" [flash_attention.cpp:68]   --->   Operation 42 'select' 'select_ln68' <Predicate = (!icmp_ln68)> <Delay = 0.73> <CoreInst = "Sel">   --->   Core 73 'Sel' <Latency = 0> <II = 1> <Delay = 0.73> <FuncUnit> <Opcode : 'select'> <InPorts = 3> <OutPorts = 1>
ST_2 : Operation 43 [1/1] (0.73ns)   --->   "%select_ln68_1 = select i1 %icmp_ln69, i31 %i_load, i31 %add_ln68_2" [flash_attention.cpp:68]   --->   Operation 43 'select' 'select_ln68_1' <Predicate = (!icmp_ln68)> <Delay = 0.73> <CoreInst = "Sel">   --->   Core 73 'Sel' <Latency = 0> <II = 1> <Delay = 0.73> <FuncUnit> <Opcode : 'select'> <InPorts = 3> <OutPorts = 1>
ST_2 : Operation 44 [1/1] (0.00ns)   --->   "%trunc_ln68 = trunc i31 %select_ln68_1" [flash_attention.cpp:68]   --->   Operation 44 'trunc' 'trunc_ln68' <Predicate = (!icmp_ln68)> <Delay = 0.00>
ST_2 : Operation 45 [1/1] (0.00ns)   --->   "%trunc_ln68_1 = trunc i31 %select_ln68_1" [flash_attention.cpp:68]   --->   Operation 45 'trunc' 'trunc_ln68_1' <Predicate = (!icmp_ln68)> <Delay = 0.00>
ST_2 : Operation 46 [1/1] (0.00ns)   --->   "%br_ln69 = br i1 %or_ln68, void %for.inc.split, void %for.first.iter.for.inc" [flash_attention.cpp:69]   --->   Operation 46 'br' 'br_ln69' <Predicate = (!icmp_ln68)> <Delay = 0.00>
ST_2 : Operation 47 [1/1] (0.00ns)   --->   "%tmp_s = bitconcatenate i6 @_ssdm_op_BitConcatenate.i6.i3.i3, i3 %trunc_ln68, i3 0" [flash_attention.cpp:71]   --->   Operation 47 'bitconcatenate' 'tmp_s' <Predicate = (!icmp_ln68)> <Delay = 0.00>
ST_2 : Operation 48 [1/1] (0.00ns)   --->   "%trunc_ln69 = trunc i31 %select_ln68" [flash_attention.cpp:69]   --->   Operation 48 'trunc' 'trunc_ln69' <Predicate = (!icmp_ln68)> <Delay = 0.00>
ST_2 : Operation 49 [1/1] (0.00ns)   --->   "%lshr_ln = partselect i6 @_ssdm_op_PartSelect.i6.i31.i32.i32, i31 %select_ln68, i32 2, i32 7" [flash_attention.cpp:69]   --->   Operation 49 'partselect' 'lshr_ln' <Predicate = (!icmp_ln68)> <Delay = 0.00>
ST_2 : Operation 50 [1/1] (1.82ns)   --->   "%add_ln71 = add i6 %tmp_s, i6 %lshr_ln" [flash_attention.cpp:71]   --->   Operation 50 'add' 'add_ln71' <Predicate = (!icmp_ln68)> <Delay = 1.82> <CoreInst = "Adder">   --->   Core 1 'Adder' <Latency = 0> <II = 1> <Delay = 1.82> <FuncUnit> <Opcode : 'add' 'sub'> <InPorts = 2> <OutPorts = 1>
ST_2 : Operation 51 [1/1] (1.86ns)   --->   "%switch_ln71 = switch i2 %trunc_ln69, void %arrayidx1514.case.3, i2 0, void %arrayidx1514.case.0, i2 1, void %arrayidx1514.case.1, i2 2, void %arrayidx1514.case.2" [flash_attention.cpp:71]   --->   Operation 51 'switch' 'switch_ln71' <Predicate = (!icmp_ln68)> <Delay = 1.86>
ST_2 : Operation 52 [1/1] (2.52ns)   --->   "%add_ln69 = add i31 %select_ln68, i31 1" [flash_attention.cpp:69]   --->   Operation 52 'add' 'add_ln69' <Predicate = (!icmp_ln68)> <Delay = 2.52> <CoreInst = "Adder">   --->   Core 1 'Adder' <Latency = 0> <II = 1> <Delay = 2.52> <FuncUnit> <Opcode : 'add' 'sub'> <InPorts = 2> <OutPorts = 1>
ST_2 : Operation 53 [1/1] (1.58ns)   --->   "%store_ln68 = store i63 %add_ln68_3, i63 %indvar_flatten" [flash_attention.cpp:68]   --->   Operation 53 'store' 'store_ln68' <Predicate = (!icmp_ln68)> <Delay = 1.58>
ST_2 : Operation 54 [1/1] (1.58ns)   --->   "%store_ln68 = store i31 %select_ln68_1, i31 %i" [flash_attention.cpp:68]   --->   Operation 54 'store' 'store_ln68' <Predicate = (!icmp_ln68)> <Delay = 1.58>
ST_2 : Operation 55 [1/1] (1.58ns)   --->   "%store_ln69 = store i31 %add_ln69, i31 %x" [flash_attention.cpp:69]   --->   Operation 55 'store' 'store_ln69' <Predicate = (!icmp_ln68)> <Delay = 1.58>
ST_2 : Operation 56 [1/1] (0.00ns)   --->   "%br_ln69 = br void %for.inc" [flash_attention.cpp:69]   --->   Operation 56 'br' 'br_ln69' <Predicate = (!icmp_ln68)> <Delay = 0.00>

State 3 <SV = 2> <Delay = 6.07>
ST_3 : Operation 57 [1/1] (0.00ns)   --->   "%specloopname_ln0 = specloopname void @_ssdm_op_SpecLoopName, void @LOAD_Q_VITIS_LOOP_69_1_str"   --->   Operation 57 'specloopname' 'specloopname_ln0' <Predicate = true> <Delay = 0.00>
ST_3 : Operation 58 [1/1] (0.00ns)   --->   "%shl_ln = bitconcatenate i32 @_ssdm_op_BitConcatenate.i32.i27.i5, i27 %trunc_ln68_1, i5 0" [flash_attention.cpp:68]   --->   Operation 58 'bitconcatenate' 'shl_ln' <Predicate = true> <Delay = 0.00>
ST_3 : Operation 59 [1/1] (2.55ns)   --->   "%add_ln68 = add i32 %shl_ln, i32 %shl_ln68_2_read" [flash_attention.cpp:68]   --->   Operation 59 'add' 'add_ln68' <Predicate = true> <Delay = 2.55> <CoreInst = "Adder">   --->   Core 1 'Adder' <Latency = 0> <II = 1> <Delay = 2.55> <FuncUnit> <Opcode : 'add' 'sub'> <InPorts = 2> <OutPorts = 1>
ST_3 : Operation 60 [1/1] (0.00ns)   --->   "%shl_ln68_1 = bitconcatenate i34 @_ssdm_op_BitConcatenate.i34.i32.i2, i32 %add_ln68, i2 0" [flash_attention.cpp:68]   --->   Operation 60 'bitconcatenate' 'shl_ln68_1' <Predicate = true> <Delay = 0.00>
ST_3 : Operation 61 [1/1] (0.00ns)   --->   "%sext_ln68 = sext i34 %shl_ln68_1" [flash_attention.cpp:68]   --->   Operation 61 'sext' 'sext_ln68' <Predicate = true> <Delay = 0.00>
ST_3 : Operation 62 [1/1] (3.52ns)   --->   "%add_ln68_1 = add i64 %sext_ln68, i64 %Q_read" [flash_attention.cpp:68]   --->   Operation 62 'add' 'add_ln68_1' <Predicate = true> <Delay = 3.52> <CoreInst = "Adder">   --->   Core 1 'Adder' <Latency = 0> <II = 1> <Delay = 3.52> <FuncUnit> <Opcode : 'add' 'sub'> <InPorts = 2> <OutPorts = 1>
ST_3 : Operation 63 [1/1] (0.00ns)   --->   "%trunc_ln2 = partselect i62 @_ssdm_op_PartSelect.i62.i64.i32.i32, i64 %add_ln68_1, i32 2, i32 63" [flash_attention.cpp:69]   --->   Operation 63 'partselect' 'trunc_ln2' <Predicate = true> <Delay = 0.00>
ST_3 : Operation 64 [1/1] (0.00ns)   --->   "%sext_ln69 = sext i62 %trunc_ln2" [flash_attention.cpp:69]   --->   Operation 64 'sext' 'sext_ln69' <Predicate = true> <Delay = 0.00>
ST_3 : Operation 65 [1/1] (0.00ns)   --->   "%gmem0_addr = getelementptr i32 %gmem0, i64 %sext_ln69" [flash_attention.cpp:69]   --->   Operation 65 'getelementptr' 'gmem0_addr' <Predicate = true> <Delay = 0.00>

State 4 <SV = 3> <Delay = 7.30>
ST_4 : Operation 66 [8/8] (7.30ns)   --->   "%empty = readreq i1 @_ssdm_op_ReadReq.m_axi.p1i32, i64 %gmem0_addr, i32 %zext_ln63_cast" [flash_attention.cpp:69]   --->   Operation 66 'readreq' 'empty' <Predicate = (or_ln68)> <Delay = 7.30> <CoreInst = "m_axi">   --->   Core 113 'm_axi' <Latency = 0> <II = 1> <Delay = 1.00> <Adapter> <Opcode : 'read' 'write' 'readreq' 'writereq' 'writeresp'>

State 5 <SV = 4> <Delay = 7.30>
ST_5 : Operation 67 [7/8] (7.30ns)   --->   "%empty = readreq i1 @_ssdm_op_ReadReq.m_axi.p1i32, i64 %gmem0_addr, i32 %zext_ln63_cast" [flash_attention.cpp:69]   --->   Operation 67 'readreq' 'empty' <Predicate = (or_ln68)> <Delay = 7.30> <CoreInst = "m_axi">   --->   Core 113 'm_axi' <Latency = 0> <II = 1> <Delay = 1.00> <Adapter> <Opcode : 'read' 'write' 'readreq' 'writereq' 'writeresp'>

State 6 <SV = 5> <Delay = 7.30>
ST_6 : Operation 68 [6/8] (7.30ns)   --->   "%empty = readreq i1 @_ssdm_op_ReadReq.m_axi.p1i32, i64 %gmem0_addr, i32 %zext_ln63_cast" [flash_attention.cpp:69]   --->   Operation 68 'readreq' 'empty' <Predicate = (or_ln68)> <Delay = 7.30> <CoreInst = "m_axi">   --->   Core 113 'm_axi' <Latency = 0> <II = 1> <Delay = 1.00> <Adapter> <Opcode : 'read' 'write' 'readreq' 'writereq' 'writeresp'>

State 7 <SV = 6> <Delay = 7.30>
ST_7 : Operation 69 [5/8] (7.30ns)   --->   "%empty = readreq i1 @_ssdm_op_ReadReq.m_axi.p1i32, i64 %gmem0_addr, i32 %zext_ln63_cast" [flash_attention.cpp:69]   --->   Operation 69 'readreq' 'empty' <Predicate = (or_ln68)> <Delay = 7.30> <CoreInst = "m_axi">   --->   Core 113 'm_axi' <Latency = 0> <II = 1> <Delay = 1.00> <Adapter> <Opcode : 'read' 'write' 'readreq' 'writereq' 'writeresp'>

State 8 <SV = 7> <Delay = 7.30>
ST_8 : Operation 70 [4/8] (7.30ns)   --->   "%empty = readreq i1 @_ssdm_op_ReadReq.m_axi.p1i32, i64 %gmem0_addr, i32 %zext_ln63_cast" [flash_attention.cpp:69]   --->   Operation 70 'readreq' 'empty' <Predicate = (or_ln68)> <Delay = 7.30> <CoreInst = "m_axi">   --->   Core 113 'm_axi' <Latency = 0> <II = 1> <Delay = 1.00> <Adapter> <Opcode : 'read' 'write' 'readreq' 'writereq' 'writeresp'>

State 9 <SV = 8> <Delay = 7.30>
ST_9 : Operation 71 [3/8] (7.30ns)   --->   "%empty = readreq i1 @_ssdm_op_ReadReq.m_axi.p1i32, i64 %gmem0_addr, i32 %zext_ln63_cast" [flash_attention.cpp:69]   --->   Operation 71 'readreq' 'empty' <Predicate = (or_ln68)> <Delay = 7.30> <CoreInst = "m_axi">   --->   Core 113 'm_axi' <Latency = 0> <II = 1> <Delay = 1.00> <Adapter> <Opcode : 'read' 'write' 'readreq' 'writereq' 'writeresp'>

State 10 <SV = 9> <Delay = 7.30>
ST_10 : Operation 72 [2/8] (7.30ns)   --->   "%empty = readreq i1 @_ssdm_op_ReadReq.m_axi.p1i32, i64 %gmem0_addr, i32 %zext_ln63_cast" [flash_attention.cpp:69]   --->   Operation 72 'readreq' 'empty' <Predicate = (or_ln68)> <Delay = 7.30> <CoreInst = "m_axi">   --->   Core 113 'm_axi' <Latency = 0> <II = 1> <Delay = 1.00> <Adapter> <Opcode : 'read' 'write' 'readreq' 'writereq' 'writeresp'>

State 11 <SV = 10> <Delay = 7.30>
ST_11 : Operation 73 [1/8] (7.30ns)   --->   "%empty = readreq i1 @_ssdm_op_ReadReq.m_axi.p1i32, i64 %gmem0_addr, i32 %zext_ln63_cast" [flash_attention.cpp:69]   --->   Operation 73 'readreq' 'empty' <Predicate = (or_ln68)> <Delay = 7.30> <CoreInst = "m_axi">   --->   Core 113 'm_axi' <Latency = 0> <II = 1> <Delay = 1.00> <Adapter> <Opcode : 'read' 'write' 'readreq' 'writereq' 'writeresp'>
ST_11 : Operation 74 [1/1] (0.00ns)   --->   "%br_ln69 = br void %for.inc.split" [flash_attention.cpp:69]   --->   Operation 74 'br' 'br_ln69' <Predicate = (or_ln68)> <Delay = 0.00>

State 12 <SV = 11> <Delay = 7.30>
ST_12 : Operation 75 [1/1] (7.30ns)   --->   "%gmem0_addr_read = read i32 @_ssdm_op_Read.m_axi.p1i32, i64 %gmem0_addr" [flash_attention.cpp:71]   --->   Operation 75 'read' 'gmem0_addr_read' <Predicate = true> <Delay = 7.30> <CoreInst = "m_axi">   --->   Core 113 'm_axi' <Latency = 0> <II = 1> <Delay = 1.00> <Adapter> <Opcode : 'read' 'write' 'readreq' 'writereq' 'writeresp'>
ST_12 : Operation 91 [1/1] (0.00ns)   --->   "%ret_ln0 = ret"   --->   Operation 91 'ret' 'ret_ln0' <Predicate = (icmp_ln68)> <Delay = 0.00>

State 13 <SV = 12> <Delay = 3.25>
ST_13 : Operation 76 [1/1] (0.00ns)   --->   "%specpipeline_ln70 = specpipeline void @_ssdm_op_SpecPipeline, i32 1, i32 0, i32 0, i32 0, void @empty_22" [flash_attention.cpp:70]   --->   Operation 76 'specpipeline' 'specpipeline_ln70' <Predicate = true> <Delay = 0.00>
ST_13 : Operation 77 [1/1] (0.00ns)   --->   "%zext_ln71 = zext i6 %add_ln71" [flash_attention.cpp:71]   --->   Operation 77 'zext' 'zext_ln71' <Predicate = true> <Delay = 0.00>
ST_13 : Operation 78 [1/1] (0.00ns)   --->   "%Qbuf_addr = getelementptr i32 %Qbuf, i64 0, i64 %zext_ln71" [flash_attention.cpp:71]   --->   Operation 78 'getelementptr' 'Qbuf_addr' <Predicate = true> <Delay = 0.00>
ST_13 : Operation 79 [1/1] (0.00ns)   --->   "%Qbuf_1_addr = getelementptr i32 %Qbuf_1, i64 0, i64 %zext_ln71" [flash_attention.cpp:71]   --->   Operation 79 'getelementptr' 'Qbuf_1_addr' <Predicate = true> <Delay = 0.00>
ST_13 : Operation 80 [1/1] (0.00ns)   --->   "%Qbuf_2_addr = getelementptr i32 %Qbuf_2, i64 0, i64 %zext_ln71" [flash_attention.cpp:71]   --->   Operation 80 'getelementptr' 'Qbuf_2_addr' <Predicate = true> <Delay = 0.00>
ST_13 : Operation 81 [1/1] (0.00ns)   --->   "%Qbuf_3_addr = getelementptr i32 %Qbuf_3, i64 0, i64 %zext_ln71" [flash_attention.cpp:71]   --->   Operation 81 'getelementptr' 'Qbuf_3_addr' <Predicate = true> <Delay = 0.00>
ST_13 : Operation 82 [1/1] (0.00ns)   --->   "%bitcast_ln71 = bitcast i32 %gmem0_addr_read" [flash_attention.cpp:71]   --->   Operation 82 'bitcast' 'bitcast_ln71' <Predicate = true> <Delay = 0.00>
ST_13 : Operation 83 [1/1] (3.25ns)   --->   "%store_ln71 = store i32 %bitcast_ln71, i6 %Qbuf_2_addr" [flash_attention.cpp:71]   --->   Operation 83 'store' 'store_ln71' <Predicate = (trunc_ln69 == 2)> <Delay = 3.25> <CoreInst = "RAM_1WnR">   --->   Core 83 'RAM_1WnR' <Latency = 1> <II = 1> <Delay = 3.25> <Storage> <Opcode : 'load' 'store'> <Ports = 17> <Width = 32> <Depth = 64> <RAM>
ST_13 : Operation 84 [1/1] (0.00ns)   --->   "%br_ln71 = br void %arrayidx1514.exit" [flash_attention.cpp:71]   --->   Operation 84 'br' 'br_ln71' <Predicate = (trunc_ln69 == 2)> <Delay = 0.00>
ST_13 : Operation 85 [1/1] (3.25ns)   --->   "%store_ln71 = store i32 %bitcast_ln71, i6 %Qbuf_1_addr" [flash_attention.cpp:71]   --->   Operation 85 'store' 'store_ln71' <Predicate = (trunc_ln69 == 1)> <Delay = 3.25> <CoreInst = "RAM_1WnR">   --->   Core 83 'RAM_1WnR' <Latency = 1> <II = 1> <Delay = 3.25> <Storage> <Opcode : 'load' 'store'> <Ports = 17> <Width = 32> <Depth = 64> <RAM>
ST_13 : Operation 86 [1/1] (0.00ns)   --->   "%br_ln71 = br void %arrayidx1514.exit" [flash_attention.cpp:71]   --->   Operation 86 'br' 'br_ln71' <Predicate = (trunc_ln69 == 1)> <Delay = 0.00>
ST_13 : Operation 87 [1/1] (3.25ns)   --->   "%store_ln71 = store i32 %bitcast_ln71, i6 %Qbuf_addr" [flash_attention.cpp:71]   --->   Operation 87 'store' 'store_ln71' <Predicate = (trunc_ln69 == 0)> <Delay = 3.25> <CoreInst = "RAM_1WnR">   --->   Core 83 'RAM_1WnR' <Latency = 1> <II = 1> <Delay = 3.25> <Storage> <Opcode : 'load' 'store'> <Ports = 17> <Width = 32> <Depth = 64> <RAM>
ST_13 : Operation 88 [1/1] (0.00ns)   --->   "%br_ln71 = br void %arrayidx1514.exit" [flash_attention.cpp:71]   --->   Operation 88 'br' 'br_ln71' <Predicate = (trunc_ln69 == 0)> <Delay = 0.00>
ST_13 : Operation 89 [1/1] (3.25ns)   --->   "%store_ln71 = store i32 %bitcast_ln71, i6 %Qbuf_3_addr" [flash_attention.cpp:71]   --->   Operation 89 'store' 'store_ln71' <Predicate = (trunc_ln69 == 3)> <Delay = 3.25> <CoreInst = "RAM_1WnR">   --->   Core 83 'RAM_1WnR' <Latency = 1> <II = 1> <Delay = 3.25> <Storage> <Opcode : 'load' 'store'> <Ports = 17> <Width = 32> <Depth = 64> <RAM>
ST_13 : Operation 90 [1/1] (0.00ns)   --->   "%br_ln71 = br void %arrayidx1514.exit" [flash_attention.cpp:71]   --->   Operation 90 'br' 'br_ln71' <Predicate = (trunc_ln69 == 3)> <Delay = 0.00>


============================================================
+ Verbose Summary: Binding
============================================================
STG Binding: 
---------------- STG Properties BEGIN ----------------
- Is combinational: 0
- Is one-state seq: 0
- Is datapath-only: 0
- Is pipelined: 0
- Is top level: 0
Port [ Return ] is wired: 1; IO mode=ap_ctrl_hs:ce=0
Port [ gmem0]:  wired=1; compound=1; hidden=0; nouse=0; global=0; static=0; extern=0; dir=0; type=4; pingpong=0; private_global=0; IO mode=m_axi:ce=0
Port [ d]:  wired=1; compound=0; hidden=0; nouse=0; global=0; static=0; extern=0; dir=0; type=0; pingpong=0; private_global=0; IO mode=ap_none:ce=0
Port [ mul_ln68]:  wired=1; compound=0; hidden=0; nouse=0; global=0; static=0; extern=0; dir=0; type=0; pingpong=0; private_global=0; IO mode=ap_none:ce=0
Port [ Qbuf]:  wired=1; compound=1; hidden=0; nouse=0; global=0; static=0; extern=0; dir=1; type=1; pingpong=0; private_global=0; MemPort=[03333333333333333]; IO mode=ap_memory:ce=0
Port [ Qbuf_1]:  wired=1; compound=1; hidden=0; nouse=0; global=0; static=0; extern=0; dir=1; type=1; pingpong=0; private_global=0; MemPort=[03333333333333333]; IO mode=ap_memory:ce=0
Port [ Qbuf_2]:  wired=1; compound=1; hidden=0; nouse=0; global=0; static=0; extern=0; dir=1; type=1; pingpong=0; private_global=0; MemPort=[03333333333333333]; IO mode=ap_memory:ce=0
Port [ Qbuf_3]:  wired=1; compound=1; hidden=0; nouse=0; global=0; static=0; extern=0; dir=1; type=1; pingpong=0; private_global=0; MemPort=[03333333333333333]; IO mode=ap_memory:ce=0
Port [ zext_ln63]:  wired=1; compound=0; hidden=0; nouse=0; global=0; static=0; extern=0; dir=0; type=0; pingpong=0; private_global=0; IO mode=ap_none:ce=0
Port [ shl_ln68_2]:  wired=1; compound=0; hidden=0; nouse=0; global=0; static=0; extern=0; dir=0; type=0; pingpong=0; private_global=0; IO mode=ap_none:ce=0
Port [ Q]:  wired=1; compound=0; hidden=0; nouse=0; global=0; static=0; extern=0; dir=0; type=0; pingpong=0; private_global=0; IO mode=ap_none:ce=0
---------------- STG Properties END ------------------

---------------- Datapath Model BEGIN ----------------

<LifeTime>
<method=bitvector/>
x                   (alloca        ) [ 01100000000000]
i                   (alloca        ) [ 01100000000000]
indvar_flatten      (alloca        ) [ 01100000000000]
Q_read              (read          ) [ 01110000000000]
shl_ln68_2_read     (read          ) [ 01110000000000]
zext_ln63_read      (read          ) [ 00000000000000]
mul_ln68_read       (read          ) [ 01100000000000]
d_read              (read          ) [ 01100000000000]
zext_ln63_cast      (zext          ) [ 01111111111100]
specinterface_ln0   (specinterface ) [ 00000000000000]
store_ln0           (store         ) [ 00000000000000]
store_ln68          (store         ) [ 00000000000000]
store_ln69          (store         ) [ 00000000000000]
br_ln0              (br            ) [ 01100000000000]
first_iter_0        (phi           ) [ 01100000000000]
x_4                 (load          ) [ 00000000000000]
indvar_flatten_load (load          ) [ 00000000000000]
specbitsmap_ln0     (specbitsmap   ) [ 00000000000000]
zext_ln69           (zext          ) [ 00000000000000]
icmp_ln69           (icmp          ) [ 00000000000000]
icmp_ln68           (icmp          ) [ 01111111111111]
add_ln68_3          (add           ) [ 00000000000000]
br_ln68             (br            ) [ 00000000000000]
i_load              (load          ) [ 00000000000000]
add_ln68_2          (add           ) [ 00000000000000]
xor_ln68            (xor           ) [ 00000000000000]
or_ln68             (or            ) [ 01011111111100]
select_ln68         (select        ) [ 00000000000000]
select_ln68_1       (select        ) [ 00000000000000]
trunc_ln68          (trunc         ) [ 00000000000000]
trunc_ln68_1        (trunc         ) [ 01010000000000]
br_ln69             (br            ) [ 00000000000000]
tmp_s               (bitconcatenate) [ 00000000000000]
trunc_ln69          (trunc         ) [ 01011111111111]
lshr_ln             (partselect    ) [ 00000000000000]
add_ln71            (add           ) [ 01011111111111]
switch_ln71         (switch        ) [ 00000000000000]
add_ln69            (add           ) [ 00000000000000]
store_ln68          (store         ) [ 00000000000000]
store_ln68          (store         ) [ 00000000000000]
store_ln69          (store         ) [ 00000000000000]
br_ln69             (br            ) [ 01100000000000]
specloopname_ln0    (specloopname  ) [ 00000000000000]
shl_ln              (bitconcatenate) [ 00000000000000]
add_ln68            (add           ) [ 00000000000000]
shl_ln68_1          (bitconcatenate) [ 00000000000000]
sext_ln68           (sext          ) [ 00000000000000]
add_ln68_1          (add           ) [ 00000000000000]
trunc_ln2           (partselect    ) [ 00000000000000]
sext_ln69           (sext          ) [ 00000000000000]
gmem0_addr          (getelementptr ) [ 01001111111110]
empty               (readreq       ) [ 00000000000000]
br_ln69             (br            ) [ 00000000000000]
gmem0_addr_read     (read          ) [ 01000000000001]
specpipeline_ln70   (specpipeline  ) [ 00000000000000]
zext_ln71           (zext          ) [ 00000000000000]
Qbuf_addr           (getelementptr ) [ 00000000000000]
Qbuf_1_addr         (getelementptr ) [ 00000000000000]
Qbuf_2_addr         (getelementptr ) [ 00000000000000]
Qbuf_3_addr         (getelementptr ) [ 00000000000000]
bitcast_ln71        (bitcast       ) [ 00000000000000]
store_ln71          (store         ) [ 00000000000000]
br_ln71             (br            ) [ 00000000000000]
store_ln71          (store         ) [ 00000000000000]
br_ln71             (br            ) [ 00000000000000]
store_ln71          (store         ) [ 00000000000000]
br_ln71             (br            ) [ 00000000000000]
store_ln71          (store         ) [ 00000000000000]
br_ln71             (br            ) [ 00000000000000]
ret_ln0             (ret           ) [ 00000000000000]
</LifeTime>

<model>

<comp_list>
<comp id="0" class="1000" name="gmem0">
<pin_list>
<pin id="1" dir="1" index="0" bw="1" slack="0"/>
</pin_list>
<bind>
<StgValue><ssdm name="gmem0"/></StgValue>
</bind>
</comp>

<comp id="2" class="1000" name="d">
<pin_list>
<pin id="3" dir="1" index="0" bw="1" slack="0"/>
</pin_list>
<bind>
<StgValue><ssdm name="d"/></StgValue>
</bind>
</comp>

<comp id="4" class="1000" name="mul_ln68">
<pin_list>
<pin id="5" dir="1" index="0" bw="1" slack="0"/>
</pin_list>
<bind>
<StgValue><ssdm name="mul_ln68"/></StgValue>
</bind>
</comp>

<comp id="6" class="1000" name="Qbuf">
<pin_list>
<pin id="7" dir="1" index="0" bw="1" slack="0"/>
</pin_list>
<bind>
<StgValue><ssdm name="Qbuf"/><MemPortTyVec>0 3 3 3 3 3 3 3 3 3 3 3 3 3 3 3 3 </MemPortTyVec>
</StgValue>
</bind>
</comp>

<comp id="8" class="1000" name="Qbuf_1">
<pin_list>
<pin id="9" dir="1" index="0" bw="1" slack="0"/>
</pin_list>
<bind>
<StgValue><ssdm name="Qbuf_1"/><MemPortTyVec>0 3 3 3 3 3 3 3 3 3 3 3 3 3 3 3 3 </MemPortTyVec>
</StgValue>
</bind>
</comp>

<comp id="10" class="1000" name="Qbuf_2">
<pin_list>
<pin id="11" dir="1" index="0" bw="1" slack="0"/>
</pin_list>
<bind>
<StgValue><ssdm name="Qbuf_2"/><MemPortTyVec>0 3 3 3 3 3 3 3 3 3 3 3 3 3 3 3 3 </MemPortTyVec>
</StgValue>
</bind>
</comp>

<comp id="12" class="1000" name="Qbuf_3">
<pin_list>
<pin id="13" dir="1" index="0" bw="1" slack="0"/>
</pin_list>
<bind>
<StgValue><ssdm name="Qbuf_3"/><MemPortTyVec>0 3 3 3 3 3 3 3 3 3 3 3 3 3 3 3 3 </MemPortTyVec>
</StgValue>
</bind>
</comp>

<comp id="14" class="1000" name="zext_ln63">
<pin_list>
<pin id="15" dir="1" index="0" bw="1" slack="0"/>
</pin_list>
<bind>
<StgValue><ssdm name="zext_ln63"/></StgValue>
</bind>
</comp>

<comp id="16" class="1000" name="shl_ln68_2">
<pin_list>
<pin id="17" dir="1" index="0" bw="1" slack="0"/>
</pin_list>
<bind>
<StgValue><ssdm name="shl_ln68_2"/></StgValue>
</bind>
</comp>

<comp id="18" class="1000" name="Q">
<pin_list>
<pin id="19" dir="1" index="0" bw="1" slack="0"/>
</pin_list>
<bind>
<StgValue><ssdm name="Q"/></StgValue>
</bind>
</comp>

<comp id="20" class="1001" name="const_20">
<pin_list>
<pin id="21" dir="1" index="0" bw="1" slack="0"/>
</pin_list>
<bind>
<StgValue><ssdm name=""/></StgValue>
</bind>
</comp>

<comp id="22" class="1001" name="const_22">
<pin_list>
<pin id="23" dir="1" index="0" bw="1" slack="0"/>
</pin_list>
<bind>
<StgValue><ssdm name="_ssdm_op_Read.ap_auto.i64"/></StgValue>
</bind>
</comp>

<comp id="24" class="1001" name="const_24">
<pin_list>
<pin id="25" dir="1" index="0" bw="1" slack="0"/>
</pin_list>
<bind>
<StgValue><ssdm name="_ssdm_op_Read.ap_auto.i32"/></StgValue>
</bind>
</comp>

<comp id="26" class="1001" name="const_26">
<pin_list>
<pin id="27" dir="1" index="0" bw="1" slack="0"/>
</pin_list>
<bind>
<StgValue><ssdm name="_ssdm_op_Read.ap_auto.i31"/></StgValue>
</bind>
</comp>

<comp id="28" class="1001" name="const_28">
<pin_list>
<pin id="29" dir="1" index="0" bw="1" slack="0"/>
</pin_list>
<bind>
<StgValue><ssdm name="_ssdm_op_Read.ap_auto.i63"/></StgValue>
</bind>
</comp>

<comp id="30" class="1001" name="const_30">
<pin_list>
<pin id="31" dir="1" index="0" bw="1" slack="2147483647"/>
</pin_list>
<bind>
<StgValue><ssdm name="_ssdm_op_SpecInterface"/></StgValue>
</bind>
</comp>

<comp id="32" class="1001" name="const_32">
<pin_list>
<pin id="33" dir="1" index="0" bw="1" slack="2147483647"/>
</pin_list>
<bind>
<StgValue><ssdm name="empty_5"/></StgValue>
</bind>
</comp>

<comp id="34" class="1001" name="const_34">
<pin_list>
<pin id="35" dir="1" index="0" bw="1" slack="2147483647"/>
</pin_list>
<bind>
<StgValue><ssdm name=""/></StgValue>
</bind>
</comp>

<comp id="36" class="1001" name="const_36">
<pin_list>
<pin id="37" dir="1" index="0" bw="1" slack="2147483647"/>
</pin_list>
<bind>
<StgValue><ssdm name="empty_22"/></StgValue>
</bind>
</comp>

<comp id="38" class="1001" name="const_38">
<pin_list>
<pin id="39" dir="1" index="0" bw="1" slack="2147483647"/>
</pin_list>
<bind>
<StgValue><ssdm name=""/></StgValue>
</bind>
</comp>

<comp id="40" class="1001" name="const_40">
<pin_list>
<pin id="41" dir="1" index="0" bw="1" slack="2147483647"/>
</pin_list>
<bind>
<StgValue><ssdm name="empty_3"/></StgValue>
</bind>
</comp>

<comp id="42" class="1001" name="const_42">
<pin_list>
<pin id="43" dir="1" index="0" bw="1" slack="2147483647"/>
</pin_list>
<bind>
<StgValue><ssdm name="empty_23"/></StgValue>
</bind>
</comp>

<comp id="44" class="1001" name="const_44">
<pin_list>
<pin id="45" dir="1" index="0" bw="1" slack="2147483647"/>
</pin_list>
<bind>
<StgValue><ssdm name=""/></StgValue>
</bind>
</comp>

<comp id="46" class="1001" name="const_46">
<pin_list>
<pin id="47" dir="1" index="0" bw="1" slack="2147483647"/>
</pin_list>
<bind>
<StgValue><ssdm name=""/></StgValue>
</bind>
</comp>

<comp id="48" class="1001" name="const_48">
<pin_list>
<pin id="49" dir="1" index="0" bw="1" slack="0"/>
</pin_list>
<bind>
<StgValue><ssdm name=""/></StgValue>
</bind>
</comp>

<comp id="50" class="1001" name="const_50">
<pin_list>
<pin id="51" dir="1" index="0" bw="1" slack="0"/>
</pin_list>
<bind>
<StgValue><ssdm name=""/></StgValue>
</bind>
</comp>

<comp id="52" class="1001" name="const_52">
<pin_list>
<pin id="53" dir="1" index="0" bw="1" slack="0"/>
</pin_list>
<bind>
<StgValue><ssdm name=""/></StgValue>
</bind>
</comp>

<comp id="54" class="1001" name="const_54">
<pin_list>
<pin id="55" dir="1" index="0" bw="1" slack="0"/>
</pin_list>
<bind>
<StgValue><ssdm name=""/></StgValue>
</bind>
</comp>

<comp id="56" class="1001" name="const_56">
<pin_list>
<pin id="57" dir="1" index="0" bw="1" slack="2147483647"/>
</pin_list>
<bind>
<StgValue><ssdm name="_ssdm_op_SpecBitsMap"/></StgValue>
</bind>
</comp>

<comp id="58" class="1001" name="const_58">
<pin_list>
<pin id="59" dir="1" index="0" bw="1" slack="0"/>
</pin_list>
<bind>
<StgValue><ssdm name=""/></StgValue>
</bind>
</comp>

<comp id="60" class="1001" name="const_60">
<pin_list>
<pin id="61" dir="1" index="0" bw="1" slack="0"/>
</pin_list>
<bind>
<StgValue><ssdm name=""/></StgValue>
</bind>
</comp>

<comp id="62" class="1001" name="const_62">
<pin_list>
<pin id="63" dir="1" index="0" bw="1" slack="0"/>
</pin_list>
<bind>
<StgValue><ssdm name="_ssdm_op_BitConcatenate.i6.i3.i3"/></StgValue>
</bind>
</comp>

<comp id="64" class="1001" name="const_64">
<pin_list>
<pin id="65" dir="1" index="0" bw="1" slack="0"/>
</pin_list>
<bind>
<StgValue><ssdm name=""/></StgValue>
</bind>
</comp>

<comp id="66" class="1001" name="const_66">
<pin_list>
<pin id="67" dir="1" index="0" bw="1" slack="0"/>
</pin_list>
<bind>
<StgValue><ssdm name="_ssdm_op_PartSelect.i6.i31.i32.i32"/></StgValue>
</bind>
</comp>

<comp id="68" class="1001" name="const_68">
<pin_list>
<pin id="69" dir="1" index="0" bw="1" slack="0"/>
</pin_list>
<bind>
<StgValue><ssdm name=""/></StgValue>
</bind>
</comp>

<comp id="70" class="1001" name="const_70">
<pin_list>
<pin id="71" dir="1" index="0" bw="1" slack="0"/>
</pin_list>
<bind>
<StgValue><ssdm name=""/></StgValue>
</bind>
</comp>

<comp id="72" class="1001" name="const_72">
<pin_list>
<pin id="73" dir="1" index="0" bw="1" slack="0"/>
</pin_list>
<bind>
<StgValue><ssdm name=""/></StgValue>
</bind>
</comp>

<comp id="74" class="1001" name="const_74">
<pin_list>
<pin id="75" dir="1" index="0" bw="1" slack="2147483647"/>
</pin_list>
<bind>
<StgValue><ssdm name=""/></StgValue>
</bind>
</comp>

<comp id="76" class="1001" name="const_76">
<pin_list>
<pin id="77" dir="1" index="0" bw="1" slack="2147483647"/>
</pin_list>
<bind>
<StgValue><ssdm name=""/></StgValue>
</bind>
</comp>

<comp id="78" class="1001" name="const_78">
<pin_list>
<pin id="79" dir="1" index="0" bw="1" slack="2147483647"/>
</pin_list>
<bind>
<StgValue><ssdm name="_ssdm_op_SpecLoopName"/></StgValue>
</bind>
</comp>

<comp id="80" class="1001" name="const_80">
<pin_list>
<pin id="81" dir="1" index="0" bw="1" slack="2147483647"/>
</pin_list>
<bind>
<StgValue><ssdm name="LOAD_Q_VITIS_LOOP_69_1_str"/></StgValue>
</bind>
</comp>

<comp id="82" class="1001" name="const_82">
<pin_list>
<pin id="83" dir="1" index="0" bw="1" slack="0"/>
</pin_list>
<bind>
<StgValue><ssdm name="_ssdm_op_BitConcatenate.i32.i27.i5"/></StgValue>
</bind>
</comp>

<comp id="84" class="1001" name="const_84">
<pin_list>
<pin id="85" dir="1" index="0" bw="1" slack="0"/>
</pin_list>
<bind>
<StgValue><ssdm name=""/></StgValue>
</bind>
</comp>

<comp id="86" class="1001" name="const_86">
<pin_list>
<pin id="87" dir="1" index="0" bw="1" slack="0"/>
</pin_list>
<bind>
<StgValue><ssdm name="_ssdm_op_BitConcatenate.i34.i32.i2"/></StgValue>
</bind>
</comp>

<comp id="88" class="1001" name="const_88">
<pin_list>
<pin id="89" dir="1" index="0" bw="1" slack="0"/>
</pin_list>
<bind>
<StgValue><ssdm name="_ssdm_op_PartSelect.i62.i64.i32.i32"/></StgValue>
</bind>
</comp>

<comp id="90" class="1001" name="const_90">
<pin_list>
<pin id="91" dir="1" index="0" bw="1" slack="0"/>
</pin_list>
<bind>
<StgValue><ssdm name=""/></StgValue>
</bind>
</comp>

<comp id="92" class="1001" name="const_92">
<pin_list>
<pin id="93" dir="1" index="0" bw="1" slack="0"/>
</pin_list>
<bind>
<StgValue><ssdm name="_ssdm_op_ReadReq.m_axi.p1i32"/></StgValue>
</bind>
</comp>

<comp id="94" class="1001" name="const_94">
<pin_list>
<pin id="95" dir="1" index="0" bw="1" slack="0"/>
</pin_list>
<bind>
<StgValue><ssdm name="_ssdm_op_Read.m_axi.p1i32"/></StgValue>
</bind>
</comp>

<comp id="96" class="1001" name="const_96">
<pin_list>
<pin id="97" dir="1" index="0" bw="1" slack="2147483647"/>
</pin_list>
<bind>
<StgValue><ssdm name="_ssdm_op_SpecPipeline"/></StgValue>
</bind>
</comp>

<comp id="98" class="1001" name="const_98">
<pin_list>
<pin id="99" dir="1" index="0" bw="1" slack="0"/>
</pin_list>
<bind>
<StgValue><ssdm name=""/></StgValue>
</bind>
</comp>

<comp id="100" class="1004" name="x_fu_100">
<pin_list>
<pin id="101" dir="0" index="0" bw="1" slack="0"/>
<pin id="102" dir="1" index="1" bw="31" slack="0"/>
</pin_list>
<bind>
<opcode="alloca(26) " fcode="alloca"/>
<opset="x/1 "/>
</bind>
</comp>

<comp id="104" class="1004" name="i_fu_104">
<pin_list>
<pin id="105" dir="0" index="0" bw="1" slack="0"/>
<pin id="106" dir="1" index="1" bw="31" slack="0"/>
</pin_list>
<bind>
<opcode="alloca(26) " fcode="alloca"/>
<opset="i/1 "/>
</bind>
</comp>

<comp id="108" class="1004" name="indvar_flatten_fu_108">
<pin_list>
<pin id="109" dir="0" index="0" bw="1" slack="0"/>
<pin id="110" dir="1" index="1" bw="63" slack="0"/>
</pin_list>
<bind>
<opcode="alloca(26) " fcode="alloca"/>
<opset="indvar_flatten/1 "/>
</bind>
</comp>

<comp id="112" class="1004" name="Q_read_read_fu_112">
<pin_list>
<pin id="113" dir="0" index="0" bw="64" slack="0"/>
<pin id="114" dir="0" index="1" bw="64" slack="0"/>
<pin id="115" dir="1" index="2" bw="64" slack="2"/>
</pin_list>
<bind>
<opcode="read(1150) " fcode="read"/>
<opset="Q_read/1 "/>
</bind>
</comp>

<comp id="118" class="1004" name="shl_ln68_2_read_read_fu_118">
<pin_list>
<pin id="119" dir="0" index="0" bw="32" slack="0"/>
<pin id="120" dir="0" index="1" bw="32" slack="0"/>
<pin id="121" dir="1" index="2" bw="32" slack="2"/>
</pin_list>
<bind>
<opcode="read(1150) " fcode="read"/>
<opset="shl_ln68_2_read/1 "/>
</bind>
</comp>

<comp id="124" class="1004" name="zext_ln63_read_read_fu_124">
<pin_list>
<pin id="125" dir="0" index="0" bw="31" slack="0"/>
<pin id="126" dir="0" index="1" bw="31" slack="0"/>
<pin id="127" dir="1" index="2" bw="31" slack="0"/>
</pin_list>
<bind>
<opcode="read(1150) " fcode="read"/>
<opset="zext_ln63_read/1 "/>
</bind>
</comp>

<comp id="130" class="1004" name="mul_ln68_read_read_fu_130">
<pin_list>
<pin id="131" dir="0" index="0" bw="63" slack="0"/>
<pin id="132" dir="0" index="1" bw="63" slack="0"/>
<pin id="133" dir="1" index="2" bw="63" slack="1"/>
</pin_list>
<bind>
<opcode="read(1150) " fcode="read"/>
<opset="mul_ln68_read/1 "/>
</bind>
</comp>

<comp id="136" class="1004" name="d_read_read_fu_136">
<pin_list>
<pin id="137" dir="0" index="0" bw="32" slack="0"/>
<pin id="138" dir="0" index="1" bw="32" slack="0"/>
<pin id="139" dir="1" index="2" bw="32" slack="1"/>
</pin_list>
<bind>
<opcode="read(1150) " fcode="read"/>
<opset="d_read/1 "/>
</bind>
</comp>

<comp id="142" class="1004" name="grp_readreq_fu_142">
<pin_list>
<pin id="143" dir="0" index="0" bw="1" slack="0"/>
<pin id="144" dir="0" index="1" bw="32" slack="1"/>
<pin id="145" dir="0" index="2" bw="31" slack="3"/>
<pin id="146" dir="1" index="3" bw="1" slack="2147483647"/>
</pin_list>
<bind>
<opcode="readreq(1154) " fcode="readreq"/>
<opset="empty/4 "/>
</bind>
</comp>

<comp id="148" class="1004" name="gmem0_addr_read_read_fu_148">
<pin_list>
<pin id="149" dir="0" index="0" bw="32" slack="0"/>
<pin id="150" dir="0" index="1" bw="32" slack="9"/>
<pin id="151" dir="1" index="2" bw="32" slack="1"/>
</pin_list>
<bind>
<opcode="read(1150) " fcode="read"/>
<opset="gmem0_addr_read/12 "/>
</bind>
</comp>

<comp id="153" class="1004" name="Qbuf_addr_gep_fu_153">
<pin_list>
<pin id="154" dir="0" index="0" bw="32" slack="0"/>
<pin id="155" dir="0" index="1" bw="1" slack="0"/>
<pin id="156" dir="0" index="2" bw="6" slack="0"/>
<pin id="157" dir="1" index="3" bw="6" slack="0"/>
</pin_list>
<bind>
<opcode="getelementptr(29) " fcode="getelementptr"/>
<opset="Qbuf_addr/13 "/>
</bind>
</comp>

<comp id="160" class="1004" name="Qbuf_1_addr_gep_fu_160">
<pin_list>
<pin id="161" dir="0" index="0" bw="32" slack="0"/>
<pin id="162" dir="0" index="1" bw="1" slack="0"/>
<pin id="163" dir="0" index="2" bw="6" slack="0"/>
<pin id="164" dir="1" index="3" bw="6" slack="0"/>
</pin_list>
<bind>
<opcode="getelementptr(29) " fcode="getelementptr"/>
<opset="Qbuf_1_addr/13 "/>
</bind>
</comp>

<comp id="167" class="1004" name="Qbuf_2_addr_gep_fu_167">
<pin_list>
<pin id="168" dir="0" index="0" bw="32" slack="0"/>
<pin id="169" dir="0" index="1" bw="1" slack="0"/>
<pin id="170" dir="0" index="2" bw="6" slack="0"/>
<pin id="171" dir="1" index="3" bw="6" slack="0"/>
</pin_list>
<bind>
<opcode="getelementptr(29) " fcode="getelementptr"/>
<opset="Qbuf_2_addr/13 "/>
</bind>
</comp>

<comp id="174" class="1004" name="Qbuf_3_addr_gep_fu_174">
<pin_list>
<pin id="175" dir="0" index="0" bw="32" slack="0"/>
<pin id="176" dir="0" index="1" bw="1" slack="0"/>
<pin id="177" dir="0" index="2" bw="6" slack="0"/>
<pin id="178" dir="1" index="3" bw="6" slack="0"/>
</pin_list>
<bind>
<opcode="getelementptr(29) " fcode="getelementptr"/>
<opset="Qbuf_3_addr/13 "/>
</bind>
</comp>

<comp id="181" class="1004" name="store_ln71_access_fu_181">
<pin_list>
<pin id="182" dir="0" index="0" bw="6" slack="0"/>
<pin id="183" dir="0" index="1" bw="32" slack="0"/>
<pin id="184" dir="0" index="2" bw="0" slack="2147483647"/>
<pin id="185" dir="1" index="3" bw="32" slack="2147483647"/>
</pin_list>
<bind>
<opcode="store(28) " fcode="store"/>
<opset="store_ln71/13 "/>
</bind>
</comp>

<comp id="187" class="1004" name="store_ln71_access_fu_187">
<pin_list>
<pin id="188" dir="0" index="0" bw="6" slack="0"/>
<pin id="189" dir="0" index="1" bw="32" slack="0"/>
<pin id="190" dir="0" index="2" bw="0" slack="2147483647"/>
<pin id="191" dir="1" index="3" bw="32" slack="2147483647"/>
</pin_list>
<bind>
<opcode="store(28) " fcode="store"/>
<opset="store_ln71/13 "/>
</bind>
</comp>

<comp id="193" class="1004" name="store_ln71_access_fu_193">
<pin_list>
<pin id="194" dir="0" index="0" bw="6" slack="0"/>
<pin id="195" dir="0" index="1" bw="32" slack="0"/>
<pin id="196" dir="0" index="2" bw="0" slack="2147483647"/>
<pin id="197" dir="1" index="3" bw="32" slack="2147483647"/>
</pin_list>
<bind>
<opcode="store(28) " fcode="store"/>
<opset="store_ln71/13 "/>
</bind>
</comp>

<comp id="199" class="1004" name="store_ln71_access_fu_199">
<pin_list>
<pin id="200" dir="0" index="0" bw="6" slack="0"/>
<pin id="201" dir="0" index="1" bw="32" slack="0"/>
<pin id="202" dir="0" index="2" bw="0" slack="2147483647"/>
<pin id="203" dir="1" index="3" bw="32" slack="2147483647"/>
</pin_list>
<bind>
<opcode="store(28) " fcode="store"/>
<opset="store_ln71/13 "/>
</bind>
</comp>

<comp id="205" class="1005" name="first_iter_0_reg_205">
<pin_list>
<pin id="206" dir="0" index="0" bw="1" slack="1"/>
<pin id="207" dir="1" index="1" bw="1" slack="1"/>
</pin_list>
<bind>
<opset="first_iter_0 (phireg) "/>
</bind>
</comp>

<comp id="209" class="1004" name="first_iter_0_phi_fu_209">
<pin_list>
<pin id="210" dir="0" index="0" bw="1" slack="1"/>
<pin id="211" dir="0" index="1" bw="0" slack="2147483647"/>
<pin id="212" dir="0" index="2" bw="1" slack="0"/>
<pin id="213" dir="0" index="3" bw="0" slack="2147483647"/>
<pin id="214" dir="1" index="4" bw="1" slack="0"/>
</pin_list>
<bind>
<opcode="phi(47) " fcode="phi"/>
<opset="first_iter_0/2 "/>
</bind>
</comp>

<comp id="217" class="1004" name="zext_ln63_cast_fu_217">
<pin_list>
<pin id="218" dir="0" index="0" bw="31" slack="0"/>
<pin id="219" dir="1" index="1" bw="32" slack="3"/>
</pin_list>
<bind>
<opcode="zext(34) " fcode="zext"/>
<opset="zext_ln63_cast/1 "/>
</bind>
</comp>

<comp id="221" class="1004" name="store_ln0_store_fu_221">
<pin_list>
<pin id="222" dir="0" index="0" bw="1" slack="0"/>
<pin id="223" dir="0" index="1" bw="63" slack="0"/>
<pin id="224" dir="1" index="2" bw="0" slack="2147483647"/>
</pin_list>
<bind>
<opcode="store(28) " fcode="store"/>
<opset="store_ln0/1 "/>
</bind>
</comp>

<comp id="226" class="1004" name="store_ln68_store_fu_226">
<pin_list>
<pin id="227" dir="0" index="0" bw="1" slack="0"/>
<pin id="228" dir="0" index="1" bw="31" slack="0"/>
<pin id="229" dir="1" index="2" bw="0" slack="2147483647"/>
</pin_list>
<bind>
<opcode="store(28) " fcode="store"/>
<opset="store_ln68/1 "/>
</bind>
</comp>

<comp id="231" class="1004" name="store_ln69_store_fu_231">
<pin_list>
<pin id="232" dir="0" index="0" bw="1" slack="0"/>
<pin id="233" dir="0" index="1" bw="31" slack="0"/>
<pin id="234" dir="1" index="2" bw="0" slack="2147483647"/>
</pin_list>
<bind>
<opcode="store(28) " fcode="store"/>
<opset="store_ln69/1 "/>
</bind>
</comp>

<comp id="236" class="1004" name="x_4_load_fu_236">
<pin_list>
<pin id="237" dir="0" index="0" bw="31" slack="1"/>
<pin id="238" dir="1" index="1" bw="31" slack="0"/>
</pin_list>
<bind>
<opcode="load(27) " fcode="load"/>
<opset="x_4/2 "/>
</bind>
</comp>

<comp id="239" class="1004" name="indvar_flatten_load_load_fu_239">
<pin_list>
<pin id="240" dir="0" index="0" bw="63" slack="1"/>
<pin id="241" dir="1" index="1" bw="63" slack="0"/>
</pin_list>
<bind>
<opcode="load(27) " fcode="load"/>
<opset="indvar_flatten_load/2 "/>
</bind>
</comp>

<comp id="242" class="1004" name="zext_ln69_fu_242">
<pin_list>
<pin id="243" dir="0" index="0" bw="31" slack="0"/>
<pin id="244" dir="1" index="1" bw="32" slack="0"/>
</pin_list>
<bind>
<opcode="zext(34) " fcode="zext"/>
<opset="zext_ln69/2 "/>
</bind>
</comp>

<comp id="246" class="1004" name="icmp_ln69_fu_246">
<pin_list>
<pin id="247" dir="0" index="0" bw="32" slack="0"/>
<pin id="248" dir="0" index="1" bw="32" slack="1"/>
<pin id="249" dir="1" index="2" bw="1" slack="0"/>
</pin_list>
<bind>
<opcode="icmp(45) " fcode="icmp"/>
<opset="icmp_ln69/2 "/>
</bind>
</comp>

<comp id="251" class="1004" name="icmp_ln68_fu_251">
<pin_list>
<pin id="252" dir="0" index="0" bw="63" slack="0"/>
<pin id="253" dir="0" index="1" bw="63" slack="1"/>
<pin id="254" dir="1" index="2" bw="1" slack="1"/>
</pin_list>
<bind>
<opcode="icmp(45) " fcode="icmp"/>
<opset="icmp_ln68/2 "/>
</bind>
</comp>

<comp id="256" class="1004" name="add_ln68_3_fu_256">
<pin_list>
<pin id="257" dir="0" index="0" bw="63" slack="0"/>
<pin id="258" dir="0" index="1" bw="1" slack="0"/>
<pin id="259" dir="1" index="2" bw="63" slack="0"/>
</pin_list>
<bind>
<opcode="add(8) " fcode="add"/>
<opset="add_ln68_3/2 "/>
</bind>
</comp>

<comp id="262" class="1004" name="i_load_load_fu_262">
<pin_list>
<pin id="263" dir="0" index="0" bw="31" slack="1"/>
<pin id="264" dir="1" index="1" bw="31" slack="0"/>
</pin_list>
<bind>
<opcode="load(27) " fcode="load"/>
<opset="i_load/2 "/>
</bind>
</comp>

<comp id="265" class="1004" name="add_ln68_2_fu_265">
<pin_list>
<pin id="266" dir="0" index="0" bw="31" slack="0"/>
<pin id="267" dir="0" index="1" bw="1" slack="0"/>
<pin id="268" dir="1" index="2" bw="31" slack="0"/>
</pin_list>
<bind>
<opcode="add(8) " fcode="add"/>
<opset="add_ln68_2/2 "/>
</bind>
</comp>

<comp id="271" class="1004" name="xor_ln68_fu_271">
<pin_list>
<pin id="272" dir="0" index="0" bw="1" slack="0"/>
<pin id="273" dir="0" index="1" bw="1" slack="0"/>
<pin id="274" dir="1" index="2" bw="1" slack="0"/>
</pin_list>
<bind>
<opcode="xor(25) " fcode="xor"/>
<opset="xor_ln68/2 "/>
</bind>
</comp>

<comp id="277" class="1004" name="or_ln68_fu_277">
<pin_list>
<pin id="278" dir="0" index="0" bw="1" slack="0"/>
<pin id="279" dir="0" index="1" bw="1" slack="0"/>
<pin id="280" dir="1" index="2" bw="1" slack="2"/>
</pin_list>
<bind>
<opcode="or(24) " fcode="or"/>
<opset="or_ln68/2 "/>
</bind>
</comp>

<comp id="283" class="1004" name="select_ln68_fu_283">
<pin_list>
<pin id="284" dir="0" index="0" bw="1" slack="0"/>
<pin id="285" dir="0" index="1" bw="31" slack="0"/>
<pin id="286" dir="0" index="2" bw="31" slack="0"/>
<pin id="287" dir="1" index="3" bw="31" slack="0"/>
</pin_list>
<bind>
<opcode="select(49) " fcode="select"/>
<opset="select_ln68/2 "/>
</bind>
</comp>

<comp id="291" class="1004" name="select_ln68_1_fu_291">
<pin_list>
<pin id="292" dir="0" index="0" bw="1" slack="0"/>
<pin id="293" dir="0" index="1" bw="31" slack="0"/>
<pin id="294" dir="0" index="2" bw="31" slack="0"/>
<pin id="295" dir="1" index="3" bw="31" slack="0"/>
</pin_list>
<bind>
<opcode="select(49) " fcode="select"/>
<opset="select_ln68_1/2 "/>
</bind>
</comp>

<comp id="299" class="1004" name="trunc_ln68_fu_299">
<pin_list>
<pin id="300" dir="0" index="0" bw="31" slack="0"/>
<pin id="301" dir="1" index="1" bw="3" slack="0"/>
</pin_list>
<bind>
<opcode="trunc(33) " fcode="trunc"/>
<opset="trunc_ln68/2 "/>
</bind>
</comp>

<comp id="303" class="1004" name="trunc_ln68_1_fu_303">
<pin_list>
<pin id="304" dir="0" index="0" bw="31" slack="0"/>
<pin id="305" dir="1" index="1" bw="27" slack="1"/>
</pin_list>
<bind>
<opcode="trunc(33) " fcode="trunc"/>
<opset="trunc_ln68_1/2 "/>
</bind>
</comp>

<comp id="307" class="1004" name="tmp_s_fu_307">
<pin_list>
<pin id="308" dir="0" index="0" bw="6" slack="0"/>
<pin id="309" dir="0" index="1" bw="3" slack="0"/>
<pin id="310" dir="0" index="2" bw="1" slack="0"/>
<pin id="311" dir="1" index="3" bw="6" slack="0"/>
</pin_list>
<bind>
<opcode="bitconcatenate(1004) " fcode="bitconcatenate"/>
<opset="tmp_s/2 "/>
</bind>
</comp>

<comp id="315" class="1004" name="trunc_ln69_fu_315">
<pin_list>
<pin id="316" dir="0" index="0" bw="31" slack="0"/>
<pin id="317" dir="1" index="1" bw="2" slack="11"/>
</pin_list>
<bind>
<opcode="trunc(33) " fcode="trunc"/>
<opset="trunc_ln69/2 "/>
</bind>
</comp>

<comp id="319" class="1004" name="lshr_ln_fu_319">
<pin_list>
<pin id="320" dir="0" index="0" bw="6" slack="0"/>
<pin id="321" dir="0" index="1" bw="31" slack="0"/>
<pin id="322" dir="0" index="2" bw="3" slack="0"/>
<pin id="323" dir="0" index="3" bw="4" slack="0"/>
<pin id="324" dir="1" index="4" bw="6" slack="0"/>
</pin_list>
<bind>
<opcode="partselect(1002) " fcode="partselect"/>
<opset="lshr_ln/2 "/>
</bind>
</comp>

<comp id="329" class="1004" name="add_ln71_fu_329">
<pin_list>
<pin id="330" dir="0" index="0" bw="6" slack="0"/>
<pin id="331" dir="0" index="1" bw="6" slack="0"/>
<pin id="332" dir="1" index="2" bw="6" slack="11"/>
</pin_list>
<bind>
<opcode="add(8) " fcode="add"/>
<opset="add_ln71/2 "/>
</bind>
</comp>

<comp id="335" class="1004" name="add_ln69_fu_335">
<pin_list>
<pin id="336" dir="0" index="0" bw="31" slack="0"/>
<pin id="337" dir="0" index="1" bw="1" slack="0"/>
<pin id="338" dir="1" index="2" bw="31" slack="0"/>
</pin_list>
<bind>
<opcode="add(8) " fcode="add"/>
<opset="add_ln69/2 "/>
</bind>
</comp>

<comp id="341" class="1004" name="store_ln68_store_fu_341">
<pin_list>
<pin id="342" dir="0" index="0" bw="63" slack="0"/>
<pin id="343" dir="0" index="1" bw="63" slack="1"/>
<pin id="344" dir="1" index="2" bw="0" slack="2147483647"/>
</pin_list>
<bind>
<opcode="store(28) " fcode="store"/>
<opset="store_ln68/2 "/>
</bind>
</comp>

<comp id="346" class="1004" name="store_ln68_store_fu_346">
<pin_list>
<pin id="347" dir="0" index="0" bw="31" slack="0"/>
<pin id="348" dir="0" index="1" bw="31" slack="1"/>
<pin id="349" dir="1" index="2" bw="0" slack="2147483647"/>
</pin_list>
<bind>
<opcode="store(28) " fcode="store"/>
<opset="store_ln68/2 "/>
</bind>
</comp>

<comp id="351" class="1004" name="store_ln69_store_fu_351">
<pin_list>
<pin id="352" dir="0" index="0" bw="31" slack="0"/>
<pin id="353" dir="0" index="1" bw="31" slack="1"/>
<pin id="354" dir="1" index="2" bw="0" slack="2147483647"/>
</pin_list>
<bind>
<opcode="store(28) " fcode="store"/>
<opset="store_ln69/2 "/>
</bind>
</comp>

<comp id="356" class="1004" name="shl_ln_fu_356">
<pin_list>
<pin id="357" dir="0" index="0" bw="32" slack="0"/>
<pin id="358" dir="0" index="1" bw="27" slack="1"/>
<pin id="359" dir="0" index="2" bw="1" slack="0"/>
<pin id="360" dir="1" index="3" bw="32" slack="0"/>
</pin_list>
<bind>
<opcode="bitconcatenate(1004) " fcode="bitconcatenate"/>
<opset="shl_ln/3 "/>
</bind>
</comp>

<comp id="363" class="1004" name="add_ln68_fu_363">
<pin_list>
<pin id="364" dir="0" index="0" bw="32" slack="0"/>
<pin id="365" dir="0" index="1" bw="32" slack="2"/>
<pin id="366" dir="1" index="2" bw="32" slack="0"/>
</pin_list>
<bind>
<opcode="add(8) " fcode="add"/>
<opset="add_ln68/3 "/>
</bind>
</comp>

<comp id="368" class="1004" name="shl_ln68_1_fu_368">
<pin_list>
<pin id="369" dir="0" index="0" bw="34" slack="0"/>
<pin id="370" dir="0" index="1" bw="32" slack="0"/>
<pin id="371" dir="0" index="2" bw="1" slack="0"/>
<pin id="372" dir="1" index="3" bw="34" slack="0"/>
</pin_list>
<bind>
<opcode="bitconcatenate(1004) " fcode="bitconcatenate"/>
<opset="shl_ln68_1/3 "/>
</bind>
</comp>

<comp id="376" class="1004" name="sext_ln68_fu_376">
<pin_list>
<pin id="377" dir="0" index="0" bw="34" slack="0"/>
<pin id="378" dir="1" index="1" bw="64" slack="0"/>
</pin_list>
<bind>
<opcode="sext(35) " fcode="sext"/>
<opset="sext_ln68/3 "/>
</bind>
</comp>

<comp id="380" class="1004" name="add_ln68_1_fu_380">
<pin_list>
<pin id="381" dir="0" index="0" bw="34" slack="0"/>
<pin id="382" dir="0" index="1" bw="64" slack="2"/>
<pin id="383" dir="1" index="2" bw="64" slack="0"/>
</pin_list>
<bind>
<opcode="add(8) " fcode="add"/>
<opset="add_ln68_1/3 "/>
</bind>
</comp>

<comp id="385" class="1004" name="trunc_ln2_fu_385">
<pin_list>
<pin id="386" dir="0" index="0" bw="62" slack="0"/>
<pin id="387" dir="0" index="1" bw="64" slack="0"/>
<pin id="388" dir="0" index="2" bw="3" slack="0"/>
<pin id="389" dir="0" index="3" bw="7" slack="0"/>
<pin id="390" dir="1" index="4" bw="62" slack="0"/>
</pin_list>
<bind>
<opcode="partselect(1002) " fcode="partselect"/>
<opset="trunc_ln2/3 "/>
</bind>
</comp>

<comp id="395" class="1004" name="sext_ln69_fu_395">
<pin_list>
<pin id="396" dir="0" index="0" bw="62" slack="0"/>
<pin id="397" dir="1" index="1" bw="64" slack="0"/>
</pin_list>
<bind>
<opcode="sext(35) " fcode="sext"/>
<opset="sext_ln69/3 "/>
</bind>
</comp>

<comp id="399" class="1004" name="gmem0_addr_fu_399">
<pin_list>
<pin id="400" dir="0" index="0" bw="64" slack="0"/>
<pin id="401" dir="0" index="1" bw="64" slack="0"/>
<pin id="402" dir="1" index="2" bw="64" slack="1"/>
</pin_list>
<bind>
<opcode="getelementptr(29) " fcode="getelementptr"/>
<opset="gmem0_addr/3 "/>
</bind>
</comp>

<comp id="405" class="1004" name="zext_ln71_fu_405">
<pin_list>
<pin id="406" dir="0" index="0" bw="6" slack="11"/>
<pin id="407" dir="1" index="1" bw="64" slack="0"/>
</pin_list>
<bind>
<opcode="zext(34) " fcode="zext"/>
<opset="zext_ln71/13 "/>
</bind>
</comp>

<comp id="412" class="1004" name="bitcast_ln71_fu_412">
<pin_list>
<pin id="413" dir="0" index="0" bw="32" slack="1"/>
<pin id="414" dir="1" index="1" bw="32" slack="0"/>
</pin_list>
<bind>
<opcode="bitcast(44) " fcode="bitcast"/>
<opset="bitcast_ln71/13 "/>
</bind>
</comp>

<comp id="419" class="1005" name="x_reg_419">
<pin_list>
<pin id="420" dir="0" index="0" bw="31" slack="0"/>
<pin id="421" dir="1" index="1" bw="31" slack="0"/>
</pin_list>
<bind>
<opset="x "/>
</bind>
</comp>

<comp id="426" class="1005" name="i_reg_426">
<pin_list>
<pin id="427" dir="0" index="0" bw="31" slack="0"/>
<pin id="428" dir="1" index="1" bw="31" slack="0"/>
</pin_list>
<bind>
<opset="i "/>
</bind>
</comp>

<comp id="433" class="1005" name="indvar_flatten_reg_433">
<pin_list>
<pin id="434" dir="0" index="0" bw="63" slack="0"/>
<pin id="435" dir="1" index="1" bw="63" slack="0"/>
</pin_list>
<bind>
<opset="indvar_flatten "/>
</bind>
</comp>

<comp id="440" class="1005" name="Q_read_reg_440">
<pin_list>
<pin id="441" dir="0" index="0" bw="64" slack="2"/>
<pin id="442" dir="1" index="1" bw="64" slack="2"/>
</pin_list>
<bind>
<opset="Q_read "/>
</bind>
</comp>

<comp id="445" class="1005" name="shl_ln68_2_read_reg_445">
<pin_list>
<pin id="446" dir="0" index="0" bw="32" slack="2"/>
<pin id="447" dir="1" index="1" bw="32" slack="2"/>
</pin_list>
<bind>
<opset="shl_ln68_2_read "/>
</bind>
</comp>

<comp id="450" class="1005" name="mul_ln68_read_reg_450">
<pin_list>
<pin id="451" dir="0" index="0" bw="63" slack="1"/>
<pin id="452" dir="1" index="1" bw="63" slack="1"/>
</pin_list>
<bind>
<opset="mul_ln68_read "/>
</bind>
</comp>

<comp id="455" class="1005" name="d_read_reg_455">
<pin_list>
<pin id="456" dir="0" index="0" bw="32" slack="1"/>
<pin id="457" dir="1" index="1" bw="32" slack="1"/>
</pin_list>
<bind>
<opset="d_read "/>
</bind>
</comp>

<comp id="460" class="1005" name="zext_ln63_cast_reg_460">
<pin_list>
<pin id="461" dir="0" index="0" bw="32" slack="3"/>
<pin id="462" dir="1" index="1" bw="32" slack="3"/>
</pin_list>
<bind>
<opset="zext_ln63_cast "/>
</bind>
</comp>

<comp id="465" class="1005" name="icmp_ln68_reg_465">
<pin_list>
<pin id="466" dir="0" index="0" bw="1" slack="1"/>
<pin id="467" dir="1" index="1" bw="1" slack="2147483647"/>
</pin_list>
<bind>
<opset="icmp_ln68 "/>
</bind>
</comp>

<comp id="469" class="1005" name="or_ln68_reg_469">
<pin_list>
<pin id="470" dir="0" index="0" bw="1" slack="2"/>
<pin id="471" dir="1" index="1" bw="1" slack="2147483647"/>
</pin_list>
<bind>
<opset="or_ln68 "/>
</bind>
</comp>

<comp id="473" class="1005" name="trunc_ln68_1_reg_473">
<pin_list>
<pin id="474" dir="0" index="0" bw="27" slack="1"/>
<pin id="475" dir="1" index="1" bw="27" slack="1"/>
</pin_list>
<bind>
<opset="trunc_ln68_1 "/>
</bind>
</comp>

<comp id="478" class="1005" name="trunc_ln69_reg_478">
<pin_list>
<pin id="479" dir="0" index="0" bw="2" slack="11"/>
<pin id="480" dir="1" index="1" bw="2" slack="2147483647"/>
</pin_list>
<bind>
<opset="trunc_ln69 "/>
</bind>
</comp>

<comp id="482" class="1005" name="add_ln71_reg_482">
<pin_list>
<pin id="483" dir="0" index="0" bw="6" slack="11"/>
<pin id="484" dir="1" index="1" bw="6" slack="11"/>
</pin_list>
<bind>
<opset="add_ln71 "/>
</bind>
</comp>

<comp id="487" class="1005" name="gmem0_addr_reg_487">
<pin_list>
<pin id="488" dir="0" index="0" bw="32" slack="1"/>
<pin id="489" dir="1" index="1" bw="32" slack="1"/>
</pin_list>
<bind>
<opset="gmem0_addr "/>
</bind>
</comp>

<comp id="493" class="1005" name="gmem0_addr_read_reg_493">
<pin_list>
<pin id="494" dir="0" index="0" bw="32" slack="1"/>
<pin id="495" dir="1" index="1" bw="32" slack="1"/>
</pin_list>
<bind>
<opset="gmem0_addr_read "/>
</bind>
</comp>

</comp_list>

<net_list>
<net id="103"><net_src comp="20" pin="0"/><net_sink comp="100" pin=0"/></net>

<net id="107"><net_src comp="20" pin="0"/><net_sink comp="104" pin=0"/></net>

<net id="111"><net_src comp="20" pin="0"/><net_sink comp="108" pin=0"/></net>

<net id="116"><net_src comp="22" pin="0"/><net_sink comp="112" pin=0"/></net>

<net id="117"><net_src comp="18" pin="0"/><net_sink comp="112" pin=1"/></net>

<net id="122"><net_src comp="24" pin="0"/><net_sink comp="118" pin=0"/></net>

<net id="123"><net_src comp="16" pin="0"/><net_sink comp="118" pin=1"/></net>

<net id="128"><net_src comp="26" pin="0"/><net_sink comp="124" pin=0"/></net>

<net id="129"><net_src comp="14" pin="0"/><net_sink comp="124" pin=1"/></net>

<net id="134"><net_src comp="28" pin="0"/><net_sink comp="130" pin=0"/></net>

<net id="135"><net_src comp="4" pin="0"/><net_sink comp="130" pin=1"/></net>

<net id="140"><net_src comp="24" pin="0"/><net_sink comp="136" pin=0"/></net>

<net id="141"><net_src comp="2" pin="0"/><net_sink comp="136" pin=1"/></net>

<net id="147"><net_src comp="92" pin="0"/><net_sink comp="142" pin=0"/></net>

<net id="152"><net_src comp="94" pin="0"/><net_sink comp="148" pin=0"/></net>

<net id="158"><net_src comp="6" pin="0"/><net_sink comp="153" pin=0"/></net>

<net id="159"><net_src comp="98" pin="0"/><net_sink comp="153" pin=1"/></net>

<net id="165"><net_src comp="8" pin="0"/><net_sink comp="160" pin=0"/></net>

<net id="166"><net_src comp="98" pin="0"/><net_sink comp="160" pin=1"/></net>

<net id="172"><net_src comp="10" pin="0"/><net_sink comp="167" pin=0"/></net>

<net id="173"><net_src comp="98" pin="0"/><net_sink comp="167" pin=1"/></net>

<net id="179"><net_src comp="12" pin="0"/><net_sink comp="174" pin=0"/></net>

<net id="180"><net_src comp="98" pin="0"/><net_sink comp="174" pin=1"/></net>

<net id="186"><net_src comp="167" pin="3"/><net_sink comp="181" pin=0"/></net>

<net id="192"><net_src comp="160" pin="3"/><net_sink comp="187" pin=0"/></net>

<net id="198"><net_src comp="153" pin="3"/><net_sink comp="193" pin=0"/></net>

<net id="204"><net_src comp="174" pin="3"/><net_sink comp="199" pin=0"/></net>

<net id="208"><net_src comp="52" pin="0"/><net_sink comp="205" pin=0"/></net>

<net id="215"><net_src comp="205" pin="1"/><net_sink comp="209" pin=0"/></net>

<net id="216"><net_src comp="54" pin="0"/><net_sink comp="209" pin=2"/></net>

<net id="220"><net_src comp="124" pin="2"/><net_sink comp="217" pin=0"/></net>

<net id="225"><net_src comp="48" pin="0"/><net_sink comp="221" pin=0"/></net>

<net id="230"><net_src comp="50" pin="0"/><net_sink comp="226" pin=0"/></net>

<net id="235"><net_src comp="50" pin="0"/><net_sink comp="231" pin=0"/></net>

<net id="245"><net_src comp="236" pin="1"/><net_sink comp="242" pin=0"/></net>

<net id="250"><net_src comp="242" pin="1"/><net_sink comp="246" pin=0"/></net>

<net id="255"><net_src comp="239" pin="1"/><net_sink comp="251" pin=0"/></net>

<net id="260"><net_src comp="239" pin="1"/><net_sink comp="256" pin=0"/></net>

<net id="261"><net_src comp="58" pin="0"/><net_sink comp="256" pin=1"/></net>

<net id="269"><net_src comp="262" pin="1"/><net_sink comp="265" pin=0"/></net>

<net id="270"><net_src comp="60" pin="0"/><net_sink comp="265" pin=1"/></net>

<net id="275"><net_src comp="246" pin="2"/><net_sink comp="271" pin=0"/></net>

<net id="276"><net_src comp="52" pin="0"/><net_sink comp="271" pin=1"/></net>

<net id="281"><net_src comp="209" pin="4"/><net_sink comp="277" pin=0"/></net>

<net id="282"><net_src comp="271" pin="2"/><net_sink comp="277" pin=1"/></net>

<net id="288"><net_src comp="246" pin="2"/><net_sink comp="283" pin=0"/></net>

<net id="289"><net_src comp="236" pin="1"/><net_sink comp="283" pin=1"/></net>

<net id="290"><net_src comp="50" pin="0"/><net_sink comp="283" pin=2"/></net>

<net id="296"><net_src comp="246" pin="2"/><net_sink comp="291" pin=0"/></net>

<net id="297"><net_src comp="262" pin="1"/><net_sink comp="291" pin=1"/></net>

<net id="298"><net_src comp="265" pin="2"/><net_sink comp="291" pin=2"/></net>

<net id="302"><net_src comp="291" pin="3"/><net_sink comp="299" pin=0"/></net>

<net id="306"><net_src comp="291" pin="3"/><net_sink comp="303" pin=0"/></net>

<net id="312"><net_src comp="62" pin="0"/><net_sink comp="307" pin=0"/></net>

<net id="313"><net_src comp="299" pin="1"/><net_sink comp="307" pin=1"/></net>

<net id="314"><net_src comp="64" pin="0"/><net_sink comp="307" pin=2"/></net>

<net id="318"><net_src comp="283" pin="3"/><net_sink comp="315" pin=0"/></net>

<net id="325"><net_src comp="66" pin="0"/><net_sink comp="319" pin=0"/></net>

<net id="326"><net_src comp="283" pin="3"/><net_sink comp="319" pin=1"/></net>

<net id="327"><net_src comp="68" pin="0"/><net_sink comp="319" pin=2"/></net>

<net id="328"><net_src comp="70" pin="0"/><net_sink comp="319" pin=3"/></net>

<net id="333"><net_src comp="307" pin="3"/><net_sink comp="329" pin=0"/></net>

<net id="334"><net_src comp="319" pin="4"/><net_sink comp="329" pin=1"/></net>

<net id="339"><net_src comp="283" pin="3"/><net_sink comp="335" pin=0"/></net>

<net id="340"><net_src comp="60" pin="0"/><net_sink comp="335" pin=1"/></net>

<net id="345"><net_src comp="256" pin="2"/><net_sink comp="341" pin=0"/></net>

<net id="350"><net_src comp="291" pin="3"/><net_sink comp="346" pin=0"/></net>

<net id="355"><net_src comp="335" pin="2"/><net_sink comp="351" pin=0"/></net>

<net id="361"><net_src comp="82" pin="0"/><net_sink comp="356" pin=0"/></net>

<net id="362"><net_src comp="84" pin="0"/><net_sink comp="356" pin=2"/></net>

<net id="367"><net_src comp="356" pin="3"/><net_sink comp="363" pin=0"/></net>

<net id="373"><net_src comp="86" pin="0"/><net_sink comp="368" pin=0"/></net>

<net id="374"><net_src comp="363" pin="2"/><net_sink comp="368" pin=1"/></net>

<net id="375"><net_src comp="72" pin="0"/><net_sink comp="368" pin=2"/></net>

<net id="379"><net_src comp="368" pin="3"/><net_sink comp="376" pin=0"/></net>

<net id="384"><net_src comp="376" pin="1"/><net_sink comp="380" pin=0"/></net>

<net id="391"><net_src comp="88" pin="0"/><net_sink comp="385" pin=0"/></net>

<net id="392"><net_src comp="380" pin="2"/><net_sink comp="385" pin=1"/></net>

<net id="393"><net_src comp="68" pin="0"/><net_sink comp="385" pin=2"/></net>

<net id="394"><net_src comp="90" pin="0"/><net_sink comp="385" pin=3"/></net>

<net id="398"><net_src comp="385" pin="4"/><net_sink comp="395" pin=0"/></net>

<net id="403"><net_src comp="0" pin="0"/><net_sink comp="399" pin=0"/></net>

<net id="404"><net_src comp="395" pin="1"/><net_sink comp="399" pin=1"/></net>

<net id="408"><net_src comp="405" pin="1"/><net_sink comp="153" pin=2"/></net>

<net id="409"><net_src comp="405" pin="1"/><net_sink comp="160" pin=2"/></net>

<net id="410"><net_src comp="405" pin="1"/><net_sink comp="167" pin=2"/></net>

<net id="411"><net_src comp="405" pin="1"/><net_sink comp="174" pin=2"/></net>

<net id="415"><net_src comp="412" pin="1"/><net_sink comp="181" pin=1"/></net>

<net id="416"><net_src comp="412" pin="1"/><net_sink comp="187" pin=1"/></net>

<net id="417"><net_src comp="412" pin="1"/><net_sink comp="193" pin=1"/></net>

<net id="418"><net_src comp="412" pin="1"/><net_sink comp="199" pin=1"/></net>

<net id="422"><net_src comp="100" pin="1"/><net_sink comp="419" pin=0"/></net>

<net id="423"><net_src comp="419" pin="1"/><net_sink comp="231" pin=1"/></net>

<net id="424"><net_src comp="419" pin="1"/><net_sink comp="236" pin=0"/></net>

<net id="425"><net_src comp="419" pin="1"/><net_sink comp="351" pin=1"/></net>

<net id="429"><net_src comp="104" pin="1"/><net_sink comp="426" pin=0"/></net>

<net id="430"><net_src comp="426" pin="1"/><net_sink comp="226" pin=1"/></net>

<net id="431"><net_src comp="426" pin="1"/><net_sink comp="262" pin=0"/></net>

<net id="432"><net_src comp="426" pin="1"/><net_sink comp="346" pin=1"/></net>

<net id="436"><net_src comp="108" pin="1"/><net_sink comp="433" pin=0"/></net>

<net id="437"><net_src comp="433" pin="1"/><net_sink comp="221" pin=1"/></net>

<net id="438"><net_src comp="433" pin="1"/><net_sink comp="239" pin=0"/></net>

<net id="439"><net_src comp="433" pin="1"/><net_sink comp="341" pin=1"/></net>

<net id="443"><net_src comp="112" pin="2"/><net_sink comp="440" pin=0"/></net>

<net id="444"><net_src comp="440" pin="1"/><net_sink comp="380" pin=1"/></net>

<net id="448"><net_src comp="118" pin="2"/><net_sink comp="445" pin=0"/></net>

<net id="449"><net_src comp="445" pin="1"/><net_sink comp="363" pin=1"/></net>

<net id="453"><net_src comp="130" pin="2"/><net_sink comp="450" pin=0"/></net>

<net id="454"><net_src comp="450" pin="1"/><net_sink comp="251" pin=1"/></net>

<net id="458"><net_src comp="136" pin="2"/><net_sink comp="455" pin=0"/></net>

<net id="459"><net_src comp="455" pin="1"/><net_sink comp="246" pin=1"/></net>

<net id="463"><net_src comp="217" pin="1"/><net_sink comp="460" pin=0"/></net>

<net id="464"><net_src comp="460" pin="1"/><net_sink comp="142" pin=2"/></net>

<net id="468"><net_src comp="251" pin="2"/><net_sink comp="465" pin=0"/></net>

<net id="472"><net_src comp="277" pin="2"/><net_sink comp="469" pin=0"/></net>

<net id="476"><net_src comp="303" pin="1"/><net_sink comp="473" pin=0"/></net>

<net id="477"><net_src comp="473" pin="1"/><net_sink comp="356" pin=1"/></net>

<net id="481"><net_src comp="315" pin="1"/><net_sink comp="478" pin=0"/></net>

<net id="485"><net_src comp="329" pin="2"/><net_sink comp="482" pin=0"/></net>

<net id="486"><net_src comp="482" pin="1"/><net_sink comp="405" pin=0"/></net>

<net id="490"><net_src comp="399" pin="2"/><net_sink comp="487" pin=0"/></net>

<net id="491"><net_src comp="487" pin="1"/><net_sink comp="142" pin=1"/></net>

<net id="492"><net_src comp="487" pin="1"/><net_sink comp="148" pin=1"/></net>

<net id="496"><net_src comp="148" pin="2"/><net_sink comp="493" pin=0"/></net>

<net id="497"><net_src comp="493" pin="1"/><net_sink comp="412" pin=0"/></net>

</net_list>

</model> 
---------------- Datapath Model END ------------------

* FSMD analyzer results:
  - Output states:
	Port: gmem0 | {}
	Port: Qbuf | {13 }
	Port: Qbuf_1 | {13 }
	Port: Qbuf_2 | {13 }
	Port: Qbuf_3 | {13 }
 - Input state : 
	Port: flash_attention_hls_Pipeline_LOAD_Q_VITIS_LOOP_69_1 : gmem0 | {4 5 6 7 8 9 10 11 12 }
	Port: flash_attention_hls_Pipeline_LOAD_Q_VITIS_LOOP_69_1 : d | {1 }
	Port: flash_attention_hls_Pipeline_LOAD_Q_VITIS_LOOP_69_1 : mul_ln68 | {1 }
	Port: flash_attention_hls_Pipeline_LOAD_Q_VITIS_LOOP_69_1 : zext_ln63 | {1 }
	Port: flash_attention_hls_Pipeline_LOAD_Q_VITIS_LOOP_69_1 : shl_ln68_2 | {1 }
	Port: flash_attention_hls_Pipeline_LOAD_Q_VITIS_LOOP_69_1 : Q | {1 }
  - Chain level:
	State 1
		store_ln0 : 1
		store_ln68 : 1
		store_ln69 : 1
	State 2
		zext_ln69 : 1
		icmp_ln69 : 2
		icmp_ln68 : 1
		add_ln68_3 : 1
		br_ln68 : 2
		add_ln68_2 : 1
		xor_ln68 : 3
		or_ln68 : 3
		select_ln68 : 3
		select_ln68_1 : 3
		trunc_ln68 : 4
		trunc_ln68_1 : 4
		br_ln69 : 3
		tmp_s : 5
		trunc_ln69 : 4
		lshr_ln : 4
		add_ln71 : 6
		switch_ln71 : 5
		add_ln69 : 4
		store_ln68 : 2
		store_ln68 : 4
		store_ln69 : 5
	State 3
		add_ln68 : 1
		shl_ln68_1 : 2
		sext_ln68 : 3
		add_ln68_1 : 4
		trunc_ln2 : 5
		sext_ln69 : 6
		gmem0_addr : 7
	State 4
	State 5
	State 6
	State 7
	State 8
	State 9
	State 10
	State 11
	State 12
	State 13
		Qbuf_addr : 1
		Qbuf_1_addr : 1
		Qbuf_2_addr : 1
		Qbuf_3_addr : 1
		store_ln71 : 2
		store_ln71 : 2
		store_ln71 : 2
		store_ln71 : 2


============================================================
+ Verbose Summary: Datapath Resource usage 
============================================================

* Functional unit list:
|----------|-----------------------------|---------|---------|
| Operation|       Functional Unit       |    FF   |   LUT   |
|----------|-----------------------------|---------|---------|
|          |      add_ln68_3_fu_256      |    0    |    70   |
|          |      add_ln68_2_fu_265      |    0    |    38   |
|    add   |       add_ln71_fu_329       |    0    |    14   |
|          |       add_ln69_fu_335       |    0    |    38   |
|          |       add_ln68_fu_363       |    0    |    39   |
|          |      add_ln68_1_fu_380      |    0    |    71   |
|----------|-----------------------------|---------|---------|
|   icmp   |       icmp_ln69_fu_246      |    0    |    39   |
|          |       icmp_ln68_fu_251      |    0    |    70   |
|----------|-----------------------------|---------|---------|
|  select  |      select_ln68_fu_283     |    0    |    31   |
|          |     select_ln68_1_fu_291    |    0    |    31   |
|----------|-----------------------------|---------|---------|
|    xor   |       xor_ln68_fu_271       |    0    |    2    |
|----------|-----------------------------|---------|---------|
|    or    |        or_ln68_fu_277       |    0    |    2    |
|----------|-----------------------------|---------|---------|
|          |      Q_read_read_fu_112     |    0    |    0    |
|          | shl_ln68_2_read_read_fu_118 |    0    |    0    |
|   read   |  zext_ln63_read_read_fu_124 |    0    |    0    |
|          |  mul_ln68_read_read_fu_130  |    0    |    0    |
|          |      d_read_read_fu_136     |    0    |    0    |
|          | gmem0_addr_read_read_fu_148 |    0    |    0    |
|----------|-----------------------------|---------|---------|
|  readreq |      grp_readreq_fu_142     |    0    |    0    |
|----------|-----------------------------|---------|---------|
|          |    zext_ln63_cast_fu_217    |    0    |    0    |
|   zext   |       zext_ln69_fu_242      |    0    |    0    |
|          |       zext_ln71_fu_405      |    0    |    0    |
|----------|-----------------------------|---------|---------|
|          |      trunc_ln68_fu_299      |    0    |    0    |
|   trunc  |     trunc_ln68_1_fu_303     |    0    |    0    |
|          |      trunc_ln69_fu_315      |    0    |    0    |
|----------|-----------------------------|---------|---------|
|          |         tmp_s_fu_307        |    0    |    0    |
|bitconcatenate|        shl_ln_fu_356        |    0    |    0    |
|          |      shl_ln68_1_fu_368      |    0    |    0    |
|----------|-----------------------------|---------|---------|
|partselect|        lshr_ln_fu_319       |    0    |    0    |
|          |       trunc_ln2_fu_385      |    0    |    0    |
|----------|-----------------------------|---------|---------|
|   sext   |       sext_ln68_fu_376      |    0    |    0    |
|          |       sext_ln69_fu_395      |    0    |    0    |
|----------|-----------------------------|---------|---------|
|   Total  |                             |    0    |   445   |
|----------|-----------------------------|---------|---------|

Memories:
N/A

* Register list:
+-----------------------+--------+
|                       |   FF   |
+-----------------------+--------+
|     Q_read_reg_440    |   64   |
|    add_ln71_reg_482   |    6   |
|     d_read_reg_455    |   32   |
|  first_iter_0_reg_205 |    1   |
|gmem0_addr_read_reg_493|   32   |
|   gmem0_addr_reg_487  |   32   |
|       i_reg_426       |   31   |
|   icmp_ln68_reg_465   |    1   |
| indvar_flatten_reg_433|   63   |
| mul_ln68_read_reg_450 |   63   |
|    or_ln68_reg_469    |    1   |
|shl_ln68_2_read_reg_445|   32   |
|  trunc_ln68_1_reg_473 |   27   |
|   trunc_ln69_reg_478  |    2   |
|       x_reg_419       |   31   |
| zext_ln63_cast_reg_460|   32   |
+-----------------------+--------+
|         Total         |   450  |
+-----------------------+--------+

* Multiplexer (MUX) list: 
|--------|------|------|------|--------|
|  Comp  |  Pin | Size |  BW  | S x BW |
|--------|------|------|------|--------|
|  Total |      |      |      |    0   |
|--------|------|------|------|--------|



* Summary:
+-----------+--------+--------+
|           |   FF   |   LUT  |
+-----------+--------+--------+
|  Function |    0   |   445  |
|   Memory  |    -   |    -   |
|Multiplexer|    -   |    -   |
|  Register |   450  |    -   |
+-----------+--------+--------+
|   Total   |   450  |   445  |
+-----------+--------+--------+
