

================================================================
== Vitis HLS Report for 'flash_attention_hls_Pipeline_STORE_O_VITIS_LOOP_188_5'
================================================================
* Date:           Fri May  8 14:39:22 2026

* Version:        2023.2 (Build 4023990 on Oct 11 2023)
* Project:        flash_attention_proj
* Solution:       solution1 (Vivado IP Flow Target)
* Product family: zynq
* Target device:  xc7z020-clg400-1


================================================================
== Performance Estimates
================================================================
+ Timing: 
    * Summary: 
    +--------+----------+----------+------------+
    |  Clock |  Target  | Estimated| Uncertainty|
    +--------+----------+----------+------------+
    |ap_clk  |  10.00 ns|  7.396 ns|     2.70 ns|
    +--------+----------+----------+------------+

+ Latency: 
    * Summary: 
    +---------+---------+----------+----------+-----+-----+---------+
    |  Latency (cycles) |  Latency (absolute) |  Interval | Pipeline|
    |   min   |   max   |    min   |    max   | min | max |   Type  |
    +---------+---------+----------+----------+-----+-----+---------+
    |        ?|        ?|         ?|         ?|    ?|    ?|       no|
    +---------+---------+----------+----------+-----+-----+---------+

    + Detail: 
        * Instance: 
        N/A

        * Loop: 
        +----------------------------+---------+---------+----------+-----------+-----------+------+----------+
        |                            |  Latency (cycles) | Iteration|  Initiation Interval  | Trip |          |
        |          Loop Name         |   min   |   max   |  Latency |  achieved |   target  | Count| Pipelined|
        +----------------------------+---------+---------+----------+-----------+-----------+------+----------+
        |- STORE_O_VITIS_LOOP_188_5  |        ?|        ?|         9|          1|          1|     ?|       yes|
        +----------------------------+---------+---------+----------+-----------+-----------+------+----------+

============================================================
+ Verbose Summary: Synthesis Manager
============================================================
InlineROM: 1
ExposeGlobal: 0
============================================================
+ Verbose Summary: CDFG Model
============================================================
IsTopModel: 0
ResetActiveHigh: 1
IsCombinational: 0
IsDatapathOnly: 0
HasWiredReturn: 1
HasMFsm: 2
HasVarLatency: 1
IsPipeline: 0
IsRtlPipelined: 0
IsInstanceOverlapped: 0
IsDontTouch: 0
HasImplIP: 0
IsGatedGlobalClock: 0

+ Individual pipeline summary: 
  * Pipeline-0: initiation interval (II) = 1, depth = 10


============================================================
+ Verbose Summary: Schedule
============================================================
* Number of FSM states : 10
* Pipeline : 1
  Pipeline-0 : II = 1, D = 10, States = { 1 2 3 4 5 6 7 8 9 10 }
* Dataflow Pipeline: 0

* FSM state transitions: 
1 --> 2 
2 --> 3 
3 --> 4 
4 --> 5 
5 --> 6 
6 --> 7 
7 --> 8 
8 --> 9 
9 --> 10 
10 --> 

* FSM state operations: 

State 1 <SV = 0> <Delay = 1.58>
ST_1 : Operation 12 [1/1] (0.00ns)   --->   "%x_2 = alloca i32 1" [flash_attention.cpp:188]   --->   Operation 12 'alloca' 'x_2' <Predicate = true> <Delay = 0.00>
ST_1 : Operation 13 [1/1] (0.00ns)   --->   "%i = alloca i32 1" [flash_attention.cpp:187]   --->   Operation 13 'alloca' 'i' <Predicate = true> <Delay = 0.00>
ST_1 : Operation 14 [1/1] (0.00ns)   --->   "%indvar_flatten44 = alloca i32 1"   --->   Operation 14 'alloca' 'indvar_flatten44' <Predicate = true> <Delay = 0.00>
ST_1 : Operation 15 [1/1] (0.00ns)   --->   "%O_read = read i64 @_ssdm_op_Read.ap_auto.i64, i64 %O"   --->   Operation 15 'read' 'O_read' <Predicate = true> <Delay = 0.00>
ST_1 : Operation 16 [1/1] (0.00ns)   --->   "%shl_ln68_2_read = read i32 @_ssdm_op_Read.ap_auto.i32, i32 %shl_ln68_2"   --->   Operation 16 'read' 'shl_ln68_2_read' <Predicate = true> <Delay = 0.00>
ST_1 : Operation 17 [1/1] (0.00ns)   --->   "%zext_ln63_read = read i31 @_ssdm_op_Read.ap_auto.i31, i31 %zext_ln63"   --->   Operation 17 'read' 'zext_ln63_read' <Predicate = true> <Delay = 0.00>
ST_1 : Operation 18 [1/1] (0.00ns)   --->   "%mul_ln187_read = read i64 @_ssdm_op_Read.ap_auto.i64, i64 %mul_ln187"   --->   Operation 18 'read' 'mul_ln187_read' <Predicate = true> <Delay = 0.00>
ST_1 : Operation 19 [1/1] (0.00ns)   --->   "%d_read = read i32 @_ssdm_op_Read.ap_auto.i32, i32 %d"   --->   Operation 19 'read' 'd_read' <Predicate = true> <Delay = 0.00>
ST_1 : Operation 20 [1/1] (0.00ns)   --->   "%zext_ln63_cast = zext i31 %zext_ln63_read"   --->   Operation 20 'zext' 'zext_ln63_cast' <Predicate = true> <Delay = 0.00>
ST_1 : Operation 21 [1/1] (0.00ns)   --->   "%specinterface_ln0 = specinterface void @_ssdm_op_SpecInterface, i32 %gmem3, void @empty_5, i32 0, i32 0, void @empty_22, i32 0, i32 2048, void @empty_8, void @empty_23, void @empty_22, i32 16, i32 16, i32 16, i32 16, void @empty_22, void @empty_22, i32 4294967295, i32 0"   --->   Operation 21 'specinterface' 'specinterface_ln0' <Predicate = true> <Delay = 0.00>
ST_1 : Operation 22 [1/1] (1.58ns)   --->   "%store_ln0 = store i64 0, i64 %indvar_flatten44"   --->   Operation 22 'store' 'store_ln0' <Predicate = true> <Delay = 1.58>
ST_1 : Operation 23 [1/1] (1.58ns)   --->   "%store_ln187 = store i4 0, i4 %i" [flash_attention.cpp:187]   --->   Operation 23 'store' 'store_ln187' <Predicate = true> <Delay = 1.58>
ST_1 : Operation 24 [1/1] (1.58ns)   --->   "%store_ln188 = store i31 0, i31 %x_2" [flash_attention.cpp:188]   --->   Operation 24 'store' 'store_ln188' <Predicate = true> <Delay = 1.58>
ST_1 : Operation 25 [1/1] (1.58ns)   --->   "%br_ln0 = br void %for.inc273"   --->   Operation 25 'br' 'br_ln0' <Predicate = true> <Delay = 1.58>

State 2 <SV = 1> <Delay = 7.39>
ST_2 : Operation 26 [1/1] (0.00ns)   --->   "%first_iter_3 = phi i1 1, void %newFuncRoot, i1 0, void %new.latch.for.inc273.split"   --->   Operation 26 'phi' 'first_iter_3' <Predicate = true> <Delay = 0.00>
ST_2 : Operation 27 [1/1] (0.00ns)   --->   "%x = load i31 %x_2" [flash_attention.cpp:188]   --->   Operation 27 'load' 'x' <Predicate = true> <Delay = 0.00>
ST_2 : Operation 28 [1/1] (0.00ns)   --->   "%indvar_flatten44_load = load i64 %indvar_flatten44" [flash_attention.cpp:187]   --->   Operation 28 'load' 'indvar_flatten44_load' <Predicate = true> <Delay = 0.00>
ST_2 : Operation 29 [1/1] (0.00ns)   --->   "%specbitsmap_ln0 = specbitsmap void @_ssdm_op_SpecBitsMap, i32 %gmem3"   --->   Operation 29 'specbitsmap' 'specbitsmap_ln0' <Predicate = true> <Delay = 0.00>
ST_2 : Operation 30 [1/1] (0.00ns)   --->   "%zext_ln188 = zext i31 %x" [flash_attention.cpp:188]   --->   Operation 30 'zext' 'zext_ln188' <Predicate = true> <Delay = 0.00>
ST_2 : Operation 31 [1/1] (2.55ns)   --->   "%icmp_ln188 = icmp_slt  i32 %zext_ln188, i32 %d_read" [flash_attention.cpp:188]   --->   Operation 31 'icmp' 'icmp_ln188' <Predicate = true> <Delay = 2.55> <CoreInst = "Cmp">   --->   Core 9 'Cmp' <Latency = 0> <II = 1> <Delay = 2.55> <FuncUnit> <Opcode : 'icmp'> <InPorts = 2> <OutPorts = 1>
ST_2 : Operation 32 [1/1] (3.52ns)   --->   "%icmp_ln187 = icmp_eq  i64 %indvar_flatten44_load, i64 %mul_ln187_read" [flash_attention.cpp:187]   --->   Operation 32 'icmp' 'icmp_ln187' <Predicate = true> <Delay = 3.52> <CoreInst = "Cmp">   --->   Core 9 'Cmp' <Latency = 0> <II = 1> <Delay = 3.52> <FuncUnit> <Opcode : 'icmp'> <InPorts = 2> <OutPorts = 1>
ST_2 : Operation 33 [1/1] (3.52ns)   --->   "%add_ln187_3 = add i64 %indvar_flatten44_load, i64 1" [flash_attention.cpp:187]   --->   Operation 33 'add' 'add_ln187_3' <Predicate = true> <Delay = 3.52> <CoreInst = "Adder">   --->   Core 1 'Adder' <Latency = 0> <II = 1> <Delay = 3.52> <FuncUnit> <Opcode : 'add' 'sub'> <InPorts = 2> <OutPorts = 1>
ST_2 : Operation 34 [1/1] (0.00ns)   --->   "%br_ln187 = br i1 %icmp_ln187, void %for.inc276.loopexit, void %for.inc279.loopexit.exitStub" [flash_attention.cpp:187]   --->   Operation 34 'br' 'br_ln187' <Predicate = true> <Delay = 0.00>
ST_2 : Operation 35 [1/1] (0.00ns)   --->   "%i_load = load i4 %i" [flash_attention.cpp:187]   --->   Operation 35 'load' 'i_load' <Predicate = (!icmp_ln187)> <Delay = 0.00>
ST_2 : Operation 36 [1/1] (1.73ns)   --->   "%add_ln187 = add i4 %i_load, i4 1" [flash_attention.cpp:187]   --->   Operation 36 'add' 'add_ln187' <Predicate = (!icmp_ln187)> <Delay = 1.73> <CoreInst = "Adder">   --->   Core 1 'Adder' <Latency = 0> <II = 1> <Delay = 1.73> <FuncUnit> <Opcode : 'add' 'sub'> <InPorts = 2> <OutPorts = 1>
ST_2 : Operation 37 [1/1] (0.00ns) (grouped into LUT with out node or_ln187)   --->   "%xor_ln187 = xor i1 %icmp_ln188, i1 1" [flash_attention.cpp:187]   --->   Operation 37 'xor' 'xor_ln187' <Predicate = (!icmp_ln187)> <Delay = 0.00> <CoreInst = "LogicGate">   --->   Core 74 'LogicGate' <Latency = 0> <II = 1> <Delay = 0.97> <FuncUnit> <Opcode : 'and' 'or' 'xor'> <InPorts = 2> <OutPorts = 1>
ST_2 : Operation 38 [1/1] (0.97ns) (out node of the LUT)   --->   "%or_ln187 = or i1 %first_iter_3, i1 %xor_ln187" [flash_attention.cpp:187]   --->   Operation 38 'or' 'or_ln187' <Predicate = (!icmp_ln187)> <Delay = 0.97> <CoreInst = "LogicGate">   --->   Core 74 'LogicGate' <Latency = 0> <II = 1> <Delay = 0.97> <FuncUnit> <Opcode : 'and' 'or' 'xor'> <InPorts = 2> <OutPorts = 1>
ST_2 : Operation 39 [1/1] (0.73ns)   --->   "%select_ln187 = select i1 %icmp_ln188, i31 %x, i31 0" [flash_attention.cpp:187]   --->   Operation 39 'select' 'select_ln187' <Predicate = (!icmp_ln187)> <Delay = 0.73> <CoreInst = "Sel">   --->   Core 73 'Sel' <Latency = 0> <II = 1> <Delay = 0.73> <FuncUnit> <Opcode : 'select'> <InPorts = 3> <OutPorts = 1>
ST_2 : Operation 40 [1/1] (1.02ns)   --->   "%select_ln187_1 = select i1 %icmp_ln188, i4 %i_load, i4 %add_ln187" [flash_attention.cpp:187]   --->   Operation 40 'select' 'select_ln187_1' <Predicate = (!icmp_ln187)> <Delay = 1.02> <CoreInst = "Sel">   --->   Core 73 'Sel' <Latency = 0> <II = 1> <Delay = 1.02> <FuncUnit> <Opcode : 'select'> <InPorts = 3> <OutPorts = 1>
ST_2 : Operation 41 [1/1] (0.00ns)   --->   "%trunc_ln187 = trunc i4 %select_ln187_1" [flash_attention.cpp:187]   --->   Operation 41 'trunc' 'trunc_ln187' <Predicate = (!icmp_ln187)> <Delay = 0.00>
ST_2 : Operation 42 [1/1] (0.00ns)   --->   "%br_ln188 = br i1 %or_ln187, void %for.inc273.split, void %for.first.iter.for.inc273" [flash_attention.cpp:188]   --->   Operation 42 'br' 'br_ln188' <Predicate = (!icmp_ln187)> <Delay = 0.00>
ST_2 : Operation 43 [1/1] (0.00ns)   --->   "%tmp_s = bitconcatenate i6 @_ssdm_op_BitConcatenate.i6.i3.i3, i3 %trunc_ln187, i3 0" [flash_attention.cpp:190]   --->   Operation 43 'bitconcatenate' 'tmp_s' <Predicate = (!icmp_ln187)> <Delay = 0.00>
ST_2 : Operation 44 [1/1] (0.00ns)   --->   "%trunc_ln188 = trunc i31 %select_ln187" [flash_attention.cpp:188]   --->   Operation 44 'trunc' 'trunc_ln188' <Predicate = (!icmp_ln187)> <Delay = 0.00>
ST_2 : Operation 45 [1/1] (0.00ns)   --->   "%lshr_ln2 = partselect i6 @_ssdm_op_PartSelect.i6.i31.i32.i32, i31 %select_ln187, i32 2, i32 7" [flash_attention.cpp:188]   --->   Operation 45 'partselect' 'lshr_ln2' <Predicate = (!icmp_ln187)> <Delay = 0.00>
ST_2 : Operation 46 [1/1] (1.82ns)   --->   "%add_ln190 = add i6 %tmp_s, i6 %lshr_ln2" [flash_attention.cpp:190]   --->   Operation 46 'add' 'add_ln190' <Predicate = (!icmp_ln187)> <Delay = 1.82> <CoreInst = "Adder">   --->   Core 1 'Adder' <Latency = 0> <II = 1> <Delay = 1.82> <FuncUnit> <Opcode : 'add' 'sub'> <InPorts = 2> <OutPorts = 1>
ST_2 : Operation 47 [1/1] (2.52ns)   --->   "%add_ln188 = add i31 %select_ln187, i31 1" [flash_attention.cpp:188]   --->   Operation 47 'add' 'add_ln188' <Predicate = (!icmp_ln187)> <Delay = 2.52> <CoreInst = "Adder">   --->   Core 1 'Adder' <Latency = 0> <II = 1> <Delay = 2.52> <FuncUnit> <Opcode : 'add' 'sub'> <InPorts = 2> <OutPorts = 1>
ST_2 : Operation 48 [1/1] (1.58ns)   --->   "%store_ln187 = store i64 %add_ln187_3, i64 %indvar_flatten44" [flash_attention.cpp:187]   --->   Operation 48 'store' 'store_ln187' <Predicate = (!icmp_ln187)> <Delay = 1.58>
ST_2 : Operation 49 [1/1] (1.58ns)   --->   "%store_ln187 = store i4 %select_ln187_1, i4 %i" [flash_attention.cpp:187]   --->   Operation 49 'store' 'store_ln187' <Predicate = (!icmp_ln187)> <Delay = 1.58>
ST_2 : Operation 50 [1/1] (1.58ns)   --->   "%store_ln188 = store i31 %add_ln188, i31 %x_2" [flash_attention.cpp:188]   --->   Operation 50 'store' 'store_ln188' <Predicate = (!icmp_ln187)> <Delay = 1.58>
ST_2 : Operation 51 [1/1] (0.00ns)   --->   "%br_ln188 = br void %for.inc273" [flash_attention.cpp:188]   --->   Operation 51 'br' 'br_ln188' <Predicate = (!icmp_ln187)> <Delay = 0.00>

State 3 <SV = 2> <Delay = 6.07>
ST_3 : Operation 52 [1/1] (0.00ns)   --->   "%sext_ln188_mid2_v_v_v_v_v_v_v_v_v = bitconcatenate i9 @_ssdm_op_BitConcatenate.i9.i4.i5, i4 %select_ln187_1, i5 0" [flash_attention.cpp:187]   --->   Operation 52 'bitconcatenate' 'sext_ln188_mid2_v_v_v_v_v_v_v_v_v' <Predicate = true> <Delay = 0.00>
ST_3 : Operation 53 [1/1] (0.00ns)   --->   "%zext_ln187 = zext i9 %sext_ln188_mid2_v_v_v_v_v_v_v_v_v" [flash_attention.cpp:187]   --->   Operation 53 'zext' 'zext_ln187' <Predicate = true> <Delay = 0.00>
ST_3 : Operation 54 [1/1] (2.55ns)   --->   "%add_ln187_1 = add i32 %zext_ln187, i32 %shl_ln68_2_read" [flash_attention.cpp:187]   --->   Operation 54 'add' 'add_ln187_1' <Predicate = true> <Delay = 2.55> <CoreInst = "Adder">   --->   Core 1 'Adder' <Latency = 0> <II = 1> <Delay = 2.55> <FuncUnit> <Opcode : 'add' 'sub'> <InPorts = 2> <OutPorts = 1>
ST_3 : Operation 55 [1/1] (0.00ns)   --->   "%sext_ln188_mid2_v_v_v_v_v = bitconcatenate i34 @_ssdm_op_BitConcatenate.i34.i32.i2, i32 %add_ln187_1, i2 0" [flash_attention.cpp:187]   --->   Operation 55 'bitconcatenate' 'sext_ln188_mid2_v_v_v_v_v' <Predicate = true> <Delay = 0.00>
ST_3 : Operation 56 [1/1] (0.00ns)   --->   "%sext_ln187 = sext i34 %sext_ln188_mid2_v_v_v_v_v" [flash_attention.cpp:187]   --->   Operation 56 'sext' 'sext_ln187' <Predicate = true> <Delay = 0.00>
ST_3 : Operation 57 [1/1] (3.52ns)   --->   "%add_ln187_2 = add i64 %sext_ln187, i64 %O_read" [flash_attention.cpp:187]   --->   Operation 57 'add' 'add_ln187_2' <Predicate = true> <Delay = 3.52> <CoreInst = "Adder">   --->   Core 1 'Adder' <Latency = 0> <II = 1> <Delay = 3.52> <FuncUnit> <Opcode : 'add' 'sub'> <InPorts = 2> <OutPorts = 1>
ST_3 : Operation 58 [1/1] (0.00ns)   --->   "%sext_ln188_mid2_v = partselect i62 @_ssdm_op_PartSelect.i62.i64.i32.i32, i64 %add_ln187_2, i32 2, i32 63" [flash_attention.cpp:187]   --->   Operation 58 'partselect' 'sext_ln188_mid2_v' <Predicate = true> <Delay = 0.00>
ST_3 : Operation 59 [1/1] (0.00ns)   --->   "%zext_ln190 = zext i6 %add_ln190" [flash_attention.cpp:190]   --->   Operation 59 'zext' 'zext_ln190' <Predicate = true> <Delay = 0.00>
ST_3 : Operation 60 [1/1] (0.00ns)   --->   "%acc_addr = getelementptr i32 %acc, i64 0, i64 %zext_ln190" [flash_attention.cpp:190]   --->   Operation 60 'getelementptr' 'acc_addr' <Predicate = (trunc_ln188 == 0)> <Delay = 0.00>
ST_3 : Operation 61 [1/1] (0.00ns)   --->   "%acc_1_addr = getelementptr i32 %acc_1, i64 0, i64 %zext_ln190" [flash_attention.cpp:190]   --->   Operation 61 'getelementptr' 'acc_1_addr' <Predicate = (trunc_ln188 == 1)> <Delay = 0.00>
ST_3 : Operation 62 [1/1] (0.00ns)   --->   "%acc_2_addr = getelementptr i32 %acc_2, i64 0, i64 %zext_ln190" [flash_attention.cpp:190]   --->   Operation 62 'getelementptr' 'acc_2_addr' <Predicate = (trunc_ln188 == 2)> <Delay = 0.00>
ST_3 : Operation 63 [1/1] (0.00ns)   --->   "%acc_3_addr = getelementptr i32 %acc_3, i64 0, i64 %zext_ln190" [flash_attention.cpp:190]   --->   Operation 63 'getelementptr' 'acc_3_addr' <Predicate = (trunc_ln188 == 3)> <Delay = 0.00>
ST_3 : Operation 64 [2/2] (3.25ns)   --->   "%acc_load = load i6 %acc_addr" [flash_attention.cpp:190]   --->   Operation 64 'load' 'acc_load' <Predicate = (trunc_ln188 == 0)> <Delay = 3.25> <CoreInst = "RAM">   --->   Core 82 'RAM' <Latency = 1> <II = 1> <Delay = 3.25> <Storage> <Opcode : 'load' 'store'> <Ports = 2> <Width = 32> <Depth = 64> <RAM>
ST_3 : Operation 65 [2/2] (3.25ns)   --->   "%acc_1_load = load i6 %acc_1_addr" [flash_attention.cpp:190]   --->   Operation 65 'load' 'acc_1_load' <Predicate = (trunc_ln188 == 1)> <Delay = 3.25> <CoreInst = "RAM">   --->   Core 82 'RAM' <Latency = 1> <II = 1> <Delay = 3.25> <Storage> <Opcode : 'load' 'store'> <Ports = 2> <Width = 32> <Depth = 64> <RAM>
ST_3 : Operation 66 [2/2] (3.25ns)   --->   "%acc_2_load = load i6 %acc_2_addr" [flash_attention.cpp:190]   --->   Operation 66 'load' 'acc_2_load' <Predicate = (trunc_ln188 == 2)> <Delay = 3.25> <CoreInst = "RAM">   --->   Core 82 'RAM' <Latency = 1> <II = 1> <Delay = 3.25> <Storage> <Opcode : 'load' 'store'> <Ports = 2> <Width = 32> <Depth = 64> <RAM>
ST_3 : Operation 67 [2/2] (3.25ns)   --->   "%acc_3_load = load i6 %acc_3_addr" [flash_attention.cpp:190]   --->   Operation 67 'load' 'acc_3_load' <Predicate = (trunc_ln188 == 3)> <Delay = 3.25> <CoreInst = "RAM">   --->   Core 82 'RAM' <Latency = 1> <II = 1> <Delay = 3.25> <Storage> <Opcode : 'load' 'store'> <Ports = 2> <Width = 32> <Depth = 64> <RAM>
ST_3 : Operation 68 [1/1] (0.00ns)   --->   "%zext_ln188_1 = zext i31 %add_ln188" [flash_attention.cpp:188]   --->   Operation 68 'zext' 'zext_ln188_1' <Predicate = true> <Delay = 0.00>
ST_3 : Operation 69 [1/1] (2.55ns)   --->   "%icmp_ln188_1 = icmp_slt  i32 %zext_ln188_1, i32 %d_read" [flash_attention.cpp:188]   --->   Operation 69 'icmp' 'icmp_ln188_1' <Predicate = true> <Delay = 2.55> <CoreInst = "Cmp">   --->   Core 9 'Cmp' <Latency = 0> <II = 1> <Delay = 2.55> <FuncUnit> <Opcode : 'icmp'> <InPorts = 2> <OutPorts = 1>
ST_3 : Operation 70 [1/1] (0.00ns)   --->   "%br_ln188 = br i1 %icmp_ln188_1, void %last.iter.for.inc273.split, void %new.latch.for.inc273.split" [flash_attention.cpp:188]   --->   Operation 70 'br' 'br_ln188' <Predicate = true> <Delay = 0.00>

State 4 <SV = 3> <Delay = 7.30>
ST_4 : Operation 71 [1/1] (0.00ns)   --->   "%specloopname_ln0 = specloopname void @_ssdm_op_SpecLoopName, void @STORE_O_VITIS_LOOP_188_5_str"   --->   Operation 71 'specloopname' 'specloopname_ln0' <Predicate = true> <Delay = 0.00>
ST_4 : Operation 72 [1/1] (0.00ns)   --->   "%sext_ln187_1 = sext i62 %sext_ln188_mid2_v" [flash_attention.cpp:187]   --->   Operation 72 'sext' 'sext_ln187_1' <Predicate = true> <Delay = 0.00>
ST_4 : Operation 73 [1/1] (0.00ns)   --->   "%gmem3_addr = getelementptr i32 %gmem3, i64 %sext_ln187_1" [flash_attention.cpp:188]   --->   Operation 73 'getelementptr' 'gmem3_addr' <Predicate = (or_ln187)> <Delay = 0.00>
ST_4 : Operation 74 [1/1] (7.30ns)   --->   "%empty_38 = writereq i1 @_ssdm_op_WriteReq.m_axi.p1i32, i32 %gmem3_addr, i32 %zext_ln63_cast" [flash_attention.cpp:188]   --->   Operation 74 'writereq' 'empty_38' <Predicate = (or_ln187)> <Delay = 7.30> <CoreInst = "m_axi">   --->   Core 113 'm_axi' <Latency = 0> <II = 1> <Delay = 1.00> <Adapter> <Opcode : 'read' 'write' 'readreq' 'writereq' 'writeresp'>
ST_4 : Operation 75 [1/1] (0.00ns)   --->   "%br_ln188 = br void %for.inc273.split" [flash_attention.cpp:188]   --->   Operation 75 'br' 'br_ln188' <Predicate = (or_ln187)> <Delay = 0.00>
ST_4 : Operation 76 [1/2] (3.25ns)   --->   "%acc_load = load i6 %acc_addr" [flash_attention.cpp:190]   --->   Operation 76 'load' 'acc_load' <Predicate = (trunc_ln188 == 0)> <Delay = 3.25> <CoreInst = "RAM">   --->   Core 82 'RAM' <Latency = 1> <II = 1> <Delay = 3.25> <Storage> <Opcode : 'load' 'store'> <Ports = 2> <Width = 32> <Depth = 64> <RAM>
ST_4 : Operation 77 [1/2] (3.25ns)   --->   "%acc_1_load = load i6 %acc_1_addr" [flash_attention.cpp:190]   --->   Operation 77 'load' 'acc_1_load' <Predicate = (trunc_ln188 == 1)> <Delay = 3.25> <CoreInst = "RAM">   --->   Core 82 'RAM' <Latency = 1> <II = 1> <Delay = 3.25> <Storage> <Opcode : 'load' 'store'> <Ports = 2> <Width = 32> <Depth = 64> <RAM>
ST_4 : Operation 78 [1/2] (3.25ns)   --->   "%acc_2_load = load i6 %acc_2_addr" [flash_attention.cpp:190]   --->   Operation 78 'load' 'acc_2_load' <Predicate = (trunc_ln188 == 2)> <Delay = 3.25> <CoreInst = "RAM">   --->   Core 82 'RAM' <Latency = 1> <II = 1> <Delay = 3.25> <Storage> <Opcode : 'load' 'store'> <Ports = 2> <Width = 32> <Depth = 64> <RAM>
ST_4 : Operation 79 [1/2] (3.25ns)   --->   "%acc_3_load = load i6 %acc_3_addr" [flash_attention.cpp:190]   --->   Operation 79 'load' 'acc_3_load' <Predicate = (trunc_ln188 == 3)> <Delay = 3.25> <CoreInst = "RAM">   --->   Core 82 'RAM' <Latency = 1> <II = 1> <Delay = 3.25> <Storage> <Opcode : 'load' 'store'> <Ports = 2> <Width = 32> <Depth = 64> <RAM>
ST_4 : Operation 80 [1/1] (1.82ns)   --->   "%tmp_1 = sparsemux i32 @_ssdm_op_SparseMux.ap_auto.4float.float.i2, i2 0, i32 %acc_load, i2 1, i32 %acc_1_load, i2 2, i32 %acc_2_load, i2 3, i32 %acc_3_load, i32 <undef>, i2 %trunc_ln188" [flash_attention.cpp:190]   --->   Operation 80 'sparsemux' 'tmp_1' <Predicate = true> <Delay = 1.82> <CoreInst = "SparseMux">   --->   Core 135 'SparseMux' <Latency = 0> <II = 1> <Delay = 1.82> <FuncUnit> <Opcode : 'sparsemux'> <InPorts = 2> <OutPorts = 1>
ST_4 : Operation 81 [1/1] (0.00ns)   --->   "%gmem3_addr_1 = getelementptr i32 %gmem3, i64 %sext_ln187_1" [flash_attention.cpp:188]   --->   Operation 81 'getelementptr' 'gmem3_addr_1' <Predicate = true> <Delay = 0.00>

State 5 <SV = 4> <Delay = 7.30>
ST_5 : Operation 82 [1/1] (0.00ns)   --->   "%specpipeline_ln189 = specpipeline void @_ssdm_op_SpecPipeline, i32 1, i32 0, i32 0, i32 0, void @empty_22" [flash_attention.cpp:189]   --->   Operation 82 'specpipeline' 'specpipeline_ln189' <Predicate = true> <Delay = 0.00>
ST_5 : Operation 83 [1/1] (0.00ns)   --->   "%bitcast_ln190 = bitcast i32 %tmp_1" [flash_attention.cpp:190]   --->   Operation 83 'bitcast' 'bitcast_ln190' <Predicate = true> <Delay = 0.00>
ST_5 : Operation 84 [1/1] (7.30ns)   --->   "%write_ln190 = write void @_ssdm_op_Write.m_axi.p1i32, i32 %gmem3_addr_1, i32 %bitcast_ln190, i4 15" [flash_attention.cpp:190]   --->   Operation 84 'write' 'write_ln190' <Predicate = true> <Delay = 7.30> <CoreInst = "m_axi">   --->   Core 113 'm_axi' <Latency = 0> <II = 1> <Delay = 1.00> <Adapter> <Opcode : 'read' 'write' 'readreq' 'writereq' 'writeresp'>

State 6 <SV = 5> <Delay = 7.30>
ST_6 : Operation 85 [5/5] (7.30ns)   --->   "%empty = writeresp i1 @_ssdm_op_WriteResp.m_axi.p1i32, i32 %gmem3_addr_1" [flash_attention.cpp:187]   --->   Operation 85 'writeresp' 'empty' <Predicate = (!icmp_ln188_1)> <Delay = 7.30> <CoreInst = "m_axi">   --->   Core 113 'm_axi' <Latency = 0> <II = 1> <Delay = 1.00> <Adapter> <Opcode : 'read' 'write' 'readreq' 'writereq' 'writeresp'>

State 7 <SV = 6> <Delay = 7.30>
ST_7 : Operation 86 [4/5] (7.30ns)   --->   "%empty = writeresp i1 @_ssdm_op_WriteResp.m_axi.p1i32, i32 %gmem3_addr_1" [flash_attention.cpp:187]   --->   Operation 86 'writeresp' 'empty' <Predicate = (!icmp_ln188_1)> <Delay = 7.30> <CoreInst = "m_axi">   --->   Core 113 'm_axi' <Latency = 0> <II = 1> <Delay = 1.00> <Adapter> <Opcode : 'read' 'write' 'readreq' 'writereq' 'writeresp'>

State 8 <SV = 7> <Delay = 7.30>
ST_8 : Operation 87 [3/5] (7.30ns)   --->   "%empty = writeresp i1 @_ssdm_op_WriteResp.m_axi.p1i32, i32 %gmem3_addr_1" [flash_attention.cpp:187]   --->   Operation 87 'writeresp' 'empty' <Predicate = (!icmp_ln188_1)> <Delay = 7.30> <CoreInst = "m_axi">   --->   Core 113 'm_axi' <Latency = 0> <II = 1> <Delay = 1.00> <Adapter> <Opcode : 'read' 'write' 'readreq' 'writereq' 'writeresp'>

State 9 <SV = 8> <Delay = 7.30>
ST_9 : Operation 88 [2/5] (7.30ns)   --->   "%empty = writeresp i1 @_ssdm_op_WriteResp.m_axi.p1i32, i32 %gmem3_addr_1" [flash_attention.cpp:187]   --->   Operation 88 'writeresp' 'empty' <Predicate = (!icmp_ln188_1)> <Delay = 7.30> <CoreInst = "m_axi">   --->   Core 113 'm_axi' <Latency = 0> <II = 1> <Delay = 1.00> <Adapter> <Opcode : 'read' 'write' 'readreq' 'writereq' 'writeresp'>
ST_9 : Operation 91 [1/1] (0.00ns)   --->   "%ret_ln0 = ret"   --->   Operation 91 'ret' 'ret_ln0' <Predicate = (icmp_ln187)> <Delay = 0.00>

State 10 <SV = 9> <Delay = 7.30>
ST_10 : Operation 89 [1/5] (7.30ns)   --->   "%empty = writeresp i1 @_ssdm_op_WriteResp.m_axi.p1i32, i32 %gmem3_addr_1" [flash_attention.cpp:187]   --->   Operation 89 'writeresp' 'empty' <Predicate = (!icmp_ln188_1)> <Delay = 7.30> <CoreInst = "m_axi">   --->   Core 113 'm_axi' <Latency = 0> <II = 1> <Delay = 1.00> <Adapter> <Opcode : 'read' 'write' 'readreq' 'writereq' 'writeresp'>
ST_10 : Operation 90 [1/1] (0.00ns)   --->   "%br_ln188 = br void %new.latch.for.inc273.split" [flash_attention.cpp:188]   --->   Operation 90 'br' 'br_ln188' <Predicate = (!icmp_ln188_1)> <Delay = 0.00>


============================================================
+ Verbose Summary: Timing violations
============================================================
Target clock period: 10.000ns, clock uncertainty: 2.700ns.

 <State 1>: 1.588ns
The critical path consists of the following:
	'alloca' operation 64 bit ('indvar_flatten44') [13]  (0.000 ns)
	'store' operation 0 bit ('store_ln0') of constant 0 on local variable 'indvar_flatten44' [21]  (1.588 ns)

 <State 2>: 7.396ns
The critical path consists of the following:
	'load' operation 31 bit ('x', flash_attention.cpp:188) on local variable 'x', flash_attention.cpp:188 [27]  (0.000 ns)
	'icmp' operation 1 bit ('icmp_ln188', flash_attention.cpp:188) [31]  (2.552 ns)
	'select' operation 31 bit ('select_ln187', flash_attention.cpp:187) [41]  (0.733 ns)
	'add' operation 31 bit ('add_ln188', flash_attention.cpp:188) [76]  (2.522 ns)
	'store' operation 0 bit ('store_ln188', flash_attention.cpp:188) of variable 'add_ln188', flash_attention.cpp:188 on local variable 'x', flash_attention.cpp:188 [86]  (1.588 ns)

 <State 3>: 6.072ns
The critical path consists of the following:
	'add' operation 32 bit ('add_ln187_1', flash_attention.cpp:187) [46]  (2.552 ns)
	'add' operation 64 bit ('add_ln187_2', flash_attention.cpp:187) [49]  (3.520 ns)

 <State 4>: 7.300ns
The critical path consists of the following:
	'getelementptr' operation 32 bit ('gmem3_addr', flash_attention.cpp:188) [54]  (0.000 ns)
	bus request operation ('empty_38', flash_attention.cpp:188) on port 'gmem3' (flash_attention.cpp:188) [55]  (7.300 ns)

 <State 5>: 7.300ns
The critical path consists of the following:
	bus write operation ('write_ln190', flash_attention.cpp:190) on port 'gmem3' (flash_attention.cpp:190) [75]  (7.300 ns)

 <State 6>: 7.300ns
The critical path consists of the following:
	bus response operation ('empty', flash_attention.cpp:187) on port 'gmem3' (flash_attention.cpp:187) [81]  (7.300 ns)

 <State 7>: 7.300ns
The critical path consists of the following:
	bus response operation ('empty', flash_attention.cpp:187) on port 'gmem3' (flash_attention.cpp:187) [81]  (7.300 ns)

 <State 8>: 7.300ns
The critical path consists of the following:
	bus response operation ('empty', flash_attention.cpp:187) on port 'gmem3' (flash_attention.cpp:187) [81]  (7.300 ns)

 <State 9>: 7.300ns
The critical path consists of the following:
	bus response operation ('empty', flash_attention.cpp:187) on port 'gmem3' (flash_attention.cpp:187) [81]  (7.300 ns)

 <State 10>: 7.300ns
The critical path consists of the following:
	bus response operation ('empty', flash_attention.cpp:187) on port 'gmem3' (flash_attention.cpp:187) [81]  (7.300 ns)


============================================================
+ Verbose Summary: Binding
============================================================
N/A
* FSMD analyzer results:
  - Output states:
 - Input state : 
  - Chain level:
	State 1
	State 2
	State 3
	State 4
	State 5
	State 6
	State 7
	State 8
	State 9
	State 10


============================================================
+ Verbose Summary: Datapath Resource usage 
============================================================
N/A
