

================================================================
== Vitis HLS Report for 'flash_attention_hls_Pipeline_UPDATE_ACC'
================================================================
* Date:           Fri May  8 14:39:22 2026

* Version:        2023.2 (Build 4023990 on Oct 11 2023)
* Project:        flash_attention_proj
* Solution:       solution1 (Vivado IP Flow Target)
* Product family: zynq
* Target device:  xc7z020-clg400-1


================================================================
== Performance Estimates
================================================================
+ Timing: 
    * Summary: 
    +--------+----------+----------+------------+
    |  Clock |  Target  | Estimated| Uncertainty|
    +--------+----------+----------+------------+
    |ap_clk  |  10.00 ns|  7.256 ns|     2.70 ns|
    +--------+----------+----------+------------+

+ Latency: 
    * Summary: 
    +---------+---------+----------+----------+-----+-----+---------+
    |  Latency (cycles) |  Latency (absolute) |  Interval | Pipeline|
    |   min   |   max   |    min   |    max   | min | max |   Type  |
    +---------+---------+----------+----------+-----+-----+---------+
    |       36|       36|  0.360 us|  0.360 us|   36|   36|       no|
    +---------+---------+----------+----------+-----+-----+---------+

    + Detail: 
        * Instance: 
        N/A

        * Loop: 
        +--------------+---------+---------+----------+-----------+-----------+------+----------+
        |              |  Latency (cycles) | Iteration|  Initiation Interval  | Trip |          |
        |   Loop Name  |   min   |   max   |  Latency |  achieved |   target  | Count| Pipelined|
        +--------------+---------+---------+----------+-----------+-----------+------+----------+
        |- UPDATE_ACC  |       34|       34|        28|          1|          1|     8|       yes|
        +--------------+---------+---------+----------+-----------+-----------+------+----------+

============================================================
+ Verbose Summary: Synthesis Manager
============================================================
InlineROM: 1
ExposeGlobal: 0
============================================================
+ Verbose Summary: CDFG Model
============================================================
IsTopModel: 0
ResetActiveHigh: 1
IsCombinational: 0
IsDatapathOnly: 0
HasWiredReturn: 1
HasMFsm: 2
HasVarLatency: 1
IsPipeline: 0
IsRtlPipelined: 0
IsInstanceOverlapped: 0
IsDontTouch: 0
HasImplIP: 0
IsGatedGlobalClock: 0

+ Individual pipeline summary: 
  * Pipeline-0: initiation interval (II) = 1, depth = 28


============================================================
+ Verbose Summary: Schedule
============================================================
* Number of FSM states : 28
* Pipeline : 1
  Pipeline-0 : II = 1, D = 28, States = { 1 2 3 4 5 6 7 8 9 10 11 12 13 14 15 16 17 18 19 20 21 22 23 24 25 26 27 28 }
* Dataflow Pipeline: 0

* FSM state transitions: 
1 --> 2 
2 --> 3 
3 --> 4 
4 --> 5 
5 --> 6 
6 --> 7 
7 --> 8 
8 --> 9 
9 --> 10 
10 --> 11 
11 --> 12 
12 --> 13 
13 --> 14 
14 --> 15 
15 --> 16 
16 --> 17 
17 --> 18 
18 --> 19 
19 --> 20 
20 --> 21 
21 --> 22 
22 --> 23 
23 --> 24 
24 --> 25 
25 --> 26 
26 --> 27 
27 --> 28 
28 --> 

* FSM state operations: 

State 1 <SV = 0> <Delay = 5.11>
ST_1 : Operation 31 [1/1] (0.00ns)   --->   "%x = alloca i32 1" [flash_attention.cpp:172]   --->   Operation 31 'alloca' 'x' <Predicate = true> <Delay = 0.00>
ST_1 : Operation 32 [1/1] (0.00ns)   --->   "%l_new_read = read i32 @_ssdm_op_Read.ap_auto.float, i32 %l_new"   --->   Operation 32 'read' 'l_new_read' <Predicate = true> <Delay = 0.00>
ST_1 : Operation 33 [1/1] (0.00ns)   --->   "%mul1_read = read i32 @_ssdm_op_Read.ap_auto.float, i32 %mul1"   --->   Operation 33 'read' 'mul1_read' <Predicate = true> <Delay = 0.00>
ST_1 : Operation 34 [1/1] (0.00ns)   --->   "%i_4_read = read i3 @_ssdm_op_Read.ap_auto.i3, i3 %i_4"   --->   Operation 34 'read' 'i_4_read' <Predicate = true> <Delay = 0.00>
ST_1 : Operation 35 [1/1] (0.00ns)   --->   "%d_read = read i32 @_ssdm_op_Read.ap_auto.i32, i32 %d"   --->   Operation 35 'read' 'd_read' <Predicate = true> <Delay = 0.00>
ST_1 : Operation 36 [1/1] (1.58ns)   --->   "%store_ln172 = store i6 0, i6 %x" [flash_attention.cpp:172]   --->   Operation 36 'store' 'store_ln172' <Predicate = true> <Delay = 1.58>
ST_1 : Operation 37 [1/1] (0.00ns)   --->   "%br_ln0 = br void %for.body221"   --->   Operation 37 'br' 'br_ln0' <Predicate = true> <Delay = 0.00>
ST_1 : Operation 38 [1/1] (0.00ns)   --->   "%x_3 = load i6 %x" [flash_attention.cpp:172]   --->   Operation 38 'load' 'x_3' <Predicate = true> <Delay = 0.00>
ST_1 : Operation 39 [1/1] (0.00ns)   --->   "%tmp = bitselect i1 @_ssdm_op_BitSelect.i1.i6.i32, i6 %x_3, i32 5" [flash_attention.cpp:172]   --->   Operation 39 'bitselect' 'tmp' <Predicate = true> <Delay = 0.00>
ST_1 : Operation 40 [1/1] (0.00ns)   --->   "%br_ln172 = br i1 %tmp, void %for.body221.split, void %for.inc248.exitStub" [flash_attention.cpp:172]   --->   Operation 40 'br' 'br_ln172' <Predicate = true> <Delay = 0.00>
ST_1 : Operation 41 [1/1] (0.00ns)   --->   "%trunc_ln172 = trunc i6 %x_3" [flash_attention.cpp:172]   --->   Operation 41 'trunc' 'trunc_ln172' <Predicate = (!tmp)> <Delay = 0.00>
ST_1 : Operation 42 [1/1] (0.00ns)   --->   "%zext_ln172 = zext i6 %x_3" [flash_attention.cpp:172]   --->   Operation 42 'zext' 'zext_ln172' <Predicate = (!tmp)> <Delay = 0.00>
ST_1 : Operation 43 [1/1] (0.00ns)   --->   "%or_ln172 = or i5 %trunc_ln172, i5 1" [flash_attention.cpp:172]   --->   Operation 43 'or' 'or_ln172' <Predicate = (!tmp)> <Delay = 0.00>
ST_1 : Operation 44 [1/1] (0.00ns)   --->   "%zext_ln172_1 = zext i5 %or_ln172" [flash_attention.cpp:172]   --->   Operation 44 'zext' 'zext_ln172_1' <Predicate = (!tmp)> <Delay = 0.00>
ST_1 : Operation 45 [1/1] (0.00ns)   --->   "%lshr_ln5 = partselect i3 @_ssdm_op_PartSelect.i3.i6.i32.i32, i6 %x_3, i32 2, i32 4" [flash_attention.cpp:172]   --->   Operation 45 'partselect' 'lshr_ln5' <Predicate = (!tmp)> <Delay = 0.00>
ST_1 : Operation 46 [1/1] (0.00ns)   --->   "%tmp_s = bitconcatenate i6 @_ssdm_op_BitConcatenate.i6.i3.i3, i3 %i_4_read, i3 %lshr_ln5" [flash_attention.cpp:176]   --->   Operation 46 'bitconcatenate' 'tmp_s' <Predicate = (!tmp)> <Delay = 0.00>
ST_1 : Operation 47 [1/1] (0.00ns)   --->   "%zext_ln176 = zext i6 %tmp_s" [flash_attention.cpp:176]   --->   Operation 47 'zext' 'zext_ln176' <Predicate = (!tmp)> <Delay = 0.00>
ST_1 : Operation 48 [1/1] (0.00ns)   --->   "%acc_addr = getelementptr i32 %acc, i64 0, i64 %zext_ln176" [flash_attention.cpp:176]   --->   Operation 48 'getelementptr' 'acc_addr' <Predicate = (!tmp)> <Delay = 0.00>
ST_1 : Operation 49 [1/1] (0.00ns)   --->   "%acc_1_addr = getelementptr i32 %acc_1, i64 0, i64 %zext_ln176" [flash_attention.cpp:176]   --->   Operation 49 'getelementptr' 'acc_1_addr' <Predicate = (!tmp)> <Delay = 0.00>
ST_1 : Operation 50 [1/1] (0.00ns)   --->   "%acc_2_addr = getelementptr i32 %acc_2, i64 0, i64 %zext_ln176" [flash_attention.cpp:176]   --->   Operation 50 'getelementptr' 'acc_2_addr' <Predicate = (!tmp)> <Delay = 0.00>
ST_1 : Operation 51 [1/1] (0.00ns)   --->   "%acc_3_addr = getelementptr i32 %acc_3, i64 0, i64 %zext_ln176" [flash_attention.cpp:176]   --->   Operation 51 'getelementptr' 'acc_3_addr' <Predicate = (!tmp)> <Delay = 0.00>
ST_1 : Operation 52 [1/1] (2.55ns)   --->   "%icmp_ln174 = icmp_slt  i32 %zext_ln172, i32 %d_read" [flash_attention.cpp:174]   --->   Operation 52 'icmp' 'icmp_ln174' <Predicate = (!tmp)> <Delay = 2.55> <CoreInst = "Cmp">   --->   Core 9 'Cmp' <Latency = 0> <II = 1> <Delay = 2.55> <FuncUnit> <Opcode : 'icmp'> <InPorts = 2> <OutPorts = 1>
ST_1 : Operation 53 [1/1] (0.00ns)   --->   "%br_ln174 = br i1 %icmp_ln174, void %for.inc241, void %if.then223" [flash_attention.cpp:174]   --->   Operation 53 'br' 'br_ln174' <Predicate = (!tmp)> <Delay = 0.00>
ST_1 : Operation 54 [2/2] (3.25ns)   --->   "%acc_load = load i6 %acc_addr" [flash_attention.cpp:176]   --->   Operation 54 'load' 'acc_load' <Predicate = (!tmp & icmp_ln174)> <Delay = 3.25> <CoreInst = "RAM">   --->   Core 82 'RAM' <Latency = 1> <II = 1> <Delay = 3.25> <Storage> <Opcode : 'load' 'store'> <Ports = 2> <Width = 32> <Depth = 64> <RAM>
ST_1 : Operation 55 [1/1] (2.55ns)   --->   "%icmp_ln174_1 = icmp_slt  i32 %zext_ln172_1, i32 %d_read" [flash_attention.cpp:174]   --->   Operation 55 'icmp' 'icmp_ln174_1' <Predicate = (!tmp)> <Delay = 2.55> <CoreInst = "Cmp">   --->   Core 9 'Cmp' <Latency = 0> <II = 1> <Delay = 2.55> <FuncUnit> <Opcode : 'icmp'> <InPorts = 2> <OutPorts = 1>
ST_1 : Operation 56 [1/1] (0.00ns)   --->   "%br_ln174 = br i1 %icmp_ln174_1, void %for.inc241.1, void %if.then223.1" [flash_attention.cpp:174]   --->   Operation 56 'br' 'br_ln174' <Predicate = (!tmp)> <Delay = 0.00>
ST_1 : Operation 57 [2/2] (3.25ns)   --->   "%acc_1_load = load i6 %acc_1_addr" [flash_attention.cpp:176]   --->   Operation 57 'load' 'acc_1_load' <Predicate = (!tmp & icmp_ln174_1)> <Delay = 3.25> <CoreInst = "RAM">   --->   Core 82 'RAM' <Latency = 1> <II = 1> <Delay = 3.25> <Storage> <Opcode : 'load' 'store'> <Ports = 2> <Width = 32> <Depth = 64> <RAM>
ST_1 : Operation 58 [1/1] (0.00ns) (grouped into LUT with out node icmp_ln174_2)   --->   "%or_ln172_1 = or i5 %trunc_ln172, i5 2" [flash_attention.cpp:172]   --->   Operation 58 'or' 'or_ln172_1' <Predicate = (!tmp)> <Delay = 0.00>
ST_1 : Operation 59 [1/1] (0.00ns) (grouped into LUT with out node icmp_ln174_2)   --->   "%zext_ln174 = zext i5 %or_ln172_1" [flash_attention.cpp:174]   --->   Operation 59 'zext' 'zext_ln174' <Predicate = (!tmp)> <Delay = 0.00>
ST_1 : Operation 60 [1/1] (2.55ns) (out node of the LUT)   --->   "%icmp_ln174_2 = icmp_slt  i32 %zext_ln174, i32 %d_read" [flash_attention.cpp:174]   --->   Operation 60 'icmp' 'icmp_ln174_2' <Predicate = (!tmp)> <Delay = 2.55> <CoreInst = "Cmp">   --->   Core 9 'Cmp' <Latency = 0> <II = 1> <Delay = 2.55> <FuncUnit> <Opcode : 'icmp'> <InPorts = 2> <OutPorts = 1>
ST_1 : Operation 61 [1/1] (0.00ns)   --->   "%br_ln174 = br i1 %icmp_ln174_2, void %for.inc241.2, void %if.then223.2" [flash_attention.cpp:174]   --->   Operation 61 'br' 'br_ln174' <Predicate = (!tmp)> <Delay = 0.00>
ST_1 : Operation 62 [2/2] (3.25ns)   --->   "%acc_2_load = load i6 %acc_2_addr" [flash_attention.cpp:176]   --->   Operation 62 'load' 'acc_2_load' <Predicate = (!tmp & icmp_ln174_2)> <Delay = 3.25> <CoreInst = "RAM">   --->   Core 82 'RAM' <Latency = 1> <II = 1> <Delay = 3.25> <Storage> <Opcode : 'load' 'store'> <Ports = 2> <Width = 32> <Depth = 64> <RAM>
ST_1 : Operation 63 [1/1] (0.00ns) (grouped into LUT with out node icmp_ln174_3)   --->   "%or_ln172_2 = or i5 %trunc_ln172, i5 3" [flash_attention.cpp:172]   --->   Operation 63 'or' 'or_ln172_2' <Predicate = (!tmp)> <Delay = 0.00>
ST_1 : Operation 64 [1/1] (0.00ns) (grouped into LUT with out node icmp_ln174_3)   --->   "%zext_ln174_1 = zext i5 %or_ln172_2" [flash_attention.cpp:174]   --->   Operation 64 'zext' 'zext_ln174_1' <Predicate = (!tmp)> <Delay = 0.00>
ST_1 : Operation 65 [1/1] (2.55ns) (out node of the LUT)   --->   "%icmp_ln174_3 = icmp_slt  i32 %zext_ln174_1, i32 %d_read" [flash_attention.cpp:174]   --->   Operation 65 'icmp' 'icmp_ln174_3' <Predicate = (!tmp)> <Delay = 2.55> <CoreInst = "Cmp">   --->   Core 9 'Cmp' <Latency = 0> <II = 1> <Delay = 2.55> <FuncUnit> <Opcode : 'icmp'> <InPorts = 2> <OutPorts = 1>
ST_1 : Operation 66 [1/1] (0.00ns)   --->   "%br_ln174 = br i1 %icmp_ln174_3, void %for.inc241.3, void %if.then223.3" [flash_attention.cpp:174]   --->   Operation 66 'br' 'br_ln174' <Predicate = (!tmp)> <Delay = 0.00>
ST_1 : Operation 67 [2/2] (3.25ns)   --->   "%acc_3_load = load i6 %acc_3_addr" [flash_attention.cpp:176]   --->   Operation 67 'load' 'acc_3_load' <Predicate = (!tmp & icmp_ln174_3)> <Delay = 3.25> <CoreInst = "RAM">   --->   Core 82 'RAM' <Latency = 1> <II = 1> <Delay = 3.25> <Storage> <Opcode : 'load' 'store'> <Ports = 2> <Width = 32> <Depth = 64> <RAM>
ST_1 : Operation 68 [1/1] (1.82ns)   --->   "%add_ln172 = add i6 %x_3, i6 4" [flash_attention.cpp:172]   --->   Operation 68 'add' 'add_ln172' <Predicate = (!tmp)> <Delay = 1.82> <CoreInst = "Adder">   --->   Core 1 'Adder' <Latency = 0> <II = 1> <Delay = 1.82> <FuncUnit> <Opcode : 'add' 'sub'> <InPorts = 2> <OutPorts = 1>
ST_1 : Operation 69 [1/1] (1.58ns)   --->   "%store_ln172 = store i6 %add_ln172, i6 %x" [flash_attention.cpp:172]   --->   Operation 69 'store' 'store_ln172' <Predicate = (!tmp)> <Delay = 1.58>
ST_1 : Operation 70 [1/1] (0.00ns)   --->   "%br_ln172 = br void %for.body221" [flash_attention.cpp:172]   --->   Operation 70 'br' 'br_ln172' <Predicate = (!tmp)> <Delay = 0.00>

State 2 <SV = 1> <Delay = 3.25>
ST_2 : Operation 71 [1/2] (3.25ns)   --->   "%acc_load = load i6 %acc_addr" [flash_attention.cpp:176]   --->   Operation 71 'load' 'acc_load' <Predicate = (icmp_ln174)> <Delay = 3.25> <CoreInst = "RAM">   --->   Core 82 'RAM' <Latency = 1> <II = 1> <Delay = 3.25> <Storage> <Opcode : 'load' 'store'> <Ports = 2> <Width = 32> <Depth = 64> <RAM>
ST_2 : Operation 72 [1/2] (3.25ns)   --->   "%acc_1_load = load i6 %acc_1_addr" [flash_attention.cpp:176]   --->   Operation 72 'load' 'acc_1_load' <Predicate = (icmp_ln174_1)> <Delay = 3.25> <CoreInst = "RAM">   --->   Core 82 'RAM' <Latency = 1> <II = 1> <Delay = 3.25> <Storage> <Opcode : 'load' 'store'> <Ports = 2> <Width = 32> <Depth = 64> <RAM>
ST_2 : Operation 73 [1/2] (3.25ns)   --->   "%acc_2_load = load i6 %acc_2_addr" [flash_attention.cpp:176]   --->   Operation 73 'load' 'acc_2_load' <Predicate = (icmp_ln174_2)> <Delay = 3.25> <CoreInst = "RAM">   --->   Core 82 'RAM' <Latency = 1> <II = 1> <Delay = 3.25> <Storage> <Opcode : 'load' 'store'> <Ports = 2> <Width = 32> <Depth = 64> <RAM>
ST_2 : Operation 74 [1/2] (3.25ns)   --->   "%acc_3_load = load i6 %acc_3_addr" [flash_attention.cpp:176]   --->   Operation 74 'load' 'acc_3_load' <Predicate = (icmp_ln174_3)> <Delay = 3.25> <CoreInst = "RAM">   --->   Core 82 'RAM' <Latency = 1> <II = 1> <Delay = 3.25> <Storage> <Opcode : 'load' 'store'> <Ports = 2> <Width = 32> <Depth = 64> <RAM>

State 3 <SV = 2> <Delay = 5.70>
ST_3 : Operation 75 [4/4] (5.70ns)   --->   "%mul3 = fmul i32 %mul1_read, i32 %acc_load" [flash_attention.cpp:176]   --->   Operation 75 'fmul' 'mul3' <Predicate = (icmp_ln174)> <Delay = 5.70> <CoreInst = "FMul_maxdsp">   --->   Core 30 'FMul_maxdsp' <Latency = 3> <II = 1> <Delay = 5.70> <FuncUnit> <Opcode : 'fmul'> <InPorts = 2> <OutPorts = 1>
ST_3 : Operation 76 [4/4] (5.70ns)   --->   "%mul231_1 = fmul i32 %mul1_read, i32 %acc_1_load" [flash_attention.cpp:176]   --->   Operation 76 'fmul' 'mul231_1' <Predicate = (icmp_ln174_1)> <Delay = 5.70> <CoreInst = "FMul_maxdsp">   --->   Core 30 'FMul_maxdsp' <Latency = 3> <II = 1> <Delay = 5.70> <FuncUnit> <Opcode : 'fmul'> <InPorts = 2> <OutPorts = 1>
ST_3 : Operation 77 [4/4] (5.70ns)   --->   "%mul231_2 = fmul i32 %mul1_read, i32 %acc_2_load" [flash_attention.cpp:176]   --->   Operation 77 'fmul' 'mul231_2' <Predicate = (icmp_ln174_2)> <Delay = 5.70> <CoreInst = "FMul_maxdsp">   --->   Core 30 'FMul_maxdsp' <Latency = 3> <II = 1> <Delay = 5.70> <FuncUnit> <Opcode : 'fmul'> <InPorts = 2> <OutPorts = 1>
ST_3 : Operation 78 [4/4] (5.70ns)   --->   "%mul231_3 = fmul i32 %mul1_read, i32 %acc_3_load" [flash_attention.cpp:176]   --->   Operation 78 'fmul' 'mul231_3' <Predicate = (icmp_ln174_3)> <Delay = 5.70> <CoreInst = "FMul_maxdsp">   --->   Core 30 'FMul_maxdsp' <Latency = 3> <II = 1> <Delay = 5.70> <FuncUnit> <Opcode : 'fmul'> <InPorts = 2> <OutPorts = 1>

State 4 <SV = 3> <Delay = 5.70>
ST_4 : Operation 79 [3/4] (5.70ns)   --->   "%mul3 = fmul i32 %mul1_read, i32 %acc_load" [flash_attention.cpp:176]   --->   Operation 79 'fmul' 'mul3' <Predicate = (icmp_ln174)> <Delay = 5.70> <CoreInst = "FMul_maxdsp">   --->   Core 30 'FMul_maxdsp' <Latency = 3> <II = 1> <Delay = 5.70> <FuncUnit> <Opcode : 'fmul'> <InPorts = 2> <OutPorts = 1>
ST_4 : Operation 80 [3/4] (5.70ns)   --->   "%mul231_1 = fmul i32 %mul1_read, i32 %acc_1_load" [flash_attention.cpp:176]   --->   Operation 80 'fmul' 'mul231_1' <Predicate = (icmp_ln174_1)> <Delay = 5.70> <CoreInst = "FMul_maxdsp">   --->   Core 30 'FMul_maxdsp' <Latency = 3> <II = 1> <Delay = 5.70> <FuncUnit> <Opcode : 'fmul'> <InPorts = 2> <OutPorts = 1>
ST_4 : Operation 81 [3/4] (5.70ns)   --->   "%mul231_2 = fmul i32 %mul1_read, i32 %acc_2_load" [flash_attention.cpp:176]   --->   Operation 81 'fmul' 'mul231_2' <Predicate = (icmp_ln174_2)> <Delay = 5.70> <CoreInst = "FMul_maxdsp">   --->   Core 30 'FMul_maxdsp' <Latency = 3> <II = 1> <Delay = 5.70> <FuncUnit> <Opcode : 'fmul'> <InPorts = 2> <OutPorts = 1>
ST_4 : Operation 82 [3/4] (5.70ns)   --->   "%mul231_3 = fmul i32 %mul1_read, i32 %acc_3_load" [flash_attention.cpp:176]   --->   Operation 82 'fmul' 'mul231_3' <Predicate = (icmp_ln174_3)> <Delay = 5.70> <CoreInst = "FMul_maxdsp">   --->   Core 30 'FMul_maxdsp' <Latency = 3> <II = 1> <Delay = 5.70> <FuncUnit> <Opcode : 'fmul'> <InPorts = 2> <OutPorts = 1>

State 5 <SV = 4> <Delay = 5.70>
ST_5 : Operation 83 [1/1] (0.00ns)   --->   "%specpipeline_ln172 = specpipeline void @_ssdm_op_SpecPipeline, i32 4294967295, i32 0, i32 0, i32 0, void @empty_22" [flash_attention.cpp:172]   --->   Operation 83 'specpipeline' 'specpipeline_ln172' <Predicate = true> <Delay = 0.00>
ST_5 : Operation 84 [1/1] (0.00ns)   --->   "%speclooptripcount_ln172 = speclooptripcount void @_ssdm_op_SpecLoopTripCount, i64 8, i64 8, i64 8" [flash_attention.cpp:172]   --->   Operation 84 'speclooptripcount' 'speclooptripcount_ln172' <Predicate = true> <Delay = 0.00>
ST_5 : Operation 85 [1/1] (0.00ns)   --->   "%specloopname_ln172 = specloopname void @_ssdm_op_SpecLoopName, void @empty_19" [flash_attention.cpp:172]   --->   Operation 85 'specloopname' 'specloopname_ln172' <Predicate = true> <Delay = 0.00>
ST_5 : Operation 86 [1/1] (0.00ns)   --->   "%zext_ln172_2 = zext i3 %lshr_ln5" [flash_attention.cpp:172]   --->   Operation 86 'zext' 'zext_ln172_2' <Predicate = true> <Delay = 0.00>
ST_5 : Operation 87 [2/4] (5.70ns)   --->   "%mul3 = fmul i32 %mul1_read, i32 %acc_load" [flash_attention.cpp:176]   --->   Operation 87 'fmul' 'mul3' <Predicate = (icmp_ln174)> <Delay = 5.70> <CoreInst = "FMul_maxdsp">   --->   Core 30 'FMul_maxdsp' <Latency = 3> <II = 1> <Delay = 5.70> <FuncUnit> <Opcode : 'fmul'> <InPorts = 2> <OutPorts = 1>
ST_5 : Operation 88 [1/1] (0.00ns)   --->   "%weighted_addr = getelementptr i32 %weighted, i64 0, i64 %zext_ln172_2" [flash_attention.cpp:176]   --->   Operation 88 'getelementptr' 'weighted_addr' <Predicate = (icmp_ln174)> <Delay = 0.00>
ST_5 : Operation 89 [2/2] (2.32ns)   --->   "%weighted_load = load i3 %weighted_addr" [flash_attention.cpp:176]   --->   Operation 89 'load' 'weighted_load' <Predicate = (icmp_ln174)> <Delay = 2.32> <CoreInst = "RAM">   --->   Core 82 'RAM' <Latency = 1> <II = 1> <Delay = 2.32> <Storage> <Opcode : 'load' 'store'> <Ports = 2> <Width = 32> <Depth = 8> <RAM>
ST_5 : Operation 90 [2/4] (5.70ns)   --->   "%mul231_1 = fmul i32 %mul1_read, i32 %acc_1_load" [flash_attention.cpp:176]   --->   Operation 90 'fmul' 'mul231_1' <Predicate = (icmp_ln174_1)> <Delay = 5.70> <CoreInst = "FMul_maxdsp">   --->   Core 30 'FMul_maxdsp' <Latency = 3> <II = 1> <Delay = 5.70> <FuncUnit> <Opcode : 'fmul'> <InPorts = 2> <OutPorts = 1>
ST_5 : Operation 91 [1/1] (0.00ns)   --->   "%weighted_1_addr = getelementptr i32 %weighted_1, i64 0, i64 %zext_ln172_2" [flash_attention.cpp:176]   --->   Operation 91 'getelementptr' 'weighted_1_addr' <Predicate = (icmp_ln174_1)> <Delay = 0.00>
ST_5 : Operation 92 [2/2] (2.32ns)   --->   "%weighted_1_load = load i3 %weighted_1_addr" [flash_attention.cpp:176]   --->   Operation 92 'load' 'weighted_1_load' <Predicate = (icmp_ln174_1)> <Delay = 2.32> <CoreInst = "RAM">   --->   Core 82 'RAM' <Latency = 1> <II = 1> <Delay = 2.32> <Storage> <Opcode : 'load' 'store'> <Ports = 2> <Width = 32> <Depth = 8> <RAM>
ST_5 : Operation 93 [2/4] (5.70ns)   --->   "%mul231_2 = fmul i32 %mul1_read, i32 %acc_2_load" [flash_attention.cpp:176]   --->   Operation 93 'fmul' 'mul231_2' <Predicate = (icmp_ln174_2)> <Delay = 5.70> <CoreInst = "FMul_maxdsp">   --->   Core 30 'FMul_maxdsp' <Latency = 3> <II = 1> <Delay = 5.70> <FuncUnit> <Opcode : 'fmul'> <InPorts = 2> <OutPorts = 1>
ST_5 : Operation 94 [1/1] (0.00ns)   --->   "%weighted_2_addr = getelementptr i32 %weighted_2, i64 0, i64 %zext_ln172_2" [flash_attention.cpp:176]   --->   Operation 94 'getelementptr' 'weighted_2_addr' <Predicate = (icmp_ln174_2)> <Delay = 0.00>
ST_5 : Operation 95 [2/2] (2.32ns)   --->   "%weighted_2_load = load i3 %weighted_2_addr" [flash_attention.cpp:176]   --->   Operation 95 'load' 'weighted_2_load' <Predicate = (icmp_ln174_2)> <Delay = 2.32> <CoreInst = "RAM">   --->   Core 82 'RAM' <Latency = 1> <II = 1> <Delay = 2.32> <Storage> <Opcode : 'load' 'store'> <Ports = 2> <Width = 32> <Depth = 8> <RAM>
ST_5 : Operation 96 [2/4] (5.70ns)   --->   "%mul231_3 = fmul i32 %mul1_read, i32 %acc_3_load" [flash_attention.cpp:176]   --->   Operation 96 'fmul' 'mul231_3' <Predicate = (icmp_ln174_3)> <Delay = 5.70> <CoreInst = "FMul_maxdsp">   --->   Core 30 'FMul_maxdsp' <Latency = 3> <II = 1> <Delay = 5.70> <FuncUnit> <Opcode : 'fmul'> <InPorts = 2> <OutPorts = 1>
ST_5 : Operation 97 [1/1] (0.00ns)   --->   "%weighted_3_addr = getelementptr i32 %weighted_3, i64 0, i64 %zext_ln172_2" [flash_attention.cpp:176]   --->   Operation 97 'getelementptr' 'weighted_3_addr' <Predicate = (icmp_ln174_3)> <Delay = 0.00>
ST_5 : Operation 98 [2/2] (2.32ns)   --->   "%weighted_3_load = load i3 %weighted_3_addr" [flash_attention.cpp:176]   --->   Operation 98 'load' 'weighted_3_load' <Predicate = (icmp_ln174_3)> <Delay = 2.32> <CoreInst = "RAM">   --->   Core 82 'RAM' <Latency = 1> <II = 1> <Delay = 2.32> <Storage> <Opcode : 'load' 'store'> <Ports = 2> <Width = 32> <Depth = 8> <RAM>

State 6 <SV = 5> <Delay = 5.70>
ST_6 : Operation 99 [1/4] (5.70ns)   --->   "%mul3 = fmul i32 %mul1_read, i32 %acc_load" [flash_attention.cpp:176]   --->   Operation 99 'fmul' 'mul3' <Predicate = (icmp_ln174)> <Delay = 5.70> <CoreInst = "FMul_maxdsp">   --->   Core 30 'FMul_maxdsp' <Latency = 3> <II = 1> <Delay = 5.70> <FuncUnit> <Opcode : 'fmul'> <InPorts = 2> <OutPorts = 1>
ST_6 : Operation 100 [1/2] (2.32ns)   --->   "%weighted_load = load i3 %weighted_addr" [flash_attention.cpp:176]   --->   Operation 100 'load' 'weighted_load' <Predicate = (icmp_ln174)> <Delay = 2.32> <CoreInst = "RAM">   --->   Core 82 'RAM' <Latency = 1> <II = 1> <Delay = 2.32> <Storage> <Opcode : 'load' 'store'> <Ports = 2> <Width = 32> <Depth = 8> <RAM>
ST_6 : Operation 101 [1/4] (5.70ns)   --->   "%mul231_1 = fmul i32 %mul1_read, i32 %acc_1_load" [flash_attention.cpp:176]   --->   Operation 101 'fmul' 'mul231_1' <Predicate = (icmp_ln174_1)> <Delay = 5.70> <CoreInst = "FMul_maxdsp">   --->   Core 30 'FMul_maxdsp' <Latency = 3> <II = 1> <Delay = 5.70> <FuncUnit> <Opcode : 'fmul'> <InPorts = 2> <OutPorts = 1>
ST_6 : Operation 102 [1/2] (2.32ns)   --->   "%weighted_1_load = load i3 %weighted_1_addr" [flash_attention.cpp:176]   --->   Operation 102 'load' 'weighted_1_load' <Predicate = (icmp_ln174_1)> <Delay = 2.32> <CoreInst = "RAM">   --->   Core 82 'RAM' <Latency = 1> <II = 1> <Delay = 2.32> <Storage> <Opcode : 'load' 'store'> <Ports = 2> <Width = 32> <Depth = 8> <RAM>
ST_6 : Operation 103 [1/4] (5.70ns)   --->   "%mul231_2 = fmul i32 %mul1_read, i32 %acc_2_load" [flash_attention.cpp:176]   --->   Operation 103 'fmul' 'mul231_2' <Predicate = (icmp_ln174_2)> <Delay = 5.70> <CoreInst = "FMul_maxdsp">   --->   Core 30 'FMul_maxdsp' <Latency = 3> <II = 1> <Delay = 5.70> <FuncUnit> <Opcode : 'fmul'> <InPorts = 2> <OutPorts = 1>
ST_6 : Operation 104 [1/2] (2.32ns)   --->   "%weighted_2_load = load i3 %weighted_2_addr" [flash_attention.cpp:176]   --->   Operation 104 'load' 'weighted_2_load' <Predicate = (icmp_ln174_2)> <Delay = 2.32> <CoreInst = "RAM">   --->   Core 82 'RAM' <Latency = 1> <II = 1> <Delay = 2.32> <Storage> <Opcode : 'load' 'store'> <Ports = 2> <Width = 32> <Depth = 8> <RAM>
ST_6 : Operation 105 [1/4] (5.70ns)   --->   "%mul231_3 = fmul i32 %mul1_read, i32 %acc_3_load" [flash_attention.cpp:176]   --->   Operation 105 'fmul' 'mul231_3' <Predicate = (icmp_ln174_3)> <Delay = 5.70> <CoreInst = "FMul_maxdsp">   --->   Core 30 'FMul_maxdsp' <Latency = 3> <II = 1> <Delay = 5.70> <FuncUnit> <Opcode : 'fmul'> <InPorts = 2> <OutPorts = 1>
ST_6 : Operation 106 [1/2] (2.32ns)   --->   "%weighted_3_load = load i3 %weighted_3_addr" [flash_attention.cpp:176]   --->   Operation 106 'load' 'weighted_3_load' <Predicate = (icmp_ln174_3)> <Delay = 2.32> <CoreInst = "RAM">   --->   Core 82 'RAM' <Latency = 1> <II = 1> <Delay = 2.32> <Storage> <Opcode : 'load' 'store'> <Ports = 2> <Width = 32> <Depth = 8> <RAM>

State 7 <SV = 6> <Delay = 7.25>
ST_7 : Operation 107 [5/5] (7.25ns)   --->   "%add1 = fadd i32 %mul3, i32 %weighted_load" [flash_attention.cpp:176]   --->   Operation 107 'fadd' 'add1' <Predicate = (icmp_ln174)> <Delay = 7.25> <CoreInst = "FAddSub_fulldsp">   --->   Core 18 'FAddSub_fulldsp' <Latency = 4> <II = 1> <Delay = 7.25> <FuncUnit> <Opcode : 'fadd' 'fsub'> <InPorts = 2> <OutPorts = 1>
ST_7 : Operation 108 [5/5] (7.25ns)   --->   "%add234_1 = fadd i32 %mul231_1, i32 %weighted_1_load" [flash_attention.cpp:176]   --->   Operation 108 'fadd' 'add234_1' <Predicate = (icmp_ln174_1)> <Delay = 7.25> <CoreInst = "FAddSub_fulldsp">   --->   Core 18 'FAddSub_fulldsp' <Latency = 4> <II = 1> <Delay = 7.25> <FuncUnit> <Opcode : 'fadd' 'fsub'> <InPorts = 2> <OutPorts = 1>
ST_7 : Operation 109 [5/5] (7.25ns)   --->   "%add234_2 = fadd i32 %mul231_2, i32 %weighted_2_load" [flash_attention.cpp:176]   --->   Operation 109 'fadd' 'add234_2' <Predicate = (icmp_ln174_2)> <Delay = 7.25> <CoreInst = "FAddSub_fulldsp">   --->   Core 18 'FAddSub_fulldsp' <Latency = 4> <II = 1> <Delay = 7.25> <FuncUnit> <Opcode : 'fadd' 'fsub'> <InPorts = 2> <OutPorts = 1>
ST_7 : Operation 110 [5/5] (7.25ns)   --->   "%add234_3 = fadd i32 %mul231_3, i32 %weighted_3_load" [flash_attention.cpp:176]   --->   Operation 110 'fadd' 'add234_3' <Predicate = (icmp_ln174_3)> <Delay = 7.25> <CoreInst = "FAddSub_fulldsp">   --->   Core 18 'FAddSub_fulldsp' <Latency = 4> <II = 1> <Delay = 7.25> <FuncUnit> <Opcode : 'fadd' 'fsub'> <InPorts = 2> <OutPorts = 1>

State 8 <SV = 7> <Delay = 7.25>
ST_8 : Operation 111 [4/5] (7.25ns)   --->   "%add1 = fadd i32 %mul3, i32 %weighted_load" [flash_attention.cpp:176]   --->   Operation 111 'fadd' 'add1' <Predicate = (icmp_ln174)> <Delay = 7.25> <CoreInst = "FAddSub_fulldsp">   --->   Core 18 'FAddSub_fulldsp' <Latency = 4> <II = 1> <Delay = 7.25> <FuncUnit> <Opcode : 'fadd' 'fsub'> <InPorts = 2> <OutPorts = 1>
ST_8 : Operation 112 [4/5] (7.25ns)   --->   "%add234_1 = fadd i32 %mul231_1, i32 %weighted_1_load" [flash_attention.cpp:176]   --->   Operation 112 'fadd' 'add234_1' <Predicate = (icmp_ln174_1)> <Delay = 7.25> <CoreInst = "FAddSub_fulldsp">   --->   Core 18 'FAddSub_fulldsp' <Latency = 4> <II = 1> <Delay = 7.25> <FuncUnit> <Opcode : 'fadd' 'fsub'> <InPorts = 2> <OutPorts = 1>
ST_8 : Operation 113 [4/5] (7.25ns)   --->   "%add234_2 = fadd i32 %mul231_2, i32 %weighted_2_load" [flash_attention.cpp:176]   --->   Operation 113 'fadd' 'add234_2' <Predicate = (icmp_ln174_2)> <Delay = 7.25> <CoreInst = "FAddSub_fulldsp">   --->   Core 18 'FAddSub_fulldsp' <Latency = 4> <II = 1> <Delay = 7.25> <FuncUnit> <Opcode : 'fadd' 'fsub'> <InPorts = 2> <OutPorts = 1>
ST_8 : Operation 114 [4/5] (7.25ns)   --->   "%add234_3 = fadd i32 %mul231_3, i32 %weighted_3_load" [flash_attention.cpp:176]   --->   Operation 114 'fadd' 'add234_3' <Predicate = (icmp_ln174_3)> <Delay = 7.25> <CoreInst = "FAddSub_fulldsp">   --->   Core 18 'FAddSub_fulldsp' <Latency = 4> <II = 1> <Delay = 7.25> <FuncUnit> <Opcode : 'fadd' 'fsub'> <InPorts = 2> <OutPorts = 1>

State 9 <SV = 8> <Delay = 7.25>
ST_9 : Operation 115 [3/5] (7.25ns)   --->   "%add1 = fadd i32 %mul3, i32 %weighted_load" [flash_attention.cpp:176]   --->   Operation 115 'fadd' 'add1' <Predicate = (icmp_ln174)> <Delay = 7.25> <CoreInst = "FAddSub_fulldsp">   --->   Core 18 'FAddSub_fulldsp' <Latency = 4> <II = 1> <Delay = 7.25> <FuncUnit> <Opcode : 'fadd' 'fsub'> <InPorts = 2> <OutPorts = 1>
ST_9 : Operation 116 [3/5] (7.25ns)   --->   "%add234_1 = fadd i32 %mul231_1, i32 %weighted_1_load" [flash_attention.cpp:176]   --->   Operation 116 'fadd' 'add234_1' <Predicate = (icmp_ln174_1)> <Delay = 7.25> <CoreInst = "FAddSub_fulldsp">   --->   Core 18 'FAddSub_fulldsp' <Latency = 4> <II = 1> <Delay = 7.25> <FuncUnit> <Opcode : 'fadd' 'fsub'> <InPorts = 2> <OutPorts = 1>
ST_9 : Operation 117 [3/5] (7.25ns)   --->   "%add234_2 = fadd i32 %mul231_2, i32 %weighted_2_load" [flash_attention.cpp:176]   --->   Operation 117 'fadd' 'add234_2' <Predicate = (icmp_ln174_2)> <Delay = 7.25> <CoreInst = "FAddSub_fulldsp">   --->   Core 18 'FAddSub_fulldsp' <Latency = 4> <II = 1> <Delay = 7.25> <FuncUnit> <Opcode : 'fadd' 'fsub'> <InPorts = 2> <OutPorts = 1>
ST_9 : Operation 118 [3/5] (7.25ns)   --->   "%add234_3 = fadd i32 %mul231_3, i32 %weighted_3_load" [flash_attention.cpp:176]   --->   Operation 118 'fadd' 'add234_3' <Predicate = (icmp_ln174_3)> <Delay = 7.25> <CoreInst = "FAddSub_fulldsp">   --->   Core 18 'FAddSub_fulldsp' <Latency = 4> <II = 1> <Delay = 7.25> <FuncUnit> <Opcode : 'fadd' 'fsub'> <InPorts = 2> <OutPorts = 1>

State 10 <SV = 9> <Delay = 7.25>
ST_10 : Operation 119 [2/5] (7.25ns)   --->   "%add1 = fadd i32 %mul3, i32 %weighted_load" [flash_attention.cpp:176]   --->   Operation 119 'fadd' 'add1' <Predicate = (icmp_ln174)> <Delay = 7.25> <CoreInst = "FAddSub_fulldsp">   --->   Core 18 'FAddSub_fulldsp' <Latency = 4> <II = 1> <Delay = 7.25> <FuncUnit> <Opcode : 'fadd' 'fsub'> <InPorts = 2> <OutPorts = 1>
ST_10 : Operation 120 [2/5] (7.25ns)   --->   "%add234_1 = fadd i32 %mul231_1, i32 %weighted_1_load" [flash_attention.cpp:176]   --->   Operation 120 'fadd' 'add234_1' <Predicate = (icmp_ln174_1)> <Delay = 7.25> <CoreInst = "FAddSub_fulldsp">   --->   Core 18 'FAddSub_fulldsp' <Latency = 4> <II = 1> <Delay = 7.25> <FuncUnit> <Opcode : 'fadd' 'fsub'> <InPorts = 2> <OutPorts = 1>
ST_10 : Operation 121 [2/5] (7.25ns)   --->   "%add234_2 = fadd i32 %mul231_2, i32 %weighted_2_load" [flash_attention.cpp:176]   --->   Operation 121 'fadd' 'add234_2' <Predicate = (icmp_ln174_2)> <Delay = 7.25> <CoreInst = "FAddSub_fulldsp">   --->   Core 18 'FAddSub_fulldsp' <Latency = 4> <II = 1> <Delay = 7.25> <FuncUnit> <Opcode : 'fadd' 'fsub'> <InPorts = 2> <OutPorts = 1>
ST_10 : Operation 122 [2/5] (7.25ns)   --->   "%add234_3 = fadd i32 %mul231_3, i32 %weighted_3_load" [flash_attention.cpp:176]   --->   Operation 122 'fadd' 'add234_3' <Predicate = (icmp_ln174_3)> <Delay = 7.25> <CoreInst = "FAddSub_fulldsp">   --->   Core 18 'FAddSub_fulldsp' <Latency = 4> <II = 1> <Delay = 7.25> <FuncUnit> <Opcode : 'fadd' 'fsub'> <InPorts = 2> <OutPorts = 1>

State 11 <SV = 10> <Delay = 7.25>
ST_11 : Operation 123 [1/5] (7.25ns)   --->   "%add1 = fadd i32 %mul3, i32 %weighted_load" [flash_attention.cpp:176]   --->   Operation 123 'fadd' 'add1' <Predicate = (icmp_ln174)> <Delay = 7.25> <CoreInst = "FAddSub_fulldsp">   --->   Core 18 'FAddSub_fulldsp' <Latency = 4> <II = 1> <Delay = 7.25> <FuncUnit> <Opcode : 'fadd' 'fsub'> <InPorts = 2> <OutPorts = 1>
ST_11 : Operation 124 [1/5] (7.25ns)   --->   "%add234_1 = fadd i32 %mul231_1, i32 %weighted_1_load" [flash_attention.cpp:176]   --->   Operation 124 'fadd' 'add234_1' <Predicate = (icmp_ln174_1)> <Delay = 7.25> <CoreInst = "FAddSub_fulldsp">   --->   Core 18 'FAddSub_fulldsp' <Latency = 4> <II = 1> <Delay = 7.25> <FuncUnit> <Opcode : 'fadd' 'fsub'> <InPorts = 2> <OutPorts = 1>
ST_11 : Operation 125 [1/5] (7.25ns)   --->   "%add234_2 = fadd i32 %mul231_2, i32 %weighted_2_load" [flash_attention.cpp:176]   --->   Operation 125 'fadd' 'add234_2' <Predicate = (icmp_ln174_2)> <Delay = 7.25> <CoreInst = "FAddSub_fulldsp">   --->   Core 18 'FAddSub_fulldsp' <Latency = 4> <II = 1> <Delay = 7.25> <FuncUnit> <Opcode : 'fadd' 'fsub'> <InPorts = 2> <OutPorts = 1>
ST_11 : Operation 126 [1/5] (7.25ns)   --->   "%add234_3 = fadd i32 %mul231_3, i32 %weighted_3_load" [flash_attention.cpp:176]   --->   Operation 126 'fadd' 'add234_3' <Predicate = (icmp_ln174_3)> <Delay = 7.25> <CoreInst = "FAddSub_fulldsp">   --->   Core 18 'FAddSub_fulldsp' <Latency = 4> <II = 1> <Delay = 7.25> <FuncUnit> <Opcode : 'fadd' 'fsub'> <InPorts = 2> <OutPorts = 1>

State 12 <SV = 11> <Delay = 6.07>
ST_12 : Operation 127 [16/16] (6.07ns)   --->   "%div = fdiv i32 %add1, i32 %l_new_read" [flash_attention.cpp:176]   --->   Operation 127 'fdiv' 'div' <Predicate = (icmp_ln174)> <Delay = 6.07> <CoreInst = "FDiv">   --->   Core 20 'FDiv' <Latency = 15> <II = 1> <Delay = 6.07> <FuncUnit> <Opcode : 'fdiv' 'frem'> <InPorts = 2> <OutPorts = 1>
ST_12 : Operation 128 [16/16] (6.07ns)   --->   "%div235_1 = fdiv i32 %add234_1, i32 %l_new_read" [flash_attention.cpp:176]   --->   Operation 128 'fdiv' 'div235_1' <Predicate = (icmp_ln174_1)> <Delay = 6.07> <CoreInst = "FDiv">   --->   Core 20 'FDiv' <Latency = 15> <II = 1> <Delay = 6.07> <FuncUnit> <Opcode : 'fdiv' 'frem'> <InPorts = 2> <OutPorts = 1>
ST_12 : Operation 129 [16/16] (6.07ns)   --->   "%div235_2 = fdiv i32 %add234_2, i32 %l_new_read" [flash_attention.cpp:176]   --->   Operation 129 'fdiv' 'div235_2' <Predicate = (icmp_ln174_2)> <Delay = 6.07> <CoreInst = "FDiv">   --->   Core 20 'FDiv' <Latency = 15> <II = 1> <Delay = 6.07> <FuncUnit> <Opcode : 'fdiv' 'frem'> <InPorts = 2> <OutPorts = 1>
ST_12 : Operation 130 [16/16] (6.07ns)   --->   "%div235_3 = fdiv i32 %add234_3, i32 %l_new_read" [flash_attention.cpp:176]   --->   Operation 130 'fdiv' 'div235_3' <Predicate = (icmp_ln174_3)> <Delay = 6.07> <CoreInst = "FDiv">   --->   Core 20 'FDiv' <Latency = 15> <II = 1> <Delay = 6.07> <FuncUnit> <Opcode : 'fdiv' 'frem'> <InPorts = 2> <OutPorts = 1>

State 13 <SV = 12> <Delay = 6.07>
ST_13 : Operation 131 [15/16] (6.07ns)   --->   "%div = fdiv i32 %add1, i32 %l_new_read" [flash_attention.cpp:176]   --->   Operation 131 'fdiv' 'div' <Predicate = (icmp_ln174)> <Delay = 6.07> <CoreInst = "FDiv">   --->   Core 20 'FDiv' <Latency = 15> <II = 1> <Delay = 6.07> <FuncUnit> <Opcode : 'fdiv' 'frem'> <InPorts = 2> <OutPorts = 1>
ST_13 : Operation 132 [15/16] (6.07ns)   --->   "%div235_1 = fdiv i32 %add234_1, i32 %l_new_read" [flash_attention.cpp:176]   --->   Operation 132 'fdiv' 'div235_1' <Predicate = (icmp_ln174_1)> <Delay = 6.07> <CoreInst = "FDiv">   --->   Core 20 'FDiv' <Latency = 15> <II = 1> <Delay = 6.07> <FuncUnit> <Opcode : 'fdiv' 'frem'> <InPorts = 2> <OutPorts = 1>
ST_13 : Operation 133 [15/16] (6.07ns)   --->   "%div235_2 = fdiv i32 %add234_2, i32 %l_new_read" [flash_attention.cpp:176]   --->   Operation 133 'fdiv' 'div235_2' <Predicate = (icmp_ln174_2)> <Delay = 6.07> <CoreInst = "FDiv">   --->   Core 20 'FDiv' <Latency = 15> <II = 1> <Delay = 6.07> <FuncUnit> <Opcode : 'fdiv' 'frem'> <InPorts = 2> <OutPorts = 1>
ST_13 : Operation 134 [15/16] (6.07ns)   --->   "%div235_3 = fdiv i32 %add234_3, i32 %l_new_read" [flash_attention.cpp:176]   --->   Operation 134 'fdiv' 'div235_3' <Predicate = (icmp_ln174_3)> <Delay = 6.07> <CoreInst = "FDiv">   --->   Core 20 'FDiv' <Latency = 15> <II = 1> <Delay = 6.07> <FuncUnit> <Opcode : 'fdiv' 'frem'> <InPorts = 2> <OutPorts = 1>

State 14 <SV = 13> <Delay = 6.07>
ST_14 : Operation 135 [14/16] (6.07ns)   --->   "%div = fdiv i32 %add1, i32 %l_new_read" [flash_attention.cpp:176]   --->   Operation 135 'fdiv' 'div' <Predicate = (icmp_ln174)> <Delay = 6.07> <CoreInst = "FDiv">   --->   Core 20 'FDiv' <Latency = 15> <II = 1> <Delay = 6.07> <FuncUnit> <Opcode : 'fdiv' 'frem'> <InPorts = 2> <OutPorts = 1>
ST_14 : Operation 136 [14/16] (6.07ns)   --->   "%div235_1 = fdiv i32 %add234_1, i32 %l_new_read" [flash_attention.cpp:176]   --->   Operation 136 'fdiv' 'div235_1' <Predicate = (icmp_ln174_1)> <Delay = 6.07> <CoreInst = "FDiv">   --->   Core 20 'FDiv' <Latency = 15> <II = 1> <Delay = 6.07> <FuncUnit> <Opcode : 'fdiv' 'frem'> <InPorts = 2> <OutPorts = 1>
ST_14 : Operation 137 [14/16] (6.07ns)   --->   "%div235_2 = fdiv i32 %add234_2, i32 %l_new_read" [flash_attention.cpp:176]   --->   Operation 137 'fdiv' 'div235_2' <Predicate = (icmp_ln174_2)> <Delay = 6.07> <CoreInst = "FDiv">   --->   Core 20 'FDiv' <Latency = 15> <II = 1> <Delay = 6.07> <FuncUnit> <Opcode : 'fdiv' 'frem'> <InPorts = 2> <OutPorts = 1>
ST_14 : Operation 138 [14/16] (6.07ns)   --->   "%div235_3 = fdiv i32 %add234_3, i32 %l_new_read" [flash_attention.cpp:176]   --->   Operation 138 'fdiv' 'div235_3' <Predicate = (icmp_ln174_3)> <Delay = 6.07> <CoreInst = "FDiv">   --->   Core 20 'FDiv' <Latency = 15> <II = 1> <Delay = 6.07> <FuncUnit> <Opcode : 'fdiv' 'frem'> <InPorts = 2> <OutPorts = 1>

State 15 <SV = 14> <Delay = 6.07>
ST_15 : Operation 139 [13/16] (6.07ns)   --->   "%div = fdiv i32 %add1, i32 %l_new_read" [flash_attention.cpp:176]   --->   Operation 139 'fdiv' 'div' <Predicate = (icmp_ln174)> <Delay = 6.07> <CoreInst = "FDiv">   --->   Core 20 'FDiv' <Latency = 15> <II = 1> <Delay = 6.07> <FuncUnit> <Opcode : 'fdiv' 'frem'> <InPorts = 2> <OutPorts = 1>
ST_15 : Operation 140 [13/16] (6.07ns)   --->   "%div235_1 = fdiv i32 %add234_1, i32 %l_new_read" [flash_attention.cpp:176]   --->   Operation 140 'fdiv' 'div235_1' <Predicate = (icmp_ln174_1)> <Delay = 6.07> <CoreInst = "FDiv">   --->   Core 20 'FDiv' <Latency = 15> <II = 1> <Delay = 6.07> <FuncUnit> <Opcode : 'fdiv' 'frem'> <InPorts = 2> <OutPorts = 1>
ST_15 : Operation 141 [13/16] (6.07ns)   --->   "%div235_2 = fdiv i32 %add234_2, i32 %l_new_read" [flash_attention.cpp:176]   --->   Operation 141 'fdiv' 'div235_2' <Predicate = (icmp_ln174_2)> <Delay = 6.07> <CoreInst = "FDiv">   --->   Core 20 'FDiv' <Latency = 15> <II = 1> <Delay = 6.07> <FuncUnit> <Opcode : 'fdiv' 'frem'> <InPorts = 2> <OutPorts = 1>
ST_15 : Operation 142 [13/16] (6.07ns)   --->   "%div235_3 = fdiv i32 %add234_3, i32 %l_new_read" [flash_attention.cpp:176]   --->   Operation 142 'fdiv' 'div235_3' <Predicate = (icmp_ln174_3)> <Delay = 6.07> <CoreInst = "FDiv">   --->   Core 20 'FDiv' <Latency = 15> <II = 1> <Delay = 6.07> <FuncUnit> <Opcode : 'fdiv' 'frem'> <InPorts = 2> <OutPorts = 1>

State 16 <SV = 15> <Delay = 6.07>
ST_16 : Operation 143 [12/16] (6.07ns)   --->   "%div = fdiv i32 %add1, i32 %l_new_read" [flash_attention.cpp:176]   --->   Operation 143 'fdiv' 'div' <Predicate = (icmp_ln174)> <Delay = 6.07> <CoreInst = "FDiv">   --->   Core 20 'FDiv' <Latency = 15> <II = 1> <Delay = 6.07> <FuncUnit> <Opcode : 'fdiv' 'frem'> <InPorts = 2> <OutPorts = 1>
ST_16 : Operation 144 [12/16] (6.07ns)   --->   "%div235_1 = fdiv i32 %add234_1, i32 %l_new_read" [flash_attention.cpp:176]   --->   Operation 144 'fdiv' 'div235_1' <Predicate = (icmp_ln174_1)> <Delay = 6.07> <CoreInst = "FDiv">   --->   Core 20 'FDiv' <Latency = 15> <II = 1> <Delay = 6.07> <FuncUnit> <Opcode : 'fdiv' 'frem'> <InPorts = 2> <OutPorts = 1>
ST_16 : Operation 145 [12/16] (6.07ns)   --->   "%div235_2 = fdiv i32 %add234_2, i32 %l_new_read" [flash_attention.cpp:176]   --->   Operation 145 'fdiv' 'div235_2' <Predicate = (icmp_ln174_2)> <Delay = 6.07> <CoreInst = "FDiv">   --->   Core 20 'FDiv' <Latency = 15> <II = 1> <Delay = 6.07> <FuncUnit> <Opcode : 'fdiv' 'frem'> <InPorts = 2> <OutPorts = 1>
ST_16 : Operation 146 [12/16] (6.07ns)   --->   "%div235_3 = fdiv i32 %add234_3, i32 %l_new_read" [flash_attention.cpp:176]   --->   Operation 146 'fdiv' 'div235_3' <Predicate = (icmp_ln174_3)> <Delay = 6.07> <CoreInst = "FDiv">   --->   Core 20 'FDiv' <Latency = 15> <II = 1> <Delay = 6.07> <FuncUnit> <Opcode : 'fdiv' 'frem'> <InPorts = 2> <OutPorts = 1>

State 17 <SV = 16> <Delay = 6.07>
ST_17 : Operation 147 [11/16] (6.07ns)   --->   "%div = fdiv i32 %add1, i32 %l_new_read" [flash_attention.cpp:176]   --->   Operation 147 'fdiv' 'div' <Predicate = (icmp_ln174)> <Delay = 6.07> <CoreInst = "FDiv">   --->   Core 20 'FDiv' <Latency = 15> <II = 1> <Delay = 6.07> <FuncUnit> <Opcode : 'fdiv' 'frem'> <InPorts = 2> <OutPorts = 1>
ST_17 : Operation 148 [11/16] (6.07ns)   --->   "%div235_1 = fdiv i32 %add234_1, i32 %l_new_read" [flash_attention.cpp:176]   --->   Operation 148 'fdiv' 'div235_1' <Predicate = (icmp_ln174_1)> <Delay = 6.07> <CoreInst = "FDiv">   --->   Core 20 'FDiv' <Latency = 15> <II = 1> <Delay = 6.07> <FuncUnit> <Opcode : 'fdiv' 'frem'> <InPorts = 2> <OutPorts = 1>
ST_17 : Operation 149 [11/16] (6.07ns)   --->   "%div235_2 = fdiv i32 %add234_2, i32 %l_new_read" [flash_attention.cpp:176]   --->   Operation 149 'fdiv' 'div235_2' <Predicate = (icmp_ln174_2)> <Delay = 6.07> <CoreInst = "FDiv">   --->   Core 20 'FDiv' <Latency = 15> <II = 1> <Delay = 6.07> <FuncUnit> <Opcode : 'fdiv' 'frem'> <InPorts = 2> <OutPorts = 1>
ST_17 : Operation 150 [11/16] (6.07ns)   --->   "%div235_3 = fdiv i32 %add234_3, i32 %l_new_read" [flash_attention.cpp:176]   --->   Operation 150 'fdiv' 'div235_3' <Predicate = (icmp_ln174_3)> <Delay = 6.07> <CoreInst = "FDiv">   --->   Core 20 'FDiv' <Latency = 15> <II = 1> <Delay = 6.07> <FuncUnit> <Opcode : 'fdiv' 'frem'> <InPorts = 2> <OutPorts = 1>

State 18 <SV = 17> <Delay = 6.07>
ST_18 : Operation 151 [10/16] (6.07ns)   --->   "%div = fdiv i32 %add1, i32 %l_new_read" [flash_attention.cpp:176]   --->   Operation 151 'fdiv' 'div' <Predicate = (icmp_ln174)> <Delay = 6.07> <CoreInst = "FDiv">   --->   Core 20 'FDiv' <Latency = 15> <II = 1> <Delay = 6.07> <FuncUnit> <Opcode : 'fdiv' 'frem'> <InPorts = 2> <OutPorts = 1>
ST_18 : Operation 152 [10/16] (6.07ns)   --->   "%div235_1 = fdiv i32 %add234_1, i32 %l_new_read" [flash_attention.cpp:176]   --->   Operation 152 'fdiv' 'div235_1' <Predicate = (icmp_ln174_1)> <Delay = 6.07> <CoreInst = "FDiv">   --->   Core 20 'FDiv' <Latency = 15> <II = 1> <Delay = 6.07> <FuncUnit> <Opcode : 'fdiv' 'frem'> <InPorts = 2> <OutPorts = 1>
ST_18 : Operation 153 [10/16] (6.07ns)   --->   "%div235_2 = fdiv i32 %add234_2, i32 %l_new_read" [flash_attention.cpp:176]   --->   Operation 153 'fdiv' 'div235_2' <Predicate = (icmp_ln174_2)> <Delay = 6.07> <CoreInst = "FDiv">   --->   Core 20 'FDiv' <Latency = 15> <II = 1> <Delay = 6.07> <FuncUnit> <Opcode : 'fdiv' 'frem'> <InPorts = 2> <OutPorts = 1>
ST_18 : Operation 154 [10/16] (6.07ns)   --->   "%div235_3 = fdiv i32 %add234_3, i32 %l_new_read" [flash_attention.cpp:176]   --->   Operation 154 'fdiv' 'div235_3' <Predicate = (icmp_ln174_3)> <Delay = 6.07> <CoreInst = "FDiv">   --->   Core 20 'FDiv' <Latency = 15> <II = 1> <Delay = 6.07> <FuncUnit> <Opcode : 'fdiv' 'frem'> <InPorts = 2> <OutPorts = 1>

State 19 <SV = 18> <Delay = 6.07>
ST_19 : Operation 155 [9/16] (6.07ns)   --->   "%div = fdiv i32 %add1, i32 %l_new_read" [flash_attention.cpp:176]   --->   Operation 155 'fdiv' 'div' <Predicate = (icmp_ln174)> <Delay = 6.07> <CoreInst = "FDiv">   --->   Core 20 'FDiv' <Latency = 15> <II = 1> <Delay = 6.07> <FuncUnit> <Opcode : 'fdiv' 'frem'> <InPorts = 2> <OutPorts = 1>
ST_19 : Operation 156 [9/16] (6.07ns)   --->   "%div235_1 = fdiv i32 %add234_1, i32 %l_new_read" [flash_attention.cpp:176]   --->   Operation 156 'fdiv' 'div235_1' <Predicate = (icmp_ln174_1)> <Delay = 6.07> <CoreInst = "FDiv">   --->   Core 20 'FDiv' <Latency = 15> <II = 1> <Delay = 6.07> <FuncUnit> <Opcode : 'fdiv' 'frem'> <InPorts = 2> <OutPorts = 1>
ST_19 : Operation 157 [9/16] (6.07ns)   --->   "%div235_2 = fdiv i32 %add234_2, i32 %l_new_read" [flash_attention.cpp:176]   --->   Operation 157 'fdiv' 'div235_2' <Predicate = (icmp_ln174_2)> <Delay = 6.07> <CoreInst = "FDiv">   --->   Core 20 'FDiv' <Latency = 15> <II = 1> <Delay = 6.07> <FuncUnit> <Opcode : 'fdiv' 'frem'> <InPorts = 2> <OutPorts = 1>
ST_19 : Operation 158 [9/16] (6.07ns)   --->   "%div235_3 = fdiv i32 %add234_3, i32 %l_new_read" [flash_attention.cpp:176]   --->   Operation 158 'fdiv' 'div235_3' <Predicate = (icmp_ln174_3)> <Delay = 6.07> <CoreInst = "FDiv">   --->   Core 20 'FDiv' <Latency = 15> <II = 1> <Delay = 6.07> <FuncUnit> <Opcode : 'fdiv' 'frem'> <InPorts = 2> <OutPorts = 1>

State 20 <SV = 19> <Delay = 6.07>
ST_20 : Operation 159 [8/16] (6.07ns)   --->   "%div = fdiv i32 %add1, i32 %l_new_read" [flash_attention.cpp:176]   --->   Operation 159 'fdiv' 'div' <Predicate = (icmp_ln174)> <Delay = 6.07> <CoreInst = "FDiv">   --->   Core 20 'FDiv' <Latency = 15> <II = 1> <Delay = 6.07> <FuncUnit> <Opcode : 'fdiv' 'frem'> <InPorts = 2> <OutPorts = 1>
ST_20 : Operation 160 [8/16] (6.07ns)   --->   "%div235_1 = fdiv i32 %add234_1, i32 %l_new_read" [flash_attention.cpp:176]   --->   Operation 160 'fdiv' 'div235_1' <Predicate = (icmp_ln174_1)> <Delay = 6.07> <CoreInst = "FDiv">   --->   Core 20 'FDiv' <Latency = 15> <II = 1> <Delay = 6.07> <FuncUnit> <Opcode : 'fdiv' 'frem'> <InPorts = 2> <OutPorts = 1>
ST_20 : Operation 161 [8/16] (6.07ns)   --->   "%div235_2 = fdiv i32 %add234_2, i32 %l_new_read" [flash_attention.cpp:176]   --->   Operation 161 'fdiv' 'div235_2' <Predicate = (icmp_ln174_2)> <Delay = 6.07> <CoreInst = "FDiv">   --->   Core 20 'FDiv' <Latency = 15> <II = 1> <Delay = 6.07> <FuncUnit> <Opcode : 'fdiv' 'frem'> <InPorts = 2> <OutPorts = 1>
ST_20 : Operation 162 [8/16] (6.07ns)   --->   "%div235_3 = fdiv i32 %add234_3, i32 %l_new_read" [flash_attention.cpp:176]   --->   Operation 162 'fdiv' 'div235_3' <Predicate = (icmp_ln174_3)> <Delay = 6.07> <CoreInst = "FDiv">   --->   Core 20 'FDiv' <Latency = 15> <II = 1> <Delay = 6.07> <FuncUnit> <Opcode : 'fdiv' 'frem'> <InPorts = 2> <OutPorts = 1>

State 21 <SV = 20> <Delay = 6.07>
ST_21 : Operation 163 [7/16] (6.07ns)   --->   "%div = fdiv i32 %add1, i32 %l_new_read" [flash_attention.cpp:176]   --->   Operation 163 'fdiv' 'div' <Predicate = (icmp_ln174)> <Delay = 6.07> <CoreInst = "FDiv">   --->   Core 20 'FDiv' <Latency = 15> <II = 1> <Delay = 6.07> <FuncUnit> <Opcode : 'fdiv' 'frem'> <InPorts = 2> <OutPorts = 1>
ST_21 : Operation 164 [7/16] (6.07ns)   --->   "%div235_1 = fdiv i32 %add234_1, i32 %l_new_read" [flash_attention.cpp:176]   --->   Operation 164 'fdiv' 'div235_1' <Predicate = (icmp_ln174_1)> <Delay = 6.07> <CoreInst = "FDiv">   --->   Core 20 'FDiv' <Latency = 15> <II = 1> <Delay = 6.07> <FuncUnit> <Opcode : 'fdiv' 'frem'> <InPorts = 2> <OutPorts = 1>
ST_21 : Operation 165 [7/16] (6.07ns)   --->   "%div235_2 = fdiv i32 %add234_2, i32 %l_new_read" [flash_attention.cpp:176]   --->   Operation 165 'fdiv' 'div235_2' <Predicate = (icmp_ln174_2)> <Delay = 6.07> <CoreInst = "FDiv">   --->   Core 20 'FDiv' <Latency = 15> <II = 1> <Delay = 6.07> <FuncUnit> <Opcode : 'fdiv' 'frem'> <InPorts = 2> <OutPorts = 1>
ST_21 : Operation 166 [7/16] (6.07ns)   --->   "%div235_3 = fdiv i32 %add234_3, i32 %l_new_read" [flash_attention.cpp:176]   --->   Operation 166 'fdiv' 'div235_3' <Predicate = (icmp_ln174_3)> <Delay = 6.07> <CoreInst = "FDiv">   --->   Core 20 'FDiv' <Latency = 15> <II = 1> <Delay = 6.07> <FuncUnit> <Opcode : 'fdiv' 'frem'> <InPorts = 2> <OutPorts = 1>

State 22 <SV = 21> <Delay = 6.07>
ST_22 : Operation 167 [6/16] (6.07ns)   --->   "%div = fdiv i32 %add1, i32 %l_new_read" [flash_attention.cpp:176]   --->   Operation 167 'fdiv' 'div' <Predicate = (icmp_ln174)> <Delay = 6.07> <CoreInst = "FDiv">   --->   Core 20 'FDiv' <Latency = 15> <II = 1> <Delay = 6.07> <FuncUnit> <Opcode : 'fdiv' 'frem'> <InPorts = 2> <OutPorts = 1>
ST_22 : Operation 168 [6/16] (6.07ns)   --->   "%div235_1 = fdiv i32 %add234_1, i32 %l_new_read" [flash_attention.cpp:176]   --->   Operation 168 'fdiv' 'div235_1' <Predicate = (icmp_ln174_1)> <Delay = 6.07> <CoreInst = "FDiv">   --->   Core 20 'FDiv' <Latency = 15> <II = 1> <Delay = 6.07> <FuncUnit> <Opcode : 'fdiv' 'frem'> <InPorts = 2> <OutPorts = 1>
ST_22 : Operation 169 [6/16] (6.07ns)   --->   "%div235_2 = fdiv i32 %add234_2, i32 %l_new_read" [flash_attention.cpp:176]   --->   Operation 169 'fdiv' 'div235_2' <Predicate = (icmp_ln174_2)> <Delay = 6.07> <CoreInst = "FDiv">   --->   Core 20 'FDiv' <Latency = 15> <II = 1> <Delay = 6.07> <FuncUnit> <Opcode : 'fdiv' 'frem'> <InPorts = 2> <OutPorts = 1>
ST_22 : Operation 170 [6/16] (6.07ns)   --->   "%div235_3 = fdiv i32 %add234_3, i32 %l_new_read" [flash_attention.cpp:176]   --->   Operation 170 'fdiv' 'div235_3' <Predicate = (icmp_ln174_3)> <Delay = 6.07> <CoreInst = "FDiv">   --->   Core 20 'FDiv' <Latency = 15> <II = 1> <Delay = 6.07> <FuncUnit> <Opcode : 'fdiv' 'frem'> <InPorts = 2> <OutPorts = 1>

State 23 <SV = 22> <Delay = 6.07>
ST_23 : Operation 171 [5/16] (6.07ns)   --->   "%div = fdiv i32 %add1, i32 %l_new_read" [flash_attention.cpp:176]   --->   Operation 171 'fdiv' 'div' <Predicate = (icmp_ln174)> <Delay = 6.07> <CoreInst = "FDiv">   --->   Core 20 'FDiv' <Latency = 15> <II = 1> <Delay = 6.07> <FuncUnit> <Opcode : 'fdiv' 'frem'> <InPorts = 2> <OutPorts = 1>
ST_23 : Operation 172 [5/16] (6.07ns)   --->   "%div235_1 = fdiv i32 %add234_1, i32 %l_new_read" [flash_attention.cpp:176]   --->   Operation 172 'fdiv' 'div235_1' <Predicate = (icmp_ln174_1)> <Delay = 6.07> <CoreInst = "FDiv">   --->   Core 20 'FDiv' <Latency = 15> <II = 1> <Delay = 6.07> <FuncUnit> <Opcode : 'fdiv' 'frem'> <InPorts = 2> <OutPorts = 1>
ST_23 : Operation 173 [5/16] (6.07ns)   --->   "%div235_2 = fdiv i32 %add234_2, i32 %l_new_read" [flash_attention.cpp:176]   --->   Operation 173 'fdiv' 'div235_2' <Predicate = (icmp_ln174_2)> <Delay = 6.07> <CoreInst = "FDiv">   --->   Core 20 'FDiv' <Latency = 15> <II = 1> <Delay = 6.07> <FuncUnit> <Opcode : 'fdiv' 'frem'> <InPorts = 2> <OutPorts = 1>
ST_23 : Operation 174 [5/16] (6.07ns)   --->   "%div235_3 = fdiv i32 %add234_3, i32 %l_new_read" [flash_attention.cpp:176]   --->   Operation 174 'fdiv' 'div235_3' <Predicate = (icmp_ln174_3)> <Delay = 6.07> <CoreInst = "FDiv">   --->   Core 20 'FDiv' <Latency = 15> <II = 1> <Delay = 6.07> <FuncUnit> <Opcode : 'fdiv' 'frem'> <InPorts = 2> <OutPorts = 1>

State 24 <SV = 23> <Delay = 6.07>
ST_24 : Operation 175 [4/16] (6.07ns)   --->   "%div = fdiv i32 %add1, i32 %l_new_read" [flash_attention.cpp:176]   --->   Operation 175 'fdiv' 'div' <Predicate = (icmp_ln174)> <Delay = 6.07> <CoreInst = "FDiv">   --->   Core 20 'FDiv' <Latency = 15> <II = 1> <Delay = 6.07> <FuncUnit> <Opcode : 'fdiv' 'frem'> <InPorts = 2> <OutPorts = 1>
ST_24 : Operation 176 [4/16] (6.07ns)   --->   "%div235_1 = fdiv i32 %add234_1, i32 %l_new_read" [flash_attention.cpp:176]   --->   Operation 176 'fdiv' 'div235_1' <Predicate = (icmp_ln174_1)> <Delay = 6.07> <CoreInst = "FDiv">   --->   Core 20 'FDiv' <Latency = 15> <II = 1> <Delay = 6.07> <FuncUnit> <Opcode : 'fdiv' 'frem'> <InPorts = 2> <OutPorts = 1>
ST_24 : Operation 177 [4/16] (6.07ns)   --->   "%div235_2 = fdiv i32 %add234_2, i32 %l_new_read" [flash_attention.cpp:176]   --->   Operation 177 'fdiv' 'div235_2' <Predicate = (icmp_ln174_2)> <Delay = 6.07> <CoreInst = "FDiv">   --->   Core 20 'FDiv' <Latency = 15> <II = 1> <Delay = 6.07> <FuncUnit> <Opcode : 'fdiv' 'frem'> <InPorts = 2> <OutPorts = 1>
ST_24 : Operation 178 [4/16] (6.07ns)   --->   "%div235_3 = fdiv i32 %add234_3, i32 %l_new_read" [flash_attention.cpp:176]   --->   Operation 178 'fdiv' 'div235_3' <Predicate = (icmp_ln174_3)> <Delay = 6.07> <CoreInst = "FDiv">   --->   Core 20 'FDiv' <Latency = 15> <II = 1> <Delay = 6.07> <FuncUnit> <Opcode : 'fdiv' 'frem'> <InPorts = 2> <OutPorts = 1>

State 25 <SV = 24> <Delay = 6.07>
ST_25 : Operation 179 [3/16] (6.07ns)   --->   "%div = fdiv i32 %add1, i32 %l_new_read" [flash_attention.cpp:176]   --->   Operation 179 'fdiv' 'div' <Predicate = (icmp_ln174)> <Delay = 6.07> <CoreInst = "FDiv">   --->   Core 20 'FDiv' <Latency = 15> <II = 1> <Delay = 6.07> <FuncUnit> <Opcode : 'fdiv' 'frem'> <InPorts = 2> <OutPorts = 1>
ST_25 : Operation 180 [3/16] (6.07ns)   --->   "%div235_1 = fdiv i32 %add234_1, i32 %l_new_read" [flash_attention.cpp:176]   --->   Operation 180 'fdiv' 'div235_1' <Predicate = (icmp_ln174_1)> <Delay = 6.07> <CoreInst = "FDiv">   --->   Core 20 'FDiv' <Latency = 15> <II = 1> <Delay = 6.07> <FuncUnit> <Opcode : 'fdiv' 'frem'> <InPorts = 2> <OutPorts = 1>
ST_25 : Operation 181 [3/16] (6.07ns)   --->   "%div235_2 = fdiv i32 %add234_2, i32 %l_new_read" [flash_attention.cpp:176]   --->   Operation 181 'fdiv' 'div235_2' <Predicate = (icmp_ln174_2)> <Delay = 6.07> <CoreInst = "FDiv">   --->   Core 20 'FDiv' <Latency = 15> <II = 1> <Delay = 6.07> <FuncUnit> <Opcode : 'fdiv' 'frem'> <InPorts = 2> <OutPorts = 1>
ST_25 : Operation 182 [3/16] (6.07ns)   --->   "%div235_3 = fdiv i32 %add234_3, i32 %l_new_read" [flash_attention.cpp:176]   --->   Operation 182 'fdiv' 'div235_3' <Predicate = (icmp_ln174_3)> <Delay = 6.07> <CoreInst = "FDiv">   --->   Core 20 'FDiv' <Latency = 15> <II = 1> <Delay = 6.07> <FuncUnit> <Opcode : 'fdiv' 'frem'> <InPorts = 2> <OutPorts = 1>

State 26 <SV = 25> <Delay = 6.07>
ST_26 : Operation 183 [2/16] (6.07ns)   --->   "%div = fdiv i32 %add1, i32 %l_new_read" [flash_attention.cpp:176]   --->   Operation 183 'fdiv' 'div' <Predicate = (icmp_ln174)> <Delay = 6.07> <CoreInst = "FDiv">   --->   Core 20 'FDiv' <Latency = 15> <II = 1> <Delay = 6.07> <FuncUnit> <Opcode : 'fdiv' 'frem'> <InPorts = 2> <OutPorts = 1>
ST_26 : Operation 184 [2/16] (6.07ns)   --->   "%div235_1 = fdiv i32 %add234_1, i32 %l_new_read" [flash_attention.cpp:176]   --->   Operation 184 'fdiv' 'div235_1' <Predicate = (icmp_ln174_1)> <Delay = 6.07> <CoreInst = "FDiv">   --->   Core 20 'FDiv' <Latency = 15> <II = 1> <Delay = 6.07> <FuncUnit> <Opcode : 'fdiv' 'frem'> <InPorts = 2> <OutPorts = 1>
ST_26 : Operation 185 [2/16] (6.07ns)   --->   "%div235_2 = fdiv i32 %add234_2, i32 %l_new_read" [flash_attention.cpp:176]   --->   Operation 185 'fdiv' 'div235_2' <Predicate = (icmp_ln174_2)> <Delay = 6.07> <CoreInst = "FDiv">   --->   Core 20 'FDiv' <Latency = 15> <II = 1> <Delay = 6.07> <FuncUnit> <Opcode : 'fdiv' 'frem'> <InPorts = 2> <OutPorts = 1>
ST_26 : Operation 186 [2/16] (6.07ns)   --->   "%div235_3 = fdiv i32 %add234_3, i32 %l_new_read" [flash_attention.cpp:176]   --->   Operation 186 'fdiv' 'div235_3' <Predicate = (icmp_ln174_3)> <Delay = 6.07> <CoreInst = "FDiv">   --->   Core 20 'FDiv' <Latency = 15> <II = 1> <Delay = 6.07> <FuncUnit> <Opcode : 'fdiv' 'frem'> <InPorts = 2> <OutPorts = 1>

State 27 <SV = 26> <Delay = 6.07>
ST_27 : Operation 187 [1/16] (6.07ns)   --->   "%div = fdiv i32 %add1, i32 %l_new_read" [flash_attention.cpp:176]   --->   Operation 187 'fdiv' 'div' <Predicate = (icmp_ln174)> <Delay = 6.07> <CoreInst = "FDiv">   --->   Core 20 'FDiv' <Latency = 15> <II = 1> <Delay = 6.07> <FuncUnit> <Opcode : 'fdiv' 'frem'> <InPorts = 2> <OutPorts = 1>
ST_27 : Operation 188 [1/16] (6.07ns)   --->   "%div235_1 = fdiv i32 %add234_1, i32 %l_new_read" [flash_attention.cpp:176]   --->   Operation 188 'fdiv' 'div235_1' <Predicate = (icmp_ln174_1)> <Delay = 6.07> <CoreInst = "FDiv">   --->   Core 20 'FDiv' <Latency = 15> <II = 1> <Delay = 6.07> <FuncUnit> <Opcode : 'fdiv' 'frem'> <InPorts = 2> <OutPorts = 1>
ST_27 : Operation 189 [1/16] (6.07ns)   --->   "%div235_2 = fdiv i32 %add234_2, i32 %l_new_read" [flash_attention.cpp:176]   --->   Operation 189 'fdiv' 'div235_2' <Predicate = (icmp_ln174_2)> <Delay = 6.07> <CoreInst = "FDiv">   --->   Core 20 'FDiv' <Latency = 15> <II = 1> <Delay = 6.07> <FuncUnit> <Opcode : 'fdiv' 'frem'> <InPorts = 2> <OutPorts = 1>
ST_27 : Operation 190 [1/16] (6.07ns)   --->   "%div235_3 = fdiv i32 %add234_3, i32 %l_new_read" [flash_attention.cpp:176]   --->   Operation 190 'fdiv' 'div235_3' <Predicate = (icmp_ln174_3)> <Delay = 6.07> <CoreInst = "FDiv">   --->   Core 20 'FDiv' <Latency = 15> <II = 1> <Delay = 6.07> <FuncUnit> <Opcode : 'fdiv' 'frem'> <InPorts = 2> <OutPorts = 1>
ST_27 : Operation 199 [1/1] (0.00ns)   --->   "%ret_ln0 = ret"   --->   Operation 199 'ret' 'ret_ln0' <Predicate = (tmp)> <Delay = 0.00>

State 28 <SV = 27> <Delay = 3.25>
ST_28 : Operation 191 [1/1] (3.25ns)   --->   "%store_ln175 = store i32 %div, i6 %acc_addr" [flash_attention.cpp:175]   --->   Operation 191 'store' 'store_ln175' <Predicate = (icmp_ln174)> <Delay = 3.25> <CoreInst = "RAM">   --->   Core 82 'RAM' <Latency = 1> <II = 1> <Delay = 3.25> <Storage> <Opcode : 'load' 'store'> <Ports = 2> <Width = 32> <Depth = 64> <RAM>
ST_28 : Operation 192 [1/1] (0.00ns)   --->   "%br_ln177 = br void %for.inc241" [flash_attention.cpp:177]   --->   Operation 192 'br' 'br_ln177' <Predicate = (icmp_ln174)> <Delay = 0.00>
ST_28 : Operation 193 [1/1] (3.25ns)   --->   "%store_ln175 = store i32 %div235_1, i6 %acc_1_addr" [flash_attention.cpp:175]   --->   Operation 193 'store' 'store_ln175' <Predicate = (icmp_ln174_1)> <Delay = 3.25> <CoreInst = "RAM">   --->   Core 82 'RAM' <Latency = 1> <II = 1> <Delay = 3.25> <Storage> <Opcode : 'load' 'store'> <Ports = 2> <Width = 32> <Depth = 64> <RAM>
ST_28 : Operation 194 [1/1] (0.00ns)   --->   "%br_ln177 = br void %for.inc241.1" [flash_attention.cpp:177]   --->   Operation 194 'br' 'br_ln177' <Predicate = (icmp_ln174_1)> <Delay = 0.00>
ST_28 : Operation 195 [1/1] (3.25ns)   --->   "%store_ln175 = store i32 %div235_2, i6 %acc_2_addr" [flash_attention.cpp:175]   --->   Operation 195 'store' 'store_ln175' <Predicate = (icmp_ln174_2)> <Delay = 3.25> <CoreInst = "RAM">   --->   Core 82 'RAM' <Latency = 1> <II = 1> <Delay = 3.25> <Storage> <Opcode : 'load' 'store'> <Ports = 2> <Width = 32> <Depth = 64> <RAM>
ST_28 : Operation 196 [1/1] (0.00ns)   --->   "%br_ln177 = br void %for.inc241.2" [flash_attention.cpp:177]   --->   Operation 196 'br' 'br_ln177' <Predicate = (icmp_ln174_2)> <Delay = 0.00>
ST_28 : Operation 197 [1/1] (3.25ns)   --->   "%store_ln175 = store i32 %div235_3, i6 %acc_3_addr" [flash_attention.cpp:175]   --->   Operation 197 'store' 'store_ln175' <Predicate = (icmp_ln174_3)> <Delay = 3.25> <CoreInst = "RAM">   --->   Core 82 'RAM' <Latency = 1> <II = 1> <Delay = 3.25> <Storage> <Opcode : 'load' 'store'> <Ports = 2> <Width = 32> <Depth = 64> <RAM>
ST_28 : Operation 198 [1/1] (0.00ns)   --->   "%br_ln177 = br void %for.inc241.3" [flash_attention.cpp:177]   --->   Operation 198 'br' 'br_ln177' <Predicate = (icmp_ln174_3)> <Delay = 0.00>


============================================================
+ Verbose Summary: Timing violations
============================================================
Target clock period: 10.000ns, clock uncertainty: 2.700ns.

 <State 1>: 5.118ns
The critical path consists of the following:
	'store' operation 0 bit ('store_ln172', flash_attention.cpp:172) of constant 0 on local variable 'x', flash_attention.cpp:172 [18]  (1.588 ns)
	'load' operation 6 bit ('x', flash_attention.cpp:172) on local variable 'x', flash_attention.cpp:172 [21]  (0.000 ns)
	'add' operation 6 bit ('add_ln172', flash_attention.cpp:172) [92]  (1.825 ns)
	'store' operation 0 bit ('store_ln172', flash_attention.cpp:172) of variable 'add_ln172', flash_attention.cpp:172 on local variable 'x', flash_attention.cpp:172 [93]  (1.588 ns)
	blocking operation 0.117 ns on control path)

 <State 2>: 3.254ns
The critical path consists of the following:
	'load' operation 32 bit ('acc_load', flash_attention.cpp:176) on array 'acc' [43]  (3.254 ns)

 <State 3>: 5.702ns
The critical path consists of the following:
	'fmul' operation 32 bit ('mul3', flash_attention.cpp:176) [44]  (5.702 ns)

 <State 4>: 5.702ns
The critical path consists of the following:
	'fmul' operation 32 bit ('mul3', flash_attention.cpp:176) [44]  (5.702 ns)

 <State 5>: 5.702ns
The critical path consists of the following:
	'fmul' operation 32 bit ('mul3', flash_attention.cpp:176) [44]  (5.702 ns)

 <State 6>: 5.702ns
The critical path consists of the following:
	'fmul' operation 32 bit ('mul3', flash_attention.cpp:176) [44]  (5.702 ns)

 <State 7>: 7.256ns
The critical path consists of the following:
	'fadd' operation 32 bit ('add1', flash_attention.cpp:176) [47]  (7.256 ns)

 <State 8>: 7.256ns
The critical path consists of the following:
	'fadd' operation 32 bit ('add1', flash_attention.cpp:176) [47]  (7.256 ns)

 <State 9>: 7.256ns
The critical path consists of the following:
	'fadd' operation 32 bit ('add1', flash_attention.cpp:176) [47]  (7.256 ns)

 <State 10>: 7.256ns
The critical path consists of the following:
	'fadd' operation 32 bit ('add1', flash_attention.cpp:176) [47]  (7.256 ns)

 <State 11>: 7.256ns
The critical path consists of the following:
	'fadd' operation 32 bit ('add1', flash_attention.cpp:176) [47]  (7.256 ns)

 <State 12>: 6.075ns
The critical path consists of the following:
	'fdiv' operation 32 bit ('div', flash_attention.cpp:176) [48]  (6.075 ns)

 <State 13>: 6.075ns
The critical path consists of the following:
	'fdiv' operation 32 bit ('div', flash_attention.cpp:176) [48]  (6.075 ns)

 <State 14>: 6.075ns
The critical path consists of the following:
	'fdiv' operation 32 bit ('div', flash_attention.cpp:176) [48]  (6.075 ns)

 <State 15>: 6.075ns
The critical path consists of the following:
	'fdiv' operation 32 bit ('div', flash_attention.cpp:176) [48]  (6.075 ns)

 <State 16>: 6.075ns
The critical path consists of the following:
	'fdiv' operation 32 bit ('div', flash_attention.cpp:176) [48]  (6.075 ns)

 <State 17>: 6.075ns
The critical path consists of the following:
	'fdiv' operation 32 bit ('div', flash_attention.cpp:176) [48]  (6.075 ns)

 <State 18>: 6.075ns
The critical path consists of the following:
	'fdiv' operation 32 bit ('div', flash_attention.cpp:176) [48]  (6.075 ns)

 <State 19>: 6.075ns
The critical path consists of the following:
	'fdiv' operation 32 bit ('div', flash_attention.cpp:176) [48]  (6.075 ns)

 <State 20>: 6.075ns
The critical path consists of the following:
	'fdiv' operation 32 bit ('div', flash_attention.cpp:176) [48]  (6.075 ns)

 <State 21>: 6.075ns
The critical path consists of the following:
	'fdiv' operation 32 bit ('div', flash_attention.cpp:176) [48]  (6.075 ns)

 <State 22>: 6.075ns
The critical path consists of the following:
	'fdiv' operation 32 bit ('div', flash_attention.cpp:176) [48]  (6.075 ns)

 <State 23>: 6.075ns
The critical path consists of the following:
	'fdiv' operation 32 bit ('div', flash_attention.cpp:176) [48]  (6.075 ns)

 <State 24>: 6.075ns
The critical path consists of the following:
	'fdiv' operation 32 bit ('div', flash_attention.cpp:176) [48]  (6.075 ns)

 <State 25>: 6.075ns
The critical path consists of the following:
	'fdiv' operation 32 bit ('div', flash_attention.cpp:176) [48]  (6.075 ns)

 <State 26>: 6.075ns
The critical path consists of the following:
	'fdiv' operation 32 bit ('div', flash_attention.cpp:176) [48]  (6.075 ns)

 <State 27>: 6.075ns
The critical path consists of the following:
	'fdiv' operation 32 bit ('div', flash_attention.cpp:176) [48]  (6.075 ns)

 <State 28>: 3.254ns
The critical path consists of the following:
	'store' operation 0 bit ('store_ln175', flash_attention.cpp:175) of variable 'div', flash_attention.cpp:176 on array 'acc' [49]  (3.254 ns)


============================================================
+ Verbose Summary: Binding
============================================================
N/A
* FSMD analyzer results:
  - Output states:
 - Input state : 
  - Chain level:
	State 1
	State 2
	State 3
	State 4
	State 5
	State 6
	State 7
	State 8
	State 9
	State 10
	State 11
	State 12
	State 13
	State 14
	State 15
	State 16
	State 17
	State 18
	State 19
	State 20
	State 21
	State 22
	State 23
	State 24
	State 25
	State 26
	State 27
	State 28


============================================================
+ Verbose Summary: Datapath Resource usage 
============================================================
N/A
