

================================================================
== Vitis HLS Report for 'flash_attention_hls_Pipeline_FIND_MAX'
================================================================
* Date:           Fri May  8 14:39:22 2026

* Version:        2023.2 (Build 4023990 on Oct 11 2023)
* Project:        flash_attention_proj
* Solution:       solution1 (Vivado IP Flow Target)
* Product family: zynq
* Target device:  xc7z020-clg400-1


================================================================
== Performance Estimates
================================================================
+ Timing: 
    * Summary: 
    +--------+----------+----------+------------+
    |  Clock |  Target  | Estimated| Uncertainty|
    +--------+----------+----------+------------+
    |ap_clk  |  10.00 ns|  8.695 ns|     2.70 ns|
    +--------+----------+----------+------------+

+ Latency: 
    * Summary: 
    +---------+---------+----------+----------+-----+-----+---------+
    |  Latency (cycles) |  Latency (absolute) |  Interval | Pipeline|
    |   min   |   max   |    min   |    max   | min | max |   Type  |
    +---------+---------+----------+----------+-----+-----+---------+
    |        ?|        ?|         ?|         ?|    ?|    ?|       no|
    +---------+---------+----------+----------+-----+-----+---------+

    + Detail: 
        * Instance: 
        N/A

        * Loop: 
        +------------+---------+---------+----------+-----------+-----------+------+----------+
        |            |  Latency (cycles) | Iteration|  Initiation Interval  | Trip |          |
        |  Loop Name |   min   |   max   |  Latency |  achieved |   target  | Count| Pipelined|
        +------------+---------+---------+----------+-----------+-----------+------+----------+
        |- FIND_MAX  |        ?|        ?|         3|          1|          1|     ?|       yes|
        +------------+---------+---------+----------+-----------+-----------+------+----------+

============================================================
+ Verbose Summary: Synthesis Manager
============================================================
InlineROM: 1
ExposeGlobal: 0
============================================================
+ Verbose Summary: CDFG Model
============================================================
IsTopModel: 0
ResetActiveHigh: 1
IsCombinational: 0
IsDatapathOnly: 0
HasWiredReturn: 1
HasMFsm: 2
HasVarLatency: 1
IsPipeline: 0
IsRtlPipelined: 0
IsInstanceOverlapped: 0
IsDontTouch: 0
HasImplIP: 0
IsGatedGlobalClock: 0

+ Individual pipeline summary: 
  * Pipeline-0: initiation interval (II) = 1, depth = 3


============================================================
+ Verbose Summary: Schedule
============================================================
* Number of FSM states : 3
* Pipeline : 1
  Pipeline-0 : II = 1, D = 3, States = { 1 2 3 }
* Dataflow Pipeline: 0

* FSM state transitions: 
1 --> 2 
2 --> 3 
3 --> 

* FSM state operations: 

State 1 <SV = 0> <Delay = 6.66>
ST_1 : Operation 6 [1/1] (0.00ns)   --->   "%tile_max = alloca i32 1" [flash_attention.cpp:134]   --->   Operation 6 'alloca' 'tile_max' <Predicate = true> <Delay = 0.00>
ST_1 : Operation 7 [1/1] (0.00ns)   --->   "%j = alloca i32 1" [flash_attention.cpp:136]   --->   Operation 7 'alloca' 'j' <Predicate = true> <Delay = 0.00>
ST_1 : Operation 8 [1/1] (0.00ns)   --->   "%zext_ln138_read = read i6 @_ssdm_op_Read.ap_auto.i6, i6 %zext_ln138"   --->   Operation 8 'read' 'zext_ln138_read' <Predicate = true> <Delay = 0.00>
ST_1 : Operation 9 [1/1] (0.00ns)   --->   "%k_lim_read = read i32 @_ssdm_op_Read.ap_auto.i32, i32 %k_lim"   --->   Operation 9 'read' 'k_lim_read' <Predicate = true> <Delay = 0.00>
ST_1 : Operation 10 [1/1] (1.58ns)   --->   "%store_ln136 = store i31 0, i31 %j" [flash_attention.cpp:136]   --->   Operation 10 'store' 'store_ln136' <Predicate = true> <Delay = 1.58>
ST_1 : Operation 11 [1/1] (1.58ns)   --->   "%store_ln134 = store i32 -1e+30, i32 %tile_max" [flash_attention.cpp:134]   --->   Operation 11 'store' 'store_ln134' <Predicate = true> <Delay = 1.58>
ST_1 : Operation 12 [1/1] (0.00ns)   --->   "%br_ln0 = br void %for.body141"   --->   Operation 12 'br' 'br_ln0' <Predicate = true> <Delay = 0.00>
ST_1 : Operation 13 [1/1] (0.00ns)   --->   "%j_2 = load i31 %j" [flash_attention.cpp:138]   --->   Operation 13 'load' 'j_2' <Predicate = true> <Delay = 0.00>
ST_1 : Operation 14 [1/1] (0.00ns)   --->   "%zext_ln136 = zext i31 %j_2" [flash_attention.cpp:136]   --->   Operation 14 'zext' 'zext_ln136' <Predicate = true> <Delay = 0.00>
ST_1 : Operation 15 [1/1] (2.55ns)   --->   "%icmp_ln136 = icmp_slt  i32 %zext_ln136, i32 %k_lim_read" [flash_attention.cpp:136]   --->   Operation 15 'icmp' 'icmp_ln136' <Predicate = true> <Delay = 2.55> <CoreInst = "Cmp">   --->   Core 9 'Cmp' <Latency = 0> <II = 1> <Delay = 2.55> <FuncUnit> <Opcode : 'icmp'> <InPorts = 2> <OutPorts = 1>
ST_1 : Operation 16 [1/1] (2.52ns)   --->   "%add_ln136 = add i31 %j_2, i31 1" [flash_attention.cpp:136]   --->   Operation 16 'add' 'add_ln136' <Predicate = true> <Delay = 2.52> <CoreInst = "Adder">   --->   Core 1 'Adder' <Latency = 0> <II = 1> <Delay = 2.52> <FuncUnit> <Opcode : 'add' 'sub'> <InPorts = 2> <OutPorts = 1>
ST_1 : Operation 17 [1/1] (0.00ns)   --->   "%br_ln136 = br i1 %icmp_ln136, void %for.end155.loopexit.exitStub, void %for.body141.split" [flash_attention.cpp:136]   --->   Operation 17 'br' 'br_ln136' <Predicate = true> <Delay = 0.00>
ST_1 : Operation 18 [1/1] (0.00ns)   --->   "%trunc_ln138 = trunc i31 %j_2" [flash_attention.cpp:138]   --->   Operation 18 'trunc' 'trunc_ln138' <Predicate = (icmp_ln136)> <Delay = 0.00>
ST_1 : Operation 19 [1/1] (1.82ns)   --->   "%add_ln138 = add i6 %zext_ln138_read, i6 %trunc_ln138" [flash_attention.cpp:138]   --->   Operation 19 'add' 'add_ln138' <Predicate = (icmp_ln136)> <Delay = 1.82> <CoreInst = "Adder">   --->   Core 1 'Adder' <Latency = 0> <II = 1> <Delay = 1.82> <FuncUnit> <Opcode : 'add' 'sub'> <InPorts = 2> <OutPorts = 1>
ST_1 : Operation 20 [1/1] (0.00ns)   --->   "%zext_ln138_1 = zext i6 %add_ln138" [flash_attention.cpp:138]   --->   Operation 20 'zext' 'zext_ln138_1' <Predicate = (icmp_ln136)> <Delay = 0.00>
ST_1 : Operation 21 [1/1] (0.00ns)   --->   "%scores_addr = getelementptr i32 %scores, i64 0, i64 %zext_ln138_1" [flash_attention.cpp:138]   --->   Operation 21 'getelementptr' 'scores_addr' <Predicate = (icmp_ln136)> <Delay = 0.00>
ST_1 : Operation 22 [2/2] (3.25ns)   --->   "%tile_max_1 = load i6 %scores_addr" [flash_attention.cpp:138]   --->   Operation 22 'load' 'tile_max_1' <Predicate = (icmp_ln136)> <Delay = 3.25> <CoreInst = "RAM">   --->   Core 82 'RAM' <Latency = 1> <II = 1> <Delay = 3.25> <Storage> <Opcode : 'load' 'store'> <Ports = 2> <Width = 32> <Depth = 64> <RAM>
ST_1 : Operation 23 [1/1] (1.58ns)   --->   "%store_ln136 = store i31 %add_ln136, i31 %j" [flash_attention.cpp:136]   --->   Operation 23 'store' 'store_ln136' <Predicate = (icmp_ln136)> <Delay = 1.58>

State 2 <SV = 1> <Delay = 8.68>
ST_2 : Operation 24 [1/1] (0.00ns)   --->   "%tile_max_load_1 = load i32 %tile_max" [flash_attention.cpp:138]   --->   Operation 24 'load' 'tile_max_load_1' <Predicate = true> <Delay = 0.00>
ST_2 : Operation 25 [1/2] (3.25ns)   --->   "%tile_max_1 = load i6 %scores_addr" [flash_attention.cpp:138]   --->   Operation 25 'load' 'tile_max_1' <Predicate = true> <Delay = 3.25> <CoreInst = "RAM">   --->   Core 82 'RAM' <Latency = 1> <II = 1> <Delay = 3.25> <Storage> <Opcode : 'load' 'store'> <Ports = 2> <Width = 32> <Depth = 64> <RAM>
ST_2 : Operation 26 [1/1] (0.00ns)   --->   "%bitcast_ln138 = bitcast i32 %tile_max_1" [flash_attention.cpp:138]   --->   Operation 26 'bitcast' 'bitcast_ln138' <Predicate = true> <Delay = 0.00>
ST_2 : Operation 27 [1/1] (0.00ns)   --->   "%tmp_2 = partselect i8 @_ssdm_op_PartSelect.i8.i32.i32.i32, i32 %bitcast_ln138, i32 23, i32 30" [flash_attention.cpp:138]   --->   Operation 27 'partselect' 'tmp_2' <Predicate = true> <Delay = 0.00>
ST_2 : Operation 28 [1/1] (0.00ns)   --->   "%trunc_ln138_1 = trunc i32 %bitcast_ln138" [flash_attention.cpp:138]   --->   Operation 28 'trunc' 'trunc_ln138_1' <Predicate = true> <Delay = 0.00>
ST_2 : Operation 29 [1/1] (0.00ns)   --->   "%bitcast_ln138_1 = bitcast i32 %tile_max_load_1" [flash_attention.cpp:138]   --->   Operation 29 'bitcast' 'bitcast_ln138_1' <Predicate = true> <Delay = 0.00>
ST_2 : Operation 30 [1/1] (0.00ns)   --->   "%tmp_3 = partselect i8 @_ssdm_op_PartSelect.i8.i32.i32.i32, i32 %bitcast_ln138_1, i32 23, i32 30" [flash_attention.cpp:138]   --->   Operation 30 'partselect' 'tmp_3' <Predicate = true> <Delay = 0.00>
ST_2 : Operation 31 [1/1] (0.00ns)   --->   "%trunc_ln138_2 = trunc i32 %bitcast_ln138_1" [flash_attention.cpp:138]   --->   Operation 31 'trunc' 'trunc_ln138_2' <Predicate = true> <Delay = 0.00>
ST_2 : Operation 32 [1/1] (1.91ns)   --->   "%icmp_ln138 = icmp_ne  i8 %tmp_2, i8 255" [flash_attention.cpp:138]   --->   Operation 32 'icmp' 'icmp_ln138' <Predicate = true> <Delay = 1.91> <CoreInst = "Cmp">   --->   Core 9 'Cmp' <Latency = 0> <II = 1> <Delay = 1.91> <FuncUnit> <Opcode : 'icmp'> <InPorts = 2> <OutPorts = 1>
ST_2 : Operation 33 [1/1] (2.28ns)   --->   "%icmp_ln138_1 = icmp_eq  i23 %trunc_ln138_1, i23 0" [flash_attention.cpp:138]   --->   Operation 33 'icmp' 'icmp_ln138_1' <Predicate = true> <Delay = 2.28> <CoreInst = "Cmp">   --->   Core 9 'Cmp' <Latency = 0> <II = 1> <Delay = 2.28> <FuncUnit> <Opcode : 'icmp'> <InPorts = 2> <OutPorts = 1>
ST_2 : Operation 34 [1/1] (1.91ns)   --->   "%icmp_ln138_2 = icmp_ne  i8 %tmp_3, i8 255" [flash_attention.cpp:138]   --->   Operation 34 'icmp' 'icmp_ln138_2' <Predicate = true> <Delay = 1.91> <CoreInst = "Cmp">   --->   Core 9 'Cmp' <Latency = 0> <II = 1> <Delay = 1.91> <FuncUnit> <Opcode : 'icmp'> <InPorts = 2> <OutPorts = 1>
ST_2 : Operation 35 [1/1] (2.28ns)   --->   "%icmp_ln138_3 = icmp_eq  i23 %trunc_ln138_2, i23 0" [flash_attention.cpp:138]   --->   Operation 35 'icmp' 'icmp_ln138_3' <Predicate = true> <Delay = 2.28> <CoreInst = "Cmp">   --->   Core 9 'Cmp' <Latency = 0> <II = 1> <Delay = 2.28> <FuncUnit> <Opcode : 'icmp'> <InPorts = 2> <OutPorts = 1>
ST_2 : Operation 36 [2/2] (5.43ns)   --->   "%tmp_4 = fcmp_ogt  i32 %tile_max_1, i32 %tile_max_load_1" [flash_attention.cpp:138]   --->   Operation 36 'fcmp' 'tmp_4' <Predicate = true> <Delay = 5.43> <CoreInst = "FCompare">   --->   Core 19 'FCompare' <Latency = 1> <II = 1> <Delay = 5.43> <FuncUnit> <Opcode : 'fcmp'> <InPorts = 2> <OutPorts = 1>
ST_2 : Operation 47 [1/1] (0.00ns)   --->   "%tile_max_load = load i32 %tile_max"   --->   Operation 47 'load' 'tile_max_load' <Predicate = (!icmp_ln136)> <Delay = 0.00>
ST_2 : Operation 48 [1/1] (0.00ns)   --->   "%write_ln0 = write void @_ssdm_op_Write.ap_auto.floatP0A, i32 %tile_max_out, i32 %tile_max_load"   --->   Operation 48 'write' 'write_ln0' <Predicate = (!icmp_ln136)> <Delay = 0.00>
ST_2 : Operation 49 [1/1] (0.00ns)   --->   "%ret_ln0 = ret"   --->   Operation 49 'ret' 'ret_ln0' <Predicate = (!icmp_ln136)> <Delay = 0.00>

State 3 <SV = 2> <Delay = 8.69>
ST_3 : Operation 37 [1/1] (0.00ns)   --->   "%specpipeline_ln137 = specpipeline void @_ssdm_op_SpecPipeline, i32 1, i32 0, i32 0, i32 0, void @empty_22" [flash_attention.cpp:137]   --->   Operation 37 'specpipeline' 'specpipeline_ln137' <Predicate = true> <Delay = 0.00>
ST_3 : Operation 38 [1/1] (0.00ns)   --->   "%specloopname_ln136 = specloopname void @_ssdm_op_SpecLoopName, void @empty_26" [flash_attention.cpp:136]   --->   Operation 38 'specloopname' 'specloopname_ln136' <Predicate = true> <Delay = 0.00>
ST_3 : Operation 39 [1/1] (0.00ns) (grouped into LUT with out node and_ln138_1)   --->   "%or_ln138 = or i1 %icmp_ln138_1, i1 %icmp_ln138" [flash_attention.cpp:138]   --->   Operation 39 'or' 'or_ln138' <Predicate = true> <Delay = 0.00> <CoreInst = "LogicGate">   --->   Core 74 'LogicGate' <Latency = 0> <II = 1> <Delay = 0.97> <FuncUnit> <Opcode : 'and' 'or' 'xor'> <InPorts = 2> <OutPorts = 1>
ST_3 : Operation 40 [1/1] (0.00ns) (grouped into LUT with out node and_ln138_1)   --->   "%or_ln138_1 = or i1 %icmp_ln138_3, i1 %icmp_ln138_2" [flash_attention.cpp:138]   --->   Operation 40 'or' 'or_ln138_1' <Predicate = true> <Delay = 0.00> <CoreInst = "LogicGate">   --->   Core 74 'LogicGate' <Latency = 0> <II = 1> <Delay = 0.97> <FuncUnit> <Opcode : 'and' 'or' 'xor'> <InPorts = 2> <OutPorts = 1>
ST_3 : Operation 41 [1/2] (5.43ns)   --->   "%tmp_4 = fcmp_ogt  i32 %tile_max_1, i32 %tile_max_load_1" [flash_attention.cpp:138]   --->   Operation 41 'fcmp' 'tmp_4' <Predicate = true> <Delay = 5.43> <CoreInst = "FCompare">   --->   Core 19 'FCompare' <Latency = 1> <II = 1> <Delay = 5.43> <FuncUnit> <Opcode : 'fcmp'> <InPorts = 2> <OutPorts = 1>
ST_3 : Operation 42 [1/1] (0.00ns) (grouped into LUT with out node and_ln138_1)   --->   "%and_ln138 = and i1 %tmp_4, i1 %or_ln138" [flash_attention.cpp:138]   --->   Operation 42 'and' 'and_ln138' <Predicate = true> <Delay = 0.00> <CoreInst = "LogicGate">   --->   Core 74 'LogicGate' <Latency = 0> <II = 1> <Delay = 0.97> <FuncUnit> <Opcode : 'and' 'or' 'xor'> <InPorts = 2> <OutPorts = 1>
ST_3 : Operation 43 [1/1] (0.97ns) (out node of the LUT)   --->   "%and_ln138_1 = and i1 %and_ln138, i1 %or_ln138_1" [flash_attention.cpp:138]   --->   Operation 43 'and' 'and_ln138_1' <Predicate = true> <Delay = 0.97> <CoreInst = "LogicGate">   --->   Core 74 'LogicGate' <Latency = 0> <II = 1> <Delay = 0.97> <FuncUnit> <Opcode : 'and' 'or' 'xor'> <InPorts = 2> <OutPorts = 1>
ST_3 : Operation 44 [1/1] (0.69ns) (out node of the LUT)   --->   "%tile_max_2 = select i1 %and_ln138_1, i32 %tile_max_1, i32 %tile_max_load_1" [flash_attention.cpp:138]   --->   Operation 44 'select' 'tile_max_2' <Predicate = true> <Delay = 0.69> <CoreInst = "Sel">   --->   Core 73 'Sel' <Latency = 0> <II = 1> <Delay = 0.69> <FuncUnit> <Opcode : 'select'> <InPorts = 3> <OutPorts = 1>
ST_3 : Operation 45 [1/1] (1.58ns)   --->   "%store_ln134 = store i32 %tile_max_2, i32 %tile_max" [flash_attention.cpp:134]   --->   Operation 45 'store' 'store_ln134' <Predicate = true> <Delay = 1.58>
ST_3 : Operation 46 [1/1] (0.00ns)   --->   "%br_ln136 = br void %for.body141" [flash_attention.cpp:136]   --->   Operation 46 'br' 'br_ln136' <Predicate = true> <Delay = 0.00>


============================================================
+ Verbose Summary: Timing violations
============================================================
Target clock period: 10.000ns, clock uncertainty: 2.700ns.

 <State 1>: 6.667ns
The critical path consists of the following:
	'store' operation 0 bit ('store_ln136', flash_attention.cpp:136) of constant 0 on local variable 'j', flash_attention.cpp:136 [9]  (1.588 ns)
	'load' operation 31 bit ('j', flash_attention.cpp:138) on local variable 'j', flash_attention.cpp:136 [13]  (0.000 ns)
	'add' operation 6 bit ('add_ln138', flash_attention.cpp:138) [21]  (1.825 ns)
	'getelementptr' operation 6 bit ('scores_addr', flash_attention.cpp:138) [23]  (0.000 ns)
	'load' operation 32 bit ('tile_max', flash_attention.cpp:138) on array 'scores' [26]  (3.254 ns)

 <State 2>: 8.685ns
The critical path consists of the following:
	'load' operation 32 bit ('tile_max', flash_attention.cpp:138) on array 'scores' [26]  (3.254 ns)
	'fcmp' operation 1 bit ('tmp_4', flash_attention.cpp:138) [39]  (5.431 ns)

 <State 3>: 8.695ns
The critical path consists of the following:
	'fcmp' operation 1 bit ('tmp_4', flash_attention.cpp:138) [39]  (5.431 ns)
	'and' operation 1 bit ('and_ln138', flash_attention.cpp:138) [40]  (0.000 ns)
	'and' operation 1 bit ('and_ln138_1', flash_attention.cpp:138) [41]  (0.978 ns)
	'select' operation 32 bit ('tile_max', flash_attention.cpp:138) [42]  (0.698 ns)
	'store' operation 0 bit ('store_ln134', flash_attention.cpp:134) of variable 'tile_max', flash_attention.cpp:138 on local variable 'tile_max', flash_attention.cpp:134 [44]  (1.588 ns)


============================================================
+ Verbose Summary: Binding
============================================================
N/A
* FSMD analyzer results:
  - Output states:
 - Input state : 
  - Chain level:
	State 1
	State 2
	State 3


============================================================
+ Verbose Summary: Datapath Resource usage 
============================================================
N/A
