

================================================================
== Vitis HLS Report for 'flash_attention_hls_Pipeline_LOAD_Q_VITIS_LOOP_69_1'
================================================================
* Date:           Fri May  8 14:39:21 2026

* Version:        2023.2 (Build 4023990 on Oct 11 2023)
* Project:        flash_attention_proj
* Solution:       solution1 (Vivado IP Flow Target)
* Product family: zynq
* Target device:  xc7z020-clg400-1


================================================================
== Performance Estimates
================================================================
+ Timing: 
    * Summary: 
    +--------+----------+----------+------------+
    |  Clock |  Target  | Estimated| Uncertainty|
    +--------+----------+----------+------------+
    |ap_clk  |  10.00 ns|  7.396 ns|     2.70 ns|
    +--------+----------+----------+------------+

+ Latency: 
    * Summary: 
    +---------+---------+----------+----------+-----+-----+---------+
    |  Latency (cycles) |  Latency (absolute) |  Interval | Pipeline|
    |   min   |   max   |    min   |    max   | min | max |   Type  |
    +---------+---------+----------+----------+-----+-----+---------+
    |        ?|        ?|         ?|         ?|    ?|    ?|       no|
    +---------+---------+----------+----------+-----+-----+---------+

    + Detail: 
        * Instance: 
        N/A

        * Loop: 
        +--------------------------+---------+---------+----------+-----------+-----------+------+----------+
        |                          |  Latency (cycles) | Iteration|  Initiation Interval  | Trip |          |
        |         Loop Name        |   min   |   max   |  Latency |  achieved |   target  | Count| Pipelined|
        +--------------------------+---------+---------+----------+-----------+-----------+------+----------+
        |- LOAD_Q_VITIS_LOOP_69_1  |        ?|        ?|        12|          1|          1|     ?|       yes|
        +--------------------------+---------+---------+----------+-----------+-----------+------+----------+

============================================================
+ Verbose Summary: Synthesis Manager
============================================================
InlineROM: 1
ExposeGlobal: 0
============================================================
+ Verbose Summary: CDFG Model
============================================================
IsTopModel: 0
ResetActiveHigh: 1
IsCombinational: 0
IsDatapathOnly: 0
HasWiredReturn: 1
HasMFsm: 2
HasVarLatency: 1
IsPipeline: 0
IsRtlPipelined: 0
IsInstanceOverlapped: 0
IsDontTouch: 0
HasImplIP: 0
IsGatedGlobalClock: 0

+ Individual pipeline summary: 
  * Pipeline-0: initiation interval (II) = 1, depth = 13


============================================================
+ Verbose Summary: Schedule
============================================================
* Number of FSM states : 13
* Pipeline : 1
  Pipeline-0 : II = 1, D = 13, States = { 1 2 3 4 5 6 7 8 9 10 11 12 13 }
* Dataflow Pipeline: 0

* FSM state transitions: 
1 --> 2 
2 --> 3 
3 --> 4 
4 --> 5 
5 --> 6 
6 --> 7 
7 --> 8 
8 --> 9 
9 --> 10 
10 --> 11 
11 --> 12 
12 --> 13 
13 --> 

* FSM state operations: 

State 1 <SV = 0> <Delay = 1.58>
ST_1 : Operation 15 [1/1] (0.00ns)   --->   "%x = alloca i32 1" [flash_attention.cpp:69]   --->   Operation 15 'alloca' 'x' <Predicate = true> <Delay = 0.00>
ST_1 : Operation 16 [1/1] (0.00ns)   --->   "%i = alloca i32 1" [flash_attention.cpp:68]   --->   Operation 16 'alloca' 'i' <Predicate = true> <Delay = 0.00>
ST_1 : Operation 17 [1/1] (0.00ns)   --->   "%indvar_flatten = alloca i32 1"   --->   Operation 17 'alloca' 'indvar_flatten' <Predicate = true> <Delay = 0.00>
ST_1 : Operation 18 [1/1] (0.00ns)   --->   "%Q_read = read i64 @_ssdm_op_Read.ap_auto.i64, i64 %Q"   --->   Operation 18 'read' 'Q_read' <Predicate = true> <Delay = 0.00>
ST_1 : Operation 19 [1/1] (0.00ns)   --->   "%shl_ln68_2_read = read i32 @_ssdm_op_Read.ap_auto.i32, i32 %shl_ln68_2"   --->   Operation 19 'read' 'shl_ln68_2_read' <Predicate = true> <Delay = 0.00>
ST_1 : Operation 20 [1/1] (0.00ns)   --->   "%zext_ln63_read = read i31 @_ssdm_op_Read.ap_auto.i31, i31 %zext_ln63"   --->   Operation 20 'read' 'zext_ln63_read' <Predicate = true> <Delay = 0.00>
ST_1 : Operation 21 [1/1] (0.00ns)   --->   "%mul_ln68_read = read i63 @_ssdm_op_Read.ap_auto.i63, i63 %mul_ln68"   --->   Operation 21 'read' 'mul_ln68_read' <Predicate = true> <Delay = 0.00>
ST_1 : Operation 22 [1/1] (0.00ns)   --->   "%d_read = read i32 @_ssdm_op_Read.ap_auto.i32, i32 %d"   --->   Operation 22 'read' 'd_read' <Predicate = true> <Delay = 0.00>
ST_1 : Operation 23 [1/1] (0.00ns)   --->   "%zext_ln63_cast = zext i31 %zext_ln63_read"   --->   Operation 23 'zext' 'zext_ln63_cast' <Predicate = true> <Delay = 0.00>
ST_1 : Operation 24 [1/1] (0.00ns)   --->   "%specinterface_ln0 = specinterface void @_ssdm_op_SpecInterface, i32 %gmem0, void @empty_5, i32 0, i32 0, void @empty_22, i32 0, i32 2048, void @empty_3, void @empty_23, void @empty_22, i32 16, i32 16, i32 16, i32 16, void @empty_22, void @empty_22, i32 4294967295, i32 0"   --->   Operation 24 'specinterface' 'specinterface_ln0' <Predicate = true> <Delay = 0.00>
ST_1 : Operation 25 [1/1] (1.58ns)   --->   "%store_ln0 = store i63 0, i63 %indvar_flatten"   --->   Operation 25 'store' 'store_ln0' <Predicate = true> <Delay = 1.58>
ST_1 : Operation 26 [1/1] (1.58ns)   --->   "%store_ln68 = store i31 0, i31 %i" [flash_attention.cpp:68]   --->   Operation 26 'store' 'store_ln68' <Predicate = true> <Delay = 1.58>
ST_1 : Operation 27 [1/1] (1.58ns)   --->   "%store_ln69 = store i31 0, i31 %x" [flash_attention.cpp:69]   --->   Operation 27 'store' 'store_ln69' <Predicate = true> <Delay = 1.58>
ST_1 : Operation 28 [1/1] (1.58ns)   --->   "%br_ln0 = br void %for.inc"   --->   Operation 28 'br' 'br_ln0' <Predicate = true> <Delay = 1.58>

State 2 <SV = 1> <Delay = 7.39>
ST_2 : Operation 29 [1/1] (0.00ns)   --->   "%first_iter_0 = phi i1 1, void %newFuncRoot, i1 0, void %arrayidx1514.exit"   --->   Operation 29 'phi' 'first_iter_0' <Predicate = true> <Delay = 0.00>
ST_2 : Operation 30 [1/1] (0.00ns)   --->   "%x_4 = load i31 %x" [flash_attention.cpp:69]   --->   Operation 30 'load' 'x_4' <Predicate = true> <Delay = 0.00>
ST_2 : Operation 31 [1/1] (0.00ns)   --->   "%indvar_flatten_load = load i63 %indvar_flatten" [flash_attention.cpp:68]   --->   Operation 31 'load' 'indvar_flatten_load' <Predicate = true> <Delay = 0.00>
ST_2 : Operation 32 [1/1] (0.00ns)   --->   "%specbitsmap_ln0 = specbitsmap void @_ssdm_op_SpecBitsMap, i32 %gmem0"   --->   Operation 32 'specbitsmap' 'specbitsmap_ln0' <Predicate = true> <Delay = 0.00>
ST_2 : Operation 33 [1/1] (0.00ns)   --->   "%zext_ln69 = zext i31 %x_4" [flash_attention.cpp:69]   --->   Operation 33 'zext' 'zext_ln69' <Predicate = true> <Delay = 0.00>
ST_2 : Operation 34 [1/1] (2.55ns)   --->   "%icmp_ln69 = icmp_slt  i32 %zext_ln69, i32 %d_read" [flash_attention.cpp:69]   --->   Operation 34 'icmp' 'icmp_ln69' <Predicate = true> <Delay = 2.55> <CoreInst = "Cmp">   --->   Core 9 'Cmp' <Latency = 0> <II = 1> <Delay = 2.55> <FuncUnit> <Opcode : 'icmp'> <InPorts = 2> <OutPorts = 1>
ST_2 : Operation 35 [1/1] (3.49ns)   --->   "%icmp_ln68 = icmp_eq  i63 %indvar_flatten_load, i63 %mul_ln68_read" [flash_attention.cpp:68]   --->   Operation 35 'icmp' 'icmp_ln68' <Predicate = true> <Delay = 3.49> <CoreInst = "Cmp">   --->   Core 9 'Cmp' <Latency = 0> <II = 1> <Delay = 3.49> <FuncUnit> <Opcode : 'icmp'> <InPorts = 2> <OutPorts = 1>
ST_2 : Operation 36 [1/1] (3.49ns)   --->   "%add_ln68_3 = add i63 %indvar_flatten_load, i63 1" [flash_attention.cpp:68]   --->   Operation 36 'add' 'add_ln68_3' <Predicate = true> <Delay = 3.49> <CoreInst = "Adder">   --->   Core 1 'Adder' <Latency = 0> <II = 1> <Delay = 3.49> <FuncUnit> <Opcode : 'add' 'sub'> <InPorts = 2> <OutPorts = 1>
ST_2 : Operation 37 [1/1] (0.00ns)   --->   "%br_ln68 = br i1 %icmp_ln68, void %for.inc16.loopexit, void %VITIS_LOOP_80_2.preheader.exitStub" [flash_attention.cpp:68]   --->   Operation 37 'br' 'br_ln68' <Predicate = true> <Delay = 0.00>
ST_2 : Operation 38 [1/1] (0.00ns)   --->   "%i_load = load i31 %i" [flash_attention.cpp:68]   --->   Operation 38 'load' 'i_load' <Predicate = (!icmp_ln68)> <Delay = 0.00>
ST_2 : Operation 39 [1/1] (2.52ns)   --->   "%add_ln68_2 = add i31 %i_load, i31 1" [flash_attention.cpp:68]   --->   Operation 39 'add' 'add_ln68_2' <Predicate = (!icmp_ln68)> <Delay = 2.52> <CoreInst = "Adder">   --->   Core 1 'Adder' <Latency = 0> <II = 1> <Delay = 2.52> <FuncUnit> <Opcode : 'add' 'sub'> <InPorts = 2> <OutPorts = 1>
ST_2 : Operation 40 [1/1] (0.00ns) (grouped into LUT with out node or_ln68)   --->   "%xor_ln68 = xor i1 %icmp_ln69, i1 1" [flash_attention.cpp:68]   --->   Operation 40 'xor' 'xor_ln68' <Predicate = (!icmp_ln68)> <Delay = 0.00> <CoreInst = "LogicGate">   --->   Core 74 'LogicGate' <Latency = 0> <II = 1> <Delay = 0.97> <FuncUnit> <Opcode : 'and' 'or' 'xor'> <InPorts = 2> <OutPorts = 1>
ST_2 : Operation 41 [1/1] (0.97ns) (out node of the LUT)   --->   "%or_ln68 = or i1 %first_iter_0, i1 %xor_ln68" [flash_attention.cpp:68]   --->   Operation 41 'or' 'or_ln68' <Predicate = (!icmp_ln68)> <Delay = 0.97> <CoreInst = "LogicGate">   --->   Core 74 'LogicGate' <Latency = 0> <II = 1> <Delay = 0.97> <FuncUnit> <Opcode : 'and' 'or' 'xor'> <InPorts = 2> <OutPorts = 1>
ST_2 : Operation 42 [1/1] (0.73ns)   --->   "%select_ln68 = select i1 %icmp_ln69, i31 %x_4, i31 0" [flash_attention.cpp:68]   --->   Operation 42 'select' 'select_ln68' <Predicate = (!icmp_ln68)> <Delay = 0.73> <CoreInst = "Sel">   --->   Core 73 'Sel' <Latency = 0> <II = 1> <Delay = 0.73> <FuncUnit> <Opcode : 'select'> <InPorts = 3> <OutPorts = 1>
ST_2 : Operation 43 [1/1] (0.73ns)   --->   "%select_ln68_1 = select i1 %icmp_ln69, i31 %i_load, i31 %add_ln68_2" [flash_attention.cpp:68]   --->   Operation 43 'select' 'select_ln68_1' <Predicate = (!icmp_ln68)> <Delay = 0.73> <CoreInst = "Sel">   --->   Core 73 'Sel' <Latency = 0> <II = 1> <Delay = 0.73> <FuncUnit> <Opcode : 'select'> <InPorts = 3> <OutPorts = 1>
ST_2 : Operation 44 [1/1] (0.00ns)   --->   "%trunc_ln68 = trunc i31 %select_ln68_1" [flash_attention.cpp:68]   --->   Operation 44 'trunc' 'trunc_ln68' <Predicate = (!icmp_ln68)> <Delay = 0.00>
ST_2 : Operation 45 [1/1] (0.00ns)   --->   "%trunc_ln68_1 = trunc i31 %select_ln68_1" [flash_attention.cpp:68]   --->   Operation 45 'trunc' 'trunc_ln68_1' <Predicate = (!icmp_ln68)> <Delay = 0.00>
ST_2 : Operation 46 [1/1] (0.00ns)   --->   "%br_ln69 = br i1 %or_ln68, void %for.inc.split, void %for.first.iter.for.inc" [flash_attention.cpp:69]   --->   Operation 46 'br' 'br_ln69' <Predicate = (!icmp_ln68)> <Delay = 0.00>
ST_2 : Operation 47 [1/1] (0.00ns)   --->   "%tmp_s = bitconcatenate i6 @_ssdm_op_BitConcatenate.i6.i3.i3, i3 %trunc_ln68, i3 0" [flash_attention.cpp:71]   --->   Operation 47 'bitconcatenate' 'tmp_s' <Predicate = (!icmp_ln68)> <Delay = 0.00>
ST_2 : Operation 48 [1/1] (0.00ns)   --->   "%trunc_ln69 = trunc i31 %select_ln68" [flash_attention.cpp:69]   --->   Operation 48 'trunc' 'trunc_ln69' <Predicate = (!icmp_ln68)> <Delay = 0.00>
ST_2 : Operation 49 [1/1] (0.00ns)   --->   "%lshr_ln = partselect i6 @_ssdm_op_PartSelect.i6.i31.i32.i32, i31 %select_ln68, i32 2, i32 7" [flash_attention.cpp:69]   --->   Operation 49 'partselect' 'lshr_ln' <Predicate = (!icmp_ln68)> <Delay = 0.00>
ST_2 : Operation 50 [1/1] (1.82ns)   --->   "%add_ln71 = add i6 %tmp_s, i6 %lshr_ln" [flash_attention.cpp:71]   --->   Operation 50 'add' 'add_ln71' <Predicate = (!icmp_ln68)> <Delay = 1.82> <CoreInst = "Adder">   --->   Core 1 'Adder' <Latency = 0> <II = 1> <Delay = 1.82> <FuncUnit> <Opcode : 'add' 'sub'> <InPorts = 2> <OutPorts = 1>
ST_2 : Operation 51 [1/1] (1.86ns)   --->   "%switch_ln71 = switch i2 %trunc_ln69, void %arrayidx1514.case.3, i2 0, void %arrayidx1514.case.0, i2 1, void %arrayidx1514.case.1, i2 2, void %arrayidx1514.case.2" [flash_attention.cpp:71]   --->   Operation 51 'switch' 'switch_ln71' <Predicate = (!icmp_ln68)> <Delay = 1.86>
ST_2 : Operation 52 [1/1] (2.52ns)   --->   "%add_ln69 = add i31 %select_ln68, i31 1" [flash_attention.cpp:69]   --->   Operation 52 'add' 'add_ln69' <Predicate = (!icmp_ln68)> <Delay = 2.52> <CoreInst = "Adder">   --->   Core 1 'Adder' <Latency = 0> <II = 1> <Delay = 2.52> <FuncUnit> <Opcode : 'add' 'sub'> <InPorts = 2> <OutPorts = 1>
ST_2 : Operation 53 [1/1] (1.58ns)   --->   "%store_ln68 = store i63 %add_ln68_3, i63 %indvar_flatten" [flash_attention.cpp:68]   --->   Operation 53 'store' 'store_ln68' <Predicate = (!icmp_ln68)> <Delay = 1.58>
ST_2 : Operation 54 [1/1] (1.58ns)   --->   "%store_ln68 = store i31 %select_ln68_1, i31 %i" [flash_attention.cpp:68]   --->   Operation 54 'store' 'store_ln68' <Predicate = (!icmp_ln68)> <Delay = 1.58>
ST_2 : Operation 55 [1/1] (1.58ns)   --->   "%store_ln69 = store i31 %add_ln69, i31 %x" [flash_attention.cpp:69]   --->   Operation 55 'store' 'store_ln69' <Predicate = (!icmp_ln68)> <Delay = 1.58>
ST_2 : Operation 56 [1/1] (0.00ns)   --->   "%br_ln69 = br void %for.inc" [flash_attention.cpp:69]   --->   Operation 56 'br' 'br_ln69' <Predicate = (!icmp_ln68)> <Delay = 0.00>

State 3 <SV = 2> <Delay = 6.07>
ST_3 : Operation 57 [1/1] (0.00ns)   --->   "%specloopname_ln0 = specloopname void @_ssdm_op_SpecLoopName, void @LOAD_Q_VITIS_LOOP_69_1_str"   --->   Operation 57 'specloopname' 'specloopname_ln0' <Predicate = true> <Delay = 0.00>
ST_3 : Operation 58 [1/1] (0.00ns)   --->   "%shl_ln = bitconcatenate i32 @_ssdm_op_BitConcatenate.i32.i27.i5, i27 %trunc_ln68_1, i5 0" [flash_attention.cpp:68]   --->   Operation 58 'bitconcatenate' 'shl_ln' <Predicate = true> <Delay = 0.00>
ST_3 : Operation 59 [1/1] (2.55ns)   --->   "%add_ln68 = add i32 %shl_ln, i32 %shl_ln68_2_read" [flash_attention.cpp:68]   --->   Operation 59 'add' 'add_ln68' <Predicate = true> <Delay = 2.55> <CoreInst = "Adder">   --->   Core 1 'Adder' <Latency = 0> <II = 1> <Delay = 2.55> <FuncUnit> <Opcode : 'add' 'sub'> <InPorts = 2> <OutPorts = 1>
ST_3 : Operation 60 [1/1] (0.00ns)   --->   "%shl_ln68_1 = bitconcatenate i34 @_ssdm_op_BitConcatenate.i34.i32.i2, i32 %add_ln68, i2 0" [flash_attention.cpp:68]   --->   Operation 60 'bitconcatenate' 'shl_ln68_1' <Predicate = true> <Delay = 0.00>
ST_3 : Operation 61 [1/1] (0.00ns)   --->   "%sext_ln68 = sext i34 %shl_ln68_1" [flash_attention.cpp:68]   --->   Operation 61 'sext' 'sext_ln68' <Predicate = true> <Delay = 0.00>
ST_3 : Operation 62 [1/1] (3.52ns)   --->   "%add_ln68_1 = add i64 %sext_ln68, i64 %Q_read" [flash_attention.cpp:68]   --->   Operation 62 'add' 'add_ln68_1' <Predicate = true> <Delay = 3.52> <CoreInst = "Adder">   --->   Core 1 'Adder' <Latency = 0> <II = 1> <Delay = 3.52> <FuncUnit> <Opcode : 'add' 'sub'> <InPorts = 2> <OutPorts = 1>
ST_3 : Operation 63 [1/1] (0.00ns)   --->   "%trunc_ln2 = partselect i62 @_ssdm_op_PartSelect.i62.i64.i32.i32, i64 %add_ln68_1, i32 2, i32 63" [flash_attention.cpp:69]   --->   Operation 63 'partselect' 'trunc_ln2' <Predicate = true> <Delay = 0.00>
ST_3 : Operation 64 [1/1] (0.00ns)   --->   "%sext_ln69 = sext i62 %trunc_ln2" [flash_attention.cpp:69]   --->   Operation 64 'sext' 'sext_ln69' <Predicate = true> <Delay = 0.00>
ST_3 : Operation 65 [1/1] (0.00ns)   --->   "%gmem0_addr = getelementptr i32 %gmem0, i64 %sext_ln69" [flash_attention.cpp:69]   --->   Operation 65 'getelementptr' 'gmem0_addr' <Predicate = true> <Delay = 0.00>

State 4 <SV = 3> <Delay = 7.30>
ST_4 : Operation 66 [8/8] (7.30ns)   --->   "%empty = readreq i1 @_ssdm_op_ReadReq.m_axi.p1i32, i32 %gmem0_addr, i32 %zext_ln63_cast" [flash_attention.cpp:69]   --->   Operation 66 'readreq' 'empty' <Predicate = (or_ln68)> <Delay = 7.30> <CoreInst = "m_axi">   --->   Core 113 'm_axi' <Latency = 0> <II = 1> <Delay = 1.00> <Adapter> <Opcode : 'read' 'write' 'readreq' 'writereq' 'writeresp'>

State 5 <SV = 4> <Delay = 7.30>
ST_5 : Operation 67 [7/8] (7.30ns)   --->   "%empty = readreq i1 @_ssdm_op_ReadReq.m_axi.p1i32, i32 %gmem0_addr, i32 %zext_ln63_cast" [flash_attention.cpp:69]   --->   Operation 67 'readreq' 'empty' <Predicate = (or_ln68)> <Delay = 7.30> <CoreInst = "m_axi">   --->   Core 113 'm_axi' <Latency = 0> <II = 1> <Delay = 1.00> <Adapter> <Opcode : 'read' 'write' 'readreq' 'writereq' 'writeresp'>

State 6 <SV = 5> <Delay = 7.30>
ST_6 : Operation 68 [6/8] (7.30ns)   --->   "%empty = readreq i1 @_ssdm_op_ReadReq.m_axi.p1i32, i32 %gmem0_addr, i32 %zext_ln63_cast" [flash_attention.cpp:69]   --->   Operation 68 'readreq' 'empty' <Predicate = (or_ln68)> <Delay = 7.30> <CoreInst = "m_axi">   --->   Core 113 'm_axi' <Latency = 0> <II = 1> <Delay = 1.00> <Adapter> <Opcode : 'read' 'write' 'readreq' 'writereq' 'writeresp'>

State 7 <SV = 6> <Delay = 7.30>
ST_7 : Operation 69 [5/8] (7.30ns)   --->   "%empty = readreq i1 @_ssdm_op_ReadReq.m_axi.p1i32, i32 %gmem0_addr, i32 %zext_ln63_cast" [flash_attention.cpp:69]   --->   Operation 69 'readreq' 'empty' <Predicate = (or_ln68)> <Delay = 7.30> <CoreInst = "m_axi">   --->   Core 113 'm_axi' <Latency = 0> <II = 1> <Delay = 1.00> <Adapter> <Opcode : 'read' 'write' 'readreq' 'writereq' 'writeresp'>

State 8 <SV = 7> <Delay = 7.30>
ST_8 : Operation 70 [4/8] (7.30ns)   --->   "%empty = readreq i1 @_ssdm_op_ReadReq.m_axi.p1i32, i32 %gmem0_addr, i32 %zext_ln63_cast" [flash_attention.cpp:69]   --->   Operation 70 'readreq' 'empty' <Predicate = (or_ln68)> <Delay = 7.30> <CoreInst = "m_axi">   --->   Core 113 'm_axi' <Latency = 0> <II = 1> <Delay = 1.00> <Adapter> <Opcode : 'read' 'write' 'readreq' 'writereq' 'writeresp'>

State 9 <SV = 8> <Delay = 7.30>
ST_9 : Operation 71 [3/8] (7.30ns)   --->   "%empty = readreq i1 @_ssdm_op_ReadReq.m_axi.p1i32, i32 %gmem0_addr, i32 %zext_ln63_cast" [flash_attention.cpp:69]   --->   Operation 71 'readreq' 'empty' <Predicate = (or_ln68)> <Delay = 7.30> <CoreInst = "m_axi">   --->   Core 113 'm_axi' <Latency = 0> <II = 1> <Delay = 1.00> <Adapter> <Opcode : 'read' 'write' 'readreq' 'writereq' 'writeresp'>

State 10 <SV = 9> <Delay = 7.30>
ST_10 : Operation 72 [2/8] (7.30ns)   --->   "%empty = readreq i1 @_ssdm_op_ReadReq.m_axi.p1i32, i32 %gmem0_addr, i32 %zext_ln63_cast" [flash_attention.cpp:69]   --->   Operation 72 'readreq' 'empty' <Predicate = (or_ln68)> <Delay = 7.30> <CoreInst = "m_axi">   --->   Core 113 'm_axi' <Latency = 0> <II = 1> <Delay = 1.00> <Adapter> <Opcode : 'read' 'write' 'readreq' 'writereq' 'writeresp'>

State 11 <SV = 10> <Delay = 7.30>
ST_11 : Operation 73 [1/8] (7.30ns)   --->   "%empty = readreq i1 @_ssdm_op_ReadReq.m_axi.p1i32, i32 %gmem0_addr, i32 %zext_ln63_cast" [flash_attention.cpp:69]   --->   Operation 73 'readreq' 'empty' <Predicate = (or_ln68)> <Delay = 7.30> <CoreInst = "m_axi">   --->   Core 113 'm_axi' <Latency = 0> <II = 1> <Delay = 1.00> <Adapter> <Opcode : 'read' 'write' 'readreq' 'writereq' 'writeresp'>
ST_11 : Operation 74 [1/1] (0.00ns)   --->   "%br_ln69 = br void %for.inc.split" [flash_attention.cpp:69]   --->   Operation 74 'br' 'br_ln69' <Predicate = (or_ln68)> <Delay = 0.00>

State 12 <SV = 11> <Delay = 7.30>
ST_12 : Operation 75 [1/1] (7.30ns)   --->   "%gmem0_addr_read = read i32 @_ssdm_op_Read.m_axi.p1i32, i32 %gmem0_addr" [flash_attention.cpp:71]   --->   Operation 75 'read' 'gmem0_addr_read' <Predicate = true> <Delay = 7.30> <CoreInst = "m_axi">   --->   Core 113 'm_axi' <Latency = 0> <II = 1> <Delay = 1.00> <Adapter> <Opcode : 'read' 'write' 'readreq' 'writereq' 'writeresp'>
ST_12 : Operation 91 [1/1] (0.00ns)   --->   "%ret_ln0 = ret"   --->   Operation 91 'ret' 'ret_ln0' <Predicate = (icmp_ln68)> <Delay = 0.00>

State 13 <SV = 12> <Delay = 3.25>
ST_13 : Operation 76 [1/1] (0.00ns)   --->   "%specpipeline_ln70 = specpipeline void @_ssdm_op_SpecPipeline, i32 1, i32 0, i32 0, i32 0, void @empty_22" [flash_attention.cpp:70]   --->   Operation 76 'specpipeline' 'specpipeline_ln70' <Predicate = true> <Delay = 0.00>
ST_13 : Operation 77 [1/1] (0.00ns)   --->   "%zext_ln71 = zext i6 %add_ln71" [flash_attention.cpp:71]   --->   Operation 77 'zext' 'zext_ln71' <Predicate = true> <Delay = 0.00>
ST_13 : Operation 78 [1/1] (0.00ns)   --->   "%Qbuf_addr = getelementptr i32 %Qbuf, i64 0, i64 %zext_ln71" [flash_attention.cpp:71]   --->   Operation 78 'getelementptr' 'Qbuf_addr' <Predicate = true> <Delay = 0.00>
ST_13 : Operation 79 [1/1] (0.00ns)   --->   "%Qbuf_1_addr = getelementptr i32 %Qbuf_1, i64 0, i64 %zext_ln71" [flash_attention.cpp:71]   --->   Operation 79 'getelementptr' 'Qbuf_1_addr' <Predicate = true> <Delay = 0.00>
ST_13 : Operation 80 [1/1] (0.00ns)   --->   "%Qbuf_2_addr = getelementptr i32 %Qbuf_2, i64 0, i64 %zext_ln71" [flash_attention.cpp:71]   --->   Operation 80 'getelementptr' 'Qbuf_2_addr' <Predicate = true> <Delay = 0.00>
ST_13 : Operation 81 [1/1] (0.00ns)   --->   "%Qbuf_3_addr = getelementptr i32 %Qbuf_3, i64 0, i64 %zext_ln71" [flash_attention.cpp:71]   --->   Operation 81 'getelementptr' 'Qbuf_3_addr' <Predicate = true> <Delay = 0.00>
ST_13 : Operation 82 [1/1] (0.00ns)   --->   "%bitcast_ln71 = bitcast i32 %gmem0_addr_read" [flash_attention.cpp:71]   --->   Operation 82 'bitcast' 'bitcast_ln71' <Predicate = true> <Delay = 0.00>
ST_13 : Operation 83 [1/1] (3.25ns)   --->   "%store_ln71 = store i32 %bitcast_ln71, i6 %Qbuf_2_addr" [flash_attention.cpp:71]   --->   Operation 83 'store' 'store_ln71' <Predicate = (trunc_ln69 == 2)> <Delay = 3.25> <CoreInst = "RAM_1WnR">   --->   Core 83 'RAM_1WnR' <Latency = 1> <II = 1> <Delay = 3.25> <Storage> <Opcode : 'load' 'store'> <Ports = 17> <Width = 32> <Depth = 64> <RAM>
ST_13 : Operation 84 [1/1] (0.00ns)   --->   "%br_ln71 = br void %arrayidx1514.exit" [flash_attention.cpp:71]   --->   Operation 84 'br' 'br_ln71' <Predicate = (trunc_ln69 == 2)> <Delay = 0.00>
ST_13 : Operation 85 [1/1] (3.25ns)   --->   "%store_ln71 = store i32 %bitcast_ln71, i6 %Qbuf_1_addr" [flash_attention.cpp:71]   --->   Operation 85 'store' 'store_ln71' <Predicate = (trunc_ln69 == 1)> <Delay = 3.25> <CoreInst = "RAM_1WnR">   --->   Core 83 'RAM_1WnR' <Latency = 1> <II = 1> <Delay = 3.25> <Storage> <Opcode : 'load' 'store'> <Ports = 17> <Width = 32> <Depth = 64> <RAM>
ST_13 : Operation 86 [1/1] (0.00ns)   --->   "%br_ln71 = br void %arrayidx1514.exit" [flash_attention.cpp:71]   --->   Operation 86 'br' 'br_ln71' <Predicate = (trunc_ln69 == 1)> <Delay = 0.00>
ST_13 : Operation 87 [1/1] (3.25ns)   --->   "%store_ln71 = store i32 %bitcast_ln71, i6 %Qbuf_addr" [flash_attention.cpp:71]   --->   Operation 87 'store' 'store_ln71' <Predicate = (trunc_ln69 == 0)> <Delay = 3.25> <CoreInst = "RAM_1WnR">   --->   Core 83 'RAM_1WnR' <Latency = 1> <II = 1> <Delay = 3.25> <Storage> <Opcode : 'load' 'store'> <Ports = 17> <Width = 32> <Depth = 64> <RAM>
ST_13 : Operation 88 [1/1] (0.00ns)   --->   "%br_ln71 = br void %arrayidx1514.exit" [flash_attention.cpp:71]   --->   Operation 88 'br' 'br_ln71' <Predicate = (trunc_ln69 == 0)> <Delay = 0.00>
ST_13 : Operation 89 [1/1] (3.25ns)   --->   "%store_ln71 = store i32 %bitcast_ln71, i6 %Qbuf_3_addr" [flash_attention.cpp:71]   --->   Operation 89 'store' 'store_ln71' <Predicate = (trunc_ln69 == 3)> <Delay = 3.25> <CoreInst = "RAM_1WnR">   --->   Core 83 'RAM_1WnR' <Latency = 1> <II = 1> <Delay = 3.25> <Storage> <Opcode : 'load' 'store'> <Ports = 17> <Width = 32> <Depth = 64> <RAM>
ST_13 : Operation 90 [1/1] (0.00ns)   --->   "%br_ln71 = br void %arrayidx1514.exit" [flash_attention.cpp:71]   --->   Operation 90 'br' 'br_ln71' <Predicate = (trunc_ln69 == 3)> <Delay = 0.00>


============================================================
+ Verbose Summary: Timing violations
============================================================
Target clock period: 10.000ns, clock uncertainty: 2.700ns.

 <State 1>: 1.588ns
The critical path consists of the following:
	'alloca' operation 63 bit ('indvar_flatten') [13]  (0.000 ns)
	'store' operation 0 bit ('store_ln0') of constant 0 on local variable 'indvar_flatten' [21]  (1.588 ns)

 <State 2>: 7.396ns
The critical path consists of the following:
	'load' operation 31 bit ('x', flash_attention.cpp:69) on local variable 'x', flash_attention.cpp:69 [27]  (0.000 ns)
	'icmp' operation 1 bit ('icmp_ln69', flash_attention.cpp:69) [31]  (2.552 ns)
	'select' operation 31 bit ('select_ln68', flash_attention.cpp:68) [41]  (0.733 ns)
	'add' operation 31 bit ('add_ln69', flash_attention.cpp:69) [84]  (2.522 ns)
	'store' operation 0 bit ('store_ln69', flash_attention.cpp:69) of variable 'add_ln69', flash_attention.cpp:69 on local variable 'x', flash_attention.cpp:69 [87]  (1.588 ns)

 <State 3>: 6.072ns
The critical path consists of the following:
	'add' operation 32 bit ('add_ln68', flash_attention.cpp:68) [46]  (2.552 ns)
	'add' operation 64 bit ('add_ln68_1', flash_attention.cpp:68) [49]  (3.520 ns)

 <State 4>: 7.300ns
The critical path consists of the following:
	bus request operation ('empty', flash_attention.cpp:69) on port 'gmem0' (flash_attention.cpp:69) [55]  (7.300 ns)

 <State 5>: 7.300ns
The critical path consists of the following:
	bus request operation ('empty', flash_attention.cpp:69) on port 'gmem0' (flash_attention.cpp:69) [55]  (7.300 ns)

 <State 6>: 7.300ns
The critical path consists of the following:
	bus request operation ('empty', flash_attention.cpp:69) on port 'gmem0' (flash_attention.cpp:69) [55]  (7.300 ns)

 <State 7>: 7.300ns
The critical path consists of the following:
	bus request operation ('empty', flash_attention.cpp:69) on port 'gmem0' (flash_attention.cpp:69) [55]  (7.300 ns)

 <State 8>: 7.300ns
The critical path consists of the following:
	bus request operation ('empty', flash_attention.cpp:69) on port 'gmem0' (flash_attention.cpp:69) [55]  (7.300 ns)

 <State 9>: 7.300ns
The critical path consists of the following:
	bus request operation ('empty', flash_attention.cpp:69) on port 'gmem0' (flash_attention.cpp:69) [55]  (7.300 ns)

 <State 10>: 7.300ns
The critical path consists of the following:
	bus request operation ('empty', flash_attention.cpp:69) on port 'gmem0' (flash_attention.cpp:69) [55]  (7.300 ns)

 <State 11>: 7.300ns
The critical path consists of the following:
	bus request operation ('empty', flash_attention.cpp:69) on port 'gmem0' (flash_attention.cpp:69) [55]  (7.300 ns)

 <State 12>: 7.300ns
The critical path consists of the following:
	bus read operation ('gmem0_addr_read', flash_attention.cpp:71) on port 'gmem0' (flash_attention.cpp:71) [68]  (7.300 ns)

 <State 13>: 3.254ns
The critical path consists of the following:
	'getelementptr' operation 6 bit ('Qbuf_2_addr', flash_attention.cpp:71) [66]  (0.000 ns)
	'store' operation 0 bit ('store_ln71', flash_attention.cpp:71) of variable 'bitcast_ln71', flash_attention.cpp:71 on array 'Qbuf_2' [72]  (3.254 ns)


============================================================
+ Verbose Summary: Binding
============================================================
N/A
* FSMD analyzer results:
  - Output states:
 - Input state : 
  - Chain level:
	State 1
	State 2
	State 3
	State 4
	State 5
	State 6
	State 7
	State 8
	State 9
	State 10
	State 11
	State 12
	State 13


============================================================
+ Verbose Summary: Datapath Resource usage 
============================================================
N/A
