

================================================================
== Vitis HLS Report for 'flash_attention_hls_Pipeline_VITIS_LOOP_80_2'
================================================================
* Date:           Fri May  8 14:39:21 2026

* Version:        2023.2 (Build 4023990 on Oct 11 2023)
* Project:        flash_attention_proj
* Solution:       solution1 (Vivado IP Flow Target)
* Product family: zynq
* Target device:  xc7z020-clg400-1


================================================================
== Performance Estimates
================================================================
+ Timing: 
    * Summary: 
    +--------+----------+----------+------------+
    |  Clock |  Target  | Estimated| Uncertainty|
    +--------+----------+----------+------------+
    |ap_clk  |  10.00 ns|  7.394 ns|     2.70 ns|
    +--------+----------+----------+------------+

+ Latency: 
    * Summary: 
    +---------+---------+----------+----------+-----+-----+---------+
    |  Latency (cycles) |  Latency (absolute) |  Interval | Pipeline|
    |   min   |   max   |    min   |    max   | min | max |   Type  |
    +---------+---------+----------+----------+-----+-----+---------+
    |        ?|        ?|         ?|         ?|    ?|    ?|       no|
    +---------+---------+----------+----------+-----+-----+---------+

    + Detail: 
        * Instance: 
        N/A

        * Loop: 
        +-------------------+---------+---------+----------+-----------+-----------+------+----------+
        |                   |  Latency (cycles) | Iteration|  Initiation Interval  | Trip |          |
        |     Loop Name     |   min   |   max   |  Latency |  achieved |   target  | Count| Pipelined|
        +-------------------+---------+---------+----------+-----------+-----------+------+----------+
        |- VITIS_LOOP_80_2  |        ?|        ?|         1|          1|          1|     ?|       yes|
        +-------------------+---------+---------+----------+-----------+-----------+------+----------+

============================================================
+ Verbose Summary: Synthesis Manager
============================================================
InlineROM: 1
ExposeGlobal: 0
============================================================
+ Verbose Summary: CDFG Model
============================================================
IsTopModel: 0
ResetActiveHigh: 1
IsCombinational: 0
IsDatapathOnly: 0
HasWiredReturn: 1
HasMFsm: 2
HasVarLatency: 1
IsPipeline: 0
IsRtlPipelined: 0
IsInstanceOverlapped: 0
IsDontTouch: 0
HasImplIP: 0
IsGatedGlobalClock: 0

+ Individual pipeline summary: 
  * Pipeline-0: initiation interval (II) = 1, depth = 1


============================================================
+ Verbose Summary: Schedule
============================================================
* Number of FSM states : 1
* Pipeline : 1
  Pipeline-0 : II = 1, D = 1, States = { 1 }
* Dataflow Pipeline: 0

* FSM state transitions: 
1 --> 

* FSM state operations: 

State 1 <SV = 0> <Delay = 7.39>
ST_1 : Operation 4 [1/1] (0.00ns)   --->   "%x = alloca i32 1" [flash_attention.cpp:80]   --->   Operation 4 'alloca' 'x' <Predicate = true> <Delay = 0.00>
ST_1 : Operation 5 [1/1] (0.00ns)   --->   "%zext_ln82_read = read i6 @_ssdm_op_Read.ap_auto.i6, i6 %zext_ln82"   --->   Operation 5 'read' 'zext_ln82_read' <Predicate = true> <Delay = 0.00>
ST_1 : Operation 6 [1/1] (0.00ns)   --->   "%d_read = read i32 @_ssdm_op_Read.ap_auto.i32, i32 %d"   --->   Operation 6 'read' 'd_read' <Predicate = true> <Delay = 0.00>
ST_1 : Operation 7 [1/1] (1.58ns)   --->   "%store_ln80 = store i31 0, i31 %x" [flash_attention.cpp:80]   --->   Operation 7 'store' 'store_ln80' <Predicate = true> <Delay = 1.58>
ST_1 : Operation 8 [1/1] (0.00ns)   --->   "%br_ln0 = br void %for.inc37"   --->   Operation 8 'br' 'br_ln0' <Predicate = true> <Delay = 0.00>
ST_1 : Operation 9 [1/1] (0.00ns)   --->   "%x_1 = load i31 %x" [flash_attention.cpp:80]   --->   Operation 9 'load' 'x_1' <Predicate = true> <Delay = 0.00>
ST_1 : Operation 10 [1/1] (0.00ns)   --->   "%zext_ln80 = zext i31 %x_1" [flash_attention.cpp:80]   --->   Operation 10 'zext' 'zext_ln80' <Predicate = true> <Delay = 0.00>
ST_1 : Operation 11 [1/1] (2.55ns)   --->   "%icmp_ln80 = icmp_slt  i32 %zext_ln80, i32 %d_read" [flash_attention.cpp:80]   --->   Operation 11 'icmp' 'icmp_ln80' <Predicate = true> <Delay = 2.55> <CoreInst = "Cmp">   --->   Core 9 'Cmp' <Latency = 0> <II = 1> <Delay = 2.55> <FuncUnit> <Opcode : 'icmp'> <InPorts = 2> <OutPorts = 1>
ST_1 : Operation 12 [1/1] (2.52ns)   --->   "%add_ln80 = add i31 %x_1, i31 1" [flash_attention.cpp:80]   --->   Operation 12 'add' 'add_ln80' <Predicate = true> <Delay = 2.52> <CoreInst = "Adder">   --->   Core 1 'Adder' <Latency = 0> <II = 1> <Delay = 2.52> <FuncUnit> <Opcode : 'add' 'sub'> <InPorts = 2> <OutPorts = 1>
ST_1 : Operation 13 [1/1] (0.00ns)   --->   "%br_ln80 = br i1 %icmp_ln80, void %for.inc40.loopexit.exitStub, void %for.inc37.split" [flash_attention.cpp:80]   --->   Operation 13 'br' 'br_ln80' <Predicate = true> <Delay = 0.00>
ST_1 : Operation 14 [1/1] (0.00ns)   --->   "%trunc_ln80 = trunc i31 %x_1" [flash_attention.cpp:80]   --->   Operation 14 'trunc' 'trunc_ln80' <Predicate = (icmp_ln80)> <Delay = 0.00>
ST_1 : Operation 15 [1/1] (0.00ns)   --->   "%specpipeline_ln81 = specpipeline void @_ssdm_op_SpecPipeline, i32 1, i32 0, i32 0, i32 0, void @empty_22" [flash_attention.cpp:81]   --->   Operation 15 'specpipeline' 'specpipeline_ln81' <Predicate = (icmp_ln80)> <Delay = 0.00>
ST_1 : Operation 16 [1/1] (0.00ns)   --->   "%specloopname_ln80 = specloopname void @_ssdm_op_SpecLoopName, void @empty_14" [flash_attention.cpp:80]   --->   Operation 16 'specloopname' 'specloopname_ln80' <Predicate = (icmp_ln80)> <Delay = 0.00>
ST_1 : Operation 17 [1/1] (0.00ns)   --->   "%lshr_ln1 = partselect i6 @_ssdm_op_PartSelect.i6.i31.i32.i32, i31 %x_1, i32 2, i32 7" [flash_attention.cpp:80]   --->   Operation 17 'partselect' 'lshr_ln1' <Predicate = (icmp_ln80)> <Delay = 0.00>
ST_1 : Operation 18 [1/1] (1.82ns)   --->   "%add_ln82 = add i6 %zext_ln82_read, i6 %lshr_ln1" [flash_attention.cpp:82]   --->   Operation 18 'add' 'add_ln82' <Predicate = (icmp_ln80)> <Delay = 1.82> <CoreInst = "Adder">   --->   Core 1 'Adder' <Latency = 0> <II = 1> <Delay = 1.82> <FuncUnit> <Opcode : 'add' 'sub'> <InPorts = 2> <OutPorts = 1>
ST_1 : Operation 19 [1/1] (0.00ns)   --->   "%zext_ln82_1 = zext i6 %add_ln82" [flash_attention.cpp:82]   --->   Operation 19 'zext' 'zext_ln82_1' <Predicate = (icmp_ln80)> <Delay = 0.00>
ST_1 : Operation 20 [1/1] (0.00ns)   --->   "%acc_addr = getelementptr i32 %acc, i64 0, i64 %zext_ln82_1" [flash_attention.cpp:82]   --->   Operation 20 'getelementptr' 'acc_addr' <Predicate = (icmp_ln80)> <Delay = 0.00>
ST_1 : Operation 21 [1/1] (0.00ns)   --->   "%acc_1_addr = getelementptr i32 %acc_1, i64 0, i64 %zext_ln82_1" [flash_attention.cpp:82]   --->   Operation 21 'getelementptr' 'acc_1_addr' <Predicate = (icmp_ln80)> <Delay = 0.00>
ST_1 : Operation 22 [1/1] (0.00ns)   --->   "%acc_2_addr = getelementptr i32 %acc_2, i64 0, i64 %zext_ln82_1" [flash_attention.cpp:82]   --->   Operation 22 'getelementptr' 'acc_2_addr' <Predicate = (icmp_ln80)> <Delay = 0.00>
ST_1 : Operation 23 [1/1] (0.00ns)   --->   "%acc_3_addr = getelementptr i32 %acc_3, i64 0, i64 %zext_ln82_1" [flash_attention.cpp:82]   --->   Operation 23 'getelementptr' 'acc_3_addr' <Predicate = (icmp_ln80)> <Delay = 0.00>
ST_1 : Operation 24 [1/1] (1.86ns)   --->   "%switch_ln82 = switch i2 %trunc_ln80, void %arrayidx3613.case.3, i2 0, void %arrayidx3613.case.0, i2 1, void %arrayidx3613.case.1, i2 2, void %arrayidx3613.case.2" [flash_attention.cpp:82]   --->   Operation 24 'switch' 'switch_ln82' <Predicate = (icmp_ln80)> <Delay = 1.86>
ST_1 : Operation 25 [1/1] (3.25ns)   --->   "%store_ln82 = store i32 0, i6 %acc_2_addr" [flash_attention.cpp:82]   --->   Operation 25 'store' 'store_ln82' <Predicate = (icmp_ln80 & trunc_ln80 == 2)> <Delay = 3.25> <CoreInst = "RAM">   --->   Core 82 'RAM' <Latency = 1> <II = 1> <Delay = 3.25> <Storage> <Opcode : 'load' 'store'> <Ports = 2> <Width = 32> <Depth = 64> <RAM>
ST_1 : Operation 26 [1/1] (0.00ns)   --->   "%br_ln82 = br void %arrayidx3613.exit" [flash_attention.cpp:82]   --->   Operation 26 'br' 'br_ln82' <Predicate = (icmp_ln80 & trunc_ln80 == 2)> <Delay = 0.00>
ST_1 : Operation 27 [1/1] (3.25ns)   --->   "%store_ln82 = store i32 0, i6 %acc_1_addr" [flash_attention.cpp:82]   --->   Operation 27 'store' 'store_ln82' <Predicate = (icmp_ln80 & trunc_ln80 == 1)> <Delay = 3.25> <CoreInst = "RAM">   --->   Core 82 'RAM' <Latency = 1> <II = 1> <Delay = 3.25> <Storage> <Opcode : 'load' 'store'> <Ports = 2> <Width = 32> <Depth = 64> <RAM>
ST_1 : Operation 28 [1/1] (0.00ns)   --->   "%br_ln82 = br void %arrayidx3613.exit" [flash_attention.cpp:82]   --->   Operation 28 'br' 'br_ln82' <Predicate = (icmp_ln80 & trunc_ln80 == 1)> <Delay = 0.00>
ST_1 : Operation 29 [1/1] (3.25ns)   --->   "%store_ln82 = store i32 0, i6 %acc_addr" [flash_attention.cpp:82]   --->   Operation 29 'store' 'store_ln82' <Predicate = (icmp_ln80 & trunc_ln80 == 0)> <Delay = 3.25> <CoreInst = "RAM">   --->   Core 82 'RAM' <Latency = 1> <II = 1> <Delay = 3.25> <Storage> <Opcode : 'load' 'store'> <Ports = 2> <Width = 32> <Depth = 64> <RAM>
ST_1 : Operation 30 [1/1] (0.00ns)   --->   "%br_ln82 = br void %arrayidx3613.exit" [flash_attention.cpp:82]   --->   Operation 30 'br' 'br_ln82' <Predicate = (icmp_ln80 & trunc_ln80 == 0)> <Delay = 0.00>
ST_1 : Operation 31 [1/1] (3.25ns)   --->   "%store_ln82 = store i32 0, i6 %acc_3_addr" [flash_attention.cpp:82]   --->   Operation 31 'store' 'store_ln82' <Predicate = (icmp_ln80 & trunc_ln80 == 3)> <Delay = 3.25> <CoreInst = "RAM">   --->   Core 82 'RAM' <Latency = 1> <II = 1> <Delay = 3.25> <Storage> <Opcode : 'load' 'store'> <Ports = 2> <Width = 32> <Depth = 64> <RAM>
ST_1 : Operation 32 [1/1] (0.00ns)   --->   "%br_ln82 = br void %arrayidx3613.exit" [flash_attention.cpp:82]   --->   Operation 32 'br' 'br_ln82' <Predicate = (icmp_ln80 & trunc_ln80 == 3)> <Delay = 0.00>
ST_1 : Operation 33 [1/1] (1.58ns)   --->   "%store_ln80 = store i31 %add_ln80, i31 %x" [flash_attention.cpp:80]   --->   Operation 33 'store' 'store_ln80' <Predicate = (icmp_ln80)> <Delay = 1.58>
ST_1 : Operation 34 [1/1] (0.00ns)   --->   "%br_ln80 = br void %for.inc37" [flash_attention.cpp:80]   --->   Operation 34 'br' 'br_ln80' <Predicate = (icmp_ln80)> <Delay = 0.00>
ST_1 : Operation 35 [1/1] (0.00ns)   --->   "%ret_ln0 = ret"   --->   Operation 35 'ret' 'ret_ln0' <Predicate = (!icmp_ln80)> <Delay = 0.00>


============================================================
+ Verbose Summary: Binding
============================================================
STG Binding: 
---------------- STG Properties BEGIN ----------------
- Is combinational: 0
- Is one-state seq: 0
- Is datapath-only: 0
- Is pipelined: 0
- Is top level: 0
Port [ Return ] is wired: 1; IO mode=ap_ctrl_hs:ce=0
Port [ d]:  wired=1; compound=0; hidden=0; nouse=0; global=0; static=0; extern=0; dir=0; type=0; pingpong=0; private_global=0; IO mode=ap_none:ce=0
Port [ zext_ln82]:  wired=1; compound=0; hidden=0; nouse=0; global=0; static=0; extern=0; dir=0; type=0; pingpong=0; private_global=0; IO mode=ap_none:ce=0
Port [ acc]:  wired=1; compound=1; hidden=0; nouse=0; global=0; static=0; extern=0; dir=1; type=1; pingpong=0; private_global=0; MemPort=[03]; IO mode=ap_memory:ce=0
Port [ acc_1]:  wired=1; compound=1; hidden=0; nouse=0; global=0; static=0; extern=0; dir=1; type=1; pingpong=0; private_global=0; MemPort=[03]; IO mode=ap_memory:ce=0
Port [ acc_2]:  wired=1; compound=1; hidden=0; nouse=0; global=0; static=0; extern=0; dir=1; type=1; pingpong=0; private_global=0; MemPort=[03]; IO mode=ap_memory:ce=0
Port [ acc_3]:  wired=1; compound=1; hidden=0; nouse=0; global=0; static=0; extern=0; dir=1; type=1; pingpong=0; private_global=0; MemPort=[03]; IO mode=ap_memory:ce=0
---------------- STG Properties END ------------------

---------------- Datapath Model BEGIN ----------------

<LifeTime>
<method=bitvector/>
x                 (alloca       ) [ 01]
zext_ln82_read    (read         ) [ 00]
d_read            (read         ) [ 00]
store_ln80        (store        ) [ 00]
br_ln0            (br           ) [ 00]
x_1               (load         ) [ 00]
zext_ln80         (zext         ) [ 00]
icmp_ln80         (icmp         ) [ 01]
add_ln80          (add          ) [ 00]
br_ln80           (br           ) [ 00]
trunc_ln80        (trunc        ) [ 01]
specpipeline_ln81 (specpipeline ) [ 00]
specloopname_ln80 (specloopname ) [ 00]
lshr_ln1          (partselect   ) [ 00]
add_ln82          (add          ) [ 00]
zext_ln82_1       (zext         ) [ 00]
acc_addr          (getelementptr) [ 00]
acc_1_addr        (getelementptr) [ 00]
acc_2_addr        (getelementptr) [ 00]
acc_3_addr        (getelementptr) [ 00]
switch_ln82       (switch       ) [ 00]
store_ln82        (store        ) [ 00]
br_ln82           (br           ) [ 00]
store_ln82        (store        ) [ 00]
br_ln82           (br           ) [ 00]
store_ln82        (store        ) [ 00]
br_ln82           (br           ) [ 00]
store_ln82        (store        ) [ 00]
br_ln82           (br           ) [ 00]
store_ln80        (store        ) [ 00]
br_ln80           (br           ) [ 00]
ret_ln0           (ret          ) [ 00]
</LifeTime>

<model>

<comp_list>
<comp id="0" class="1000" name="d">
<pin_list>
<pin id="1" dir="1" index="0" bw="1" slack="0"/>
</pin_list>
<bind>
<StgValue><ssdm name="d"/></StgValue>
</bind>
</comp>

<comp id="2" class="1000" name="zext_ln82">
<pin_list>
<pin id="3" dir="1" index="0" bw="1" slack="0"/>
</pin_list>
<bind>
<StgValue><ssdm name="zext_ln82"/></StgValue>
</bind>
</comp>

<comp id="4" class="1000" name="acc">
<pin_list>
<pin id="5" dir="1" index="0" bw="1" slack="0"/>
</pin_list>
<bind>
<StgValue><ssdm name="acc"/><MemPortTyVec>0 3 </MemPortTyVec>
</StgValue>
</bind>
</comp>

<comp id="6" class="1000" name="acc_1">
<pin_list>
<pin id="7" dir="1" index="0" bw="1" slack="0"/>
</pin_list>
<bind>
<StgValue><ssdm name="acc_1"/><MemPortTyVec>0 3 </MemPortTyVec>
</StgValue>
</bind>
</comp>

<comp id="8" class="1000" name="acc_2">
<pin_list>
<pin id="9" dir="1" index="0" bw="1" slack="0"/>
</pin_list>
<bind>
<StgValue><ssdm name="acc_2"/><MemPortTyVec>0 3 </MemPortTyVec>
</StgValue>
</bind>
</comp>

<comp id="10" class="1000" name="acc_3">
<pin_list>
<pin id="11" dir="1" index="0" bw="1" slack="0"/>
</pin_list>
<bind>
<StgValue><ssdm name="acc_3"/><MemPortTyVec>0 3 </MemPortTyVec>
</StgValue>
</bind>
</comp>

<comp id="12" class="1001" name="const_12">
<pin_list>
<pin id="13" dir="1" index="0" bw="1" slack="0"/>
</pin_list>
<bind>
<StgValue><ssdm name=""/></StgValue>
</bind>
</comp>

<comp id="14" class="1001" name="const_14">
<pin_list>
<pin id="15" dir="1" index="0" bw="1" slack="0"/>
</pin_list>
<bind>
<StgValue><ssdm name="_ssdm_op_Read.ap_auto.i6"/></StgValue>
</bind>
</comp>

<comp id="16" class="1001" name="const_16">
<pin_list>
<pin id="17" dir="1" index="0" bw="1" slack="0"/>
</pin_list>
<bind>
<StgValue><ssdm name="_ssdm_op_Read.ap_auto.i32"/></StgValue>
</bind>
</comp>

<comp id="18" class="1001" name="const_18">
<pin_list>
<pin id="19" dir="1" index="0" bw="1" slack="0"/>
</pin_list>
<bind>
<StgValue><ssdm name=""/></StgValue>
</bind>
</comp>

<comp id="20" class="1001" name="const_20">
<pin_list>
<pin id="21" dir="1" index="0" bw="1" slack="0"/>
</pin_list>
<bind>
<StgValue><ssdm name=""/></StgValue>
</bind>
</comp>

<comp id="22" class="1001" name="const_22">
<pin_list>
<pin id="23" dir="1" index="0" bw="1" slack="2147483647"/>
</pin_list>
<bind>
<StgValue><ssdm name="_ssdm_op_SpecPipeline"/></StgValue>
</bind>
</comp>

<comp id="24" class="1001" name="const_24">
<pin_list>
<pin id="25" dir="1" index="0" bw="1" slack="2147483647"/>
</pin_list>
<bind>
<StgValue><ssdm name=""/></StgValue>
</bind>
</comp>

<comp id="26" class="1001" name="const_26">
<pin_list>
<pin id="27" dir="1" index="0" bw="1" slack="2147483647"/>
</pin_list>
<bind>
<StgValue><ssdm name="empty_22"/></StgValue>
</bind>
</comp>

<comp id="28" class="1001" name="const_28">
<pin_list>
<pin id="29" dir="1" index="0" bw="1" slack="2147483647"/>
</pin_list>
<bind>
<StgValue><ssdm name="_ssdm_op_SpecLoopName"/></StgValue>
</bind>
</comp>

<comp id="30" class="1001" name="const_30">
<pin_list>
<pin id="31" dir="1" index="0" bw="1" slack="2147483647"/>
</pin_list>
<bind>
<StgValue><ssdm name="empty_14"/></StgValue>
</bind>
</comp>

<comp id="32" class="1001" name="const_32">
<pin_list>
<pin id="33" dir="1" index="0" bw="1" slack="0"/>
</pin_list>
<bind>
<StgValue><ssdm name="_ssdm_op_PartSelect.i6.i31.i32.i32"/></StgValue>
</bind>
</comp>

<comp id="34" class="1001" name="const_34">
<pin_list>
<pin id="35" dir="1" index="0" bw="1" slack="0"/>
</pin_list>
<bind>
<StgValue><ssdm name=""/></StgValue>
</bind>
</comp>

<comp id="36" class="1001" name="const_36">
<pin_list>
<pin id="37" dir="1" index="0" bw="1" slack="0"/>
</pin_list>
<bind>
<StgValue><ssdm name=""/></StgValue>
</bind>
</comp>

<comp id="38" class="1001" name="const_38">
<pin_list>
<pin id="39" dir="1" index="0" bw="1" slack="0"/>
</pin_list>
<bind>
<StgValue><ssdm name=""/></StgValue>
</bind>
</comp>

<comp id="40" class="1001" name="const_40">
<pin_list>
<pin id="41" dir="1" index="0" bw="1" slack="2147483647"/>
</pin_list>
<bind>
<StgValue><ssdm name=""/></StgValue>
</bind>
</comp>

<comp id="42" class="1001" name="const_42">
<pin_list>
<pin id="43" dir="1" index="0" bw="1" slack="2147483647"/>
</pin_list>
<bind>
<StgValue><ssdm name=""/></StgValue>
</bind>
</comp>

<comp id="44" class="1001" name="const_44">
<pin_list>
<pin id="45" dir="1" index="0" bw="1" slack="2147483647"/>
</pin_list>
<bind>
<StgValue><ssdm name=""/></StgValue>
</bind>
</comp>

<comp id="46" class="1001" name="const_46">
<pin_list>
<pin id="47" dir="1" index="0" bw="1" slack="0"/>
</pin_list>
<bind>
<StgValue><ssdm name=""/></StgValue>
</bind>
</comp>

<comp id="48" class="1004" name="x_fu_48">
<pin_list>
<pin id="49" dir="0" index="0" bw="1" slack="0"/>
<pin id="50" dir="1" index="1" bw="31" slack="0"/>
</pin_list>
<bind>
<opcode="alloca(26) " fcode="alloca"/>
<opset="x/1 "/>
</bind>
</comp>

<comp id="52" class="1004" name="zext_ln82_read_read_fu_52">
<pin_list>
<pin id="53" dir="0" index="0" bw="6" slack="0"/>
<pin id="54" dir="0" index="1" bw="6" slack="0"/>
<pin id="55" dir="1" index="2" bw="6" slack="0"/>
</pin_list>
<bind>
<opcode="read(1150) " fcode="read"/>
<opset="zext_ln82_read/1 "/>
</bind>
</comp>

<comp id="58" class="1004" name="d_read_read_fu_58">
<pin_list>
<pin id="59" dir="0" index="0" bw="32" slack="0"/>
<pin id="60" dir="0" index="1" bw="32" slack="0"/>
<pin id="61" dir="1" index="2" bw="32" slack="0"/>
</pin_list>
<bind>
<opcode="read(1150) " fcode="read"/>
<opset="d_read/1 "/>
</bind>
</comp>

<comp id="64" class="1004" name="acc_addr_gep_fu_64">
<pin_list>
<pin id="65" dir="0" index="0" bw="32" slack="0"/>
<pin id="66" dir="0" index="1" bw="1" slack="0"/>
<pin id="67" dir="0" index="2" bw="6" slack="0"/>
<pin id="68" dir="1" index="3" bw="6" slack="0"/>
</pin_list>
<bind>
<opcode="getelementptr(29) " fcode="getelementptr"/>
<opset="acc_addr/1 "/>
</bind>
</comp>

<comp id="71" class="1004" name="acc_1_addr_gep_fu_71">
<pin_list>
<pin id="72" dir="0" index="0" bw="32" slack="0"/>
<pin id="73" dir="0" index="1" bw="1" slack="0"/>
<pin id="74" dir="0" index="2" bw="6" slack="0"/>
<pin id="75" dir="1" index="3" bw="6" slack="0"/>
</pin_list>
<bind>
<opcode="getelementptr(29) " fcode="getelementptr"/>
<opset="acc_1_addr/1 "/>
</bind>
</comp>

<comp id="78" class="1004" name="acc_2_addr_gep_fu_78">
<pin_list>
<pin id="79" dir="0" index="0" bw="32" slack="0"/>
<pin id="80" dir="0" index="1" bw="1" slack="0"/>
<pin id="81" dir="0" index="2" bw="6" slack="0"/>
<pin id="82" dir="1" index="3" bw="6" slack="0"/>
</pin_list>
<bind>
<opcode="getelementptr(29) " fcode="getelementptr"/>
<opset="acc_2_addr/1 "/>
</bind>
</comp>

<comp id="85" class="1004" name="acc_3_addr_gep_fu_85">
<pin_list>
<pin id="86" dir="0" index="0" bw="32" slack="0"/>
<pin id="87" dir="0" index="1" bw="1" slack="0"/>
<pin id="88" dir="0" index="2" bw="6" slack="0"/>
<pin id="89" dir="1" index="3" bw="6" slack="0"/>
</pin_list>
<bind>
<opcode="getelementptr(29) " fcode="getelementptr"/>
<opset="acc_3_addr/1 "/>
</bind>
</comp>

<comp id="92" class="1004" name="store_ln82_access_fu_92">
<pin_list>
<pin id="93" dir="0" index="0" bw="6" slack="0"/>
<pin id="94" dir="0" index="1" bw="32" slack="0"/>
<pin id="95" dir="0" index="2" bw="0" slack="2147483647"/>
<pin id="96" dir="1" index="3" bw="32" slack="2147483647"/>
</pin_list>
<bind>
<opcode="store(28) " fcode="store"/>
<opset="store_ln82/1 "/>
</bind>
</comp>

<comp id="99" class="1004" name="store_ln82_access_fu_99">
<pin_list>
<pin id="100" dir="0" index="0" bw="6" slack="0"/>
<pin id="101" dir="0" index="1" bw="32" slack="0"/>
<pin id="102" dir="0" index="2" bw="0" slack="2147483647"/>
<pin id="103" dir="1" index="3" bw="32" slack="2147483647"/>
</pin_list>
<bind>
<opcode="store(28) " fcode="store"/>
<opset="store_ln82/1 "/>
</bind>
</comp>

<comp id="106" class="1004" name="store_ln82_access_fu_106">
<pin_list>
<pin id="107" dir="0" index="0" bw="6" slack="0"/>
<pin id="108" dir="0" index="1" bw="32" slack="0"/>
<pin id="109" dir="0" index="2" bw="0" slack="2147483647"/>
<pin id="110" dir="1" index="3" bw="32" slack="2147483647"/>
</pin_list>
<bind>
<opcode="store(28) " fcode="store"/>
<opset="store_ln82/1 "/>
</bind>
</comp>

<comp id="113" class="1004" name="store_ln82_access_fu_113">
<pin_list>
<pin id="114" dir="0" index="0" bw="6" slack="0"/>
<pin id="115" dir="0" index="1" bw="32" slack="0"/>
<pin id="116" dir="0" index="2" bw="0" slack="2147483647"/>
<pin id="117" dir="1" index="3" bw="32" slack="2147483647"/>
</pin_list>
<bind>
<opcode="store(28) " fcode="store"/>
<opset="store_ln82/1 "/>
</bind>
</comp>

<comp id="120" class="1004" name="store_ln80_store_fu_120">
<pin_list>
<pin id="121" dir="0" index="0" bw="1" slack="0"/>
<pin id="122" dir="0" index="1" bw="31" slack="0"/>
<pin id="123" dir="1" index="2" bw="0" slack="2147483647"/>
</pin_list>
<bind>
<opcode="store(28) " fcode="store"/>
<opset="store_ln80/1 "/>
</bind>
</comp>

<comp id="125" class="1004" name="x_1_load_fu_125">
<pin_list>
<pin id="126" dir="0" index="0" bw="31" slack="0"/>
<pin id="127" dir="1" index="1" bw="31" slack="0"/>
</pin_list>
<bind>
<opcode="load(27) " fcode="load"/>
<opset="x_1/1 "/>
</bind>
</comp>

<comp id="128" class="1004" name="zext_ln80_fu_128">
<pin_list>
<pin id="129" dir="0" index="0" bw="31" slack="0"/>
<pin id="130" dir="1" index="1" bw="32" slack="0"/>
</pin_list>
<bind>
<opcode="zext(34) " fcode="zext"/>
<opset="zext_ln80/1 "/>
</bind>
</comp>

<comp id="132" class="1004" name="icmp_ln80_fu_132">
<pin_list>
<pin id="133" dir="0" index="0" bw="31" slack="0"/>
<pin id="134" dir="0" index="1" bw="32" slack="0"/>
<pin id="135" dir="1" index="2" bw="1" slack="2147483647"/>
</pin_list>
<bind>
<opcode="icmp(45) " fcode="icmp"/>
<opset="icmp_ln80/1 "/>
</bind>
</comp>

<comp id="138" class="1004" name="add_ln80_fu_138">
<pin_list>
<pin id="139" dir="0" index="0" bw="31" slack="0"/>
<pin id="140" dir="0" index="1" bw="1" slack="0"/>
<pin id="141" dir="1" index="2" bw="31" slack="0"/>
</pin_list>
<bind>
<opcode="add(8) " fcode="add"/>
<opset="add_ln80/1 "/>
</bind>
</comp>

<comp id="144" class="1004" name="trunc_ln80_fu_144">
<pin_list>
<pin id="145" dir="0" index="0" bw="31" slack="0"/>
<pin id="146" dir="1" index="1" bw="2" slack="2147483647"/>
</pin_list>
<bind>
<opcode="trunc(33) " fcode="trunc"/>
<opset="trunc_ln80/1 "/>
</bind>
</comp>

<comp id="148" class="1004" name="lshr_ln1_fu_148">
<pin_list>
<pin id="149" dir="0" index="0" bw="6" slack="0"/>
<pin id="150" dir="0" index="1" bw="31" slack="0"/>
<pin id="151" dir="0" index="2" bw="3" slack="0"/>
<pin id="152" dir="0" index="3" bw="4" slack="0"/>
<pin id="153" dir="1" index="4" bw="6" slack="0"/>
</pin_list>
<bind>
<opcode="partselect(1002) " fcode="partselect"/>
<opset="lshr_ln1/1 "/>
</bind>
</comp>

<comp id="158" class="1004" name="add_ln82_fu_158">
<pin_list>
<pin id="159" dir="0" index="0" bw="6" slack="0"/>
<pin id="160" dir="0" index="1" bw="6" slack="0"/>
<pin id="161" dir="1" index="2" bw="6" slack="0"/>
</pin_list>
<bind>
<opcode="add(8) " fcode="add"/>
<opset="add_ln82/1 "/>
</bind>
</comp>

<comp id="164" class="1004" name="zext_ln82_1_fu_164">
<pin_list>
<pin id="165" dir="0" index="0" bw="6" slack="0"/>
<pin id="166" dir="1" index="1" bw="64" slack="0"/>
</pin_list>
<bind>
<opcode="zext(34) " fcode="zext"/>
<opset="zext_ln82_1/1 "/>
</bind>
</comp>

<comp id="172" class="1004" name="store_ln80_store_fu_172">
<pin_list>
<pin id="173" dir="0" index="0" bw="31" slack="0"/>
<pin id="174" dir="0" index="1" bw="31" slack="0"/>
<pin id="175" dir="1" index="2" bw="0" slack="2147483647"/>
</pin_list>
<bind>
<opcode="store(28) " fcode="store"/>
<opset="store_ln80/1 "/>
</bind>
</comp>

<comp id="177" class="1005" name="x_reg_177">
<pin_list>
<pin id="178" dir="0" index="0" bw="31" slack="0"/>
<pin id="179" dir="1" index="1" bw="31" slack="0"/>
</pin_list>
<bind>
<opset="x "/>
</bind>
</comp>

</comp_list>

<net_list>
<net id="51"><net_src comp="12" pin="0"/><net_sink comp="48" pin=0"/></net>

<net id="56"><net_src comp="14" pin="0"/><net_sink comp="52" pin=0"/></net>

<net id="57"><net_src comp="2" pin="0"/><net_sink comp="52" pin=1"/></net>

<net id="62"><net_src comp="16" pin="0"/><net_sink comp="58" pin=0"/></net>

<net id="63"><net_src comp="0" pin="0"/><net_sink comp="58" pin=1"/></net>

<net id="69"><net_src comp="4" pin="0"/><net_sink comp="64" pin=0"/></net>

<net id="70"><net_src comp="38" pin="0"/><net_sink comp="64" pin=1"/></net>

<net id="76"><net_src comp="6" pin="0"/><net_sink comp="71" pin=0"/></net>

<net id="77"><net_src comp="38" pin="0"/><net_sink comp="71" pin=1"/></net>

<net id="83"><net_src comp="8" pin="0"/><net_sink comp="78" pin=0"/></net>

<net id="84"><net_src comp="38" pin="0"/><net_sink comp="78" pin=1"/></net>

<net id="90"><net_src comp="10" pin="0"/><net_sink comp="85" pin=0"/></net>

<net id="91"><net_src comp="38" pin="0"/><net_sink comp="85" pin=1"/></net>

<net id="97"><net_src comp="46" pin="0"/><net_sink comp="92" pin=1"/></net>

<net id="98"><net_src comp="78" pin="3"/><net_sink comp="92" pin=0"/></net>

<net id="104"><net_src comp="46" pin="0"/><net_sink comp="99" pin=1"/></net>

<net id="105"><net_src comp="71" pin="3"/><net_sink comp="99" pin=0"/></net>

<net id="111"><net_src comp="46" pin="0"/><net_sink comp="106" pin=1"/></net>

<net id="112"><net_src comp="64" pin="3"/><net_sink comp="106" pin=0"/></net>

<net id="118"><net_src comp="46" pin="0"/><net_sink comp="113" pin=1"/></net>

<net id="119"><net_src comp="85" pin="3"/><net_sink comp="113" pin=0"/></net>

<net id="124"><net_src comp="18" pin="0"/><net_sink comp="120" pin=0"/></net>

<net id="131"><net_src comp="125" pin="1"/><net_sink comp="128" pin=0"/></net>

<net id="136"><net_src comp="128" pin="1"/><net_sink comp="132" pin=0"/></net>

<net id="137"><net_src comp="58" pin="2"/><net_sink comp="132" pin=1"/></net>

<net id="142"><net_src comp="125" pin="1"/><net_sink comp="138" pin=0"/></net>

<net id="143"><net_src comp="20" pin="0"/><net_sink comp="138" pin=1"/></net>

<net id="147"><net_src comp="125" pin="1"/><net_sink comp="144" pin=0"/></net>

<net id="154"><net_src comp="32" pin="0"/><net_sink comp="148" pin=0"/></net>

<net id="155"><net_src comp="125" pin="1"/><net_sink comp="148" pin=1"/></net>

<net id="156"><net_src comp="34" pin="0"/><net_sink comp="148" pin=2"/></net>

<net id="157"><net_src comp="36" pin="0"/><net_sink comp="148" pin=3"/></net>

<net id="162"><net_src comp="52" pin="2"/><net_sink comp="158" pin=0"/></net>

<net id="163"><net_src comp="148" pin="4"/><net_sink comp="158" pin=1"/></net>

<net id="167"><net_src comp="158" pin="2"/><net_sink comp="164" pin=0"/></net>

<net id="168"><net_src comp="164" pin="1"/><net_sink comp="64" pin=2"/></net>

<net id="169"><net_src comp="164" pin="1"/><net_sink comp="71" pin=2"/></net>

<net id="170"><net_src comp="164" pin="1"/><net_sink comp="78" pin=2"/></net>

<net id="171"><net_src comp="164" pin="1"/><net_sink comp="85" pin=2"/></net>

<net id="176"><net_src comp="138" pin="2"/><net_sink comp="172" pin=0"/></net>

<net id="180"><net_src comp="48" pin="1"/><net_sink comp="177" pin=0"/></net>

<net id="181"><net_src comp="177" pin="1"/><net_sink comp="120" pin=1"/></net>

<net id="182"><net_src comp="177" pin="1"/><net_sink comp="125" pin=0"/></net>

<net id="183"><net_src comp="177" pin="1"/><net_sink comp="172" pin=1"/></net>

</net_list>

</model> 
---------------- Datapath Model END ------------------

* FSMD analyzer results:
  - Output states:
	Port: acc | {1 }
	Port: acc_1 | {1 }
	Port: acc_2 | {1 }
	Port: acc_3 | {1 }
 - Input state : 
	Port: flash_attention_hls_Pipeline_VITIS_LOOP_80_2 : d | {1 }
	Port: flash_attention_hls_Pipeline_VITIS_LOOP_80_2 : zext_ln82 | {1 }
  - Chain level:
	State 1
		store_ln80 : 1
		x_1 : 1
		zext_ln80 : 2
		icmp_ln80 : 3
		add_ln80 : 2
		br_ln80 : 4
		trunc_ln80 : 2
		lshr_ln1 : 2
		add_ln82 : 3
		zext_ln82_1 : 4
		acc_addr : 5
		acc_1_addr : 5
		acc_2_addr : 5
		acc_3_addr : 5
		switch_ln82 : 3
		store_ln82 : 6
		store_ln82 : 6
		store_ln82 : 6
		store_ln82 : 6
		store_ln80 : 3


============================================================
+ Verbose Summary: Datapath Resource usage 
============================================================

* Functional unit list:
|----------|---------------------------|---------|---------|
| Operation|      Functional Unit      |    FF   |   LUT   |
|----------|---------------------------|---------|---------|
|    add   |      add_ln80_fu_138      |    0    |    38   |
|          |      add_ln82_fu_158      |    0    |    14   |
|----------|---------------------------|---------|---------|
|   icmp   |      icmp_ln80_fu_132     |    0    |    39   |
|----------|---------------------------|---------|---------|
|   read   | zext_ln82_read_read_fu_52 |    0    |    0    |
|          |     d_read_read_fu_58     |    0    |    0    |
|----------|---------------------------|---------|---------|
|   zext   |      zext_ln80_fu_128     |    0    |    0    |
|          |     zext_ln82_1_fu_164    |    0    |    0    |
|----------|---------------------------|---------|---------|
|   trunc  |     trunc_ln80_fu_144     |    0    |    0    |
|----------|---------------------------|---------|---------|
|partselect|      lshr_ln1_fu_148      |    0    |    0    |
|----------|---------------------------|---------|---------|
|   Total  |                           |    0    |    91   |
|----------|---------------------------|---------|---------|

Memories:
N/A

* Register list:
+---------+--------+
|         |   FF   |
+---------+--------+
|x_reg_177|   31   |
+---------+--------+
|  Total  |   31   |
+---------+--------+

* Multiplexer (MUX) list: 
|--------|------|------|------|--------|
|  Comp  |  Pin | Size |  BW  | S x BW |
|--------|------|------|------|--------|
|  Total |      |      |      |    0   |
|--------|------|------|------|--------|



* Summary:
+-----------+--------+--------+
|           |   FF   |   LUT  |
+-----------+--------+--------+
|  Function |    0   |   91   |
|   Memory  |    -   |    -   |
|Multiplexer|    -   |    -   |
|  Register |   31   |    -   |
+-----------+--------+--------+
|   Total   |   31   |   91   |
+-----------+--------+--------+
