

================================================================
== Vitis HLS Report for 'flash_attention_hls_Pipeline_FIND_MAX'
================================================================
* Date:           Fri May  8 14:39:22 2026

* Version:        2023.2 (Build 4023990 on Oct 11 2023)
* Project:        flash_attention_proj
* Solution:       solution1 (Vivado IP Flow Target)
* Product family: zynq
* Target device:  xc7z020-clg400-1


================================================================
== Performance Estimates
================================================================
+ Timing: 
    * Summary: 
    +--------+----------+----------+------------+
    |  Clock |  Target  | Estimated| Uncertainty|
    +--------+----------+----------+------------+
    |ap_clk  |  10.00 ns|  8.695 ns|     2.70 ns|
    +--------+----------+----------+------------+

+ Latency: 
    * Summary: 
    +---------+---------+----------+----------+-----+-----+---------+
    |  Latency (cycles) |  Latency (absolute) |  Interval | Pipeline|
    |   min   |   max   |    min   |    max   | min | max |   Type  |
    +---------+---------+----------+----------+-----+-----+---------+
    |        ?|        ?|         ?|         ?|    ?|    ?|       no|
    +---------+---------+----------+----------+-----+-----+---------+

    + Detail: 
        * Instance: 
        N/A

        * Loop: 
        +------------+---------+---------+----------+-----------+-----------+------+----------+
        |            |  Latency (cycles) | Iteration|  Initiation Interval  | Trip |          |
        |  Loop Name |   min   |   max   |  Latency |  achieved |   target  | Count| Pipelined|
        +------------+---------+---------+----------+-----------+-----------+------+----------+
        |- FIND_MAX  |        ?|        ?|         3|          1|          1|     ?|       yes|
        +------------+---------+---------+----------+-----------+-----------+------+----------+

============================================================
+ Verbose Summary: Synthesis Manager
============================================================
InlineROM: 1
ExposeGlobal: 0
============================================================
+ Verbose Summary: CDFG Model
============================================================
IsTopModel: 0
ResetActiveHigh: 1
IsCombinational: 0
IsDatapathOnly: 0
HasWiredReturn: 1
HasMFsm: 2
HasVarLatency: 1
IsPipeline: 0
IsRtlPipelined: 0
IsInstanceOverlapped: 0
IsDontTouch: 0
HasImplIP: 0
IsGatedGlobalClock: 0

+ Individual pipeline summary: 
  * Pipeline-0: initiation interval (II) = 1, depth = 3


============================================================
+ Verbose Summary: Schedule
============================================================
* Number of FSM states : 3
* Pipeline : 1
  Pipeline-0 : II = 1, D = 3, States = { 1 2 3 }
* Dataflow Pipeline: 0

* FSM state transitions: 
1 --> 2 
2 --> 3 
3 --> 

* FSM state operations: 

State 1 <SV = 0> <Delay = 6.66>
ST_1 : Operation 6 [1/1] (0.00ns)   --->   "%tile_max = alloca i32 1" [flash_attention.cpp:134]   --->   Operation 6 'alloca' 'tile_max' <Predicate = true> <Delay = 0.00>
ST_1 : Operation 7 [1/1] (0.00ns)   --->   "%j = alloca i32 1" [flash_attention.cpp:136]   --->   Operation 7 'alloca' 'j' <Predicate = true> <Delay = 0.00>
ST_1 : Operation 8 [1/1] (0.00ns)   --->   "%zext_ln138_read = read i6 @_ssdm_op_Read.ap_auto.i6, i6 %zext_ln138"   --->   Operation 8 'read' 'zext_ln138_read' <Predicate = true> <Delay = 0.00>
ST_1 : Operation 9 [1/1] (0.00ns)   --->   "%k_lim_read = read i32 @_ssdm_op_Read.ap_auto.i32, i32 %k_lim"   --->   Operation 9 'read' 'k_lim_read' <Predicate = true> <Delay = 0.00>
ST_1 : Operation 10 [1/1] (1.58ns)   --->   "%store_ln136 = store i31 0, i31 %j" [flash_attention.cpp:136]   --->   Operation 10 'store' 'store_ln136' <Predicate = true> <Delay = 1.58>
ST_1 : Operation 11 [1/1] (1.58ns)   --->   "%store_ln134 = store i32 -1e+30, i32 %tile_max" [flash_attention.cpp:134]   --->   Operation 11 'store' 'store_ln134' <Predicate = true> <Delay = 1.58>
ST_1 : Operation 12 [1/1] (0.00ns)   --->   "%br_ln0 = br void %for.body141"   --->   Operation 12 'br' 'br_ln0' <Predicate = true> <Delay = 0.00>
ST_1 : Operation 13 [1/1] (0.00ns)   --->   "%j_2 = load i31 %j" [flash_attention.cpp:138]   --->   Operation 13 'load' 'j_2' <Predicate = true> <Delay = 0.00>
ST_1 : Operation 14 [1/1] (0.00ns)   --->   "%zext_ln136 = zext i31 %j_2" [flash_attention.cpp:136]   --->   Operation 14 'zext' 'zext_ln136' <Predicate = true> <Delay = 0.00>
ST_1 : Operation 15 [1/1] (2.55ns)   --->   "%icmp_ln136 = icmp_slt  i32 %zext_ln136, i32 %k_lim_read" [flash_attention.cpp:136]   --->   Operation 15 'icmp' 'icmp_ln136' <Predicate = true> <Delay = 2.55> <CoreInst = "Cmp">   --->   Core 9 'Cmp' <Latency = 0> <II = 1> <Delay = 2.55> <FuncUnit> <Opcode : 'icmp'> <InPorts = 2> <OutPorts = 1>
ST_1 : Operation 16 [1/1] (2.52ns)   --->   "%add_ln136 = add i31 %j_2, i31 1" [flash_attention.cpp:136]   --->   Operation 16 'add' 'add_ln136' <Predicate = true> <Delay = 2.52> <CoreInst = "Adder">   --->   Core 1 'Adder' <Latency = 0> <II = 1> <Delay = 2.52> <FuncUnit> <Opcode : 'add' 'sub'> <InPorts = 2> <OutPorts = 1>
ST_1 : Operation 17 [1/1] (0.00ns)   --->   "%br_ln136 = br i1 %icmp_ln136, void %for.end155.loopexit.exitStub, void %for.body141.split" [flash_attention.cpp:136]   --->   Operation 17 'br' 'br_ln136' <Predicate = true> <Delay = 0.00>
ST_1 : Operation 18 [1/1] (0.00ns)   --->   "%trunc_ln138 = trunc i31 %j_2" [flash_attention.cpp:138]   --->   Operation 18 'trunc' 'trunc_ln138' <Predicate = (icmp_ln136)> <Delay = 0.00>
ST_1 : Operation 19 [1/1] (1.82ns)   --->   "%add_ln138 = add i6 %zext_ln138_read, i6 %trunc_ln138" [flash_attention.cpp:138]   --->   Operation 19 'add' 'add_ln138' <Predicate = (icmp_ln136)> <Delay = 1.82> <CoreInst = "Adder">   --->   Core 1 'Adder' <Latency = 0> <II = 1> <Delay = 1.82> <FuncUnit> <Opcode : 'add' 'sub'> <InPorts = 2> <OutPorts = 1>
ST_1 : Operation 20 [1/1] (0.00ns)   --->   "%zext_ln138_1 = zext i6 %add_ln138" [flash_attention.cpp:138]   --->   Operation 20 'zext' 'zext_ln138_1' <Predicate = (icmp_ln136)> <Delay = 0.00>
ST_1 : Operation 21 [1/1] (0.00ns)   --->   "%scores_addr = getelementptr i32 %scores, i64 0, i64 %zext_ln138_1" [flash_attention.cpp:138]   --->   Operation 21 'getelementptr' 'scores_addr' <Predicate = (icmp_ln136)> <Delay = 0.00>
ST_1 : Operation 22 [2/2] (3.25ns)   --->   "%tile_max_1 = load i6 %scores_addr" [flash_attention.cpp:138]   --->   Operation 22 'load' 'tile_max_1' <Predicate = (icmp_ln136)> <Delay = 3.25> <CoreInst = "RAM">   --->   Core 82 'RAM' <Latency = 1> <II = 1> <Delay = 3.25> <Storage> <Opcode : 'load' 'store'> <Ports = 2> <Width = 32> <Depth = 64> <RAM>
ST_1 : Operation 23 [1/1] (1.58ns)   --->   "%store_ln136 = store i31 %add_ln136, i31 %j" [flash_attention.cpp:136]   --->   Operation 23 'store' 'store_ln136' <Predicate = (icmp_ln136)> <Delay = 1.58>

State 2 <SV = 1> <Delay = 8.68>
ST_2 : Operation 24 [1/1] (0.00ns)   --->   "%tile_max_load_1 = load i32 %tile_max" [flash_attention.cpp:138]   --->   Operation 24 'load' 'tile_max_load_1' <Predicate = true> <Delay = 0.00>
ST_2 : Operation 25 [1/2] (3.25ns)   --->   "%tile_max_1 = load i6 %scores_addr" [flash_attention.cpp:138]   --->   Operation 25 'load' 'tile_max_1' <Predicate = true> <Delay = 3.25> <CoreInst = "RAM">   --->   Core 82 'RAM' <Latency = 1> <II = 1> <Delay = 3.25> <Storage> <Opcode : 'load' 'store'> <Ports = 2> <Width = 32> <Depth = 64> <RAM>
ST_2 : Operation 26 [1/1] (0.00ns)   --->   "%bitcast_ln138 = bitcast i32 %tile_max_1" [flash_attention.cpp:138]   --->   Operation 26 'bitcast' 'bitcast_ln138' <Predicate = true> <Delay = 0.00>
ST_2 : Operation 27 [1/1] (0.00ns)   --->   "%tmp_2 = partselect i8 @_ssdm_op_PartSelect.i8.i32.i32.i32, i32 %bitcast_ln138, i32 23, i32 30" [flash_attention.cpp:138]   --->   Operation 27 'partselect' 'tmp_2' <Predicate = true> <Delay = 0.00>
ST_2 : Operation 28 [1/1] (0.00ns)   --->   "%trunc_ln138_1 = trunc i32 %bitcast_ln138" [flash_attention.cpp:138]   --->   Operation 28 'trunc' 'trunc_ln138_1' <Predicate = true> <Delay = 0.00>
ST_2 : Operation 29 [1/1] (0.00ns)   --->   "%bitcast_ln138_1 = bitcast i32 %tile_max_load_1" [flash_attention.cpp:138]   --->   Operation 29 'bitcast' 'bitcast_ln138_1' <Predicate = true> <Delay = 0.00>
ST_2 : Operation 30 [1/1] (0.00ns)   --->   "%tmp_3 = partselect i8 @_ssdm_op_PartSelect.i8.i32.i32.i32, i32 %bitcast_ln138_1, i32 23, i32 30" [flash_attention.cpp:138]   --->   Operation 30 'partselect' 'tmp_3' <Predicate = true> <Delay = 0.00>
ST_2 : Operation 31 [1/1] (0.00ns)   --->   "%trunc_ln138_2 = trunc i32 %bitcast_ln138_1" [flash_attention.cpp:138]   --->   Operation 31 'trunc' 'trunc_ln138_2' <Predicate = true> <Delay = 0.00>
ST_2 : Operation 32 [1/1] (1.91ns)   --->   "%icmp_ln138 = icmp_ne  i8 %tmp_2, i8 255" [flash_attention.cpp:138]   --->   Operation 32 'icmp' 'icmp_ln138' <Predicate = true> <Delay = 1.91> <CoreInst = "Cmp">   --->   Core 9 'Cmp' <Latency = 0> <II = 1> <Delay = 1.91> <FuncUnit> <Opcode : 'icmp'> <InPorts = 2> <OutPorts = 1>
ST_2 : Operation 33 [1/1] (2.28ns)   --->   "%icmp_ln138_1 = icmp_eq  i23 %trunc_ln138_1, i23 0" [flash_attention.cpp:138]   --->   Operation 33 'icmp' 'icmp_ln138_1' <Predicate = true> <Delay = 2.28> <CoreInst = "Cmp">   --->   Core 9 'Cmp' <Latency = 0> <II = 1> <Delay = 2.28> <FuncUnit> <Opcode : 'icmp'> <InPorts = 2> <OutPorts = 1>
ST_2 : Operation 34 [1/1] (1.91ns)   --->   "%icmp_ln138_2 = icmp_ne  i8 %tmp_3, i8 255" [flash_attention.cpp:138]   --->   Operation 34 'icmp' 'icmp_ln138_2' <Predicate = true> <Delay = 1.91> <CoreInst = "Cmp">   --->   Core 9 'Cmp' <Latency = 0> <II = 1> <Delay = 1.91> <FuncUnit> <Opcode : 'icmp'> <InPorts = 2> <OutPorts = 1>
ST_2 : Operation 35 [1/1] (2.28ns)   --->   "%icmp_ln138_3 = icmp_eq  i23 %trunc_ln138_2, i23 0" [flash_attention.cpp:138]   --->   Operation 35 'icmp' 'icmp_ln138_3' <Predicate = true> <Delay = 2.28> <CoreInst = "Cmp">   --->   Core 9 'Cmp' <Latency = 0> <II = 1> <Delay = 2.28> <FuncUnit> <Opcode : 'icmp'> <InPorts = 2> <OutPorts = 1>
ST_2 : Operation 36 [2/2] (5.43ns)   --->   "%tmp_4 = fcmp_ogt  i32 %tile_max_1, i32 %tile_max_load_1" [flash_attention.cpp:138]   --->   Operation 36 'fcmp' 'tmp_4' <Predicate = true> <Delay = 5.43> <CoreInst = "FCompare">   --->   Core 19 'FCompare' <Latency = 1> <II = 1> <Delay = 5.43> <FuncUnit> <Opcode : 'fcmp'> <InPorts = 2> <OutPorts = 1>
ST_2 : Operation 47 [1/1] (0.00ns)   --->   "%tile_max_load = load i32 %tile_max"   --->   Operation 47 'load' 'tile_max_load' <Predicate = (!icmp_ln136)> <Delay = 0.00>
ST_2 : Operation 48 [1/1] (0.00ns)   --->   "%write_ln0 = write void @_ssdm_op_Write.ap_auto.floatP0A, i32 %tile_max_out, i32 %tile_max_load"   --->   Operation 48 'write' 'write_ln0' <Predicate = (!icmp_ln136)> <Delay = 0.00>
ST_2 : Operation 49 [1/1] (0.00ns)   --->   "%ret_ln0 = ret"   --->   Operation 49 'ret' 'ret_ln0' <Predicate = (!icmp_ln136)> <Delay = 0.00>

State 3 <SV = 2> <Delay = 8.69>
ST_3 : Operation 37 [1/1] (0.00ns)   --->   "%specpipeline_ln137 = specpipeline void @_ssdm_op_SpecPipeline, i32 1, i32 0, i32 0, i32 0, void @empty_22" [flash_attention.cpp:137]   --->   Operation 37 'specpipeline' 'specpipeline_ln137' <Predicate = true> <Delay = 0.00>
ST_3 : Operation 38 [1/1] (0.00ns)   --->   "%specloopname_ln136 = specloopname void @_ssdm_op_SpecLoopName, void @empty_26" [flash_attention.cpp:136]   --->   Operation 38 'specloopname' 'specloopname_ln136' <Predicate = true> <Delay = 0.00>
ST_3 : Operation 39 [1/1] (0.00ns) (grouped into LUT with out node and_ln138_1)   --->   "%or_ln138 = or i1 %icmp_ln138_1, i1 %icmp_ln138" [flash_attention.cpp:138]   --->   Operation 39 'or' 'or_ln138' <Predicate = true> <Delay = 0.00> <CoreInst = "LogicGate">   --->   Core 74 'LogicGate' <Latency = 0> <II = 1> <Delay = 0.97> <FuncUnit> <Opcode : 'and' 'or' 'xor'> <InPorts = 2> <OutPorts = 1>
ST_3 : Operation 40 [1/1] (0.00ns) (grouped into LUT with out node and_ln138_1)   --->   "%or_ln138_1 = or i1 %icmp_ln138_3, i1 %icmp_ln138_2" [flash_attention.cpp:138]   --->   Operation 40 'or' 'or_ln138_1' <Predicate = true> <Delay = 0.00> <CoreInst = "LogicGate">   --->   Core 74 'LogicGate' <Latency = 0> <II = 1> <Delay = 0.97> <FuncUnit> <Opcode : 'and' 'or' 'xor'> <InPorts = 2> <OutPorts = 1>
ST_3 : Operation 41 [1/2] (5.43ns)   --->   "%tmp_4 = fcmp_ogt  i32 %tile_max_1, i32 %tile_max_load_1" [flash_attention.cpp:138]   --->   Operation 41 'fcmp' 'tmp_4' <Predicate = true> <Delay = 5.43> <CoreInst = "FCompare">   --->   Core 19 'FCompare' <Latency = 1> <II = 1> <Delay = 5.43> <FuncUnit> <Opcode : 'fcmp'> <InPorts = 2> <OutPorts = 1>
ST_3 : Operation 42 [1/1] (0.00ns) (grouped into LUT with out node and_ln138_1)   --->   "%and_ln138 = and i1 %tmp_4, i1 %or_ln138" [flash_attention.cpp:138]   --->   Operation 42 'and' 'and_ln138' <Predicate = true> <Delay = 0.00> <CoreInst = "LogicGate">   --->   Core 74 'LogicGate' <Latency = 0> <II = 1> <Delay = 0.97> <FuncUnit> <Opcode : 'and' 'or' 'xor'> <InPorts = 2> <OutPorts = 1>
ST_3 : Operation 43 [1/1] (0.97ns) (out node of the LUT)   --->   "%and_ln138_1 = and i1 %and_ln138, i1 %or_ln138_1" [flash_attention.cpp:138]   --->   Operation 43 'and' 'and_ln138_1' <Predicate = true> <Delay = 0.97> <CoreInst = "LogicGate">   --->   Core 74 'LogicGate' <Latency = 0> <II = 1> <Delay = 0.97> <FuncUnit> <Opcode : 'and' 'or' 'xor'> <InPorts = 2> <OutPorts = 1>
ST_3 : Operation 44 [1/1] (0.69ns) (out node of the LUT)   --->   "%tile_max_2 = select i1 %and_ln138_1, i32 %tile_max_1, i32 %tile_max_load_1" [flash_attention.cpp:138]   --->   Operation 44 'select' 'tile_max_2' <Predicate = true> <Delay = 0.69> <CoreInst = "Sel">   --->   Core 73 'Sel' <Latency = 0> <II = 1> <Delay = 0.69> <FuncUnit> <Opcode : 'select'> <InPorts = 3> <OutPorts = 1>
ST_3 : Operation 45 [1/1] (1.58ns)   --->   "%store_ln134 = store i32 %tile_max_2, i32 %tile_max" [flash_attention.cpp:134]   --->   Operation 45 'store' 'store_ln134' <Predicate = true> <Delay = 1.58>
ST_3 : Operation 46 [1/1] (0.00ns)   --->   "%br_ln136 = br void %for.body141" [flash_attention.cpp:136]   --->   Operation 46 'br' 'br_ln136' <Predicate = true> <Delay = 0.00>


============================================================
+ Verbose Summary: Binding
============================================================
STG Binding: 
---------------- STG Properties BEGIN ----------------
- Is combinational: 0
- Is one-state seq: 0
- Is datapath-only: 0
- Is pipelined: 0
- Is top level: 0
Port [ Return ] is wired: 1; IO mode=ap_ctrl_hs:ce=0
Port [ k_lim]:  wired=1; compound=0; hidden=0; nouse=0; global=0; static=0; extern=0; dir=0; type=0; pingpong=0; private_global=0; IO mode=ap_none:ce=0
Port [ zext_ln138]:  wired=1; compound=0; hidden=0; nouse=0; global=0; static=0; extern=0; dir=0; type=0; pingpong=0; private_global=0; IO mode=ap_none:ce=0
Port [ scores]:  wired=1; compound=1; hidden=0; nouse=0; global=0; static=0; extern=0; dir=0; type=1; pingpong=0; private_global=0; MemPort=[13]; IO mode=ap_memory:ce=0
Port [ tile_max_out]:  wired=1; compound=0; hidden=0; nouse=0; global=0; static=0; extern=0; dir=1; type=0; pingpong=0; private_global=0; IO mode=ap_vld:ce=0
---------------- STG Properties END ------------------

---------------- Datapath Model BEGIN ----------------

<LifeTime>
<method=bitvector/>
tile_max           (alloca       ) [ 0111]
j                  (alloca       ) [ 0100]
zext_ln138_read    (read         ) [ 0000]
k_lim_read         (read         ) [ 0000]
store_ln136        (store        ) [ 0000]
store_ln134        (store        ) [ 0000]
br_ln0             (br           ) [ 0000]
j_2                (load         ) [ 0000]
zext_ln136         (zext         ) [ 0000]
icmp_ln136         (icmp         ) [ 0110]
add_ln136          (add          ) [ 0000]
br_ln136           (br           ) [ 0000]
trunc_ln138        (trunc        ) [ 0000]
add_ln138          (add          ) [ 0000]
zext_ln138_1       (zext         ) [ 0000]
scores_addr        (getelementptr) [ 0110]
store_ln136        (store        ) [ 0000]
tile_max_load_1    (load         ) [ 0101]
tile_max_1         (load         ) [ 0101]
bitcast_ln138      (bitcast      ) [ 0000]
tmp_2              (partselect   ) [ 0000]
trunc_ln138_1      (trunc        ) [ 0000]
bitcast_ln138_1    (bitcast      ) [ 0000]
tmp_3              (partselect   ) [ 0000]
trunc_ln138_2      (trunc        ) [ 0000]
icmp_ln138         (icmp         ) [ 0101]
icmp_ln138_1       (icmp         ) [ 0101]
icmp_ln138_2       (icmp         ) [ 0101]
icmp_ln138_3       (icmp         ) [ 0101]
specpipeline_ln137 (specpipeline ) [ 0000]
specloopname_ln136 (specloopname ) [ 0000]
or_ln138           (or           ) [ 0000]
or_ln138_1         (or           ) [ 0000]
tmp_4              (fcmp         ) [ 0000]
and_ln138          (and          ) [ 0000]
and_ln138_1        (and          ) [ 0000]
tile_max_2         (select       ) [ 0000]
store_ln134        (store        ) [ 0000]
br_ln136           (br           ) [ 0000]
tile_max_load      (load         ) [ 0000]
write_ln0          (write        ) [ 0000]
ret_ln0            (ret          ) [ 0000]
</LifeTime>

<model>

<comp_list>
<comp id="0" class="1000" name="k_lim">
<pin_list>
<pin id="1" dir="1" index="0" bw="1" slack="0"/>
</pin_list>
<bind>
<StgValue><ssdm name="k_lim"/></StgValue>
</bind>
</comp>

<comp id="2" class="1000" name="zext_ln138">
<pin_list>
<pin id="3" dir="1" index="0" bw="1" slack="0"/>
</pin_list>
<bind>
<StgValue><ssdm name="zext_ln138"/></StgValue>
</bind>
</comp>

<comp id="4" class="1000" name="scores">
<pin_list>
<pin id="5" dir="1" index="0" bw="1" slack="0"/>
</pin_list>
<bind>
<StgValue><ssdm name="scores"/><MemPortTyVec>1 3 </MemPortTyVec>
</StgValue>
</bind>
</comp>

<comp id="6" class="1000" name="tile_max_out">
<pin_list>
<pin id="7" dir="1" index="0" bw="1" slack="0"/>
</pin_list>
<bind>
<StgValue><ssdm name="tile_max_out"/></StgValue>
</bind>
</comp>

<comp id="8" class="1001" name="const_8">
<pin_list>
<pin id="9" dir="1" index="0" bw="1" slack="0"/>
</pin_list>
<bind>
<StgValue><ssdm name=""/></StgValue>
</bind>
</comp>

<comp id="10" class="1001" name="const_10">
<pin_list>
<pin id="11" dir="1" index="0" bw="1" slack="0"/>
</pin_list>
<bind>
<StgValue><ssdm name="_ssdm_op_Read.ap_auto.i6"/></StgValue>
</bind>
</comp>

<comp id="12" class="1001" name="const_12">
<pin_list>
<pin id="13" dir="1" index="0" bw="1" slack="0"/>
</pin_list>
<bind>
<StgValue><ssdm name="_ssdm_op_Read.ap_auto.i32"/></StgValue>
</bind>
</comp>

<comp id="14" class="1001" name="const_14">
<pin_list>
<pin id="15" dir="1" index="0" bw="1" slack="0"/>
</pin_list>
<bind>
<StgValue><ssdm name=""/></StgValue>
</bind>
</comp>

<comp id="16" class="1001" name="const_16">
<pin_list>
<pin id="17" dir="1" index="0" bw="1" slack="0"/>
</pin_list>
<bind>
<StgValue><ssdm name=""/></StgValue>
</bind>
</comp>

<comp id="18" class="1001" name="const_18">
<pin_list>
<pin id="19" dir="1" index="0" bw="1" slack="0"/>
</pin_list>
<bind>
<StgValue><ssdm name=""/></StgValue>
</bind>
</comp>

<comp id="20" class="1001" name="const_20">
<pin_list>
<pin id="21" dir="1" index="0" bw="1" slack="0"/>
</pin_list>
<bind>
<StgValue><ssdm name=""/></StgValue>
</bind>
</comp>

<comp id="22" class="1001" name="const_22">
<pin_list>
<pin id="23" dir="1" index="0" bw="1" slack="0"/>
</pin_list>
<bind>
<StgValue><ssdm name="_ssdm_op_PartSelect.i8.i32.i32.i32"/></StgValue>
</bind>
</comp>

<comp id="24" class="1001" name="const_24">
<pin_list>
<pin id="25" dir="1" index="0" bw="1" slack="0"/>
</pin_list>
<bind>
<StgValue><ssdm name=""/></StgValue>
</bind>
</comp>

<comp id="26" class="1001" name="const_26">
<pin_list>
<pin id="27" dir="1" index="0" bw="1" slack="0"/>
</pin_list>
<bind>
<StgValue><ssdm name=""/></StgValue>
</bind>
</comp>

<comp id="28" class="1001" name="const_28">
<pin_list>
<pin id="29" dir="1" index="0" bw="1" slack="0"/>
</pin_list>
<bind>
<StgValue><ssdm name=""/></StgValue>
</bind>
</comp>

<comp id="30" class="1001" name="const_30">
<pin_list>
<pin id="31" dir="1" index="0" bw="1" slack="0"/>
</pin_list>
<bind>
<StgValue><ssdm name=""/></StgValue>
</bind>
</comp>

<comp id="32" class="1001" name="const_32">
<pin_list>
<pin id="33" dir="1" index="0" bw="1" slack="2147483647"/>
</pin_list>
<bind>
<StgValue><ssdm name="_ssdm_op_SpecPipeline"/></StgValue>
</bind>
</comp>

<comp id="34" class="1001" name="const_34">
<pin_list>
<pin id="35" dir="1" index="0" bw="1" slack="2147483647"/>
</pin_list>
<bind>
<StgValue><ssdm name=""/></StgValue>
</bind>
</comp>

<comp id="36" class="1001" name="const_36">
<pin_list>
<pin id="37" dir="1" index="0" bw="1" slack="2147483647"/>
</pin_list>
<bind>
<StgValue><ssdm name="empty_22"/></StgValue>
</bind>
</comp>

<comp id="38" class="1001" name="const_38">
<pin_list>
<pin id="39" dir="1" index="0" bw="1" slack="2147483647"/>
</pin_list>
<bind>
<StgValue><ssdm name="_ssdm_op_SpecLoopName"/></StgValue>
</bind>
</comp>

<comp id="40" class="1001" name="const_40">
<pin_list>
<pin id="41" dir="1" index="0" bw="1" slack="2147483647"/>
</pin_list>
<bind>
<StgValue><ssdm name="empty_26"/></StgValue>
</bind>
</comp>

<comp id="42" class="1001" name="const_42">
<pin_list>
<pin id="43" dir="1" index="0" bw="1" slack="0"/>
</pin_list>
<bind>
<StgValue><ssdm name="_ssdm_op_Write.ap_auto.floatP0A"/></StgValue>
</bind>
</comp>

<comp id="44" class="1004" name="tile_max_fu_44">
<pin_list>
<pin id="45" dir="0" index="0" bw="1" slack="0"/>
<pin id="46" dir="1" index="1" bw="32" slack="0"/>
</pin_list>
<bind>
<opcode="alloca(26) " fcode="alloca"/>
<opset="tile_max/1 "/>
</bind>
</comp>

<comp id="48" class="1004" name="j_fu_48">
<pin_list>
<pin id="49" dir="0" index="0" bw="1" slack="0"/>
<pin id="50" dir="1" index="1" bw="31" slack="0"/>
</pin_list>
<bind>
<opcode="alloca(26) " fcode="alloca"/>
<opset="j/1 "/>
</bind>
</comp>

<comp id="52" class="1004" name="zext_ln138_read_read_fu_52">
<pin_list>
<pin id="53" dir="0" index="0" bw="6" slack="0"/>
<pin id="54" dir="0" index="1" bw="6" slack="0"/>
<pin id="55" dir="1" index="2" bw="6" slack="0"/>
</pin_list>
<bind>
<opcode="read(1150) " fcode="read"/>
<opset="zext_ln138_read/1 "/>
</bind>
</comp>

<comp id="58" class="1004" name="k_lim_read_read_fu_58">
<pin_list>
<pin id="59" dir="0" index="0" bw="32" slack="0"/>
<pin id="60" dir="0" index="1" bw="32" slack="0"/>
<pin id="61" dir="1" index="2" bw="32" slack="0"/>
</pin_list>
<bind>
<opcode="read(1150) " fcode="read"/>
<opset="k_lim_read/1 "/>
</bind>
</comp>

<comp id="64" class="1004" name="write_ln0_write_fu_64">
<pin_list>
<pin id="65" dir="0" index="0" bw="0" slack="0"/>
<pin id="66" dir="0" index="1" bw="32" slack="0"/>
<pin id="67" dir="0" index="2" bw="32" slack="0"/>
<pin id="68" dir="1" index="3" bw="0" slack="2147483647"/>
</pin_list>
<bind>
<opcode="write(1151) " fcode="write"/>
<opset="write_ln0/2 "/>
</bind>
</comp>

<comp id="71" class="1004" name="scores_addr_gep_fu_71">
<pin_list>
<pin id="72" dir="0" index="0" bw="32" slack="0"/>
<pin id="73" dir="0" index="1" bw="1" slack="0"/>
<pin id="74" dir="0" index="2" bw="6" slack="0"/>
<pin id="75" dir="1" index="3" bw="6" slack="0"/>
</pin_list>
<bind>
<opcode="getelementptr(29) " fcode="getelementptr"/>
<opset="scores_addr/1 "/>
</bind>
</comp>

<comp id="78" class="1004" name="grp_access_fu_78">
<pin_list>
<pin id="79" dir="0" index="0" bw="6" slack="0"/>
<pin id="80" dir="0" index="1" bw="32" slack="2147483647"/>
<pin id="81" dir="0" index="2" bw="0" slack="2147483647"/>
<pin id="82" dir="1" index="3" bw="32" slack="0"/>
</pin_list>
<bind>
<opcode="load(27) " fcode="load"/>
<opset="tile_max_1/1 "/>
</bind>
</comp>

<comp id="84" class="1004" name="grp_fu_84">
<pin_list>
<pin id="85" dir="0" index="0" bw="32" slack="0"/>
<pin id="86" dir="0" index="1" bw="32" slack="0"/>
<pin id="87" dir="1" index="2" bw="1" slack="0"/>
</pin_list>
<bind>
<opcode="fcmp(46) " fcode="fcmp"/>
<opset="tmp_4/2 "/>
</bind>
</comp>

<comp id="89" class="1004" name="store_ln136_store_fu_89">
<pin_list>
<pin id="90" dir="0" index="0" bw="1" slack="0"/>
<pin id="91" dir="0" index="1" bw="31" slack="0"/>
<pin id="92" dir="1" index="2" bw="0" slack="2147483647"/>
</pin_list>
<bind>
<opcode="store(28) " fcode="store"/>
<opset="store_ln136/1 "/>
</bind>
</comp>

<comp id="94" class="1004" name="store_ln134_store_fu_94">
<pin_list>
<pin id="95" dir="0" index="0" bw="32" slack="0"/>
<pin id="96" dir="0" index="1" bw="32" slack="0"/>
<pin id="97" dir="1" index="2" bw="0" slack="2147483647"/>
</pin_list>
<bind>
<opcode="store(28) " fcode="store"/>
<opset="store_ln134/1 "/>
</bind>
</comp>

<comp id="99" class="1004" name="j_2_load_fu_99">
<pin_list>
<pin id="100" dir="0" index="0" bw="31" slack="0"/>
<pin id="101" dir="1" index="1" bw="31" slack="0"/>
</pin_list>
<bind>
<opcode="load(27) " fcode="load"/>
<opset="j_2/1 "/>
</bind>
</comp>

<comp id="102" class="1004" name="zext_ln136_fu_102">
<pin_list>
<pin id="103" dir="0" index="0" bw="31" slack="0"/>
<pin id="104" dir="1" index="1" bw="32" slack="0"/>
</pin_list>
<bind>
<opcode="zext(34) " fcode="zext"/>
<opset="zext_ln136/1 "/>
</bind>
</comp>

<comp id="106" class="1004" name="icmp_ln136_fu_106">
<pin_list>
<pin id="107" dir="0" index="0" bw="31" slack="0"/>
<pin id="108" dir="0" index="1" bw="32" slack="0"/>
<pin id="109" dir="1" index="2" bw="1" slack="1"/>
</pin_list>
<bind>
<opcode="icmp(45) " fcode="icmp"/>
<opset="icmp_ln136/1 "/>
</bind>
</comp>

<comp id="112" class="1004" name="add_ln136_fu_112">
<pin_list>
<pin id="113" dir="0" index="0" bw="31" slack="0"/>
<pin id="114" dir="0" index="1" bw="1" slack="0"/>
<pin id="115" dir="1" index="2" bw="31" slack="0"/>
</pin_list>
<bind>
<opcode="add(8) " fcode="add"/>
<opset="add_ln136/1 "/>
</bind>
</comp>

<comp id="118" class="1004" name="trunc_ln138_fu_118">
<pin_list>
<pin id="119" dir="0" index="0" bw="31" slack="0"/>
<pin id="120" dir="1" index="1" bw="6" slack="0"/>
</pin_list>
<bind>
<opcode="trunc(33) " fcode="trunc"/>
<opset="trunc_ln138/1 "/>
</bind>
</comp>

<comp id="122" class="1004" name="add_ln138_fu_122">
<pin_list>
<pin id="123" dir="0" index="0" bw="6" slack="0"/>
<pin id="124" dir="0" index="1" bw="6" slack="0"/>
<pin id="125" dir="1" index="2" bw="6" slack="0"/>
</pin_list>
<bind>
<opcode="add(8) " fcode="add"/>
<opset="add_ln138/1 "/>
</bind>
</comp>

<comp id="128" class="1004" name="zext_ln138_1_fu_128">
<pin_list>
<pin id="129" dir="0" index="0" bw="6" slack="0"/>
<pin id="130" dir="1" index="1" bw="64" slack="0"/>
</pin_list>
<bind>
<opcode="zext(34) " fcode="zext"/>
<opset="zext_ln138_1/1 "/>
</bind>
</comp>

<comp id="133" class="1004" name="store_ln136_store_fu_133">
<pin_list>
<pin id="134" dir="0" index="0" bw="31" slack="0"/>
<pin id="135" dir="0" index="1" bw="31" slack="0"/>
<pin id="136" dir="1" index="2" bw="0" slack="2147483647"/>
</pin_list>
<bind>
<opcode="store(28) " fcode="store"/>
<opset="store_ln136/1 "/>
</bind>
</comp>

<comp id="138" class="1004" name="tile_max_load_1_load_fu_138">
<pin_list>
<pin id="139" dir="0" index="0" bw="32" slack="1"/>
<pin id="140" dir="1" index="1" bw="32" slack="0"/>
</pin_list>
<bind>
<opcode="load(27) " fcode="load"/>
<opset="tile_max_load_1/2 "/>
</bind>
</comp>

<comp id="142" class="1004" name="bitcast_ln138_fu_142">
<pin_list>
<pin id="143" dir="0" index="0" bw="32" slack="0"/>
<pin id="144" dir="1" index="1" bw="32" slack="0"/>
</pin_list>
<bind>
<opcode="bitcast(44) " fcode="bitcast"/>
<opset="bitcast_ln138/2 "/>
</bind>
</comp>

<comp id="146" class="1004" name="tmp_2_fu_146">
<pin_list>
<pin id="147" dir="0" index="0" bw="8" slack="0"/>
<pin id="148" dir="0" index="1" bw="32" slack="0"/>
<pin id="149" dir="0" index="2" bw="6" slack="0"/>
<pin id="150" dir="0" index="3" bw="6" slack="0"/>
<pin id="151" dir="1" index="4" bw="8" slack="0"/>
</pin_list>
<bind>
<opcode="partselect(1002) " fcode="partselect"/>
<opset="tmp_2/2 "/>
</bind>
</comp>

<comp id="156" class="1004" name="trunc_ln138_1_fu_156">
<pin_list>
<pin id="157" dir="0" index="0" bw="32" slack="0"/>
<pin id="158" dir="1" index="1" bw="23" slack="0"/>
</pin_list>
<bind>
<opcode="trunc(33) " fcode="trunc"/>
<opset="trunc_ln138_1/2 "/>
</bind>
</comp>

<comp id="160" class="1004" name="bitcast_ln138_1_fu_160">
<pin_list>
<pin id="161" dir="0" index="0" bw="32" slack="0"/>
<pin id="162" dir="1" index="1" bw="32" slack="0"/>
</pin_list>
<bind>
<opcode="bitcast(44) " fcode="bitcast"/>
<opset="bitcast_ln138_1/2 "/>
</bind>
</comp>

<comp id="164" class="1004" name="tmp_3_fu_164">
<pin_list>
<pin id="165" dir="0" index="0" bw="8" slack="0"/>
<pin id="166" dir="0" index="1" bw="32" slack="0"/>
<pin id="167" dir="0" index="2" bw="6" slack="0"/>
<pin id="168" dir="0" index="3" bw="6" slack="0"/>
<pin id="169" dir="1" index="4" bw="8" slack="0"/>
</pin_list>
<bind>
<opcode="partselect(1002) " fcode="partselect"/>
<opset="tmp_3/2 "/>
</bind>
</comp>

<comp id="174" class="1004" name="trunc_ln138_2_fu_174">
<pin_list>
<pin id="175" dir="0" index="0" bw="32" slack="0"/>
<pin id="176" dir="1" index="1" bw="23" slack="0"/>
</pin_list>
<bind>
<opcode="trunc(33) " fcode="trunc"/>
<opset="trunc_ln138_2/2 "/>
</bind>
</comp>

<comp id="178" class="1004" name="icmp_ln138_fu_178">
<pin_list>
<pin id="179" dir="0" index="0" bw="8" slack="0"/>
<pin id="180" dir="0" index="1" bw="1" slack="0"/>
<pin id="181" dir="1" index="2" bw="1" slack="1"/>
</pin_list>
<bind>
<opcode="icmp(45) " fcode="icmp"/>
<opset="icmp_ln138/2 "/>
</bind>
</comp>

<comp id="184" class="1004" name="icmp_ln138_1_fu_184">
<pin_list>
<pin id="185" dir="0" index="0" bw="23" slack="0"/>
<pin id="186" dir="0" index="1" bw="1" slack="0"/>
<pin id="187" dir="1" index="2" bw="1" slack="1"/>
</pin_list>
<bind>
<opcode="icmp(45) " fcode="icmp"/>
<opset="icmp_ln138_1/2 "/>
</bind>
</comp>

<comp id="190" class="1004" name="icmp_ln138_2_fu_190">
<pin_list>
<pin id="191" dir="0" index="0" bw="8" slack="0"/>
<pin id="192" dir="0" index="1" bw="1" slack="0"/>
<pin id="193" dir="1" index="2" bw="1" slack="1"/>
</pin_list>
<bind>
<opcode="icmp(45) " fcode="icmp"/>
<opset="icmp_ln138_2/2 "/>
</bind>
</comp>

<comp id="196" class="1004" name="icmp_ln138_3_fu_196">
<pin_list>
<pin id="197" dir="0" index="0" bw="23" slack="0"/>
<pin id="198" dir="0" index="1" bw="1" slack="0"/>
<pin id="199" dir="1" index="2" bw="1" slack="1"/>
</pin_list>
<bind>
<opcode="icmp(45) " fcode="icmp"/>
<opset="icmp_ln138_3/2 "/>
</bind>
</comp>

<comp id="202" class="1004" name="or_ln138_fu_202">
<pin_list>
<pin id="203" dir="0" index="0" bw="1" slack="1"/>
<pin id="204" dir="0" index="1" bw="1" slack="1"/>
<pin id="205" dir="1" index="2" bw="1" slack="0"/>
</pin_list>
<bind>
<opcode="or(24) " fcode="or"/>
<opset="or_ln138/3 "/>
</bind>
</comp>

<comp id="206" class="1004" name="or_ln138_1_fu_206">
<pin_list>
<pin id="207" dir="0" index="0" bw="1" slack="1"/>
<pin id="208" dir="0" index="1" bw="1" slack="1"/>
<pin id="209" dir="1" index="2" bw="1" slack="0"/>
</pin_list>
<bind>
<opcode="or(24) " fcode="or"/>
<opset="or_ln138_1/3 "/>
</bind>
</comp>

<comp id="210" class="1004" name="and_ln138_fu_210">
<pin_list>
<pin id="211" dir="0" index="0" bw="1" slack="0"/>
<pin id="212" dir="0" index="1" bw="1" slack="0"/>
<pin id="213" dir="1" index="2" bw="1" slack="0"/>
</pin_list>
<bind>
<opcode="and(23) " fcode="and"/>
<opset="and_ln138/3 "/>
</bind>
</comp>

<comp id="216" class="1004" name="and_ln138_1_fu_216">
<pin_list>
<pin id="217" dir="0" index="0" bw="1" slack="0"/>
<pin id="218" dir="0" index="1" bw="1" slack="0"/>
<pin id="219" dir="1" index="2" bw="1" slack="0"/>
</pin_list>
<bind>
<opcode="and(23) " fcode="and"/>
<opset="and_ln138_1/3 "/>
</bind>
</comp>

<comp id="222" class="1004" name="tile_max_2_fu_222">
<pin_list>
<pin id="223" dir="0" index="0" bw="1" slack="0"/>
<pin id="224" dir="0" index="1" bw="32" slack="1"/>
<pin id="225" dir="0" index="2" bw="32" slack="1"/>
<pin id="226" dir="1" index="3" bw="32" slack="0"/>
</pin_list>
<bind>
<opcode="select(49) " fcode="select"/>
<opset="tile_max_2/3 "/>
</bind>
</comp>

<comp id="228" class="1004" name="store_ln134_store_fu_228">
<pin_list>
<pin id="229" dir="0" index="0" bw="32" slack="0"/>
<pin id="230" dir="0" index="1" bw="32" slack="2"/>
<pin id="231" dir="1" index="2" bw="0" slack="2147483647"/>
</pin_list>
<bind>
<opcode="store(28) " fcode="store"/>
<opset="store_ln134/3 "/>
</bind>
</comp>

<comp id="233" class="1004" name="tile_max_load_load_fu_233">
<pin_list>
<pin id="234" dir="0" index="0" bw="32" slack="1"/>
<pin id="235" dir="1" index="1" bw="32" slack="0"/>
</pin_list>
<bind>
<opcode="load(27) " fcode="load"/>
<opset="tile_max_load/2 "/>
</bind>
</comp>

<comp id="237" class="1005" name="tile_max_reg_237">
<pin_list>
<pin id="238" dir="0" index="0" bw="32" slack="0"/>
<pin id="239" dir="1" index="1" bw="32" slack="0"/>
</pin_list>
<bind>
<opset="tile_max "/>
</bind>
</comp>

<comp id="245" class="1005" name="j_reg_245">
<pin_list>
<pin id="246" dir="0" index="0" bw="31" slack="0"/>
<pin id="247" dir="1" index="1" bw="31" slack="0"/>
</pin_list>
<bind>
<opset="j "/>
</bind>
</comp>

<comp id="252" class="1005" name="icmp_ln136_reg_252">
<pin_list>
<pin id="253" dir="0" index="0" bw="1" slack="1"/>
<pin id="254" dir="1" index="1" bw="1" slack="2147483647"/>
</pin_list>
<bind>
<opset="icmp_ln136 "/>
</bind>
</comp>

<comp id="256" class="1005" name="scores_addr_reg_256">
<pin_list>
<pin id="257" dir="0" index="0" bw="6" slack="1"/>
<pin id="258" dir="1" index="1" bw="6" slack="1"/>
</pin_list>
<bind>
<opset="scores_addr "/>
</bind>
</comp>

<comp id="261" class="1005" name="tile_max_load_1_reg_261">
<pin_list>
<pin id="262" dir="0" index="0" bw="32" slack="1"/>
<pin id="263" dir="1" index="1" bw="32" slack="1"/>
</pin_list>
<bind>
<opset="tile_max_load_1 "/>
</bind>
</comp>

<comp id="267" class="1005" name="tile_max_1_reg_267">
<pin_list>
<pin id="268" dir="0" index="0" bw="32" slack="1"/>
<pin id="269" dir="1" index="1" bw="32" slack="1"/>
</pin_list>
<bind>
<opset="tile_max_1 "/>
</bind>
</comp>

<comp id="273" class="1005" name="icmp_ln138_reg_273">
<pin_list>
<pin id="274" dir="0" index="0" bw="1" slack="1"/>
<pin id="275" dir="1" index="1" bw="1" slack="1"/>
</pin_list>
<bind>
<opset="icmp_ln138 "/>
</bind>
</comp>

<comp id="278" class="1005" name="icmp_ln138_1_reg_278">
<pin_list>
<pin id="279" dir="0" index="0" bw="1" slack="1"/>
<pin id="280" dir="1" index="1" bw="1" slack="1"/>
</pin_list>
<bind>
<opset="icmp_ln138_1 "/>
</bind>
</comp>

<comp id="283" class="1005" name="icmp_ln138_2_reg_283">
<pin_list>
<pin id="284" dir="0" index="0" bw="1" slack="1"/>
<pin id="285" dir="1" index="1" bw="1" slack="1"/>
</pin_list>
<bind>
<opset="icmp_ln138_2 "/>
</bind>
</comp>

<comp id="288" class="1005" name="icmp_ln138_3_reg_288">
<pin_list>
<pin id="289" dir="0" index="0" bw="1" slack="1"/>
<pin id="290" dir="1" index="1" bw="1" slack="1"/>
</pin_list>
<bind>
<opset="icmp_ln138_3 "/>
</bind>
</comp>

</comp_list>

<net_list>
<net id="47"><net_src comp="8" pin="0"/><net_sink comp="44" pin=0"/></net>

<net id="51"><net_src comp="8" pin="0"/><net_sink comp="48" pin=0"/></net>

<net id="56"><net_src comp="10" pin="0"/><net_sink comp="52" pin=0"/></net>

<net id="57"><net_src comp="2" pin="0"/><net_sink comp="52" pin=1"/></net>

<net id="62"><net_src comp="12" pin="0"/><net_sink comp="58" pin=0"/></net>

<net id="63"><net_src comp="0" pin="0"/><net_sink comp="58" pin=1"/></net>

<net id="69"><net_src comp="42" pin="0"/><net_sink comp="64" pin=0"/></net>

<net id="70"><net_src comp="6" pin="0"/><net_sink comp="64" pin=1"/></net>

<net id="76"><net_src comp="4" pin="0"/><net_sink comp="71" pin=0"/></net>

<net id="77"><net_src comp="20" pin="0"/><net_sink comp="71" pin=1"/></net>

<net id="83"><net_src comp="71" pin="3"/><net_sink comp="78" pin=0"/></net>

<net id="88"><net_src comp="78" pin="3"/><net_sink comp="84" pin=0"/></net>

<net id="93"><net_src comp="14" pin="0"/><net_sink comp="89" pin=0"/></net>

<net id="98"><net_src comp="16" pin="0"/><net_sink comp="94" pin=0"/></net>

<net id="105"><net_src comp="99" pin="1"/><net_sink comp="102" pin=0"/></net>

<net id="110"><net_src comp="102" pin="1"/><net_sink comp="106" pin=0"/></net>

<net id="111"><net_src comp="58" pin="2"/><net_sink comp="106" pin=1"/></net>

<net id="116"><net_src comp="99" pin="1"/><net_sink comp="112" pin=0"/></net>

<net id="117"><net_src comp="18" pin="0"/><net_sink comp="112" pin=1"/></net>

<net id="121"><net_src comp="99" pin="1"/><net_sink comp="118" pin=0"/></net>

<net id="126"><net_src comp="52" pin="2"/><net_sink comp="122" pin=0"/></net>

<net id="127"><net_src comp="118" pin="1"/><net_sink comp="122" pin=1"/></net>

<net id="131"><net_src comp="122" pin="2"/><net_sink comp="128" pin=0"/></net>

<net id="132"><net_src comp="128" pin="1"/><net_sink comp="71" pin=2"/></net>

<net id="137"><net_src comp="112" pin="2"/><net_sink comp="133" pin=0"/></net>

<net id="141"><net_src comp="138" pin="1"/><net_sink comp="84" pin=1"/></net>

<net id="145"><net_src comp="78" pin="3"/><net_sink comp="142" pin=0"/></net>

<net id="152"><net_src comp="22" pin="0"/><net_sink comp="146" pin=0"/></net>

<net id="153"><net_src comp="142" pin="1"/><net_sink comp="146" pin=1"/></net>

<net id="154"><net_src comp="24" pin="0"/><net_sink comp="146" pin=2"/></net>

<net id="155"><net_src comp="26" pin="0"/><net_sink comp="146" pin=3"/></net>

<net id="159"><net_src comp="142" pin="1"/><net_sink comp="156" pin=0"/></net>

<net id="163"><net_src comp="138" pin="1"/><net_sink comp="160" pin=0"/></net>

<net id="170"><net_src comp="22" pin="0"/><net_sink comp="164" pin=0"/></net>

<net id="171"><net_src comp="160" pin="1"/><net_sink comp="164" pin=1"/></net>

<net id="172"><net_src comp="24" pin="0"/><net_sink comp="164" pin=2"/></net>

<net id="173"><net_src comp="26" pin="0"/><net_sink comp="164" pin=3"/></net>

<net id="177"><net_src comp="160" pin="1"/><net_sink comp="174" pin=0"/></net>

<net id="182"><net_src comp="146" pin="4"/><net_sink comp="178" pin=0"/></net>

<net id="183"><net_src comp="28" pin="0"/><net_sink comp="178" pin=1"/></net>

<net id="188"><net_src comp="156" pin="1"/><net_sink comp="184" pin=0"/></net>

<net id="189"><net_src comp="30" pin="0"/><net_sink comp="184" pin=1"/></net>

<net id="194"><net_src comp="164" pin="4"/><net_sink comp="190" pin=0"/></net>

<net id="195"><net_src comp="28" pin="0"/><net_sink comp="190" pin=1"/></net>

<net id="200"><net_src comp="174" pin="1"/><net_sink comp="196" pin=0"/></net>

<net id="201"><net_src comp="30" pin="0"/><net_sink comp="196" pin=1"/></net>

<net id="214"><net_src comp="84" pin="2"/><net_sink comp="210" pin=0"/></net>

<net id="215"><net_src comp="202" pin="2"/><net_sink comp="210" pin=1"/></net>

<net id="220"><net_src comp="210" pin="2"/><net_sink comp="216" pin=0"/></net>

<net id="221"><net_src comp="206" pin="2"/><net_sink comp="216" pin=1"/></net>

<net id="227"><net_src comp="216" pin="2"/><net_sink comp="222" pin=0"/></net>

<net id="232"><net_src comp="222" pin="3"/><net_sink comp="228" pin=0"/></net>

<net id="236"><net_src comp="233" pin="1"/><net_sink comp="64" pin=2"/></net>

<net id="240"><net_src comp="44" pin="1"/><net_sink comp="237" pin=0"/></net>

<net id="241"><net_src comp="237" pin="1"/><net_sink comp="94" pin=1"/></net>

<net id="242"><net_src comp="237" pin="1"/><net_sink comp="138" pin=0"/></net>

<net id="243"><net_src comp="237" pin="1"/><net_sink comp="228" pin=1"/></net>

<net id="244"><net_src comp="237" pin="1"/><net_sink comp="233" pin=0"/></net>

<net id="248"><net_src comp="48" pin="1"/><net_sink comp="245" pin=0"/></net>

<net id="249"><net_src comp="245" pin="1"/><net_sink comp="89" pin=1"/></net>

<net id="250"><net_src comp="245" pin="1"/><net_sink comp="99" pin=0"/></net>

<net id="251"><net_src comp="245" pin="1"/><net_sink comp="133" pin=1"/></net>

<net id="255"><net_src comp="106" pin="2"/><net_sink comp="252" pin=0"/></net>

<net id="259"><net_src comp="71" pin="3"/><net_sink comp="256" pin=0"/></net>

<net id="260"><net_src comp="256" pin="1"/><net_sink comp="78" pin=0"/></net>

<net id="264"><net_src comp="138" pin="1"/><net_sink comp="261" pin=0"/></net>

<net id="265"><net_src comp="261" pin="1"/><net_sink comp="84" pin=1"/></net>

<net id="266"><net_src comp="261" pin="1"/><net_sink comp="222" pin=2"/></net>

<net id="270"><net_src comp="78" pin="3"/><net_sink comp="267" pin=0"/></net>

<net id="271"><net_src comp="267" pin="1"/><net_sink comp="84" pin=0"/></net>

<net id="272"><net_src comp="267" pin="1"/><net_sink comp="222" pin=1"/></net>

<net id="276"><net_src comp="178" pin="2"/><net_sink comp="273" pin=0"/></net>

<net id="277"><net_src comp="273" pin="1"/><net_sink comp="202" pin=1"/></net>

<net id="281"><net_src comp="184" pin="2"/><net_sink comp="278" pin=0"/></net>

<net id="282"><net_src comp="278" pin="1"/><net_sink comp="202" pin=0"/></net>

<net id="286"><net_src comp="190" pin="2"/><net_sink comp="283" pin=0"/></net>

<net id="287"><net_src comp="283" pin="1"/><net_sink comp="206" pin=1"/></net>

<net id="291"><net_src comp="196" pin="2"/><net_sink comp="288" pin=0"/></net>

<net id="292"><net_src comp="288" pin="1"/><net_sink comp="206" pin=0"/></net>

</net_list>

</model> 
---------------- Datapath Model END ------------------

* FSMD analyzer results:
  - Output states:
	Port: tile_max_out | {2 }
 - Input state : 
	Port: flash_attention_hls_Pipeline_FIND_MAX : k_lim | {1 }
	Port: flash_attention_hls_Pipeline_FIND_MAX : zext_ln138 | {1 }
	Port: flash_attention_hls_Pipeline_FIND_MAX : scores | {1 2 }
  - Chain level:
	State 1
		store_ln136 : 1
		store_ln134 : 1
		j_2 : 1
		zext_ln136 : 2
		icmp_ln136 : 3
		add_ln136 : 2
		br_ln136 : 4
		trunc_ln138 : 2
		add_ln138 : 3
		zext_ln138_1 : 4
		scores_addr : 5
		tile_max_1 : 6
		store_ln136 : 3
	State 2
		bitcast_ln138 : 1
		tmp_2 : 2
		trunc_ln138_1 : 2
		bitcast_ln138_1 : 1
		tmp_3 : 2
		trunc_ln138_2 : 2
		icmp_ln138 : 3
		icmp_ln138_1 : 3
		icmp_ln138_2 : 3
		icmp_ln138_3 : 3
		tmp_4 : 1
		write_ln0 : 1
	State 3
		and_ln138 : 1
		and_ln138_1 : 1
		tile_max_2 : 1
		store_ln134 : 2


============================================================
+ Verbose Summary: Datapath Resource usage 
============================================================

* Functional unit list:
|----------|----------------------------|---------|---------|
| Operation|       Functional Unit      |    FF   |   LUT   |
|----------|----------------------------|---------|---------|
|          |      icmp_ln136_fu_106     |    0    |    39   |
|          |      icmp_ln138_fu_178     |    0    |    15   |
|   icmp   |     icmp_ln138_1_fu_184    |    0    |    30   |
|          |     icmp_ln138_2_fu_190    |    0    |    15   |
|          |     icmp_ln138_3_fu_196    |    0    |    30   |
|----------|----------------------------|---------|---------|
|    add   |      add_ln136_fu_112      |    0    |    38   |
|          |      add_ln138_fu_122      |    0    |    14   |
|----------|----------------------------|---------|---------|
|  select  |      tile_max_2_fu_222     |    0    |    32   |
|----------|----------------------------|---------|---------|
|    or    |       or_ln138_fu_202      |    0    |    2    |
|          |      or_ln138_1_fu_206     |    0    |    2    |
|----------|----------------------------|---------|---------|
|    and   |      and_ln138_fu_210      |    0    |    2    |
|          |     and_ln138_1_fu_216     |    0    |    2    |
|----------|----------------------------|---------|---------|
|   read   | zext_ln138_read_read_fu_52 |    0    |    0    |
|          |    k_lim_read_read_fu_58   |    0    |    0    |
|----------|----------------------------|---------|---------|
|   write  |    write_ln0_write_fu_64   |    0    |    0    |
|----------|----------------------------|---------|---------|
|   fcmp   |          grp_fu_84         |    0    |    0    |
|----------|----------------------------|---------|---------|
|   zext   |      zext_ln136_fu_102     |    0    |    0    |
|          |     zext_ln138_1_fu_128    |    0    |    0    |
|----------|----------------------------|---------|---------|
|          |     trunc_ln138_fu_118     |    0    |    0    |
|   trunc  |    trunc_ln138_1_fu_156    |    0    |    0    |
|          |    trunc_ln138_2_fu_174    |    0    |    0    |
|----------|----------------------------|---------|---------|
|partselect|        tmp_2_fu_146        |    0    |    0    |
|          |        tmp_3_fu_164        |    0    |    0    |
|----------|----------------------------|---------|---------|
|   Total  |                            |    0    |   221   |
|----------|----------------------------|---------|---------|

Memories:
N/A

* Register list:
+-----------------------+--------+
|                       |   FF   |
+-----------------------+--------+
|   icmp_ln136_reg_252  |    1   |
|  icmp_ln138_1_reg_278 |    1   |
|  icmp_ln138_2_reg_283 |    1   |
|  icmp_ln138_3_reg_288 |    1   |
|   icmp_ln138_reg_273  |    1   |
|       j_reg_245       |   31   |
|  scores_addr_reg_256  |    6   |
|   tile_max_1_reg_267  |   32   |
|tile_max_load_1_reg_261|   32   |
|    tile_max_reg_237   |   32   |
+-----------------------+--------+
|         Total         |   138  |
+-----------------------+--------+

* Multiplexer (MUX) list: 
|------------------|------|------|------|--------||---------||---------|
|       Comp       |  Pin | Size |  BW  | S x BW ||  Delay  ||   LUT   |
|------------------|------|------|------|--------||---------||---------|
| grp_access_fu_78 |  p0  |   2  |   6  |   12   ||    9    |
|     grp_fu_84    |  p0  |   2  |  32  |   64   ||    9    |
|     grp_fu_84    |  p1  |   2  |  32  |   64   ||    9    |
|------------------|------|------|------|--------||---------||---------|
|       Total      |      |      |      |   140  ||  4.764  ||    27   |
|------------------|------|------|------|--------||---------||---------|



* Summary:
+-----------+--------+--------+--------+
|           |  Delay |   FF   |   LUT  |
+-----------+--------+--------+--------+
|  Function |    -   |    0   |   221  |
|   Memory  |    -   |    -   |    -   |
|Multiplexer|    4   |    -   |   27   |
|  Register |    -   |   138  |    -   |
+-----------+--------+--------+--------+
|   Total   |    4   |   138  |   248  |
+-----------+--------+--------+--------+
