==============================================================
Vitis HLS - High-Level Synthesis from C, C++ and OpenCL v2023.2 (64-bit)
Tool Version Limit: 2023.10
Copyright 1986-2022 Xilinx, Inc. All Rights Reserved.
Copyright 2022-2023 Advanced Micro Devices, Inc. All Rights Reserved.

==============================================================
INFO: [HLS 200-1505] Using flow_target 'vivado'
INFO: [HLS 200-1510] Running: set_part xc7z020clg400-1 
INFO: [HLS 200-1611] Setting target device to 'xc7z020-clg400-1'
INFO: [HLS 200-1510] Running: create_clock -period 10 -name default 
INFO: [SYN 201-201] Setting up clock 'default' with a period of 10ns.
INFO: [HLS 200-1510] Running: csim_design 
INFO: [SIM 211-2] *************** CSIM start ***************
INFO: [SIM 211-4] CSIM will launch GCC as the compiler.
INFO: [HLS 200-2036] Building debug C Simulation binaries
INFO: [SIM 211-1] CSim done with 0 errors.
INFO: [SIM 211-3] *************** CSIM finish ***************
INFO: [HLS 200-111] Finished Command csim_design CPU user time: 5.61 seconds. CPU system time: 1.01 seconds. Elapsed time: 7 seconds; current allocated memory: 1.000 MB.
INFO: [HLS 200-1510] Running: csynth_design 
INFO: [HLS 200-111] Finished File checks and directory preparation: CPU user time: 0.06 seconds. CPU system time: 0.01 seconds. Elapsed time: 0.09 seconds; current allocated memory: 275.941 MB.
INFO: [HLS 200-10] Analyzing design file 'flash_attention.cpp' ... 
INFO: [HLS 200-111] Finished Source Code Analysis and Preprocessing: CPU user time: 17.87 seconds. CPU system time: 1.77 seconds. Elapsed time: 19.88 seconds; current allocated memory: 282.730 MB.
INFO: [HLS 200-777] Using interface defaults for 'Vivado' flow target.
INFO: [HLS 200-1995] There were 433 instructions in the design after the 'Compile/Link' phase of compilation. See the Design Size Report for more details: /home/aa13231/Downloads/code/flash_attention_proj/solution1/syn/report/csynth_design_size.rpt
INFO: [HLS 200-1995] There were 841 instructions in the design after the 'Unroll/Inline (step 1)' phase of compilation. See the Design Size Report for more details: /home/aa13231/Downloads/code/flash_attention_proj/solution1/syn/report/csynth_design_size.rpt
INFO: [HLS 200-1995] There were 703 instructions in the design after the 'Unroll/Inline (step 2)' phase of compilation. See the Design Size Report for more details: /home/aa13231/Downloads/code/flash_attention_proj/solution1/syn/report/csynth_design_size.rpt
INFO: [HLS 200-1995] There were 705 instructions in the design after the 'Unroll/Inline (step 3)' phase of compilation. See the Design Size Report for more details: /home/aa13231/Downloads/code/flash_attention_proj/solution1/syn/report/csynth_design_size.rpt
INFO: [HLS 200-1995] There were 701 instructions in the design after the 'Unroll/Inline (step 4)' phase of compilation. See the Design Size Report for more details: /home/aa13231/Downloads/code/flash_attention_proj/solution1/syn/report/csynth_design_size.rpt
INFO: [HLS 200-1995] There were 1,376 instructions in the design after the 'Array/Struct (step 1)' phase of compilation. See the Design Size Report for more details: /home/aa13231/Downloads/code/flash_attention_proj/solution1/syn/report/csynth_design_size.rpt
INFO: [HLS 200-1995] There were 876 instructions in the design after the 'Array/Struct (step 2)' phase of compilation. See the Design Size Report for more details: /home/aa13231/Downloads/code/flash_attention_proj/solution1/syn/report/csynth_design_size.rpt
INFO: [HLS 200-1995] There were 876 instructions in the design after the 'Array/Struct (step 3)' phase of compilation. See the Design Size Report for more details: /home/aa13231/Downloads/code/flash_attention_proj/solution1/syn/report/csynth_design_size.rpt
INFO: [HLS 200-1995] There were 876 instructions in the design after the 'Array/Struct (step 4)' phase of compilation. See the Design Size Report for more details: /home/aa13231/Downloads/code/flash_attention_proj/solution1/syn/report/csynth_design_size.rpt
INFO: [HLS 200-1995] There were 895 instructions in the design after the 'Array/Struct (step 5)' phase of compilation. See the Design Size Report for more details: /home/aa13231/Downloads/code/flash_attention_proj/solution1/syn/report/csynth_design_size.rpt
INFO: [HLS 200-1995] There were 898 instructions in the design after the 'Performance (step 1)' phase of compilation. See the Design Size Report for more details: /home/aa13231/Downloads/code/flash_attention_proj/solution1/syn/report/csynth_design_size.rpt
INFO: [HLS 200-1995] There were 889 instructions in the design after the 'Performance (step 2)' phase of compilation. See the Design Size Report for more details: /home/aa13231/Downloads/code/flash_attention_proj/solution1/syn/report/csynth_design_size.rpt
INFO: [HLS 200-1995] There were 889 instructions in the design after the 'Performance (step 3)' phase of compilation. See the Design Size Report for more details: /home/aa13231/Downloads/code/flash_attention_proj/solution1/syn/report/csynth_design_size.rpt
INFO: [HLS 200-1995] There were 889 instructions in the design after the 'Performance (step 4)' phase of compilation. See the Design Size Report for more details: /home/aa13231/Downloads/code/flash_attention_proj/solution1/syn/report/csynth_design_size.rpt
INFO: [HLS 200-1995] There were 914 instructions in the design after the 'HW Transforms (step 1)' phase of compilation. See the Design Size Report for more details: /home/aa13231/Downloads/code/flash_attention_proj/solution1/syn/report/csynth_design_size.rpt
INFO: [HLS 200-1995] There were 938 instructions in the design after the 'HW Transforms (step 2)' phase of compilation. See the Design Size Report for more details: /home/aa13231/Downloads/code/flash_attention_proj/solution1/syn/report/csynth_design_size.rpt
INFO: [HLS 214-131] Inlining function 'exp_reduce_::exp(float)' into 'hls::expf(float)' (/wrk/ci/prod/2023.2/hls_product/continuous/689/2023.2/src/shared/hls/clib/hlsmath/src/c++/expfloat.cpp:22:9)
INFO: [HLS 214-131] Inlining function 'hls::expf(float)' into 'flash_attention_hls(float*, float*, float*, float*, int, int, int)' (flash_attention.cpp:142:36)
INFO: [HLS 214-131] Inlining function 'hls::expf(float)' into 'flash_attention_hls(float*, float*, float*, float*, int, int, int)' (flash_attention.cpp:158:32)
INFO: [HLS 214-291] Loop 'SCORE_LOOP_X' is marked as complete unroll implied by the pipeline pragma (flash_attention.cpp:110:21)
INFO: [HLS 214-186] Unrolling loop 'SCORE_LOOP_X' (flash_attention.cpp:110:21) in function 'flash_attention_hls' completely with a factor of 32 (flash_attention.cpp:25:0)
INFO: [HLS 214-186] Unrolling loop 'INIT_WEIGHTED' (flash_attention.cpp:151:17) in function 'flash_attention_hls' completely with a factor of 32 (flash_attention.cpp:25:0)
INFO: [HLS 214-188] Unrolling loop 'VITIS_LOOP_160_4' (flash_attention.cpp:160:39) in function 'flash_attention_hls' partially with a factor of 4 (flash_attention.cpp:25:0)
INFO: [HLS 214-188] Unrolling loop 'UPDATE_ACC' (flash_attention.cpp:172:17) in function 'flash_attention_hls' partially with a factor of 4 (flash_attention.cpp:25:0)
INFO: [HLS 214-178] Inlining function 'hls::sqrtf(float)' into 'flash_attention_hls(float*, float*, float*, float*, int, int, int)' (flash_attention.cpp:25:0)
INFO: [HLS 214-248] Applying array_partition to 'Qbuf': Cyclic partitioning with factor 4 on dimension 2. (flash_attention.cpp:47:9)
INFO: [HLS 214-248] Applying array_partition to 'Kbuf': Cyclic partitioning with factor 4 on dimension 2. (flash_attention.cpp:48:12)
INFO: [HLS 214-248] Applying array_partition to 'Vbuf': Cyclic partitioning with factor 4 on dimension 2. (flash_attention.cpp:49:12)
INFO: [HLS 214-248] Applying array_partition to 'acc': Cyclic partitioning with factor 4 on dimension 2. (flash_attention.cpp:51:12)
INFO: [HLS 214-248] Applying array_partition to 'weighted': Cyclic partitioning with factor 4 on dimension 1. (flash_attention.cpp:147:24)
INFO: [HLS 214-376] automatically set the pipeline for Loop< UPDATE_ACC> at flash_attention.cpp:172:17 
INFO: [HLS 214-376] automatically set the pipeline for Loop< VITIS_LOOP_160_4> at flash_attention.cpp:160:39 
INFO: [HLS 214-115] Multiple burst reads of variable length and bit width 32 in loop 'VITIS_LOOP_69_1'(flash_attention.cpp:69:30) has been inferred on bundle 'gmem0'. These burst requests might be further partitioned into multiple requests during RTL generation, based on max_read_burst_length or max_write_burst_length settings. (flash_attention.cpp:69:30)
INFO: [HLS 214-115] Multiple burst reads of variable length and bit width 32 in loop 'VITIS_LOOP_93_3'(flash_attention.cpp:93:34) has been inferred on bundle 'gmem1'. These burst requests might be further partitioned into multiple requests during RTL generation, based on max_read_burst_length or max_write_burst_length settings. (flash_attention.cpp:93:34)
INFO: [HLS 214-115] Multiple burst reads of variable length and bit width 32 in loop 'VITIS_LOOP_93_3'(flash_attention.cpp:93:34) has been inferred on bundle 'gmem2'. These burst requests might be further partitioned into multiple requests during RTL generation, based on max_read_burst_length or max_write_burst_length settings. (flash_attention.cpp:93:34)
INFO: [HLS 214-115] Multiple burst writes of variable length and bit width 32 in loop 'VITIS_LOOP_188_5'(flash_attention.cpp:188:31) has been inferred on bundle 'gmem3'. These burst requests might be further partitioned into multiple requests during RTL generation, based on max_read_burst_length or max_write_burst_length settings. (flash_attention.cpp:188:31)
INFO: [HLS 200-111] Finished Compiling Optimization and Transform: CPU user time: 2.61 seconds. CPU system time: 0.42 seconds. Elapsed time: 7.53 seconds; current allocated memory: 283.988 MB.
INFO: [HLS 200-111] Finished Checking Pragmas: CPU user time: 0 seconds. CPU system time: 0 seconds. Elapsed time: 0 seconds; current allocated memory: 283.988 MB.
INFO: [HLS 200-10] Starting code transformations ...
INFO: [HLS 200-111] Finished Standard Transforms: CPU user time: 0.06 seconds. CPU system time: 0 seconds. Elapsed time: 0.09 seconds; current allocated memory: 286.492 MB.
INFO: [HLS 200-10] Checking synthesizability ...
INFO: [HLS 200-111] Finished Checking Synthesizability: CPU user time: 0.05 seconds. CPU system time: 0.01 seconds. Elapsed time: 0.07 seconds; current allocated memory: 287.668 MB.
INFO: [XFORM 203-401] Performing if-conversion on hyperblock from (flash_attention.cpp:107:9) to (flash_attention.cpp:106:17) in function 'flash_attention_hls'... converting 65 basic blocks.
INFO: [HLS 200-111] Finished Loop, function and other optimizations: CPU user time: 0.33 seconds. CPU system time: 0.02 seconds. Elapsed time: 0.38 seconds; current allocated memory: 316.184 MB.
INFO: [HLS 200-2061] Successfully converted nested loops 'LOAD_Q'(flash_attention.cpp:68:9) and 'VITIS_LOOP_69_1'(flash_attention.cpp:69:30) in function 'flash_attention_hls' into perfectly nested loops.
INFO: [HLS 200-2060] Failed to convert nested loops 'INIT_STATE'(flash_attention.cpp:77:9) and 'VITIS_LOOP_80_2'(flash_attention.cpp:80:30) in function 'flash_attention_hls' into perfectly nested loops.
INFO: [HLS 200-2061] Successfully converted nested loops 'LOAD_KV'(flash_attention.cpp:92:13) and 'VITIS_LOOP_93_3'(flash_attention.cpp:93:34) in function 'flash_attention_hls' into perfectly nested loops.
INFO: [HLS 200-2061] Successfully converted nested loops 'SCORE_LOOP_I'(flash_attention.cpp:104:13) and 'SCORE_LOOP_J'(flash_attention.cpp:106:17) in function 'flash_attention_hls' into perfectly nested loops.
INFO: [HLS 200-2060] Failed to convert nested loops 'EXP_ACCUM'(flash_attention.cpp:157:17) and 'VITIS_LOOP_160_4'(flash_attention.cpp:160:39) in function 'flash_attention_hls' into perfectly nested loops.
INFO: [HLS 200-2061] Successfully converted nested loops 'STORE_O'(flash_attention.cpp:187:9) and 'VITIS_LOOP_188_5'(flash_attention.cpp:188:31) in function 'flash_attention_hls' into perfectly nested loops.
INFO: [XFORM 203-541] Flattening a loop nest 'LOAD_Q' (flash_attention.cpp:68:9) in function 'flash_attention_hls'.
WARNING: [HLS 200-960] Cannot flatten loop 'INIT_STATE' (flash_attention.cpp:77:9) in function 'flash_attention_hls' the outer loop is not a perfect loop.
INFO: [XFORM 203-541] Flattening a loop nest 'LOAD_KV' (flash_attention.cpp:92:13) in function 'flash_attention_hls'.
INFO: [XFORM 203-541] Flattening a loop nest 'SCORE_LOOP_I' (flash_attention.cpp:104:13) in function 'flash_attention_hls'.
WARNING: [HLS 200-960] Cannot flatten loop 'EXP_ACCUM' (flash_attention.cpp:157:17) in function 'flash_attention_hls' the outer loop is not a perfect loop.
INFO: [XFORM 203-541] Flattening a loop nest 'STORE_O' (flash_attention.cpp:187:9) in function 'flash_attention_hls'.
INFO: [HLS 200-111] Finished Architecture Synthesis: CPU user time: 0.23 seconds. CPU system time: 0.02 seconds. Elapsed time: 0.31 seconds; current allocated memory: 385.520 MB.
INFO: [HLS 200-10] Starting hardware synthesis ...
INFO: [HLS 200-10] Synthesizing 'flash_attention_hls' ...
INFO: [HLS 200-10] ----------------------------------------------------------------
INFO: [HLS 200-42] -- Implementing module 'flash_attention_hls_Pipeline_LOAD_Q_VITIS_LOOP_69_1' 
INFO: [HLS 200-10] ----------------------------------------------------------------
INFO: [SCHED 204-11] Starting scheduling ...
INFO: [HLS 200-1457] Automatically inferring inferring RAM_1WNR storage type for array 'Qbuf_3'. Use bind_storage pragma to override this type.
INFO: [HLS 200-1457] Automatically inferring inferring RAM_1WNR storage type for array 'Qbuf'. Use bind_storage pragma to override this type.
INFO: [HLS 200-1457] Automatically inferring inferring RAM_1WNR storage type for array 'Qbuf_1'. Use bind_storage pragma to override this type.
INFO: [HLS 200-1457] Automatically inferring inferring RAM_1WNR storage type for array 'Qbuf_2'. Use bind_storage pragma to override this type.
INFO: [SCHED 204-61] Pipelining loop 'LOAD_Q_VITIS_LOOP_69_1'.
INFO: [HLS 200-1470] Pipelining result : Target II = 1, Final II = 1, Depth = 13, loop 'LOAD_Q_VITIS_LOOP_69_1'
WARNING: [HLS 200-871] Estimated clock period (7.396 ns) exceeds the target (target clock period: 10.000 ns, clock uncertainty: 2.700 ns, effective delay budget: 7.300 ns).
WARNING: [HLS 200-1016] The critical path in module 'flash_attention_hls_Pipeline_LOAD_Q_VITIS_LOOP_69_1' consists of the following:
	'load' operation 31 bit ('x', flash_attention.cpp:69) on local variable 'x', flash_attention.cpp:69 [27]  (0.000 ns)
	'icmp' operation 1 bit ('icmp_ln69', flash_attention.cpp:69) [31]  (2.552 ns)
	'select' operation 31 bit ('select_ln68', flash_attention.cpp:68) [41]  (0.733 ns)
	'add' operation 31 bit ('add_ln69', flash_attention.cpp:69) [84]  (2.522 ns)
	'store' operation 0 bit ('x_write_ln69', flash_attention.cpp:69) of variable 'add_ln69', flash_attention.cpp:69 on local variable 'x', flash_attention.cpp:69 [87]  (1.588 ns)

INFO: [SCHED 204-11] Finished scheduling.
INFO: [HLS 200-111] Finished Scheduling: CPU user time: 0.1 seconds. CPU system time: 0.05 seconds. Elapsed time: 0.21 seconds; current allocated memory: 386.355 MB.
INFO: [BIND 205-100] Starting micro-architecture generation ...
INFO: [BIND 205-101] Performing variable lifetime analysis.
INFO: [BIND 205-101] Exploring resource sharing.
INFO: [BIND 205-101] Binding ...
INFO: [BIND 205-100] Finished micro-architecture generation.
INFO: [HLS 200-111] Finished Binding: CPU user time: 0.04 seconds. CPU system time: 0.02 seconds. Elapsed time: 0.1 seconds; current allocated memory: 386.488 MB.
INFO: [HLS 200-10] ----------------------------------------------------------------
INFO: [HLS 200-42] -- Implementing module 'flash_attention_hls_Pipeline_VITIS_LOOP_80_2' 
INFO: [HLS 200-10] ----------------------------------------------------------------
INFO: [SCHED 204-11] Starting scheduling ...
INFO: [SCHED 204-61] Pipelining loop 'VITIS_LOOP_80_2'.
INFO: [HLS 200-1470] Pipelining result : Target II = 1, Final II = 1, Depth = 1, loop 'VITIS_LOOP_80_2'
WARNING: [HLS 200-871] Estimated clock period (7.394 ns) exceeds the target (target clock period: 10.000 ns, clock uncertainty: 2.700 ns, effective delay budget: 7.300 ns).
WARNING: [HLS 200-1016] The critical path in module 'flash_attention_hls_Pipeline_VITIS_LOOP_80_2' consists of the following:
	'store' operation 0 bit ('x_write_ln80', flash_attention.cpp:80) of constant 0 on local variable 'x', flash_attention.cpp:80 [10]  (1.588 ns)
	'load' operation 31 bit ('x', flash_attention.cpp:80) on local variable 'x', flash_attention.cpp:80 [13]  (0.000 ns)
	'icmp' operation 1 bit ('icmp_ln80', flash_attention.cpp:80) [15]  (2.552 ns)
	'store' operation 0 bit ('acc_3_addr_write_ln82', flash_attention.cpp:82) of constant 0 on array 'acc_3' [40]  (3.254 ns)

INFO: [SCHED 204-11] Finished scheduling.
INFO: [HLS 200-111] Finished Scheduling: CPU user time: 0.04 seconds. CPU system time: 0.01 seconds. Elapsed time: 0.09 seconds; current allocated memory: 386.648 MB.
INFO: [BIND 205-100] Starting micro-architecture generation ...
INFO: [BIND 205-101] Performing variable lifetime analysis.
INFO: [BIND 205-101] Exploring resource sharing.
INFO: [BIND 205-101] Binding ...
INFO: [BIND 205-100] Finished micro-architecture generation.
INFO: [HLS 200-111] Finished Binding: CPU user time: 0.02 seconds. CPU system time: 0 seconds. Elapsed time: 0.05 seconds; current allocated memory: 386.785 MB.
INFO: [HLS 200-10] ----------------------------------------------------------------
INFO: [HLS 200-42] -- Implementing module 'flash_attention_hls_Pipeline_LOAD_KV_VITIS_LOOP_93_3' 
INFO: [HLS 200-10] ----------------------------------------------------------------
INFO: [SCHED 204-11] Starting scheduling ...
INFO: [HLS 200-1457] Automatically inferring inferring RAM_1WNR storage type for array 'Kbuf_3'. Use bind_storage pragma to override this type.
INFO: [HLS 200-1457] Automatically inferring inferring RAM_1WNR storage type for array 'Kbuf'. Use bind_storage pragma to override this type.
INFO: [HLS 200-1457] Automatically inferring inferring RAM_1WNR storage type for array 'Kbuf_1'. Use bind_storage pragma to override this type.
INFO: [HLS 200-1457] Automatically inferring inferring RAM_1WNR storage type for array 'Kbuf_2'. Use bind_storage pragma to override this type.
INFO: [SCHED 204-61] Pipelining loop 'LOAD_KV_VITIS_LOOP_93_3'.
INFO: [HLS 200-1470] Pipelining result : Target II = 1, Final II = 1, Depth = 13, loop 'LOAD_KV_VITIS_LOOP_93_3'
WARNING: [HLS 200-871] Estimated clock period (7.396 ns) exceeds the target (target clock period: 10.000 ns, clock uncertainty: 2.700 ns, effective delay budget: 7.300 ns).
WARNING: [HLS 200-1016] The critical path in module 'flash_attention_hls_Pipeline_LOAD_KV_VITIS_LOOP_93_3' consists of the following:
	'load' operation 31 bit ('x', flash_attention.cpp:93) on local variable 'x', flash_attention.cpp:93 [35]  (0.000 ns)
	'icmp' operation 1 bit ('icmp_ln93', flash_attention.cpp:93) [40]  (2.552 ns)
	'select' operation 31 bit ('select_ln92', flash_attention.cpp:92) [50]  (0.733 ns)
	'add' operation 31 bit ('add_ln93', flash_attention.cpp:93) [108]  (2.522 ns)
	'store' operation 0 bit ('x_3_write_ln93', flash_attention.cpp:93) of variable 'add_ln93', flash_attention.cpp:93 on local variable 'x', flash_attention.cpp:93 [111]  (1.588 ns)

INFO: [SCHED 204-11] Finished scheduling.
INFO: [HLS 200-111] Finished Scheduling: CPU user time: 0.06 seconds. CPU system time: 0 seconds. Elapsed time: 0.1 seconds; current allocated memory: 387.625 MB.
INFO: [BIND 205-100] Starting micro-architecture generation ...
INFO: [BIND 205-101] Performing variable lifetime analysis.
INFO: [BIND 205-101] Exploring resource sharing.
INFO: [BIND 205-101] Binding ...
INFO: [BIND 205-100] Finished micro-architecture generation.
INFO: [HLS 200-111] Finished Binding: CPU user time: 0.02 seconds. CPU system time: 0.01 seconds. Elapsed time: 0.05 seconds; current allocated memory: 387.699 MB.
INFO: [HLS 200-10] ----------------------------------------------------------------
INFO: [HLS 200-42] -- Implementing module 'flash_attention_hls_Pipeline_SCORE_LOOP_I_SCORE_LOOP_J' 
INFO: [HLS 200-10] ----------------------------------------------------------------
INFO: [SCHED 204-11] Starting scheduling ...
INFO: [HLS 200-1457] Automatically inferring inferring RAM_1WNR storage type for array 'Kbuf_3'. Use bind_storage pragma to override this type.
INFO: [HLS 200-1457] Automatically inferring inferring RAM_1WNR storage type for array 'Kbuf_2'. Use bind_storage pragma to override this type.
INFO: [HLS 200-1457] Automatically inferring inferring RAM_1WNR storage type for array 'Kbuf_1'. Use bind_storage pragma to override this type.
INFO: [HLS 200-1457] Automatically inferring inferring RAM_1WNR storage type for array 'Kbuf'. Use bind_storage pragma to override this type.
INFO: [HLS 200-1457] Automatically inferring inferring RAM_1WNR storage type for array 'Qbuf_3'. Use bind_storage pragma to override this type.
INFO: [HLS 200-1457] Automatically inferring inferring RAM_1WNR storage type for array 'Qbuf_2'. Use bind_storage pragma to override this type.
INFO: [HLS 200-1457] Automatically inferring inferring RAM_1WNR storage type for array 'Qbuf_1'. Use bind_storage pragma to override this type.
INFO: [HLS 200-1457] Automatically inferring inferring RAM_1WNR storage type for array 'Qbuf'. Use bind_storage pragma to override this type.
INFO: [SCHED 204-61] Pipelining loop 'SCORE_LOOP_I_SCORE_LOOP_J'.
INFO: [HLS 200-1470] Pipelining result : Target II = 1, Final II = 1, Depth = 203, loop 'SCORE_LOOP_I_SCORE_LOOP_J'
INFO: [SCHED 204-11] Finished scheduling.
INFO: [HLS 200-111] Finished Scheduling: CPU user time: 0.23 seconds. CPU system time: 0.01 seconds. Elapsed time: 0.27 seconds; current allocated memory: 391.051 MB.
INFO: [BIND 205-100] Starting micro-architecture generation ...
INFO: [BIND 205-101] Performing variable lifetime analysis.
INFO: [BIND 205-101] Exploring resource sharing.
INFO: [BIND 205-101] Binding ...
INFO: [BIND 205-100] Finished micro-architecture generation.
INFO: [HLS 200-111] Finished Binding: CPU user time: 0.08 seconds. CPU system time: 0.01 seconds. Elapsed time: 0.11 seconds; current allocated memory: 391.117 MB.
INFO: [HLS 200-10] ----------------------------------------------------------------
INFO: [HLS 200-42] -- Implementing module 'flash_attention_hls_Pipeline_FIND_MAX' 
INFO: [HLS 200-10] ----------------------------------------------------------------
INFO: [SCHED 204-11] Starting scheduling ...
INFO: [SCHED 204-61] Pipelining loop 'FIND_MAX'.
INFO: [HLS 200-1470] Pipelining result : Target II = 1, Final II = 1, Depth = 3, loop 'FIND_MAX'
WARNING: [HLS 200-871] Estimated clock period (8.695 ns) exceeds the target (target clock period: 10.000 ns, clock uncertainty: 2.700 ns, effective delay budget: 7.300 ns).
WARNING: [HLS 200-1016] The critical path in module 'flash_attention_hls_Pipeline_FIND_MAX' consists of the following:
	'fcmp' operation 1 bit ('tmp_4', flash_attention.cpp:138) [39]  (5.431 ns)
	'and' operation 1 bit ('and_ln138', flash_attention.cpp:138) [40]  (0.000 ns)
	'and' operation 1 bit ('and_ln138_1', flash_attention.cpp:138) [41]  (0.978 ns)
	'select' operation 32 bit ('tile_max', flash_attention.cpp:138) [42]  (0.698 ns)
	'store' operation 0 bit ('tile_max_write_ln134', flash_attention.cpp:134) of variable 'tile_max', flash_attention.cpp:138 on local variable 'tile_max', flash_attention.cpp:134 [44]  (1.588 ns)

INFO: [SCHED 204-11] Finished scheduling.
INFO: [HLS 200-111] Finished Scheduling: CPU user time: 0.09 seconds. CPU system time: 0.02 seconds. Elapsed time: 0.14 seconds; current allocated memory: 392.582 MB.
INFO: [BIND 205-100] Starting micro-architecture generation ...
INFO: [BIND 205-101] Performing variable lifetime analysis.
INFO: [BIND 205-101] Exploring resource sharing.
INFO: [BIND 205-101] Binding ...
INFO: [BIND 205-100] Finished micro-architecture generation.
INFO: [HLS 200-111] Finished Binding: CPU user time: 0.03 seconds. CPU system time: 0 seconds. Elapsed time: 0.04 seconds; current allocated memory: 392.727 MB.
INFO: [HLS 200-10] ----------------------------------------------------------------
INFO: [HLS 200-42] -- Implementing module 'flash_attention_hls_Pipeline_VITIS_LOOP_160_4' 
INFO: [HLS 200-10] ----------------------------------------------------------------
INFO: [SCHED 204-11] Starting scheduling ...
INFO: [SCHED 204-61] Pipelining loop 'VITIS_LOOP_160_4'.
INFO: [HLS 200-1470] Pipelining result : Target II = NA, Final II = 1, Depth = 12, loop 'VITIS_LOOP_160_4'
INFO: [SCHED 204-11] Finished scheduling.
INFO: [HLS 200-111] Finished Scheduling: CPU user time: 0.04 seconds. CPU system time: 0 seconds. Elapsed time: 0.06 seconds; current allocated memory: 393.203 MB.
INFO: [BIND 205-100] Starting micro-architecture generation ...
INFO: [BIND 205-101] Performing variable lifetime analysis.
INFO: [BIND 205-101] Exploring resource sharing.
INFO: [BIND 205-101] Binding ...
INFO: [BIND 205-100] Finished micro-architecture generation.
INFO: [HLS 200-111] Finished Binding: CPU user time: 0.03 seconds. CPU system time: 0.01 seconds. Elapsed time: 0.05 seconds; current allocated memory: 393.551 MB.
INFO: [HLS 200-10] ----------------------------------------------------------------
INFO: [HLS 200-42] -- Implementing module 'flash_attention_hls_Pipeline_UPDATE_ACC' 
INFO: [HLS 200-10] ----------------------------------------------------------------
INFO: [SCHED 204-11] Starting scheduling ...
INFO: [SCHED 204-61] Pipelining loop 'UPDATE_ACC'.
INFO: [HLS 200-1470] Pipelining result : Target II = NA, Final II = 1, Depth = 28, loop 'UPDATE_ACC'
INFO: [SCHED 204-11] Finished scheduling.
INFO: [HLS 200-111] Finished Scheduling: CPU user time: 0.05 seconds. CPU system time: 0 seconds. Elapsed time: 0.08 seconds; current allocated memory: 394.047 MB.
INFO: [BIND 205-100] Starting micro-architecture generation ...
INFO: [BIND 205-101] Performing variable lifetime analysis.
INFO: [BIND 205-101] Exploring resource sharing.
INFO: [BIND 205-101] Binding ...
INFO: [BIND 205-100] Finished micro-architecture generation.
INFO: [HLS 200-111] Finished Binding: CPU user time: 0.04 seconds. CPU system time: 0 seconds. Elapsed time: 0.06 seconds; current allocated memory: 394.547 MB.
INFO: [HLS 200-10] ----------------------------------------------------------------
INFO: [HLS 200-42] -- Implementing module 'flash_attention_hls_Pipeline_STORE_O_VITIS_LOOP_188_5' 
INFO: [HLS 200-10] ----------------------------------------------------------------
INFO: [SCHED 204-11] Starting scheduling ...
INFO: [SCHED 204-61] Pipelining loop 'STORE_O_VITIS_LOOP_188_5'.
INFO: [HLS 200-1470] Pipelining result : Target II = 1, Final II = 1, Depth = 10, loop 'STORE_O_VITIS_LOOP_188_5'
WARNING: [HLS 200-871] Estimated clock period (7.396 ns) exceeds the target (target clock period: 10.000 ns, clock uncertainty: 2.700 ns, effective delay budget: 7.300 ns).
WARNING: [HLS 200-1016] The critical path in module 'flash_attention_hls_Pipeline_STORE_O_VITIS_LOOP_188_5' consists of the following:
	'load' operation 31 bit ('x', flash_attention.cpp:188) on local variable 'x', flash_attention.cpp:188 [27]  (0.000 ns)
	'icmp' operation 1 bit ('icmp_ln188', flash_attention.cpp:188) [31]  (2.552 ns)
	'select' operation 31 bit ('select_ln187', flash_attention.cpp:187) [41]  (0.733 ns)
	'add' operation 31 bit ('add_ln188', flash_attention.cpp:188) [76]  (2.522 ns)
	'store' operation 0 bit ('x_2_write_ln188', flash_attention.cpp:188) of variable 'add_ln188', flash_attention.cpp:188 on local variable 'x', flash_attention.cpp:188 [86]  (1.588 ns)

INFO: [SCHED 204-11] Finished scheduling.
INFO: [HLS 200-111] Finished Scheduling: CPU user time: 0.07 seconds. CPU system time: 0 seconds. Elapsed time: 0.11 seconds; current allocated memory: 395.059 MB.
INFO: [BIND 205-100] Starting micro-architecture generation ...
INFO: [BIND 205-101] Performing variable lifetime analysis.
INFO: [BIND 205-101] Exploring resource sharing.
INFO: [BIND 205-101] Binding ...
INFO: [BIND 205-100] Finished micro-architecture generation.
INFO: [HLS 200-111] Finished Binding: CPU user time: 0.03 seconds. CPU system time: 0 seconds. Elapsed time: 0.05 seconds; current allocated memory: 395.445 MB.
INFO: [HLS 200-10] ----------------------------------------------------------------
INFO: [HLS 200-42] -- Implementing module 'flash_attention_hls' 
INFO: [HLS 200-10] ----------------------------------------------------------------
INFO: [SCHED 204-11] Starting scheduling ...
INFO: [SCHED 204-11] Finished scheduling.
INFO: [HLS 200-111] Finished Scheduling: CPU user time: 0.15 seconds. CPU system time: 0 seconds. Elapsed time: 0.17 seconds; current allocated memory: 398.527 MB.
INFO: [BIND 205-100] Starting micro-architecture generation ...
INFO: [BIND 205-101] Performing variable lifetime analysis.
INFO: [BIND 205-101] Exploring resource sharing.
INFO: [BIND 205-101] Binding ...
INFO: [BIND 205-100] Finished micro-architecture generation.
INFO: [HLS 200-111] Finished Binding: CPU user time: 0.07 seconds. CPU system time: 0.01 seconds. Elapsed time: 0.09 seconds; current allocated memory: 398.527 MB.
INFO: [HLS 200-10] ----------------------------------------------------------------
INFO: [HLS 200-10] -- Generating RTL for module 'flash_attention_hls_Pipeline_LOAD_Q_VITIS_LOOP_69_1' 
INFO: [HLS 200-10] ----------------------------------------------------------------
INFO: [HLS 200-1030] Apply Unified Pipeline Control on module 'flash_attention_hls_Pipeline_LOAD_Q_VITIS_LOOP_69_1' pipeline 'LOAD_Q_VITIS_LOOP_69_1' pipeline type 'loop pipeline'
INFO: [RTGEN 206-100] Finished creating RTL model for 'flash_attention_hls_Pipeline_LOAD_Q_VITIS_LOOP_69_1'.
INFO: [HLS 200-111] Finished Creating RTL model: CPU user time: 0.09 seconds. CPU system time: 0.01 seconds. Elapsed time: 0.12 seconds; current allocated memory: 398.527 MB.
INFO: [HLS 200-10] ----------------------------------------------------------------
INFO: [HLS 200-10] -- Generating RTL for module 'flash_attention_hls_Pipeline_VITIS_LOOP_80_2' 
INFO: [HLS 200-10] ----------------------------------------------------------------
INFO: [RTGEN 206-100] Finished creating RTL model for 'flash_attention_hls_Pipeline_VITIS_LOOP_80_2'.
INFO: [HLS 200-111] Finished Creating RTL model: CPU user time: 0.08 seconds. CPU system time: 0.01 seconds. Elapsed time: 0.12 seconds; current allocated memory: 399.836 MB.
INFO: [HLS 200-10] ----------------------------------------------------------------
INFO: [HLS 200-10] -- Generating RTL for module 'flash_attention_hls_Pipeline_LOAD_KV_VITIS_LOOP_93_3' 
INFO: [HLS 200-10] ----------------------------------------------------------------
INFO: [HLS 200-1030] Apply Unified Pipeline Control on module 'flash_attention_hls_Pipeline_LOAD_KV_VITIS_LOOP_93_3' pipeline 'LOAD_KV_VITIS_LOOP_93_3' pipeline type 'loop pipeline'
INFO: [RTGEN 206-100] Finished creating RTL model for 'flash_attention_hls_Pipeline_LOAD_KV_VITIS_LOOP_93_3'.
INFO: [HLS 200-111] Finished Creating RTL model: CPU user time: 0.07 seconds. CPU system time: 0.01 seconds. Elapsed time: 0.11 seconds; current allocated memory: 401.418 MB.
INFO: [HLS 200-10] ----------------------------------------------------------------
INFO: [HLS 200-10] -- Generating RTL for module 'flash_attention_hls_Pipeline_SCORE_LOOP_I_SCORE_LOOP_J' 
INFO: [HLS 200-10] ----------------------------------------------------------------
INFO: [HLS 200-1030] Apply Unified Pipeline Control on module 'flash_attention_hls_Pipeline_SCORE_LOOP_I_SCORE_LOOP_J' pipeline 'SCORE_LOOP_I_SCORE_LOOP_J' pipeline type 'loop pipeline'
INFO: [RTGEN 206-104] Estimated max fanout for 'flash_attention_hls_Pipeline_SCORE_LOOP_I_SCORE_LOOP_J' is 104862 from HDL expression: (1'b0 == ap_block_pp0_stage0_11001)
INFO: [RTGEN 206-100] Generating core module 'fadd_32ns_32ns_32_5_full_dsp_1': 31 instance(s).
INFO: [RTGEN 206-100] Generating core module 'faddfsub_32ns_32ns_32_5_full_dsp_1': 1 instance(s).
INFO: [RTGEN 206-100] Generating core module 'fmul_32ns_32ns_32_4_max_dsp_1': 33 instance(s).
INFO: [RTGEN 206-100] Finished creating RTL model for 'flash_attention_hls_Pipeline_SCORE_LOOP_I_SCORE_LOOP_J'.
INFO: [HLS 200-111] Finished Creating RTL model: CPU user time: 0.48 seconds. CPU system time: 0.03 seconds. Elapsed time: 0.58 seconds; current allocated memory: 424.074 MB.
INFO: [HLS 200-10] ----------------------------------------------------------------
INFO: [HLS 200-10] -- Generating RTL for module 'flash_attention_hls_Pipeline_FIND_MAX' 
INFO: [HLS 200-10] ----------------------------------------------------------------
INFO: [HLS 200-1030] Apply Unified Pipeline Control on module 'flash_attention_hls_Pipeline_FIND_MAX' pipeline 'FIND_MAX' pipeline type 'loop pipeline'
INFO: [RTGEN 206-100] Generating core module 'fcmp_32ns_32ns_1_2_no_dsp_1': 1 instance(s).
INFO: [RTGEN 206-100] Finished creating RTL model for 'flash_attention_hls_Pipeline_FIND_MAX'.
INFO: [HLS 200-111] Finished Creating RTL model: CPU user time: 0.36 seconds. CPU system time: 0.03 seconds. Elapsed time: 0.45 seconds; current allocated memory: 430.805 MB.
INFO: [HLS 200-10] ----------------------------------------------------------------
INFO: [HLS 200-10] -- Generating RTL for module 'flash_attention_hls_Pipeline_VITIS_LOOP_160_4' 
INFO: [HLS 200-10] ----------------------------------------------------------------
INFO: [HLS 200-1030] Apply Unified Pipeline Control on module 'flash_attention_hls_Pipeline_VITIS_LOOP_160_4' pipeline 'VITIS_LOOP_160_4' pipeline type 'loop pipeline'
INFO: [RTGEN 206-100] Generating core module 'fadd_32ns_32ns_32_5_full_dsp_1': 4 instance(s).
INFO: [RTGEN 206-100] Generating core module 'fmul_32ns_32ns_32_4_max_dsp_1': 4 instance(s).
INFO: [RTGEN 206-100] Finished creating RTL model for 'flash_attention_hls_Pipeline_VITIS_LOOP_160_4'.
INFO: [HLS 200-111] Finished Creating RTL model: CPU user time: 0.09 seconds. CPU system time: 0.01 seconds. Elapsed time: 0.14 seconds; current allocated memory: 430.805 MB.
INFO: [HLS 200-10] ----------------------------------------------------------------
INFO: [HLS 200-10] -- Generating RTL for module 'flash_attention_hls_Pipeline_UPDATE_ACC' 
INFO: [HLS 200-10] ----------------------------------------------------------------
INFO: [HLS 200-1030] Apply Unified Pipeline Control on module 'flash_attention_hls_Pipeline_UPDATE_ACC' pipeline 'UPDATE_ACC' pipeline type 'loop pipeline'
INFO: [RTGEN 206-100] Generating core module 'fadd_32ns_32ns_32_5_full_dsp_1': 4 instance(s).
INFO: [RTGEN 206-100] Generating core module 'fdiv_32ns_32ns_32_16_no_dsp_1': 4 instance(s).
INFO: [RTGEN 206-100] Generating core module 'fmul_32ns_32ns_32_4_max_dsp_1': 4 instance(s).
INFO: [RTGEN 206-100] Finished creating RTL model for 'flash_attention_hls_Pipeline_UPDATE_ACC'.
INFO: [HLS 200-111] Finished Creating RTL model: CPU user time: 0.1 seconds. CPU system time: 0.02 seconds. Elapsed time: 0.16 seconds; current allocated memory: 433.125 MB.
INFO: [HLS 200-10] ----------------------------------------------------------------
INFO: [HLS 200-10] -- Generating RTL for module 'flash_attention_hls_Pipeline_STORE_O_VITIS_LOOP_188_5' 
INFO: [HLS 200-10] ----------------------------------------------------------------
INFO: [HLS 200-1030] Apply Unified Pipeline Control on module 'flash_attention_hls_Pipeline_STORE_O_VITIS_LOOP_188_5' pipeline 'STORE_O_VITIS_LOOP_188_5' pipeline type 'loop pipeline'
INFO: [RTGEN 206-100] Generating core module 'sparsemux_9_2_32_1_1': 1 instance(s).
INFO: [RTGEN 206-100] Finished creating RTL model for 'flash_attention_hls_Pipeline_STORE_O_VITIS_LOOP_188_5'.
INFO: [HLS 200-111] Finished Creating RTL model: CPU user time: 0.1 seconds. CPU system time: 0.02 seconds. Elapsed time: 0.16 seconds; current allocated memory: 435.461 MB.
INFO: [HLS 200-10] ----------------------------------------------------------------
INFO: [HLS 200-10] -- Generating RTL for module 'flash_attention_hls' 
INFO: [HLS 200-10] ----------------------------------------------------------------
WARNING: [RTGEN 206-101] Design contains AXI ports. Reset is fixed to synchronous and active low.
INFO: [RTGEN 206-500] Setting interface mode on port 'flash_attention_hls/gmem0' to 'm_axi'.
INFO: [RTGEN 206-500] Setting interface mode on port 'flash_attention_hls/gmem1' to 'm_axi'.
INFO: [RTGEN 206-500] Setting interface mode on port 'flash_attention_hls/gmem2' to 'm_axi'.
INFO: [RTGEN 206-500] Setting interface mode on port 'flash_attention_hls/gmem3' to 'm_axi'.
INFO: [RTGEN 206-500] Setting interface mode on port 'flash_attention_hls/Q' to 's_axilite & ap_none'.
INFO: [RTGEN 206-500] Setting interface mode on port 'flash_attention_hls/K' to 's_axilite & ap_none'.
INFO: [RTGEN 206-500] Setting interface mode on port 'flash_attention_hls/V' to 's_axilite & ap_none'.
INFO: [RTGEN 206-500] Setting interface mode on port 'flash_attention_hls/O' to 's_axilite & ap_none'.
INFO: [RTGEN 206-500] Setting interface mode on port 'flash_attention_hls/N' to 's_axilite & ap_none'.
INFO: [RTGEN 206-500] Setting interface mode on port 'flash_attention_hls/d' to 's_axilite & ap_none'.
INFO: [RTGEN 206-500] Setting interface mode on port 'flash_attention_hls/causal' to 's_axilite & ap_none'.
INFO: [RTGEN 206-500] Setting interface mode on function 'flash_attention_hls' to 's_axilite & ap_ctrl_hs'.
INFO: [RTGEN 206-100] Bundling port 'Q', 'K', 'V', 'O', 'N', 'd', 'causal' to AXI-Lite port ctrl.
INFO: [RTGEN 206-100] Generating core module 'fadd_32ns_32ns_32_5_full_dsp_1': 4 instance(s).
INFO: [RTGEN 206-100] Generating core module 'faddfsub_32ns_32ns_32_5_full_dsp_1': 1 instance(s).
INFO: [RTGEN 206-100] Generating core module 'fcmp_32ns_32ns_1_2_no_dsp_1': 1 instance(s).
INFO: [RTGEN 206-100] Generating core module 'fdiv_32ns_32ns_32_16_no_dsp_1': 1 instance(s).
INFO: [RTGEN 206-100] Generating core module 'fexp_32ns_32ns_32_10_full_dsp_1': 1 instance(s).
INFO: [RTGEN 206-100] Generating core module 'fmul_32ns_32ns_32_4_max_dsp_1': 4 instance(s).
INFO: [RTGEN 206-100] Generating core module 'fsqrt_32ns_32ns_32_16_no_dsp_1': 1 instance(s).
INFO: [RTGEN 206-100] Generating core module 'mul_32ns_32ns_63_2_1': 1 instance(s).
INFO: [RTGEN 206-100] Generating core module 'mul_32ns_32ns_64_2_1': 1 instance(s).
INFO: [RTGEN 206-100] Generating core module 'sitofp_32ns_32_6_no_dsp_1': 1 instance(s).
INFO: [RTGEN 206-100] Finished creating RTL model for 'flash_attention_hls'.
INFO: [RTMG 210-278] Implementing memory 'flash_attention_hls_Qbuf_RAM_1WNR_AUTO_1R1W' using auto RAMs.
INFO: [RTMG 210-278] Implementing memory 'flash_attention_hls_Vbuf_RAM_AUTO_1R1W' using auto RAMs.
INFO: [RTMG 210-278] Implementing memory 'flash_attention_hls_acc_RAM_AUTO_1R1W' using auto RAMs.
INFO: [RTMG 210-278] Implementing memory 'flash_attention_hls_m_RAM_AUTO_1R1W' using auto RAMs.
INFO: [RTMG 210-278] Implementing memory 'flash_attention_hls_weighted_RAM_AUTO_1R1W' using auto RAMs.
INFO: [HLS 200-111] Finished Creating RTL model: CPU user time: 0.27 seconds. CPU system time: 0.05 seconds. Elapsed time: 0.53 seconds; current allocated memory: 444.949 MB.
INFO: [HLS 200-111] Finished Generating all RTL models: CPU user time: 0.51 seconds. CPU system time: 0.17 seconds. Elapsed time: 1.37 seconds; current allocated memory: 453.387 MB.
INFO: [HLS 200-1603] Design has inferred MAXI bursts and missed bursts, see Vitis HLS GUI synthesis summary report for detailed information.
INFO: [HLS 200-111] Finished Updating report files: CPU user time: 2.35 seconds. CPU system time: 0.09 seconds. Elapsed time: 2.66 seconds; current allocated memory: 465.965 MB.
INFO: [VHDL 208-304] Generating VHDL RTL for flash_attention_hls.
INFO: [VLOG 209-307] Generating Verilog RTL for flash_attention_hls.
INFO: [HLS 200-790] **** Loop Constraint Status: All loop constraints were satisfied.
INFO: [HLS 200-789] **** Estimated Fmax: 115.01 MHz
INFO: [HLS 200-111] Finished Command csynth_design CPU user time: 26.99 seconds. CPU system time: 2.89 seconds. Elapsed time: 36.82 seconds; current allocated memory: 190.266 MB.
INFO: [HLS 200-1510] Running: cosim_design -argv rtl 
INFO: [COSIM 212-47] Using XSIM for RTL simulation.
INFO: [COSIM 212-14] Instrumenting C test bench ...
INFO: [COSIM 212-302] Starting C TB testing ... 
INFO: [COSIM 212-333] Generating C post check test bench ...
INFO: [COSIM 212-12] Generating RTL test bench ...
INFO: [COSIM 212-1] *** C/RTL co-simulation file generation completed. ***
INFO: [COSIM 212-323] Starting verilog simulation. 
INFO: [COSIM 212-15] Starting XSIM ...
INFO: [COSIM 212-316] Starting C post checking ...
INFO: [COSIM 212-1000] *** C/RTL co-simulation finished: PASS ***
INFO: [HLS 200-111] Finished Command cosim_design CPU user time: 205.94 seconds. CPU system time: 8.23 seconds. Elapsed time: 172.23 seconds; current allocated memory: 10.309 MB.
INFO: [HLS 200-1510] Running: export_design -format ip_catalog -rtl verilog 
INFO: [IMPL 213-8] Exporting RTL as a Vivado IP.
INFO: [HLS 200-802] Generated output file flash_attention_proj/solution1/impl/export.zip
INFO: [HLS 200-111] Finished Command export_design CPU user time: 34.69 seconds. CPU system time: 1.59 seconds. Elapsed time: 47.58 seconds; current allocated memory: 10.199 MB.
