INFO: [SIM 2] *************** CSIM start ***************
INFO: [SIM 4] CSIM will launch GCC as the compiler.
   Compiling ../../../../tb_flash_attention.cpp in debug mode
   Compiling ../../../../flash_attention.cpp in debug mode
   Generating csim.exe
Resolved CSV path = ../../../../test_outputs/tv_attention_python.csv
Running in C simulation mode
========================================
FlashAttention HLS Testbench
========================================
Total test vectors: 5

Test 0: N=4, d=4, causal=0 [PASS]  max_abs_err_dut=5.960464e-08
Test 1: N=4, d=4, causal=1 [PASS]  max_abs_err_dut=1.192093e-07
Test 2: N=8, d=4, causal=1 [PASS]  max_abs_err_dut=1.192093e-07
Test 3: N=16, d=8, causal=0 [PASS]  max_abs_err_dut=1.192093e-07
Test 4: N=16, d=8, causal=1 [PASS]  max_abs_err_dut=1.564622e-07

========================================
Test Results: 5 passed, 0 failed
========================================
INFO: [SIM 1] CSim done with 0 errors.
INFO: [SIM 3] *************** CSIM finish ***************
