

================================================================
== Vitis HLS Report for 'flash_attention_hls_Pipeline_STORE_O_VITIS_LOOP_188_5'
================================================================
* Date:           Fri May  8 14:39:24 2026

* Version:        2023.2 (Build 4023990 on Oct 11 2023)
* Project:        flash_attention_proj
* Solution:       solution1 (Vivado IP Flow Target)
* Product family: zynq
* Target device:  xc7z020-clg400-1


================================================================
== Performance Estimates
================================================================
+ Timing: 
    * Summary: 
    +--------+----------+----------+------------+
    |  Clock |  Target  | Estimated| Uncertainty|
    +--------+----------+----------+------------+
    |ap_clk  |  10.00 ns|  7.396 ns|     2.70 ns|
    +--------+----------+----------+------------+

+ Latency: 
    * Summary: 
    +---------+---------+----------+----------+-----+-----+---------+
    |  Latency (cycles) |  Latency (absolute) |  Interval | Pipeline|
    |   min   |   max   |    min   |    max   | min | max |   Type  |
    +---------+---------+----------+----------+-----+-----+---------+
    |        ?|        ?|         ?|         ?|    ?|    ?|       no|
    +---------+---------+----------+----------+-----+-----+---------+

    + Detail: 
        * Instance: 
        N/A

        * Loop: 
        +----------------------------+---------+---------+----------+-----------+-----------+------+----------+
        |                            |  Latency (cycles) | Iteration|  Initiation Interval  | Trip |          |
        |          Loop Name         |   min   |   max   |  Latency |  achieved |   target  | Count| Pipelined|
        +----------------------------+---------+---------+----------+-----------+-----------+------+----------+
        |- STORE_O_VITIS_LOOP_188_5  |        ?|        ?|         9|          1|          1|     ?|       yes|
        +----------------------------+---------+---------+----------+-----------+-----------+------+----------+



================================================================
== Utilization Estimates
================================================================
* Summary: 
+-----------------+---------+-----+--------+-------+-----+
|       Name      | BRAM_18K| DSP |   FF   |  LUT  | URAM|
+-----------------+---------+-----+--------+-------+-----+
|DSP              |        -|    -|       -|      -|    -|
|Expression       |        -|    -|       0|    444|    -|
|FIFO             |        -|    -|       -|      -|    -|
|Instance         |        -|    -|       0|     20|    -|
|Memory           |        -|    -|       -|      -|    -|
|Multiplexer      |        -|    -|       -|     90|    -|
|Register         |        -|    -|     356|     32|    -|
+-----------------+---------+-----+--------+-------+-----+
|Total            |        0|    0|     356|    586|    0|
+-----------------+---------+-----+--------+-------+-----+
|Available        |      280|  220|  106400|  53200|    0|
+-----------------+---------+-----+--------+-------+-----+
|Utilization (%)  |        0|    0|      ~0|      1|    0|
+-----------------+---------+-----+--------+-------+-----+

+ Detail: 
    * Instance: 
    +---------------------------+----------------------+---------+----+---+----+-----+
    |          Instance         |        Module        | BRAM_18K| DSP| FF| LUT| URAM|
    +---------------------------+----------------------+---------+----+---+----+-----+
    |sparsemux_9_2_32_1_1_U196  |sparsemux_9_2_32_1_1  |        0|   0|  0|  20|    0|
    +---------------------------+----------------------+---------+----+---+----+-----+
    |Total                      |                      |        0|   0|  0|  20|    0|
    +---------------------------+----------------------+---------+----+---+----+-----+

    * DSP: 
    N/A

    * Memory: 
    N/A

    * FIFO: 
    N/A

    * Expression: 
    +-----------------------------------+----------+----+---+----+------------+------------+
    |           Variable Name           | Operation| DSP| FF| LUT| Bitwidth P0| Bitwidth P1|
    +-----------------------------------+----------+----+---+----+------------+------------+
    |add_ln187_1_fu_381_p2              |         +|   0|  0|  39|          32|          32|
    |add_ln187_2_fu_398_p2              |         +|   0|  0|  71|          64|          64|
    |add_ln187_3_fu_274_p2              |         +|   0|  0|  71|          64|           1|
    |add_ln187_fu_283_p2                |         +|   0|  0|  13|           4|           1|
    |add_ln188_fu_349_p2                |         +|   0|  0|  38|          31|           1|
    |add_ln190_fu_343_p2                |         +|   0|  0|  14|           6|           6|
    |ap_block_pp0_stage0_01001          |       and|   0|  0|   2|           1|           1|
    |ap_block_state10_pp0_stage0_iter9  |       and|   0|  0|   2|           1|           1|
    |ap_block_state4_io                 |       and|   0|  0|   2|           1|           1|
    |icmp_ln187_fu_269_p2               |      icmp|   0|  0|  71|          64|          64|
    |icmp_ln188_1_fu_423_p2             |      icmp|   0|  0|  39|          32|          32|
    |icmp_ln188_fu_264_p2               |      icmp|   0|  0|  39|          32|          32|
    |ap_block_pp0_stage0_11001          |        or|   0|  0|   2|           1|           1|
    |or_ln187_fu_295_p2                 |        or|   0|  0|   2|           1|           1|
    |select_ln187_1_fu_309_p3           |    select|   0|  0|   4|           1|           4|
    |select_ln187_fu_301_p3             |    select|   0|  0|  31|           1|          31|
    |ap_enable_pp0                      |       xor|   0|  0|   2|           1|           2|
    |xor_ln187_fu_289_p2                |       xor|   0|  0|   2|           1|           2|
    +-----------------------------------+----------+----+---+----+------------+------------+
    |Total                              |          |   0|  0| 444|         338|         277|
    +-----------------------------------+----------+----+---+----+------------+------------+

    * Multiplexer: 
    +---------------------------------------+----+-----------+-----+-----------+
    |                  Name                 | LUT| Input Size| Bits| Total Bits|
    +---------------------------------------+----+-----------+-----+-----------+
    |ap_done_int                            |   9|          2|    1|          2|
    |ap_enable_reg_pp0_iter1                |   9|          2|    1|          2|
    |ap_enable_reg_pp0_iter2                |   9|          2|    1|          2|
    |ap_phi_mux_first_iter_3_phi_fu_227_p4  |   9|          2|    1|          2|
    |gmem3_blk_n_AW                         |   9|          2|    1|          2|
    |gmem3_blk_n_B                          |   9|          2|    1|          2|
    |gmem3_blk_n_W                          |   9|          2|    1|          2|
    |i_fu_114                               |   9|          2|    4|          8|
    |indvar_flatten44_fu_118                |   9|          2|   64|        128|
    |x_2_fu_110                             |   9|          2|   31|         62|
    +---------------------------------------+----+-----------+-----+-----------+
    |Total                                  |  90|         20|  106|        212|
    +---------------------------------------+----+-----------+-----+-----------+

    * Register: 
    +-----------------------------------+----+----+-----+-----------+
    |                Name               | FF | LUT| Bits| Const Bits|
    +-----------------------------------+----+----+-----+-----------+
    |add_ln188_reg_541                  |  31|   0|   31|          0|
    |add_ln190_reg_536                  |   6|   0|    6|          0|
    |ap_CS_fsm                          |   1|   0|    1|          0|
    |ap_done_reg                        |   1|   0|    1|          0|
    |ap_enable_reg_pp0_iter1            |   1|   0|    1|          0|
    |ap_enable_reg_pp0_iter2            |   1|   0|    1|          0|
    |ap_enable_reg_pp0_iter3            |   1|   0|    1|          0|
    |ap_enable_reg_pp0_iter4            |   1|   0|    1|          0|
    |ap_enable_reg_pp0_iter5            |   1|   0|    1|          0|
    |ap_enable_reg_pp0_iter6            |   1|   0|    1|          0|
    |ap_enable_reg_pp0_iter7            |   1|   0|    1|          0|
    |ap_enable_reg_pp0_iter8            |   1|   0|    1|          0|
    |ap_enable_reg_pp0_iter9            |   1|   0|    1|          0|
    |ap_loop_exit_ready_pp0_iter2_reg   |   1|   0|    1|          0|
    |ap_loop_exit_ready_pp0_iter3_reg   |   1|   0|    1|          0|
    |ap_loop_exit_ready_pp0_iter4_reg   |   1|   0|    1|          0|
    |ap_loop_exit_ready_pp0_iter5_reg   |   1|   0|    1|          0|
    |ap_loop_exit_ready_pp0_iter6_reg   |   1|   0|    1|          0|
    |ap_loop_exit_ready_pp0_iter7_reg   |   1|   0|    1|          0|
    |ap_loop_exit_ready_pp0_iter8_reg   |   1|   0|    1|          0|
    |first_iter_3_reg_223               |   1|   0|    1|          0|
    |i_fu_114                           |   4|   0|    4|          0|
    |icmp_ln187_reg_518                 |   1|   0|    1|          0|
    |icmp_ln188_1_reg_571               |   1|   0|    1|          0|
    |indvar_flatten44_fu_118            |  64|   0|   64|          0|
    |or_ln187_reg_522                   |   1|   0|    1|          0|
    |or_ln187_reg_522_pp0_iter2_reg     |   1|   0|    1|          0|
    |select_ln187_1_reg_526             |   4|   0|    4|          0|
    |sext_ln188_mid2_v_reg_546          |  62|   0|   62|          0|
    |tmp_1_reg_575                      |  32|   0|   32|          0|
    |trunc_ln188_reg_531                |   2|   0|    2|          0|
    |trunc_ln188_reg_531_pp0_iter2_reg  |   2|   0|    2|          0|
    |x_2_fu_110                         |  31|   0|   31|          0|
    |zext_ln63_cast_reg_513             |  31|   0|   32|          1|
    |icmp_ln188_1_reg_571               |  64|  32|    1|          0|
    +-----------------------------------+----+----+-----+-----------+
    |Total                              | 356|  32|  294|          1|
    +-----------------------------------+----+----+-----+-----------+



================================================================
== Interface
================================================================
* Summary: 
+----------------------+-----+-----+------------+-------------------------------------------------------+--------------+
|       RTL Ports      | Dir | Bits|  Protocol  |                     Source Object                     |    C Type    |
+----------------------+-----+-----+------------+-------------------------------------------------------+--------------+
|ap_clk                |   in|    1|  ap_ctrl_hs|  flash_attention_hls_Pipeline_STORE_O_VITIS_LOOP_188_5|  return value|
|ap_rst                |   in|    1|  ap_ctrl_hs|  flash_attention_hls_Pipeline_STORE_O_VITIS_LOOP_188_5|  return value|
|ap_start              |   in|    1|  ap_ctrl_hs|  flash_attention_hls_Pipeline_STORE_O_VITIS_LOOP_188_5|  return value|
|ap_done               |  out|    1|  ap_ctrl_hs|  flash_attention_hls_Pipeline_STORE_O_VITIS_LOOP_188_5|  return value|
|ap_idle               |  out|    1|  ap_ctrl_hs|  flash_attention_hls_Pipeline_STORE_O_VITIS_LOOP_188_5|  return value|
|ap_ready              |  out|    1|  ap_ctrl_hs|  flash_attention_hls_Pipeline_STORE_O_VITIS_LOOP_188_5|  return value|
|m_axi_gmem3_AWVALID   |  out|    1|       m_axi|                                                  gmem3|       pointer|
|m_axi_gmem3_AWREADY   |   in|    1|       m_axi|                                                  gmem3|       pointer|
|m_axi_gmem3_AWADDR    |  out|   64|       m_axi|                                                  gmem3|       pointer|
|m_axi_gmem3_AWID      |  out|    1|       m_axi|                                                  gmem3|       pointer|
|m_axi_gmem3_AWLEN     |  out|   32|       m_axi|                                                  gmem3|       pointer|
|m_axi_gmem3_AWSIZE    |  out|    3|       m_axi|                                                  gmem3|       pointer|
|m_axi_gmem3_AWBURST   |  out|    2|       m_axi|                                                  gmem3|       pointer|
|m_axi_gmem3_AWLOCK    |  out|    2|       m_axi|                                                  gmem3|       pointer|
|m_axi_gmem3_AWCACHE   |  out|    4|       m_axi|                                                  gmem3|       pointer|
|m_axi_gmem3_AWPROT    |  out|    3|       m_axi|                                                  gmem3|       pointer|
|m_axi_gmem3_AWQOS     |  out|    4|       m_axi|                                                  gmem3|       pointer|
|m_axi_gmem3_AWREGION  |  out|    4|       m_axi|                                                  gmem3|       pointer|
|m_axi_gmem3_AWUSER    |  out|    1|       m_axi|                                                  gmem3|       pointer|
|m_axi_gmem3_WVALID    |  out|    1|       m_axi|                                                  gmem3|       pointer|
|m_axi_gmem3_WREADY    |   in|    1|       m_axi|                                                  gmem3|       pointer|
|m_axi_gmem3_WDATA     |  out|   32|       m_axi|                                                  gmem3|       pointer|
|m_axi_gmem3_WSTRB     |  out|    4|       m_axi|                                                  gmem3|       pointer|
|m_axi_gmem3_WLAST     |  out|    1|       m_axi|                                                  gmem3|       pointer|
|m_axi_gmem3_WID       |  out|    1|       m_axi|                                                  gmem3|       pointer|
|m_axi_gmem3_WUSER     |  out|    1|       m_axi|                                                  gmem3|       pointer|
|m_axi_gmem3_ARVALID   |  out|    1|       m_axi|                                                  gmem3|       pointer|
|m_axi_gmem3_ARREADY   |   in|    1|       m_axi|                                                  gmem3|       pointer|
|m_axi_gmem3_ARADDR    |  out|   64|       m_axi|                                                  gmem3|       pointer|
|m_axi_gmem3_ARID      |  out|    1|       m_axi|                                                  gmem3|       pointer|
|m_axi_gmem3_ARLEN     |  out|   32|       m_axi|                                                  gmem3|       pointer|
|m_axi_gmem3_ARSIZE    |  out|    3|       m_axi|                                                  gmem3|       pointer|
|m_axi_gmem3_ARBURST   |  out|    2|       m_axi|                                                  gmem3|       pointer|
|m_axi_gmem3_ARLOCK    |  out|    2|       m_axi|                                                  gmem3|       pointer|
|m_axi_gmem3_ARCACHE   |  out|    4|       m_axi|                                                  gmem3|       pointer|
|m_axi_gmem3_ARPROT    |  out|    3|       m_axi|                                                  gmem3|       pointer|
|m_axi_gmem3_ARQOS     |  out|    4|       m_axi|                                                  gmem3|       pointer|
|m_axi_gmem3_ARREGION  |  out|    4|       m_axi|                                                  gmem3|       pointer|
|m_axi_gmem3_ARUSER    |  out|    1|       m_axi|                                                  gmem3|       pointer|
|m_axi_gmem3_RVALID    |   in|    1|       m_axi|                                                  gmem3|       pointer|
|m_axi_gmem3_RREADY    |  out|    1|       m_axi|                                                  gmem3|       pointer|
|m_axi_gmem3_RDATA     |   in|   32|       m_axi|                                                  gmem3|       pointer|
|m_axi_gmem3_RLAST     |   in|    1|       m_axi|                                                  gmem3|       pointer|
|m_axi_gmem3_RID       |   in|    1|       m_axi|                                                  gmem3|       pointer|
|m_axi_gmem3_RFIFONUM  |   in|    9|       m_axi|                                                  gmem3|       pointer|
|m_axi_gmem3_RUSER     |   in|    1|       m_axi|                                                  gmem3|       pointer|
|m_axi_gmem3_RRESP     |   in|    2|       m_axi|                                                  gmem3|       pointer|
|m_axi_gmem3_BVALID    |   in|    1|       m_axi|                                                  gmem3|       pointer|
|m_axi_gmem3_BREADY    |  out|    1|       m_axi|                                                  gmem3|       pointer|
|m_axi_gmem3_BRESP     |   in|    2|       m_axi|                                                  gmem3|       pointer|
|m_axi_gmem3_BID       |   in|    1|       m_axi|                                                  gmem3|       pointer|
|m_axi_gmem3_BUSER     |   in|    1|       m_axi|                                                  gmem3|       pointer|
|d                     |   in|   32|     ap_none|                                                      d|        scalar|
|mul_ln187             |   in|   64|     ap_none|                                              mul_ln187|        scalar|
|acc_address0          |  out|    6|   ap_memory|                                                    acc|         array|
|acc_ce0               |  out|    1|   ap_memory|                                                    acc|         array|
|acc_q0                |   in|   32|   ap_memory|                                                    acc|         array|
|acc_1_address0        |  out|    6|   ap_memory|                                                  acc_1|         array|
|acc_1_ce0             |  out|    1|   ap_memory|                                                  acc_1|         array|
|acc_1_q0              |   in|   32|   ap_memory|                                                  acc_1|         array|
|acc_2_address0        |  out|    6|   ap_memory|                                                  acc_2|         array|
|acc_2_ce0             |  out|    1|   ap_memory|                                                  acc_2|         array|
|acc_2_q0              |   in|   32|   ap_memory|                                                  acc_2|         array|
|acc_3_address0        |  out|    6|   ap_memory|                                                  acc_3|         array|
|acc_3_ce0             |  out|    1|   ap_memory|                                                  acc_3|         array|
|acc_3_q0              |   in|   32|   ap_memory|                                                  acc_3|         array|
|zext_ln63             |   in|   31|     ap_none|                                              zext_ln63|        scalar|
|shl_ln68_2            |   in|   32|     ap_none|                                             shl_ln68_2|        scalar|
|O                     |   in|   64|     ap_none|                                                      O|        scalar|
+----------------------+-----+-----+------------+-------------------------------------------------------+--------------+

